[Debug] Reading alloc.ax...
[Debug] Reading scheduler.ax...
[Debug] Reading runtime.ax...
[Debug] Stripping imports from alloc.ax...
[Debug] Stripping imports from scheduler.ax...
[Debug] Stripping imports from runtime.ax...
[Debug] Stripping imports from src...
[Debug] Concatenating buffers...
[Debug] len_alloc=14792, len_sched=13120, len_rt=3039, len_src=1204, total_len=32158
[Debug] Cleaning up...
[Debug] Concatenation finished successfully!
[Debug] Stage 1: Starting compilation...
[Debug] Finished Lexing.
[Debug] Finished Parsing.
[Debug] Finished Resolving.
[Debug] Finished Typechecking.
[Debug] Running Ownership Checker...
[Debug] Running Escape Analyser...
[Debug] Running CTGC Injector...
[Debug] Running Alias Reuse Optimizer...
[Debug] Running AIR Builder...
[Debug] main_air: calling build_module
[Debug] AIR Builder: lowering struct struct
[Debug] build_module: getting next sibling
[Debug] build_module: next child is 6
[Debug] AIR Builder: lowering struct struct
[Debug] build_module: getting next sibling
[Debug] build_module: next child is 11
[Debug] AIR Builder: lowering struct struct
[Debug] build_module: getting next sibling
[Debug] build_module: next child is 18
[Debug] build_module: getting next sibling
[Debug] build_module: next child is 21
[Debug] build_module: getting next sibling
[Debug] build_module: next child is 24
[Debug] build_module: getting next sibling
[Debug] build_module: next child is 27
[Debug] AIR Builder: lowering struct struct
[Debug] build_module: getting next sibling
[Debug] build_module: next child is 48
[Debug] AIR Builder: lowering struct struct
[Debug] build_module: getting next sibling
[Debug] build_module: next child is 59
[Debug] build_module: getting next sibling
[Debug] build_module: next child is 62
[Debug] AIR Builder: lowering struct struct
[Debug] build_module: getting next sibling
[Debug] build_module: next child is 117
[Debug] AIR Builder: lowering top-level func fn (nodeIdx=117)
[Debug] build_module: lower_func returned
[Debug] build_module: getting next sibling
[Debug] build_module: next child is 131
[Debug] AIR Builder: lowering top-level func fn (nodeIdx=131)
[Debug] build_module: lower_func returned
[Debug] build_module: getting next sibling
[Debug] build_module: next child is 141
[Debug] AIR Builder: lowering top-level func fn (nodeIdx=141)
[Debug] build_module: lower_func returned
[Debug] build_module: getting next sibling
[Debug] build_module: next child is 159
[Debug] AIR Builder: lowering top-level func fn (nodeIdx=159)
[Debug] build_module: lower_func returned
[Debug] build_module: getting next sibling
[Debug] build_module: next child is 167
[Debug] AIR Builder: lowering top-level func fn (nodeIdx=167)
[Debug] build_module: lower_func returned
[Debug] build_module: getting next sibling
[Debug] build_module: next child is 171
[Debug] AIR Builder: lowering top-level func fn (nodeIdx=171)
[Debug] build_module: lower_func returned
[Debug] build_module: getting next sibling
[Debug] build_module: next child is 175
[Debug] AIR Builder: lowering top-level func fn (nodeIdx=175)
[Debug] build_module: lower_func returned
[Debug] build_module: getting next sibling
[Debug] build_module: next child is 181
[Debug] AIR Builder: lowering top-level func fn (nodeIdx=181)
[Debug] lower_stmt: idx=186, kind=16
[Debug]   lower_expr: idx=188, kind=26
[Debug]   lower_expr: idx=187, kind=42
[Debug]   lower_expr: idx=189, kind=36
[Debug] lower_stmt: idx=191, kind=15
[Debug]   lower_expr: idx=192, kind=36
[Debug] lower_stmt: idx=193, kind=16
[Debug]   lower_expr: idx=195, kind=26
[Debug]   lower_expr: idx=194, kind=42
[Debug]   lower_expr: idx=196, kind=36
[Debug] lower_stmt: idx=198, kind=15
[Debug]   lower_expr: idx=199, kind=36
[Debug] lower_stmt: idx=200, kind=16
[Debug]   lower_expr: idx=202, kind=26
[Debug]   lower_expr: idx=201, kind=42
[Debug]   lower_expr: idx=203, kind=36
[Debug] lower_stmt: idx=205, kind=15
[Debug]   lower_expr: idx=206, kind=36
[Debug] lower_stmt: idx=207, kind=16
[Debug]   lower_expr: idx=209, kind=26
[Debug]   lower_expr: idx=208, kind=42
[Debug]   lower_expr: idx=210, kind=36
[Debug] lower_stmt: idx=212, kind=15
[Debug]   lower_expr: idx=213, kind=36
[Debug] lower_stmt: idx=214, kind=16
[Debug]   lower_expr: idx=216, kind=26
[Debug]   lower_expr: idx=215, kind=42
[Debug]   lower_expr: idx=217, kind=36
[Debug] lower_stmt: idx=219, kind=15
[Debug]   lower_expr: idx=220, kind=36
[Debug] lower_stmt: idx=221, kind=16
[Debug]   lower_expr: idx=223, kind=26
[Debug]   lower_expr: idx=222, kind=42
[Debug]   lower_expr: idx=224, kind=36
[Debug] lower_stmt: idx=226, kind=15
[Debug]   lower_expr: idx=227, kind=36
[Debug] lower_stmt: idx=228, kind=16
[Debug]   lower_expr: idx=230, kind=26
[Debug]   lower_expr: idx=229, kind=42
[Debug]   lower_expr: idx=231, kind=36
[Debug] lower_stmt: idx=233, kind=15
[Debug]   lower_expr: idx=234, kind=36
[Debug] lower_stmt: idx=235, kind=16
[Debug]   lower_expr: idx=237, kind=26
[Debug]   lower_expr: idx=236, kind=42
[Debug]   lower_expr: idx=238, kind=36
[Debug] lower_stmt: idx=240, kind=15
[Debug]   lower_expr: idx=241, kind=36
[Debug] lower_stmt: idx=242, kind=16
[Debug]   lower_expr: idx=244, kind=26
[Debug]   lower_expr: idx=243, kind=42
[Debug]   lower_expr: idx=245, kind=36
[Debug] lower_stmt: idx=247, kind=15
[Debug]   lower_expr: idx=248, kind=36
[Debug] lower_stmt: idx=249, kind=16
[Debug]   lower_expr: idx=251, kind=26
[Debug]   lower_expr: idx=250, kind=42
[Debug]   lower_expr: idx=252, kind=36
[Debug] lower_stmt: idx=254, kind=15
[Debug]   lower_expr: idx=255, kind=36
[Debug] lower_stmt: idx=256, kind=15
[Debug]   lower_expr: idx=257, kind=36
[Debug] lower_func: block lowered, ensuring return
[Debug] lower_func: building func
[Debug] lower_func: fn built, allocating fn_ptr
[Debug] lower_func: freeing fl
[Debug] lower_func: returning fn_ptr
[Debug] build_module: lower_func returned
[Debug] build_module: pushing fn_built
[Debug] build_module: pushing done, freeing fn_ptr
[Debug] build_module: freeing done
[Debug] build_module: getting next sibling
[Debug] build_module: next child is 258
[Debug] AIR Builder: lowering top-level func fn (nodeIdx=258)
[Debug] lower_stmt: idx=263, kind=13
[Debug]   lower_expr: idx=265, kind=26
[Debug]   lower_expr: idx=264, kind=42
[Debug]   lower_expr: idx=266, kind=36
[Debug] lower_stmt: idx=267, kind=16
[Debug]   lower_expr: idx=269, kind=26
[Debug]   lower_expr: idx=268, kind=42
[Debug]   lower_expr: idx=270, kind=36
[Debug] lower_stmt: idx=272, kind=15
[Debug]   lower_expr: idx=273, kind=36
[Debug] lower_stmt: idx=274, kind=16
[Debug]   lower_expr: idx=276, kind=26
[Debug]   lower_expr: idx=275, kind=42
[Debug]   lower_expr: idx=277, kind=36
[Debug] lower_stmt: idx=279, kind=15
[Debug]   lower_expr: idx=280, kind=36
[Debug] lower_stmt: idx=281, kind=16
[Debug]   lower_expr: idx=283, kind=26
[Debug]   lower_expr: idx=282, kind=42
[Debug]   lower_expr: idx=284, kind=36
[Debug] lower_stmt: idx=286, kind=15
[Debug]   lower_expr: idx=287, kind=36
[Debug] lower_stmt: idx=288, kind=16
[Debug]   lower_expr: idx=290, kind=26
[Debug]   lower_expr: idx=289, kind=42
[Debug]   lower_expr: idx=291, kind=36
[Debug] lower_stmt: idx=293, kind=15
[Debug]   lower_expr: idx=294, kind=36
[Debug] lower_stmt: idx=295, kind=16
[Debug]   lower_expr: idx=297, kind=26
[Debug]   lower_expr: idx=296, kind=42
[Debug]   lower_expr: idx=298, kind=36
[Debug] lower_stmt: idx=300, kind=15
[Debug]   lower_expr: idx=301, kind=36
[Debug] lower_stmt: idx=302, kind=16
[Debug]   lower_expr: idx=304, kind=26
[Debug]   lower_expr: idx=303, kind=42
[Debug]   lower_expr: idx=305, kind=36
[Debug] lower_stmt: idx=307, kind=15
[Debug]   lower_expr: idx=308, kind=36
[Debug] lower_stmt: idx=309, kind=16
[Debug]   lower_expr: idx=311, kind=26
[Debug]   lower_expr: idx=310, kind=42
[Debug]   lower_expr: idx=312, kind=36
[Debug] lower_stmt: idx=314, kind=15
[Debug]   lower_expr: idx=315, kind=36
[Debug] lower_stmt: idx=316, kind=16
[Debug]   lower_expr: idx=318, kind=26
[Debug]   lower_expr: idx=317, kind=42
[Debug]   lower_expr: idx=319, kind=36
[Debug] lower_stmt: idx=321, kind=15
[Debug]   lower_expr: idx=322, kind=36
[Debug] lower_stmt: idx=323, kind=16
[Debug]   lower_expr: idx=325, kind=26
[Debug]   lower_expr: idx=324, kind=42
[Debug]   lower_expr: idx=326, kind=36
[Debug] lower_stmt: idx=328, kind=15
[Debug]   lower_expr: idx=329, kind=36
[Debug] lower_stmt: idx=330, kind=16
[Debug]   lower_expr: idx=332, kind=26
[Debug]   lower_expr: idx=331, kind=42
[Debug]   lower_expr: idx=333, kind=36
[Debug] lower_stmt: idx=335, kind=15
[Debug]   lower_expr: idx=336, kind=36
[Debug] lower_stmt: idx=337, kind=15
[Debug]   lower_expr: idx=338, kind=36
[Debug] lower_func: block lowered, ensuring return
[Debug] lower_func: building func
[Debug] lower_func: fn built, allocating fn_ptr
[Debug] lower_func: freeing fl
[Debug] lower_func: returning fn_ptr
[Debug] build_module: lower_func returned
[Debug] build_module: pushing fn_built
[Debug] build_module: pushing done, freeing fn_ptr
[Debug] build_module: freeing done
[Debug] build_module: getting next sibling
[Debug] build_module: next child is 339
[Debug] AIR Builder: lowering top-level func fn (nodeIdx=339)
[Debug] lower_stmt: idx=350, kind=16
[Debug]   lower_expr: idx=352, kind=26
[Debug]   lower_expr: idx=351, kind=42
[Debug]   lower_expr: idx=353, kind=36
[Debug] lower_stmt: idx=355, kind=15
[Debug]   lower_expr: idx=361, kind=31
[Debug]   lower_expr: idx=359, kind=26
[Debug]   lower_expr: idx=357, kind=31
[Debug]   lower_expr: idx=356, kind=42
[Debug]   lower_expr: idx=360, kind=36
[Debug] lower_stmt: idx=365, kind=16
[Debug]   lower_expr: idx=367, kind=26
[Debug]   lower_expr: idx=366, kind=42
[Debug]   lower_expr: idx=368, kind=36
[Debug] lower_stmt: idx=370, kind=15
[Debug]   lower_expr: idx=378, kind=31
[Debug]   lower_expr: idx=376, kind=26
[Debug]   lower_expr: idx=374, kind=26
[Debug]   lower_expr: idx=372, kind=31
[Debug]   lower_expr: idx=371, kind=42
[Debug]   lower_expr: idx=375, kind=36
[Debug]   lower_expr: idx=377, kind=36
[Debug] lower_stmt: idx=382, kind=16
[Debug]   lower_expr: idx=384, kind=26
[Debug]   lower_expr: idx=383, kind=42
[Debug]   lower_expr: idx=385, kind=36
[Debug] lower_stmt: idx=387, kind=15
[Debug]   lower_expr: idx=395, kind=31
[Debug]   lower_expr: idx=393, kind=26
[Debug]   lower_expr: idx=391, kind=26
[Debug]   lower_expr: idx=389, kind=31
[Debug]   lower_expr: idx=388, kind=42
[Debug]   lower_expr: idx=392, kind=36
[Debug]   lower_expr: idx=394, kind=36
[Debug] lower_stmt: idx=399, kind=16
[Debug]   lower_expr: idx=401, kind=26
[Debug]   lower_expr: idx=400, kind=42
[Debug]   lower_expr: idx=402, kind=36
[Debug] lower_stmt: idx=404, kind=15
[Debug]   lower_expr: idx=412, kind=31
[Debug]   lower_expr: idx=410, kind=26
[Debug]   lower_expr: idx=408, kind=26
[Debug]   lower_expr: idx=406, kind=31
[Debug]   lower_expr: idx=405, kind=42
[Debug]   lower_expr: idx=409, kind=36
[Debug]   lower_expr: idx=411, kind=36
[Debug] lower_stmt: idx=416, kind=16
[Debug]   lower_expr: idx=418, kind=26
[Debug]   lower_expr: idx=417, kind=42
[Debug]   lower_expr: idx=419, kind=36
[Debug] lower_stmt: idx=421, kind=15
[Debug]   lower_expr: idx=429, kind=31
[Debug]   lower_expr: idx=427, kind=26
[Debug]   lower_expr: idx=425, kind=26
[Debug]   lower_expr: idx=423, kind=31
[Debug]   lower_expr: idx=422, kind=42
[Debug]   lower_expr: idx=426, kind=36
[Debug]   lower_expr: idx=428, kind=36
[Debug] lower_stmt: idx=433, kind=16
[Debug]   lower_expr: idx=435, kind=26
[Debug]   lower_expr: idx=434, kind=42
[Debug]   lower_expr: idx=436, kind=36
[Debug] lower_stmt: idx=438, kind=15
[Debug]   lower_expr: idx=446, kind=31
[Debug]   lower_expr: idx=444, kind=26
[Debug]   lower_expr: idx=442, kind=26
[Debug]   lower_expr: idx=440, kind=31
[Debug]   lower_expr: idx=439, kind=42
[Debug]   lower_expr: idx=443, kind=36
[Debug]   lower_expr: idx=445, kind=36
[Debug] lower_stmt: idx=450, kind=16
[Debug]   lower_expr: idx=452, kind=26
[Debug]   lower_expr: idx=451, kind=42
[Debug]   lower_expr: idx=453, kind=36
[Debug] lower_stmt: idx=455, kind=15
[Debug]   lower_expr: idx=463, kind=31
[Debug]   lower_expr: idx=461, kind=26
[Debug]   lower_expr: idx=459, kind=26
[Debug]   lower_expr: idx=457, kind=31
[Debug]   lower_expr: idx=456, kind=42
[Debug]   lower_expr: idx=460, kind=36
[Debug]   lower_expr: idx=462, kind=36
[Debug] lower_stmt: idx=467, kind=16
[Debug]   lower_expr: idx=469, kind=26
[Debug]   lower_expr: idx=468, kind=42
[Debug]   lower_expr: idx=470, kind=36
[Debug] lower_stmt: idx=472, kind=15
[Debug]   lower_expr: idx=480, kind=31
[Debug]   lower_expr: idx=478, kind=26
[Debug]   lower_expr: idx=476, kind=26
[Debug]   lower_expr: idx=474, kind=31
[Debug]   lower_expr: idx=473, kind=42
[Debug]   lower_expr: idx=477, kind=36
[Debug]   lower_expr: idx=479, kind=36
[Debug] lower_stmt: idx=484, kind=16
[Debug]   lower_expr: idx=486, kind=26
[Debug]   lower_expr: idx=485, kind=42
[Debug]   lower_expr: idx=487, kind=36
[Debug] lower_stmt: idx=489, kind=15
[Debug]   lower_expr: idx=497, kind=31
[Debug]   lower_expr: idx=495, kind=26
[Debug]   lower_expr: idx=493, kind=26
[Debug]   lower_expr: idx=491, kind=31
[Debug]   lower_expr: idx=490, kind=42
[Debug]   lower_expr: idx=494, kind=36
[Debug]   lower_expr: idx=496, kind=36
[Debug] lower_stmt: idx=501, kind=16
[Debug]   lower_expr: idx=503, kind=26
[Debug]   lower_expr: idx=502, kind=42
[Debug]   lower_expr: idx=504, kind=36
[Debug] lower_stmt: idx=506, kind=15
[Debug]   lower_expr: idx=514, kind=31
[Debug]   lower_expr: idx=512, kind=26
[Debug]   lower_expr: idx=510, kind=26
[Debug]   lower_expr: idx=508, kind=31
[Debug]   lower_expr: idx=507, kind=42
[Debug]   lower_expr: idx=511, kind=36
[Debug]   lower_expr: idx=513, kind=36
[Debug] lower_stmt: idx=518, kind=15
[Debug]   lower_expr: idx=520, kind=31
[Debug]   lower_expr: idx=519, kind=42
[Debug] lower_func: block lowered, ensuring return
[Debug] lower_func: building func
[Debug] lower_func: fn built, allocating fn_ptr
[Debug] lower_func: freeing fl
[Debug] lower_func: returning fn_ptr
[Debug] build_module: lower_func returned
[Debug] build_module: pushing fn_built
[Debug] build_module: pushing done, freeing fn_ptr
[Debug] build_module: freeing done
[Debug] build_module: getting next sibling
[Debug] build_module: next child is 524
[Debug] AIR Builder: lowering top-level func fn (nodeIdx=524)
[Debug] lower_stmt: idx=535, kind=13
[Debug]   lower_expr: idx=541, kind=26
[Debug]   lower_expr: idx=539, kind=26
[Debug]   lower_expr: idx=537, kind=31
[Debug]   lower_expr: idx=536, kind=42
[Debug]   lower_expr: idx=540, kind=36
[Debug]   lower_expr: idx=542, kind=36
[Debug] lower_stmt: idx=543, kind=16
[Debug]   lower_expr: idx=545, kind=26
[Debug]   lower_expr: idx=544, kind=42
[Debug]   lower_expr: idx=546, kind=36
[Debug] lower_stmt: idx=548, kind=15
[Debug]   lower_expr: idx=550, kind=31
[Debug]   lower_expr: idx=549, kind=42
[Debug] lower_stmt: idx=554, kind=16
[Debug]   lower_expr: idx=556, kind=26
[Debug]   lower_expr: idx=555, kind=42
[Debug]   lower_expr: idx=557, kind=36
[Debug] lower_stmt: idx=559, kind=15
[Debug]   lower_expr: idx=563, kind=31
[Debug]   lower_expr: idx=561, kind=26
[Debug]   lower_expr: idx=560, kind=42
[Debug]   lower_expr: idx=562, kind=36
[Debug] lower_stmt: idx=567, kind=16
[Debug]   lower_expr: idx=569, kind=26
[Debug]   lower_expr: idx=568, kind=42
[Debug]   lower_expr: idx=570, kind=36
[Debug] lower_stmt: idx=572, kind=15
[Debug]   lower_expr: idx=576, kind=31
[Debug]   lower_expr: idx=574, kind=26
[Debug]   lower_expr: idx=573, kind=42
[Debug]   lower_expr: idx=575, kind=36
[Debug] lower_stmt: idx=580, kind=16
[Debug]   lower_expr: idx=582, kind=26
[Debug]   lower_expr: idx=581, kind=42
[Debug]   lower_expr: idx=583, kind=36
[Debug] lower_stmt: idx=585, kind=15
[Debug]   lower_expr: idx=589, kind=31
[Debug]   lower_expr: idx=587, kind=26
[Debug]   lower_expr: idx=586, kind=42
[Debug]   lower_expr: idx=588, kind=36
[Debug] lower_stmt: idx=593, kind=16
[Debug]   lower_expr: idx=595, kind=26
[Debug]   lower_expr: idx=594, kind=42
[Debug]   lower_expr: idx=596, kind=36
[Debug] lower_stmt: idx=598, kind=15
[Debug]   lower_expr: idx=602, kind=31
[Debug]   lower_expr: idx=600, kind=26
[Debug]   lower_expr: idx=599, kind=42
[Debug]   lower_expr: idx=601, kind=36
[Debug] lower_stmt: idx=606, kind=16
[Debug]   lower_expr: idx=608, kind=26
[Debug]   lower_expr: idx=607, kind=42
[Debug]   lower_expr: idx=609, kind=36
[Debug] lower_stmt: idx=611, kind=15
[Debug]   lower_expr: idx=615, kind=31
[Debug]   lower_expr: idx=613, kind=26
[Debug]   lower_expr: idx=612, kind=42
[Debug]   lower_expr: idx=614, kind=36
[Debug] lower_stmt: idx=619, kind=16
[Debug]   lower_expr: idx=621, kind=26
[Debug]   lower_expr: idx=620, kind=42
[Debug]   lower_expr: idx=622, kind=36
[Debug] lower_stmt: idx=624, kind=15
[Debug]   lower_expr: idx=628, kind=31
[Debug]   lower_expr: idx=626, kind=26
[Debug]   lower_expr: idx=625, kind=42
[Debug]   lower_expr: idx=627, kind=36
[Debug] lower_stmt: idx=632, kind=16
[Debug]   lower_expr: idx=634, kind=26
[Debug]   lower_expr: idx=633, kind=42
[Debug]   lower_expr: idx=635, kind=36
[Debug] lower_stmt: idx=637, kind=15
[Debug]   lower_expr: idx=641, kind=31
[Debug]   lower_expr: idx=639, kind=26
[Debug]   lower_expr: idx=638, kind=42
[Debug]   lower_expr: idx=640, kind=36
[Debug] lower_stmt: idx=645, kind=16
[Debug]   lower_expr: idx=647, kind=26
[Debug]   lower_expr: idx=646, kind=42
[Debug]   lower_expr: idx=648, kind=36
[Debug] lower_stmt: idx=650, kind=15
[Debug]   lower_expr: idx=654, kind=31
[Debug]   lower_expr: idx=652, kind=26
[Debug]   lower_expr: idx=651, kind=42
[Debug]   lower_expr: idx=653, kind=36
[Debug] lower_stmt: idx=658, kind=16
[Debug]   lower_expr: idx=660, kind=26
[Debug]   lower_expr: idx=659, kind=42
[Debug]   lower_expr: idx=661, kind=36
[Debug] lower_stmt: idx=663, kind=15
[Debug]   lower_expr: idx=667, kind=31
[Debug]   lower_expr: idx=665, kind=26
[Debug]   lower_expr: idx=664, kind=42
[Debug]   lower_expr: idx=666, kind=36
[Debug] lower_stmt: idx=671, kind=15
[Debug]   lower_expr: idx=673, kind=31
[Debug]   lower_expr: idx=672, kind=42
[Debug] lower_func: block lowered, ensuring return
[Debug] lower_func: building func
[Debug] lower_func: fn built, allocating fn_ptr
[Debug] lower_func: freeing fl
[Debug] lower_func: returning fn_ptr
[Debug] build_module: lower_func returned
[Debug] build_module: pushing fn_built
[Debug] build_module: pushing done, freeing fn_ptr
[Debug] build_module: freeing done
[Debug] build_module: getting next sibling
[Debug] build_module: next child is 677
[Debug] AIR Builder: lowering top-level func fn (nodeIdx=677)
[Debug] lower_stmt: idx=687, kind=13
[Debug]   lower_expr: idx=693, kind=31
[Debug]   lower_expr: idx=691, kind=26
[Debug]   lower_expr: idx=689, kind=31
[Debug]   lower_expr: idx=688, kind=42
[Debug]   lower_expr: idx=692, kind=36
[Debug] lower_stmt: idx=700, kind=14
[Debug]   lower_expr: idx=697, kind=42
[Debug]   lower_expr: idx=702, kind=30
[Debug]   lower_expr: idx=701, kind=42
[Debug] lower_stmt: idx=707, kind=14
[Debug]   lower_expr: idx=704, kind=42
[Debug]   lower_expr: idx=708, kind=42
[Debug] lower_stmt: idx=712, kind=14
[Debug]   lower_expr: idx=709, kind=42
[Debug]   lower_expr: idx=716, kind=26
[Debug]   lower_expr: idx=714, kind=30
[Debug]   lower_expr: idx=713, kind=42
[Debug]   lower_expr: idx=717, kind=36
[Debug] lower_func: block lowered, ensuring return
[Debug] lower_func: building func
[Debug] lower_func: fn built, allocating fn_ptr
[Debug] lower_func: freeing fl
[Debug] lower_func: returning fn_ptr
[Debug] build_module: lower_func returned
[Debug] build_module: pushing fn_built
[Debug] build_module: pushing done, freeing fn_ptr
[Debug] build_module: freeing done
[Debug] build_module: getting next sibling
[Debug] build_module: next child is 718
[Debug] AIR Builder: lowering top-level func fn (nodeIdx=718)
[Debug] lower_stmt: idx=727, kind=13
[Debug]   lower_expr: idx=729, kind=30
[Debug]   lower_expr: idx=728, kind=42
[Debug] lower_stmt: idx=731, kind=16
[Debug]   lower_expr: idx=733, kind=26
[Debug]   lower_expr: idx=732, kind=42
[Debug]   lower_expr: idx=735, kind=31
[Debug]   lower_expr: idx=734, kind=42
[Debug] lower_stmt: idx=740, kind=15
[Debug]   lower_expr: idx=742, kind=31
[Debug]   lower_expr: idx=741, kind=42
[Debug] lower_stmt: idx=749, kind=14
[Debug]   lower_expr: idx=746, kind=42
[Debug]   lower_expr: idx=751, kind=30
[Debug]   lower_expr: idx=750, kind=42
[Debug] lower_stmt: idx=756, kind=14
[Debug]   lower_expr: idx=753, kind=42
[Debug]   lower_expr: idx=760, kind=26
[Debug]   lower_expr: idx=758, kind=30
[Debug]   lower_expr: idx=757, kind=42
[Debug]   lower_expr: idx=761, kind=36
[Debug] lower_stmt: idx=762, kind=15
[Debug]   lower_expr: idx=768, kind=31
[Debug]   lower_expr: idx=766, kind=26
[Debug]   lower_expr: idx=764, kind=31
[Debug]   lower_expr: idx=763, kind=42
[Debug]   lower_expr: idx=767, kind=36
[Debug] lower_func: block lowered, ensuring return
[Debug] lower_func: building func
[Debug] lower_func: fn built, allocating fn_ptr
[Debug] lower_func: freeing fl
[Debug] lower_func: returning fn_ptr
[Debug] build_module: lower_func returned
[Debug] build_module: pushing fn_built
[Debug] build_module: pushing done, freeing fn_ptr
[Debug] build_module: freeing done
[Debug] build_module: getting next sibling
[Debug] build_module: next child is 772
[Debug] AIR Builder: lowering top-level func fn (nodeIdx=772)
[Debug] lower_stmt: idx=779, kind=16
[Debug]   lower_expr: idx=781, kind=28
[Debug]   lower_expr: idx=782, kind=38
[Debug]   lower_expr: idx=780, kind=42
[Debug] lower_stmt: idx=784, kind=15
[Debug]   lower_expr: idx=786, kind=28
[Debug]   lower_expr: idx=788, kind=31
[Debug]   lower_expr: idx=787, kind=42
[Debug]   lower_expr: idx=793, kind=31
[Debug]   lower_expr: idx=792, kind=42
[Debug]   lower_expr: idx=796, kind=31
[Debug]   lower_expr: idx=795, kind=36
[Debug]   lower_expr: idx=799, kind=31
[Debug]   lower_expr: idx=798, kind=36
[Debug]   lower_expr: idx=785, kind=42
[Debug] lower_stmt: idx=803, kind=15
[Debug]   lower_expr: idx=805, kind=28
[Debug]   lower_expr: idx=807, kind=31
[Debug]   lower_expr: idx=806, kind=42
[Debug]   lower_expr: idx=812, kind=31
[Debug]   lower_expr: idx=811, kind=42
[Debug]   lower_expr: idx=815, kind=31
[Debug]   lower_expr: idx=814, kind=36
[Debug]   lower_expr: idx=818, kind=31
[Debug]   lower_expr: idx=817, kind=36
[Debug]   lower_expr: idx=820, kind=27
[Debug]   lower_expr: idx=822, kind=31
[Debug]   lower_expr: idx=821, kind=36
[Debug]   lower_expr: idx=825, kind=31
[Debug]   lower_expr: idx=824, kind=36
[Debug]   lower_expr: idx=804, kind=42
[Debug] lower_func: block lowered, ensuring return
[Debug] lower_func: building func
[Debug] lower_func: fn built, allocating fn_ptr
[Debug] lower_func: freeing fl
[Debug] lower_func: returning fn_ptr
[Debug] build_module: lower_func returned
[Debug] build_module: pushing fn_built
[Debug] build_module: pushing done, freeing fn_ptr
[Debug] build_module: freeing done
[Debug] build_module: getting next sibling
[Debug] build_module: next child is 827
[Debug] AIR Builder: lowering top-level func fn (nodeIdx=827)
[Debug] lower_stmt: idx=835, kind=16
[Debug]   lower_expr: idx=837, kind=26
[Debug]   lower_expr: idx=836, kind=42
[Debug]   lower_expr: idx=839, kind=31
[Debug]   lower_expr: idx=838, kind=42
[Debug] lower_stmt: idx=844, kind=15
[Debug] lower_stmt: idx=845, kind=16
[Debug]   lower_expr: idx=847, kind=28
[Debug]   lower_expr: idx=848, kind=38
[Debug]   lower_expr: idx=846, kind=42
[Debug] lower_stmt: idx=851, kind=28
[Debug]   lower_expr: idx=851, kind=28
[Debug]   lower_expr: idx=852, kind=42
[Debug]   lower_expr: idx=854, kind=31
[Debug]   lower_expr: idx=853, kind=36
[Debug]   lower_expr: idx=857, kind=31
[Debug]   lower_expr: idx=856, kind=36
[Debug]   lower_expr: idx=850, kind=42
[Debug] lower_stmt: idx=862, kind=28
[Debug]   lower_expr: idx=862, kind=28
[Debug]   lower_expr: idx=863, kind=42
[Debug]   lower_expr: idx=865, kind=31
[Debug]   lower_expr: idx=864, kind=42
[Debug]   lower_expr: idx=861, kind=42
[Debug] lower_func: block lowered, ensuring return
[Debug] lower_func: building func
[Debug] lower_func: fn built, allocating fn_ptr
[Debug] lower_func: freeing fl
[Debug] lower_func: returning fn_ptr
[Debug] build_module: lower_func returned
[Debug] build_module: pushing fn_built
[Debug] build_module: pushing done, freeing fn_ptr
[Debug] build_module: freeing done
[Debug] build_module: getting next sibling
[Debug] build_module: next child is 867
[Debug] AIR Builder: lowering top-level func fn (nodeIdx=867)
[Debug] lower_stmt: idx=869, kind=13
[Debug]   lower_expr: idx=871, kind=28
[Debug]   lower_expr: idx=870, kind=42
[Debug] lower_stmt: idx=874, kind=14
[Debug]   lower_expr: idx=872, kind=42
[Debug]   lower_expr: idx=875, kind=36
[Debug] lower_stmt: idx=876, kind=13
[Debug]   lower_expr: idx=878, kind=28
[Debug]   lower_expr: idx=877, kind=42
[Debug] lower_stmt: idx=881, kind=14
[Debug]   lower_expr: idx=879, kind=42
[Debug]   lower_expr: idx=883, kind=31
[Debug]   lower_expr: idx=882, kind=42
[Debug] lower_stmt: idx=887, kind=13
[Debug]   lower_expr: idx=889, kind=28
[Debug]   lower_expr: idx=888, kind=42
[Debug] lower_stmt: idx=891, kind=28
[Debug]   lower_expr: idx=891, kind=28
[Debug]   lower_expr: idx=893, kind=31
[Debug]   lower_expr: idx=892, kind=42
[Debug]   lower_expr: idx=898, kind=31
[Debug]   lower_expr: idx=897, kind=36
[Debug]   lower_expr: idx=903, kind=26
[Debug]   lower_expr: idx=901, kind=31
[Debug]   lower_expr: idx=900, kind=36
[Debug]   lower_expr: idx=910, kind=31
[Debug]   lower_expr: idx=909, kind=28
[Debug]   lower_expr: idx=907, kind=29
[Debug]   lower_expr: idx=905, kind=28
[Debug]   lower_expr: idx=906, kind=38
[Debug]   lower_expr: idx=904, kind=42
[Debug]   lower_expr: idx=908, kind=42
[Debug]   lower_expr: idx=890, kind=42
[Debug] lower_func: block lowered, ensuring return
[Debug] lower_func: building func
[Debug] lower_func: fn built, allocating fn_ptr
[Debug] lower_func: freeing fl
[Debug] lower_func: returning fn_ptr
[Debug] build_module: lower_func returned
[Debug] build_module: pushing fn_built
[Debug] build_module: pushing done, freeing fn_ptr
[Debug] build_module: freeing done
[Debug] build_module: getting next sibling
[Debug] build_module: next child is 912
[Debug] AIR Builder: lowering top-level func fn (nodeIdx=912)
[Debug] lower_stmt: idx=914, kind=13
[Debug]   lower_expr: idx=916, kind=28
[Debug]   lower_expr: idx=915, kind=42
[Debug] lower_stmt: idx=917, kind=13
[Debug]   lower_expr: idx=919, kind=28
[Debug]   lower_expr: idx=918, kind=42
[Debug] lower_stmt: idx=920, kind=13
[Debug]   lower_expr: idx=922, kind=31
[Debug]   lower_expr: idx=921, kind=36
[Debug] lower_stmt: idx=924, kind=20
[Debug]   lower_expr: idx=926, kind=26
[Debug]   lower_expr: idx=925, kind=42
[Debug]   lower_expr: idx=928, kind=32
[Debug]   lower_expr: idx=927, kind=42
[Debug] lower_stmt: idx=930, kind=13
[Debug]   lower_expr: idx=945, kind=31
[Debug]   lower_expr: idx=934, kind=26
[Debug]   lower_expr: idx=932, kind=31
[Debug]   lower_expr: idx=931, kind=42
[Debug]   lower_expr: idx=936, kind=26
[Debug]   lower_expr: idx=935, kind=42
[Debug]   lower_expr: idx=943, kind=31
[Debug]   lower_expr: idx=942, kind=28
[Debug]   lower_expr: idx=940, kind=29
[Debug]   lower_expr: idx=938, kind=28
[Debug]   lower_expr: idx=939, kind=38
[Debug]   lower_expr: idx=937, kind=42
[Debug]   lower_expr: idx=941, kind=42
[Debug] lower_stmt: idx=949, kind=16
[Debug]   lower_expr: idx=953, kind=26
[Debug]   lower_expr: idx=951, kind=30
[Debug]   lower_expr: idx=950, kind=42
[Debug]   lower_expr: idx=954, kind=42
[Debug] lower_stmt: idx=957, kind=28
[Debug]   lower_expr: idx=957, kind=28
[Debug]   lower_expr: idx=961, kind=31
[Debug]   lower_expr: idx=959, kind=30
[Debug]   lower_expr: idx=958, kind=42
[Debug]   lower_expr: idx=965, kind=42
[Debug]   lower_expr: idx=956, kind=42
[Debug] lower_stmt: idx=969, kind=14
[Debug]   lower_expr: idx=966, kind=42
[Debug]   lower_expr: idx=971, kind=31
[Debug]   lower_expr: idx=970, kind=36
[Debug] lower_stmt: idx=974, kind=14
[Debug]   lower_expr: idx=976, kind=26
[Debug]   lower_expr: idx=975, kind=42
[Debug]   lower_expr: idx=977, kind=36
[Debug] lower_stmt: idx=980, kind=14
[Debug]   lower_expr: idx=978, kind=42
[Debug]   lower_expr: idx=981, kind=36
[Debug] lower_stmt: idx=982, kind=13
[Debug]   lower_expr: idx=984, kind=28
[Debug]   lower_expr: idx=983, kind=42
[Debug] lower_stmt: idx=987, kind=14
[Debug]   lower_expr: idx=985, kind=42
[Debug]   lower_expr: idx=989, kind=31
[Debug]   lower_expr: idx=988, kind=42
[Debug] lower_func: block lowered, ensuring return
[Debug] lower_func: building func
[Debug] lower_func: fn built, allocating fn_ptr
[Debug] lower_func: freeing fl
[Debug] lower_func: returning fn_ptr
[Debug] build_module: lower_func returned
[Debug] build_module: pushing fn_built
[Debug] build_module: pushing done, freeing fn_ptr
[Debug] build_module: freeing done
[Debug] build_module: getting next sibling
[Debug] build_module: next child is 993
[Debug] AIR Builder: lowering top-level func fn (nodeIdx=993)
[Debug] lower_stmt: idx=998, kind=13
[Debug]   lower_expr: idx=1000, kind=28
[Debug]   lower_expr: idx=999, kind=42
[Debug] lower_stmt: idx=1001, kind=16
[Debug]   lower_expr: idx=1004, kind=26
[Debug]   lower_expr: idx=1003, kind=32
[Debug]   lower_expr: idx=1002, kind=42
[Debug]   lower_expr: idx=1006, kind=31
[Debug]   lower_expr: idx=1005, kind=42
[Debug] lower_stmt: idx=1011, kind=13
[Debug]   lower_expr: idx=1013, kind=32
[Debug]   lower_expr: idx=1012, kind=42
[Debug] lower_stmt: idx=1016, kind=14
[Debug]   lower_expr: idx=1014, kind=42
[Debug]   lower_expr: idx=1018, kind=30
[Debug]   lower_expr: idx=1017, kind=42
[Debug] lower_stmt: idx=1020, kind=15
[Debug]   lower_expr: idx=1021, kind=42
[Debug] lower_stmt: idx=1022, kind=13
[Debug]   lower_expr: idx=1024, kind=28
[Debug]   lower_expr: idx=1023, kind=42
[Debug] lower_stmt: idx=1025, kind=16
[Debug]   lower_expr: idx=1028, kind=26
[Debug]   lower_expr: idx=1027, kind=32
[Debug]   lower_expr: idx=1026, kind=42
[Debug]   lower_expr: idx=1030, kind=31
[Debug]   lower_expr: idx=1029, kind=36
[Debug] lower_stmt: idx=1033, kind=15
[Debug]   lower_expr: idx=1035, kind=31
[Debug]   lower_expr: idx=1034, kind=42
[Debug] lower_stmt: idx=1039, kind=13
[Debug]   lower_expr: idx=1041, kind=28
[Debug]   lower_expr: idx=1040, kind=42
[Debug] lower_stmt: idx=1042, kind=13
[Debug]   lower_expr: idx=1058, kind=31
[Debug]   lower_expr: idx=1046, kind=26
[Debug]   lower_expr: idx=1044, kind=31
[Debug]   lower_expr: idx=1043, kind=42
[Debug]   lower_expr: idx=1049, kind=26
[Debug]   lower_expr: idx=1048, kind=32
[Debug]   lower_expr: idx=1047, kind=42
[Debug]   lower_expr: idx=1056, kind=31
[Debug]   lower_expr: idx=1055, kind=28
[Debug]   lower_expr: idx=1053, kind=29
[Debug]   lower_expr: idx=1051, kind=28
[Debug]   lower_expr: idx=1052, kind=38
[Debug]   lower_expr: idx=1050, kind=42
[Debug]   lower_expr: idx=1054, kind=42
[Debug] lower_stmt: idx=1064, kind=14
[Debug]   lower_expr: idx=1062, kind=42
[Debug]   lower_expr: idx=1067, kind=26
[Debug]   lower_expr: idx=1066, kind=32
[Debug]   lower_expr: idx=1065, kind=42
[Debug]   lower_expr: idx=1068, kind=36
[Debug] lower_stmt: idx=1069, kind=15
[Debug]   lower_expr: idx=1070, kind=42
[Debug] lower_func: block lowered, ensuring return
[Debug] lower_func: building func
[Debug] lower_func: fn built, allocating fn_ptr
[Debug] lower_func: freeing fl
[Debug] lower_func: returning fn_ptr
[Debug] build_module: lower_func returned
[Debug] build_module: pushing fn_built
[Debug] build_module: pushing done, freeing fn_ptr
[Debug] build_module: freeing done
[Debug] build_module: getting next sibling
[Debug] build_module: next child is 1071
[Debug] AIR Builder: lowering top-level func fn (nodeIdx=1071)
[Debug] lower_stmt: idx=1078, kind=28
[Debug]   lower_expr: idx=1078, kind=28
[Debug]   lower_expr: idx=1080, kind=31
[Debug]   lower_expr: idx=1079, kind=42
[Debug]   lower_expr: idx=1085, kind=31
[Debug]   lower_expr: idx=1084, kind=36
[Debug]   lower_expr: idx=1092, kind=28
[Debug]   lower_expr: idx=1090, kind=29
[Debug]   lower_expr: idx=1088, kind=28
[Debug]   lower_expr: idx=1089, kind=38
[Debug]   lower_expr: idx=1087, kind=42
[Debug]   lower_expr: idx=1091, kind=42
[Debug]   lower_expr: idx=1077, kind=42
[Debug] lower_stmt: idx=1093, kind=13
[Debug]   lower_expr: idx=1095, kind=28
[Debug]   lower_expr: idx=1094, kind=42
[Debug] lower_stmt: idx=1099, kind=14
[Debug]   lower_expr: idx=1096, kind=42
[Debug]   lower_expr: idx=1101, kind=32
[Debug]   lower_expr: idx=1100, kind=42
[Debug] lower_stmt: idx=1104, kind=14
[Debug]   lower_expr: idx=1102, kind=42
[Debug]   lower_expr: idx=1105, kind=42
[Debug] lower_func: block lowered, ensuring return
[Debug] lower_func: building func
[Debug] lower_func: fn built, allocating fn_ptr
[Debug] lower_func: freeing fl
[Debug] lower_func: returning fn_ptr
[Debug] build_module: lower_func returned
[Debug] build_module: pushing fn_built
[Debug] build_module: pushing done, freeing fn_ptr
[Debug] build_module: freeing done
[Debug] build_module: getting next sibling
[Debug] build_module: next child is 1106
[Debug] AIR Builder: lowering top-level func fn (nodeIdx=1106)
[Debug] lower_stmt: idx=1113, kind=13
[Debug]   lower_expr: idx=1115, kind=28
[Debug]   lower_expr: idx=1114, kind=42
[Debug] lower_stmt: idx=1116, kind=16
[Debug]   lower_expr: idx=1118, kind=26
[Debug]   lower_expr: idx=1117, kind=42
[Debug]   lower_expr: idx=1120, kind=31
[Debug]   lower_expr: idx=1119, kind=42
[Debug] lower_stmt: idx=1125, kind=15
[Debug]   lower_expr: idx=1127, kind=31
[Debug]   lower_expr: idx=1126, kind=42
[Debug] lower_stmt: idx=1131, kind=13
[Debug]   lower_expr: idx=1135, kind=31
[Debug]   lower_expr: idx=1133, kind=28
[Debug]   lower_expr: idx=1134, kind=42
[Debug]   lower_expr: idx=1132, kind=42
[Debug] lower_stmt: idx=1139, kind=16
[Debug]   lower_expr: idx=1141, kind=26
[Debug]   lower_expr: idx=1140, kind=42
[Debug]   lower_expr: idx=1143, kind=31
[Debug]   lower_expr: idx=1142, kind=42
[Debug] lower_stmt: idx=1149, kind=28
[Debug]   lower_expr: idx=1149, kind=28
[Debug]   lower_expr: idx=1150, kind=42
[Debug]   lower_expr: idx=1148, kind=42
[Debug] lower_stmt: idx=1151, kind=15
[Debug]   lower_expr: idx=1153, kind=31
[Debug]   lower_expr: idx=1152, kind=42
[Debug] lower_stmt: idx=1160, kind=14
[Debug]   lower_expr: idx=1157, kind=42
[Debug]   lower_expr: idx=1161, kind=42
[Debug] lower_stmt: idx=1165, kind=14
[Debug]   lower_expr: idx=1162, kind=42
[Debug]   lower_expr: idx=1166, kind=42
[Debug] lower_stmt: idx=1170, kind=14
[Debug]   lower_expr: idx=1167, kind=42
[Debug]   lower_expr: idx=1176, kind=31
[Debug]   lower_expr: idx=1174, kind=26
[Debug]   lower_expr: idx=1172, kind=31
[Debug]   lower_expr: idx=1171, kind=42
[Debug]   lower_expr: idx=1175, kind=42
[Debug] lower_stmt: idx=1183, kind=14
[Debug]   lower_expr: idx=1180, kind=42
[Debug]   lower_expr: idx=1184, kind=42
[Debug] lower_stmt: idx=1188, kind=14
[Debug]   lower_expr: idx=1185, kind=42
[Debug]   lower_expr: idx=1190, kind=31
[Debug]   lower_expr: idx=1189, kind=42
[Debug] lower_stmt: idx=1197, kind=14
[Debug]   lower_expr: idx=1194, kind=42
[Debug]   lower_expr: idx=1198, kind=42
[Debug] lower_stmt: idx=1199, kind=15
[Debug]   lower_expr: idx=1200, kind=42
[Debug] lower_func: block lowered, ensuring return
[Debug] lower_func: building func
[Debug] lower_func: fn built, allocating fn_ptr
[Debug] lower_func: freeing fl
[Debug] lower_func: returning fn_ptr
[Debug] build_module: lower_func returned
[Debug] build_module: pushing fn_built
[Debug] build_module: pushing done, freeing fn_ptr
[Debug] build_module: freeing done
[Debug] build_module: getting next sibling
[Debug] build_module: next child is 1201
[Debug] AIR Builder: lowering top-level func fn (nodeIdx=1201)
[Debug] lower_stmt: idx=1207, kind=16
[Debug]   lower_expr: idx=1215, kind=26
[Debug]   lower_expr: idx=1209, kind=26
[Debug]   lower_expr: idx=1208, kind=42
[Debug]   lower_expr: idx=1211, kind=31
[Debug]   lower_expr: idx=1210, kind=42
[Debug]   lower_expr: idx=1219, kind=26
[Debug]   lower_expr: idx=1217, kind=30
[Debug]   lower_expr: idx=1216, kind=42
[Debug]   lower_expr: idx=1220, kind=42
[Debug] lower_stmt: idx=1222, kind=15
[Debug] lower_stmt: idx=1224, kind=28
[Debug]   lower_expr: idx=1224, kind=28
[Debug]   lower_expr: idx=1228, kind=31
[Debug]   lower_expr: idx=1226, kind=30
[Debug]   lower_expr: idx=1225, kind=42
[Debug]   lower_expr: idx=1232, kind=42
[Debug]   lower_expr: idx=1223, kind=42
[Debug] lower_stmt: idx=1236, kind=14
[Debug]   lower_expr: idx=1233, kind=42
[Debug]   lower_expr: idx=1238, kind=31
[Debug]   lower_expr: idx=1237, kind=36
[Debug] lower_stmt: idx=1241, kind=28
[Debug]   lower_expr: idx=1241, kind=28
[Debug]   lower_expr: idx=1242, kind=42
[Debug]   lower_expr: idx=1240, kind=42
[Debug] lower_func: block lowered, ensuring return
[Debug] lower_func: building func
[Debug] lower_func: fn built, allocating fn_ptr
[Debug] lower_func: freeing fl
[Debug] lower_func: returning fn_ptr
[Debug] build_module: lower_func returned
[Debug] build_module: pushing fn_built
[Debug] build_module: pushing done, freeing fn_ptr
[Debug] build_module: freeing done
[Debug] build_module: getting next sibling
[Debug] build_module: next child is 1243
[Debug] AIR Builder: lowering top-level func fn (nodeIdx=1243)
[Debug] lower_stmt: idx=1254, kind=16
[Debug]   lower_expr: idx=1264, kind=26
[Debug]   lower_expr: idx=1258, kind=26
[Debug]   lower_expr: idx=1256, kind=30
[Debug]   lower_expr: idx=1255, kind=42
[Debug]   lower_expr: idx=1260, kind=31
[Debug]   lower_expr: idx=1259, kind=42
[Debug]   lower_expr: idx=1270, kind=26
[Debug]   lower_expr: idx=1268, kind=30
[Debug]   lower_expr: idx=1266, kind=30
[Debug]   lower_expr: idx=1265, kind=42
[Debug]   lower_expr: idx=1274, kind=30
[Debug]   lower_expr: idx=1272, kind=30
[Debug]   lower_expr: idx=1271, kind=42
[Debug] lower_stmt: idx=1277, kind=15
[Debug]   lower_expr: idx=1279, kind=30
[Debug]   lower_expr: idx=1278, kind=42
[Debug] lower_stmt: idx=1281, kind=16
[Debug]   lower_expr: idx=1285, kind=26
[Debug]   lower_expr: idx=1283, kind=30
[Debug]   lower_expr: idx=1282, kind=42
[Debug]   lower_expr: idx=1287, kind=31
[Debug]   lower_expr: idx=1286, kind=42
[Debug] lower_stmt: idx=1297, kind=14
[Debug]   lower_expr: idx=1293, kind=30
[Debug]   lower_expr: idx=1292, kind=42
[Debug]   lower_expr: idx=1299, kind=30
[Debug]   lower_expr: idx=1298, kind=42
[Debug] lower_stmt: idx=1304, kind=14
[Debug]   lower_expr: idx=1301, kind=42
[Debug]   lower_expr: idx=1306, kind=30
[Debug]   lower_expr: idx=1305, kind=42
[Debug] lower_stmt: idx=1311, kind=14
[Debug]   lower_expr: idx=1308, kind=42
[Debug]   lower_expr: idx=1315, kind=26
[Debug]   lower_expr: idx=1313, kind=30
[Debug]   lower_expr: idx=1312, kind=42
[Debug]   lower_expr: idx=1316, kind=36
[Debug] lower_stmt: idx=1317, kind=13
[Debug]   lower_expr: idx=1319, kind=28
[Debug]   lower_expr: idx=1320, kind=42
[Debug]   lower_expr: idx=1318, kind=42
[Debug] lower_stmt: idx=1324, kind=14
[Debug]   lower_expr: idx=1321, kind=42
[Debug]   lower_expr: idx=1325, kind=42
[Debug] lower_stmt: idx=1326, kind=15
[Debug]   lower_expr: idx=1327, kind=42
[Debug] lower_func: block lowered, ensuring return
[Debug] lower_func: building func
[Debug] lower_func: fn built, allocating fn_ptr
[Debug] lower_func: freeing fl
[Debug] lower_func: returning fn_ptr
[Debug] build_module: lower_func returned
[Debug] build_module: pushing fn_built
[Debug] build_module: pushing done, freeing fn_ptr
[Debug] build_module: freeing done
[Debug] build_module: getting next sibling
[Debug] build_module: next child is 1328
[Debug] AIR Builder: lowering top-level func fn (nodeIdx=1328)
[Debug] lower_stmt: idx=1334, kind=16
[Debug]   lower_expr: idx=1338, kind=26
[Debug]   lower_expr: idx=1336, kind=30
[Debug]   lower_expr: idx=1335, kind=42
[Debug]   lower_expr: idx=1340, kind=31
[Debug]   lower_expr: idx=1339, kind=42
[Debug] lower_stmt: idx=1346, kind=28
[Debug]   lower_expr: idx=1346, kind=28
[Debug]   lower_expr: idx=1348, kind=30
[Debug]   lower_expr: idx=1347, kind=42
[Debug]   lower_expr: idx=1345, kind=42
[Debug] lower_stmt: idx=1353, kind=14
[Debug]   lower_expr: idx=1350, kind=42
[Debug]   lower_expr: idx=1355, kind=31
[Debug]   lower_expr: idx=1354, kind=42
[Debug] lower_stmt: idx=1359, kind=13
[Debug]   lower_expr: idx=1361, kind=30
[Debug]   lower_expr: idx=1360, kind=42
[Debug] lower_stmt: idx=1363, kind=20
[Debug]   lower_expr: idx=1365, kind=26
[Debug]   lower_expr: idx=1364, kind=42
[Debug]   lower_expr: idx=1367, kind=31
[Debug]   lower_expr: idx=1366, kind=42
[Debug] lower_stmt: idx=1372, kind=13
[Debug]   lower_expr: idx=1374, kind=30
[Debug]   lower_expr: idx=1373, kind=42
[Debug] lower_stmt: idx=1377, kind=28
[Debug]   lower_expr: idx=1377, kind=28
[Debug]   lower_expr: idx=1378, kind=42
[Debug]   lower_expr: idx=1376, kind=42
[Debug] lower_stmt: idx=1380, kind=14
[Debug]   lower_expr: idx=1381, kind=42
[Debug] lower_stmt: idx=1385, kind=14
[Debug]   lower_expr: idx=1382, kind=42
[Debug]   lower_expr: idx=1387, kind=31
[Debug]   lower_expr: idx=1386, kind=42
[Debug] lower_stmt: idx=1394, kind=14
[Debug]   lower_expr: idx=1391, kind=42
[Debug]   lower_expr: idx=1395, kind=36
[Debug] lower_func: block lowered, ensuring return
[Debug] lower_func: building func
[Debug] lower_func: fn built, allocating fn_ptr
[Debug] lower_func: freeing fl
[Debug] lower_func: returning fn_ptr
[Debug] build_module: lower_func returned
[Debug] build_module: pushing fn_built
[Debug] build_module: pushing done, freeing fn_ptr
[Debug] build_module: freeing done
[Debug] build_module: getting next sibling
[Debug] build_module: next child is 1396
[Debug] AIR Builder: lowering top-level func fn (nodeIdx=1396)
[Debug] lower_stmt: idx=1407, kind=16
[Debug]   lower_expr: idx=1415, kind=26
[Debug]   lower_expr: idx=1409, kind=26
[Debug]   lower_expr: idx=1408, kind=42
[Debug]   lower_expr: idx=1411, kind=31
[Debug]   lower_expr: idx=1410, kind=42
[Debug]   lower_expr: idx=1417, kind=26
[Debug]   lower_expr: idx=1416, kind=42
[Debug]   lower_expr: idx=1418, kind=36
[Debug] lower_stmt: idx=1420, kind=15
[Debug]   lower_expr: idx=1422, kind=31
[Debug]   lower_expr: idx=1421, kind=42
[Debug] lower_stmt: idx=1426, kind=13
[Debug]   lower_expr: idx=1428, kind=28
[Debug]   lower_expr: idx=1429, kind=42
[Debug]   lower_expr: idx=1427, kind=42
[Debug] lower_stmt: idx=1430, kind=16
[Debug]   lower_expr: idx=1438, kind=26
[Debug]   lower_expr: idx=1436, kind=26
[Debug]   lower_expr: idx=1434, kind=31
[Debug]   lower_expr: idx=1432, kind=30
[Debug]   lower_expr: idx=1431, kind=42
[Debug]   lower_expr: idx=1437, kind=42
[Debug]   lower_expr: idx=1442, kind=31
[Debug]   lower_expr: idx=1440, kind=30
[Debug]   lower_expr: idx=1439, kind=42
[Debug] lower_stmt: idx=1445, kind=15
[Debug]   lower_expr: idx=1447, kind=31
[Debug]   lower_expr: idx=1446, kind=42
[Debug] lower_stmt: idx=1451, kind=13
[Debug]   lower_expr: idx=1453, kind=30
[Debug]   lower_expr: idx=1452, kind=42
[Debug] lower_stmt: idx=1458, kind=14
[Debug]   lower_expr: idx=1455, kind=42
[Debug]   lower_expr: idx=1466, kind=31
[Debug]   lower_expr: idx=1464, kind=26
[Debug]   lower_expr: idx=1462, kind=31
[Debug]   lower_expr: idx=1460, kind=30
[Debug]   lower_expr: idx=1459, kind=42
[Debug]   lower_expr: idx=1465, kind=42
[Debug] lower_stmt: idx=1470, kind=15
[Debug]   lower_expr: idx=1471, kind=42
[Debug] lower_func: block lowered, ensuring return
[Debug] lower_func: building func
[Debug] lower_func: fn built, allocating fn_ptr
[Debug] lower_func: freeing fl
[Debug] lower_func: returning fn_ptr
[Debug] build_module: lower_func returned
[Debug] build_module: pushing fn_built
[Debug] build_module: pushing done, freeing fn_ptr
[Debug] build_module: freeing done
[Debug] build_module: getting next sibling
[Debug] build_module: next child is 1472
[Debug] AIR Builder: lowering top-level func fn (nodeIdx=1472)
[Debug] lower_stmt: idx=1479, kind=13
[Debug]   lower_expr: idx=1481, kind=26
[Debug]   lower_expr: idx=1480, kind=36
[Debug]   lower_expr: idx=1482, kind=42
[Debug] lower_stmt: idx=1483, kind=13
[Debug]   lower_expr: idx=1487, kind=26
[Debug]   lower_expr: idx=1485, kind=26
[Debug]   lower_expr: idx=1484, kind=42
[Debug]   lower_expr: idx=1486, kind=36
[Debug]   lower_expr: idx=1488, kind=27
[Debug]   lower_expr: idx=1489, kind=36
[Debug] lower_stmt: idx=1490, kind=13
[Debug]   lower_expr: idx=1494, kind=31
[Debug]   lower_expr: idx=1492, kind=28
[Debug]   lower_expr: idx=1493, kind=42
[Debug]   lower_expr: idx=1491, kind=42
[Debug] lower_stmt: idx=1498, kind=16
[Debug]   lower_expr: idx=1500, kind=26
[Debug]   lower_expr: idx=1499, kind=42
[Debug]   lower_expr: idx=1502, kind=31
[Debug]   lower_expr: idx=1501, kind=42
[Debug] lower_stmt: idx=1507, kind=15
[Debug]   lower_expr: idx=1509, kind=31
[Debug]   lower_expr: idx=1508, kind=42
[Debug] lower_stmt: idx=1513, kind=13
[Debug]   lower_expr: idx=1515, kind=31
[Debug]   lower_expr: idx=1514, kind=42
[Debug] lower_stmt: idx=1522, kind=14
[Debug]   lower_expr: idx=1519, kind=42
[Debug]   lower_expr: idx=1524, kind=31
[Debug]   lower_expr: idx=1523, kind=36
[Debug] lower_stmt: idx=1529, kind=14
[Debug]   lower_expr: idx=1526, kind=42
[Debug]   lower_expr: idx=1531, kind=31
[Debug]   lower_expr: idx=1530, kind=36
[Debug] lower_stmt: idx=1533, kind=15
[Debug]   lower_expr: idx=1539, kind=31
[Debug]   lower_expr: idx=1537, kind=26
[Debug]   lower_expr: idx=1535, kind=31
[Debug]   lower_expr: idx=1534, kind=42
[Debug]   lower_expr: idx=1538, kind=36
[Debug] lower_func: block lowered, ensuring return
[Debug] lower_func: building func
[Debug] lower_func: fn built, allocating fn_ptr
[Debug] lower_func: freeing fl
[Debug] lower_func: returning fn_ptr
[Debug] build_module: lower_func returned
[Debug] build_module: pushing fn_built
[Debug] build_module: pushing done, freeing fn_ptr
[Debug] build_module: freeing done
[Debug] build_module: getting next sibling
[Debug] build_module: next child is 1543
[Debug] AIR Builder: lowering top-level func fn (nodeIdx=1543)
[Debug] lower_stmt: idx=1551, kind=16
[Debug]   lower_expr: idx=1553, kind=26
[Debug]   lower_expr: idx=1552, kind=42
[Debug]   lower_expr: idx=1555, kind=31
[Debug]   lower_expr: idx=1554, kind=42
[Debug] lower_stmt: idx=1560, kind=15
[Debug] lower_stmt: idx=1561, kind=13
[Debug]   lower_expr: idx=1567, kind=31
[Debug]   lower_expr: idx=1565, kind=26
[Debug]   lower_expr: idx=1563, kind=31
[Debug]   lower_expr: idx=1562, kind=42
[Debug]   lower_expr: idx=1566, kind=36
[Debug] lower_stmt: idx=1571, kind=13
[Debug]   lower_expr: idx=1573, kind=26
[Debug]   lower_expr: idx=1572, kind=36
[Debug]   lower_expr: idx=1574, kind=42
[Debug] lower_stmt: idx=1575, kind=13
[Debug]   lower_expr: idx=1579, kind=26
[Debug]   lower_expr: idx=1577, kind=26
[Debug]   lower_expr: idx=1576, kind=42
[Debug]   lower_expr: idx=1578, kind=36
[Debug]   lower_expr: idx=1580, kind=27
[Debug]   lower_expr: idx=1581, kind=36
[Debug] lower_stmt: idx=1583, kind=28
[Debug]   lower_expr: idx=1583, kind=28
[Debug]   lower_expr: idx=1585, kind=31
[Debug]   lower_expr: idx=1584, kind=42
[Debug]   lower_expr: idx=1589, kind=42
[Debug]   lower_expr: idx=1582, kind=42
[Debug] lower_func: block lowered, ensuring return
[Debug] lower_func: building func
[Debug] lower_func: fn built, allocating fn_ptr
[Debug] lower_func: freeing fl
[Debug] lower_func: returning fn_ptr
[Debug] build_module: lower_func returned
[Debug] build_module: pushing fn_built
[Debug] build_module: pushing done, freeing fn_ptr
[Debug] build_module: freeing done
[Debug] build_module: getting next sibling
[Debug] build_module: next child is 1590
[Debug] AIR Builder: lowering top-level func fn (nodeIdx=1590)
[Debug] lower_stmt: idx=1597, kind=13
[Debug]   lower_expr: idx=1604, kind=31
[Debug]   lower_expr: idx=1603, kind=28
[Debug]   lower_expr: idx=1601, kind=29
[Debug]   lower_expr: idx=1599, kind=28
[Debug]   lower_expr: idx=1600, kind=38
[Debug]   lower_expr: idx=1598, kind=42
[Debug]   lower_expr: idx=1602, kind=42
[Debug] lower_stmt: idx=1606, kind=13
[Debug]   lower_expr: idx=1610, kind=26
[Debug]   lower_expr: idx=1608, kind=26
[Debug]   lower_expr: idx=1607, kind=42
[Debug]   lower_expr: idx=1609, kind=36
[Debug]   lower_expr: idx=1611, kind=27
[Debug]   lower_expr: idx=1612, kind=36
[Debug] lower_stmt: idx=1613, kind=13
[Debug]   lower_expr: idx=1617, kind=31
[Debug]   lower_expr: idx=1615, kind=28
[Debug]   lower_expr: idx=1616, kind=42
[Debug]   lower_expr: idx=1614, kind=42
[Debug] lower_stmt: idx=1621, kind=16
[Debug]   lower_expr: idx=1623, kind=26
[Debug]   lower_expr: idx=1622, kind=42
[Debug]   lower_expr: idx=1625, kind=31
[Debug]   lower_expr: idx=1624, kind=42
[Debug] lower_stmt: idx=1630, kind=15
[Debug]   lower_expr: idx=1632, kind=31
[Debug]   lower_expr: idx=1631, kind=42
[Debug] lower_stmt: idx=1637, kind=28
[Debug]   lower_expr: idx=1637, kind=28
[Debug]   lower_expr: idx=1639, kind=31
[Debug]   lower_expr: idx=1638, kind=42
[Debug]   lower_expr: idx=1644, kind=31
[Debug]   lower_expr: idx=1643, kind=36
[Debug]   lower_expr: idx=1646, kind=42
[Debug]   lower_expr: idx=1636, kind=42
[Debug] lower_stmt: idx=1650, kind=14
[Debug]   lower_expr: idx=1647, kind=42
[Debug]   lower_expr: idx=1651, kind=42
[Debug] lower_stmt: idx=1655, kind=14
[Debug]   lower_expr: idx=1652, kind=42
[Debug]   lower_expr: idx=1656, kind=42
[Debug] lower_stmt: idx=1657, kind=15
[Debug]   lower_expr: idx=1658, kind=42
[Debug] lower_func: block lowered, ensuring return
[Debug] lower_func: building func
[Debug] lower_func: fn built, allocating fn_ptr
[Debug] lower_func: freeing fl
[Debug] lower_func: returning fn_ptr
[Debug] build_module: lower_func returned
[Debug] build_module: pushing fn_built
[Debug] build_module: pushing done, freeing fn_ptr
[Debug] build_module: freeing done
[Debug] build_module: getting next sibling
[Debug] build_module: next child is 1659
[Debug] AIR Builder: lowering top-level func fn (nodeIdx=1659)
[Debug] lower_stmt: idx=1665, kind=16
[Debug]   lower_expr: idx=1673, kind=26
[Debug]   lower_expr: idx=1667, kind=26
[Debug]   lower_expr: idx=1666, kind=42
[Debug]   lower_expr: idx=1669, kind=31
[Debug]   lower_expr: idx=1668, kind=42
[Debug]   lower_expr: idx=1677, kind=26
[Debug]   lower_expr: idx=1675, kind=30
[Debug]   lower_expr: idx=1674, kind=42
[Debug]   lower_expr: idx=1678, kind=42
[Debug] lower_stmt: idx=1680, kind=15
[Debug] lower_stmt: idx=1681, kind=13
[Debug]   lower_expr: idx=1682, kind=36
[Debug] lower_stmt: idx=1683, kind=20
[Debug]   lower_expr: idx=1685, kind=26
[Debug]   lower_expr: idx=1684, kind=42
[Debug]   lower_expr: idx=1686, kind=36
[Debug] lower_stmt: idx=1688, kind=13
[Debug]   lower_expr: idx=1690, kind=28
[Debug]   lower_expr: idx=1691, kind=42
[Debug]   lower_expr: idx=1692, kind=42
[Debug]   lower_expr: idx=1689, kind=42
[Debug] lower_stmt: idx=1694, kind=28
[Debug]   lower_expr: idx=1694, kind=28
[Debug]   lower_expr: idx=1695, kind=42
[Debug]   lower_expr: idx=1693, kind=42
[Debug] lower_stmt: idx=1697, kind=14
[Debug]   lower_expr: idx=1699, kind=26
[Debug]   lower_expr: idx=1698, kind=42
[Debug]   lower_expr: idx=1700, kind=36
[Debug] lower_stmt: idx=1704, kind=14
[Debug]   lower_expr: idx=1701, kind=42
[Debug]   lower_expr: idx=1706, kind=31
[Debug]   lower_expr: idx=1705, kind=36
[Debug] lower_stmt: idx=1708, kind=13
[Debug]   lower_expr: idx=1715, kind=31
[Debug]   lower_expr: idx=1714, kind=28
[Debug]   lower_expr: idx=1712, kind=29
[Debug]   lower_expr: idx=1710, kind=28
[Debug]   lower_expr: idx=1711, kind=38
[Debug]   lower_expr: idx=1709, kind=42
[Debug]   lower_expr: idx=1713, kind=42
[Debug] lower_stmt: idx=1717, kind=13
[Debug]   lower_expr: idx=1721, kind=26
[Debug]   lower_expr: idx=1719, kind=26
[Debug]   lower_expr: idx=1718, kind=42
[Debug]   lower_expr: idx=1720, kind=36
[Debug]   lower_expr: idx=1722, kind=27
[Debug]   lower_expr: idx=1723, kind=36
[Debug] lower_stmt: idx=1725, kind=28
[Debug]   lower_expr: idx=1725, kind=28
[Debug]   lower_expr: idx=1727, kind=31
[Debug]   lower_expr: idx=1726, kind=42
[Debug]   lower_expr: idx=1731, kind=42
[Debug]   lower_expr: idx=1724, kind=42
[Debug] lower_func: block lowered, ensuring return
[Debug] lower_func: building func
[Debug] lower_func: fn built, allocating fn_ptr
[Debug] lower_func: freeing fl
[Debug] lower_func: returning fn_ptr
[Debug] build_module: lower_func returned
[Debug] build_module: pushing fn_built
[Debug] build_module: pushing done, freeing fn_ptr
[Debug] build_module: freeing done
[Debug] build_module: getting next sibling
[Debug] build_module: next child is 1732
[Debug] AIR Builder: lowering top-level func fn (nodeIdx=1732)
[Debug] lower_stmt: idx=1743, kind=16
[Debug]   lower_expr: idx=1751, kind=26
[Debug]   lower_expr: idx=1745, kind=26
[Debug]   lower_expr: idx=1744, kind=42
[Debug]   lower_expr: idx=1747, kind=31
[Debug]   lower_expr: idx=1746, kind=42
[Debug]   lower_expr: idx=1755, kind=26
[Debug]   lower_expr: idx=1753, kind=30
[Debug]   lower_expr: idx=1752, kind=42
[Debug]   lower_expr: idx=1756, kind=42
[Debug] lower_stmt: idx=1758, kind=15
[Debug]   lower_expr: idx=1760, kind=31
[Debug]   lower_expr: idx=1759, kind=42
[Debug] lower_stmt: idx=1764, kind=13
[Debug]   lower_expr: idx=1766, kind=28
[Debug]   lower_expr: idx=1767, kind=42
[Debug]   lower_expr: idx=1765, kind=42
[Debug] lower_stmt: idx=1768, kind=16
[Debug]   lower_expr: idx=1770, kind=26
[Debug]   lower_expr: idx=1769, kind=42
[Debug]   lower_expr: idx=1771, kind=36
[Debug] lower_stmt: idx=1773, kind=13
[Debug]   lower_expr: idx=1775, kind=28
[Debug]   lower_expr: idx=1776, kind=42
[Debug]   lower_expr: idx=1774, kind=42
[Debug] lower_stmt: idx=1777, kind=16
[Debug]   lower_expr: idx=1779, kind=26
[Debug]   lower_expr: idx=1778, kind=42
[Debug]   lower_expr: idx=1781, kind=31
[Debug]   lower_expr: idx=1780, kind=42
[Debug] lower_stmt: idx=1789, kind=14
[Debug]   lower_expr: idx=1786, kind=42
[Debug]   lower_expr: idx=1793, kind=26
[Debug]   lower_expr: idx=1791, kind=30
[Debug]   lower_expr: idx=1790, kind=42
[Debug]   lower_expr: idx=1795, kind=31
[Debug]   lower_expr: idx=1794, kind=42
[Debug] lower_stmt: idx=1800, kind=14
[Debug]   lower_expr: idx=1797, kind=42
[Debug]   lower_expr: idx=1804, kind=26
[Debug]   lower_expr: idx=1802, kind=30
[Debug]   lower_expr: idx=1801, kind=42
[Debug]   lower_expr: idx=1806, kind=31
[Debug]   lower_expr: idx=1805, kind=36
[Debug] lower_stmt: idx=1808, kind=15
[Debug]   lower_expr: idx=1809, kind=42
[Debug] lower_stmt: idx=1810, kind=13
[Debug]   lower_expr: idx=1812, kind=28
[Debug]   lower_expr: idx=1813, kind=42
[Debug]   lower_expr: idx=1814, kind=42
[Debug]   lower_expr: idx=1811, kind=42
[Debug] lower_stmt: idx=1815, kind=13
[Debug]   lower_expr: idx=1817, kind=28
[Debug]   lower_expr: idx=1818, kind=42
[Debug]   lower_expr: idx=1816, kind=42
[Debug] lower_stmt: idx=1819, kind=16
[Debug]   lower_expr: idx=1821, kind=26
[Debug]   lower_expr: idx=1820, kind=42
[Debug]   lower_expr: idx=1823, kind=31
[Debug]   lower_expr: idx=1822, kind=42
[Debug] lower_stmt: idx=1828, kind=13
[Debug]   lower_expr: idx=1830, kind=28
[Debug]   lower_expr: idx=1831, kind=42
[Debug]   lower_expr: idx=1832, kind=42
[Debug]   lower_expr: idx=1829, kind=42
[Debug] lower_stmt: idx=1833, kind=13
[Debug]   lower_expr: idx=1835, kind=28
[Debug]   lower_expr: idx=1836, kind=42
[Debug]   lower_expr: idx=1837, kind=42
[Debug]   lower_expr: idx=1834, kind=42
[Debug] lower_stmt: idx=1838, kind=16
[Debug]   lower_expr: idx=1840, kind=26
[Debug]   lower_expr: idx=1839, kind=42
[Debug]   lower_expr: idx=1842, kind=31
[Debug]   lower_expr: idx=1841, kind=42
[Debug] lower_stmt: idx=1847, kind=15
[Debug]   lower_expr: idx=1849, kind=31
[Debug]   lower_expr: idx=1848, kind=42
[Debug] lower_stmt: idx=1854, kind=14
[Debug]   lower_expr: idx=1856, kind=28
[Debug]   lower_expr: idx=1857, kind=42
[Debug]   lower_expr: idx=1858, kind=42
[Debug]   lower_expr: idx=1855, kind=42
[Debug] lower_stmt: idx=1859, kind=16
[Debug]   lower_expr: idx=1861, kind=26
[Debug]   lower_expr: idx=1860, kind=42
[Debug]   lower_expr: idx=1863, kind=31
[Debug]   lower_expr: idx=1862, kind=42
[Debug] lower_stmt: idx=1869, kind=14
[Debug]   lower_expr: idx=1871, kind=28
[Debug]   lower_expr: idx=1872, kind=42
[Debug]   lower_expr: idx=1873, kind=42
[Debug]   lower_expr: idx=1870, kind=42
[Debug] lower_stmt: idx=1874, kind=16
[Debug]   lower_expr: idx=1876, kind=26
[Debug]   lower_expr: idx=1875, kind=42
[Debug]   lower_expr: idx=1878, kind=31
[Debug]   lower_expr: idx=1877, kind=42
[Debug] lower_stmt: idx=1883, kind=15
[Debug]   lower_expr: idx=1885, kind=31
[Debug]   lower_expr: idx=1884, kind=42
[Debug] lower_stmt: idx=1890, kind=14
[Debug]   lower_expr: idx=1892, kind=28
[Debug]   lower_expr: idx=1893, kind=42
[Debug]   lower_expr: idx=1894, kind=42
[Debug]   lower_expr: idx=1891, kind=42
[Debug] lower_stmt: idx=1895, kind=16
[Debug]   lower_expr: idx=1897, kind=26
[Debug]   lower_expr: idx=1896, kind=42
[Debug]   lower_expr: idx=1899, kind=31
[Debug]   lower_expr: idx=1898, kind=42
[Debug] lower_stmt: idx=1904, kind=15
[Debug]   lower_expr: idx=1906, kind=31
[Debug]   lower_expr: idx=1905, kind=42
[Debug] lower_stmt: idx=1910, kind=13
[Debug]   lower_expr: idx=1912, kind=31
[Debug]   lower_expr: idx=1911, kind=42
[Debug] lower_stmt: idx=1919, kind=14
[Debug]   lower_expr: idx=1916, kind=42
[Debug]   lower_expr: idx=1921, kind=31
[Debug]   lower_expr: idx=1920, kind=36
[Debug] lower_stmt: idx=1926, kind=14
[Debug]   lower_expr: idx=1923, kind=42
[Debug]   lower_expr: idx=1928, kind=31
[Debug]   lower_expr: idx=1927, kind=42
[Debug] lower_stmt: idx=1930, kind=13
[Debug]   lower_expr: idx=1932, kind=28
[Debug]   lower_expr: idx=1933, kind=42
[Debug]   lower_expr: idx=1931, kind=42
[Debug] lower_stmt: idx=1937, kind=14
[Debug]   lower_expr: idx=1934, kind=42
[Debug]   lower_expr: idx=1941, kind=26
[Debug]   lower_expr: idx=1939, kind=30
[Debug]   lower_expr: idx=1938, kind=42
[Debug]   lower_expr: idx=1943, kind=31
[Debug]   lower_expr: idx=1942, kind=42
[Debug] lower_stmt: idx=1948, kind=14
[Debug]   lower_expr: idx=1945, kind=42
[Debug]   lower_expr: idx=1952, kind=26
[Debug]   lower_expr: idx=1950, kind=30
[Debug]   lower_expr: idx=1949, kind=42
[Debug]   lower_expr: idx=1954, kind=31
[Debug]   lower_expr: idx=1953, kind=36
[Debug] lower_stmt: idx=1956, kind=15
[Debug]   lower_expr: idx=1962, kind=31
[Debug]   lower_expr: idx=1960, kind=26
[Debug]   lower_expr: idx=1958, kind=31
[Debug]   lower_expr: idx=1957, kind=42
[Debug]   lower_expr: idx=1961, kind=36
[Debug] lower_func: block lowered, ensuring return
[Debug] lower_func: building func
[Debug] lower_func: fn built, allocating fn_ptr
[Debug] lower_func: freeing fl
[Debug] lower_func: returning fn_ptr
[Debug] build_module: lower_func returned
[Debug] build_module: pushing fn_built
[Debug] build_module: pushing done, freeing fn_ptr
[Debug] build_module: freeing done
[Debug] build_module: getting next sibling
[Debug] build_module: next child is 1966
[Debug] AIR Builder: lowering top-level func fn (nodeIdx=1966)
[Debug] lower_stmt: idx=1976, kind=16
[Debug]   lower_expr: idx=1992, kind=26
[Debug]   lower_expr: idx=1984, kind=26
[Debug]   lower_expr: idx=1978, kind=26
[Debug]   lower_expr: idx=1977, kind=42
[Debug]   lower_expr: idx=1980, kind=31
[Debug]   lower_expr: idx=1979, kind=42
[Debug]   lower_expr: idx=1986, kind=26
[Debug]   lower_expr: idx=1985, kind=42
[Debug]   lower_expr: idx=1988, kind=31
[Debug]   lower_expr: idx=1987, kind=42
[Debug]   lower_expr: idx=1996, kind=26
[Debug]   lower_expr: idx=1994, kind=30
[Debug]   lower_expr: idx=1993, kind=42
[Debug]   lower_expr: idx=1997, kind=42
[Debug] lower_stmt: idx=1999, kind=15
[Debug] lower_stmt: idx=2000, kind=13
[Debug]   lower_expr: idx=2006, kind=31
[Debug]   lower_expr: idx=2004, kind=26
[Debug]   lower_expr: idx=2002, kind=31
[Debug]   lower_expr: idx=2001, kind=42
[Debug]   lower_expr: idx=2005, kind=36
[Debug] lower_stmt: idx=2010, kind=13
[Debug]   lower_expr: idx=2012, kind=31
[Debug]   lower_expr: idx=2011, kind=42
[Debug] lower_stmt: idx=2016, kind=13
[Debug]   lower_expr: idx=2024, kind=31
[Debug]   lower_expr: idx=2020, kind=26
[Debug]   lower_expr: idx=2018, kind=30
[Debug]   lower_expr: idx=2017, kind=42
[Debug]   lower_expr: idx=2022, kind=31
[Debug]   lower_expr: idx=2021, kind=36
[Debug] lower_stmt: idx=2029, kind=14
[Debug]   lower_expr: idx=2026, kind=42
[Debug]   lower_expr: idx=2031, kind=31
[Debug]   lower_expr: idx=2030, kind=36
[Debug] lower_stmt: idx=2033, kind=16
[Debug]   lower_expr: idx=2037, kind=26
[Debug]   lower_expr: idx=2035, kind=26
[Debug]   lower_expr: idx=2034, kind=42
[Debug]   lower_expr: idx=2036, kind=36
[Debug]   lower_expr: idx=2039, kind=26
[Debug]   lower_expr: idx=2038, kind=42
[Debug]   lower_expr: idx=2040, kind=36
[Debug] lower_stmt: idx=2042, kind=15
[Debug] lower_stmt: idx=2043, kind=13
[Debug]   lower_expr: idx=2045, kind=28
[Debug]   lower_expr: idx=2046, kind=42
[Debug]   lower_expr: idx=2044, kind=42
[Debug] lower_stmt: idx=2050, kind=14
[Debug]   lower_expr: idx=2047, kind=42
[Debug]   lower_expr: idx=2054, kind=26
[Debug]   lower_expr: idx=2052, kind=30
[Debug]   lower_expr: idx=2051, kind=42
[Debug]   lower_expr: idx=2056, kind=31
[Debug]   lower_expr: idx=2055, kind=42
[Debug] lower_stmt: idx=2061, kind=14
[Debug]   lower_expr: idx=2058, kind=42
[Debug]   lower_expr: idx=2065, kind=26
[Debug]   lower_expr: idx=2063, kind=30
[Debug]   lower_expr: idx=2062, kind=42
[Debug]   lower_expr: idx=2067, kind=31
[Debug]   lower_expr: idx=2066, kind=36
[Debug] lower_stmt: idx=2069, kind=13
[Debug]   lower_expr: idx=2071, kind=28
[Debug]   lower_expr: idx=2072, kind=42
[Debug]   lower_expr: idx=2073, kind=42
[Debug]   lower_expr: idx=2070, kind=42
[Debug] lower_stmt: idx=2075, kind=28
[Debug]   lower_expr: idx=2075, kind=28
[Debug]   lower_expr: idx=2076, kind=42
[Debug]   lower_expr: idx=2077, kind=42
[Debug]   lower_expr: idx=2074, kind=42
[Debug] lower_func: block lowered, ensuring return
[Debug] lower_func: building func
[Debug] lower_func: fn built, allocating fn_ptr
[Debug] lower_func: freeing fl
[Debug] lower_func: returning fn_ptr
[Debug] build_module: lower_func returned
[Debug] build_module: pushing fn_built
[Debug] build_module: pushing done, freeing fn_ptr
[Debug] build_module: freeing done
[Debug] build_module: getting next sibling
[Debug] build_module: next child is 2078
[Debug] AIR Builder: lowering top-level func fn (nodeIdx=2078)
[Debug] lower_stmt: idx=2087, kind=15
[Debug]   lower_expr: idx=2091, kind=31
[Debug]   lower_expr: idx=2089, kind=28
[Debug]   lower_expr: idx=2090, kind=42
[Debug]   lower_expr: idx=2088, kind=42
[Debug] lower_func: block lowered, ensuring return
[Debug] lower_func: building func
[Debug] lower_func: fn built, allocating fn_ptr
[Debug] lower_func: freeing fl
[Debug] lower_func: returning fn_ptr
[Debug] build_module: lower_func returned
[Debug] build_module: pushing fn_built
[Debug] build_module: pushing done, freeing fn_ptr
[Debug] build_module: freeing done
[Debug] build_module: getting next sibling
[Debug] build_module: next child is 2095
[Debug] AIR Builder: lowering struct struct
[Debug] build_module: getting next sibling
[Debug] build_module: next child is 2106
[Debug] AIR Builder: lowering struct struct
[Debug] build_module: getting next sibling
[Debug] build_module: next child is 2119
[Debug] AIR Builder: lowering struct struct
[Debug] build_module: getting next sibling
[Debug] build_module: next child is 2140
[Debug] AIR Builder: lowering struct struct
[Debug] build_module: getting next sibling
[Debug] build_module: next child is 2149
[Debug] AIR Builder: lowering struct struct
[Debug] build_module: getting next sibling
[Debug] build_module: next child is 2158
[Debug] AIR Builder: lowering top-level func fn (nodeIdx=2158)
[Debug] lower_stmt: idx=2162, kind=13
[Debug]   lower_expr: idx=2167, kind=31
[Debug]   lower_expr: idx=2163, kind=27
[Debug]   lower_expr: idx=2165, kind=30
[Debug]   lower_expr: idx=2164, kind=42
[Debug] lower_stmt: idx=2172, kind=28
[Debug]   lower_expr: idx=2172, kind=28
[Debug]   lower_expr: idx=2173, kind=42
[Debug]   lower_expr: idx=2175, kind=31
[Debug]   lower_expr: idx=2174, kind=36
[Debug]   lower_expr: idx=2180, kind=26
[Debug]   lower_expr: idx=2178, kind=31
[Debug]   lower_expr: idx=2177, kind=36
[Debug]   lower_expr: idx=2182, kind=31
[Debug]   lower_expr: idx=2181, kind=36
[Debug]   lower_expr: idx=2171, kind=42
[Debug] lower_stmt: idx=2187, kind=14
[Debug]   lower_expr: idx=2184, kind=42
[Debug]   lower_expr: idx=2189, kind=31
[Debug]   lower_expr: idx=2188, kind=36
[Debug] lower_stmt: idx=2194, kind=14
[Debug]   lower_expr: idx=2191, kind=42
[Debug]   lower_expr: idx=2196, kind=31
[Debug]   lower_expr: idx=2195, kind=36
[Debug] lower_func: block lowered, ensuring return
[Debug] lower_func: building func
[Debug] lower_func: fn built, allocating fn_ptr
[Debug] lower_func: freeing fl
[Debug] lower_func: returning fn_ptr
[Debug] build_module: lower_func returned
[Debug] build_module: pushing fn_built
[Debug] build_module: pushing done, freeing fn_ptr
[Debug] build_module: freeing done
[Debug] build_module: getting next sibling
[Debug] build_module: next child is 2198
[Debug] AIR Builder: lowering top-level func fn (nodeIdx=2198)
[Debug] lower_stmt: idx=2205, kind=13
[Debug]   lower_expr: idx=2207, kind=30
[Debug]   lower_expr: idx=2206, kind=42
[Debug] lower_stmt: idx=2209, kind=13
[Debug]   lower_expr: idx=2211, kind=30
[Debug]   lower_expr: idx=2210, kind=42
[Debug] lower_stmt: idx=2213, kind=16
[Debug]   lower_expr: idx=2217, kind=26
[Debug]   lower_expr: idx=2215, kind=26
[Debug]   lower_expr: idx=2214, kind=42
[Debug]   lower_expr: idx=2216, kind=42
[Debug]   lower_expr: idx=2219, kind=31
[Debug]   lower_expr: idx=2218, kind=36
[Debug] lower_stmt: idx=2222, kind=15
[Debug]   lower_expr: idx=2223, kind=27
[Debug]   lower_expr: idx=2225, kind=31
[Debug]   lower_expr: idx=2224, kind=36
[Debug] lower_stmt: idx=2238, kind=14
[Debug]   lower_expr: idx=2228, kind=30
[Debug]   lower_expr: idx=2227, kind=42
[Debug]   lower_expr: idx=2236, kind=31
[Debug]   lower_expr: idx=2232, kind=26
[Debug]   lower_expr: idx=2231, kind=42
[Debug]   lower_expr: idx=2234, kind=31
[Debug]   lower_expr: idx=2233, kind=36
[Debug]   lower_expr: idx=2239, kind=42
[Debug] lower_stmt: idx=2243, kind=14
[Debug]   lower_expr: idx=2240, kind=42
[Debug]   lower_expr: idx=2245, kind=26
[Debug]   lower_expr: idx=2244, kind=42
[Debug]   lower_expr: idx=2247, kind=31
[Debug]   lower_expr: idx=2246, kind=36
[Debug] lower_stmt: idx=2249, kind=15
[Debug]   lower_expr: idx=2251, kind=31
[Debug]   lower_expr: idx=2250, kind=36
[Debug] lower_func: block lowered, ensuring return
[Debug] lower_func: building func
[Debug] lower_func: fn built, allocating fn_ptr
[Debug] lower_func: freeing fl
[Debug] lower_func: returning fn_ptr
[Debug] build_module: lower_func returned
[Debug] build_module: pushing fn_built
[Debug] build_module: pushing done, freeing fn_ptr
[Debug] build_module: freeing done
[Debug] build_module: getting next sibling
[Debug] build_module: next child is 2253
[Debug] AIR Builder: lowering top-level func fn (nodeIdx=2253)
[Debug] lower_stmt: idx=2258, kind=13
[Debug]   lower_expr: idx=2260, kind=30
[Debug]   lower_expr: idx=2259, kind=42
[Debug] lower_stmt: idx=2262, kind=16
[Debug]   lower_expr: idx=2264, kind=26
[Debug]   lower_expr: idx=2263, kind=42
[Debug]   lower_expr: idx=2266, kind=31
[Debug]   lower_expr: idx=2265, kind=36
[Debug] lower_stmt: idx=2269, kind=15
[Debug]   lower_expr: idx=2271, kind=31
[Debug]   lower_expr: idx=2270, kind=36
[Debug] lower_stmt: idx=2274, kind=14
[Debug]   lower_expr: idx=2276, kind=26
[Debug]   lower_expr: idx=2275, kind=42
[Debug]   lower_expr: idx=2278, kind=31
[Debug]   lower_expr: idx=2277, kind=36
[Debug] lower_stmt: idx=2283, kind=14
[Debug]   lower_expr: idx=2280, kind=42
[Debug]   lower_expr: idx=2284, kind=42
[Debug] lower_stmt: idx=2285, kind=13
[Debug]   lower_expr: idx=2287, kind=30
[Debug]   lower_expr: idx=2286, kind=42
[Debug] lower_stmt: idx=2289, kind=16
[Debug]   lower_expr: idx=2291, kind=26
[Debug]   lower_expr: idx=2290, kind=42
[Debug]   lower_expr: idx=2292, kind=42
[Debug] lower_stmt: idx=2294, kind=15
[Debug]   lower_expr: idx=2298, kind=29
[Debug]   lower_expr: idx=2296, kind=30
[Debug]   lower_expr: idx=2295, kind=42
[Debug]   lower_expr: idx=2304, kind=31
[Debug]   lower_expr: idx=2300, kind=26
[Debug]   lower_expr: idx=2299, kind=42
[Debug]   lower_expr: idx=2302, kind=31
[Debug]   lower_expr: idx=2301, kind=36
[Debug] lower_stmt: idx=2306, kind=16
[Debug]   lower_expr: idx=2308, kind=26
[Debug]   lower_expr: idx=2307, kind=42
[Debug]   lower_expr: idx=2309, kind=42
[Debug] lower_stmt: idx=2314, kind=14
[Debug]   lower_expr: idx=2311, kind=42
[Debug]   lower_expr: idx=2316, kind=26
[Debug]   lower_expr: idx=2315, kind=42
[Debug]   lower_expr: idx=2318, kind=31
[Debug]   lower_expr: idx=2317, kind=36
[Debug] lower_stmt: idx=2323, kind=14
[Debug]   lower_expr: idx=2320, kind=42
[Debug]   lower_expr: idx=2325, kind=26
[Debug]   lower_expr: idx=2324, kind=42
[Debug]   lower_expr: idx=2327, kind=31
[Debug]   lower_expr: idx=2326, kind=36
[Debug] lower_stmt: idx=2329, kind=15
[Debug]   lower_expr: idx=2333, kind=29
[Debug]   lower_expr: idx=2331, kind=30
[Debug]   lower_expr: idx=2330, kind=42
[Debug]   lower_expr: idx=2339, kind=31
[Debug]   lower_expr: idx=2335, kind=26
[Debug]   lower_expr: idx=2334, kind=42
[Debug]   lower_expr: idx=2337, kind=31
[Debug]   lower_expr: idx=2336, kind=36
[Debug] lower_stmt: idx=2344, kind=14
[Debug]   lower_expr: idx=2341, kind=42
[Debug]   lower_expr: idx=2345, kind=42
[Debug] lower_stmt: idx=2346, kind=15
[Debug]   lower_expr: idx=2348, kind=31
[Debug]   lower_expr: idx=2347, kind=36
[Debug] lower_func: block lowered, ensuring return
[Debug] lower_func: building func
[Debug] lower_func: fn built, allocating fn_ptr
[Debug] lower_func: freeing fl
[Debug] lower_func: returning fn_ptr
[Debug] build_module: lower_func returned
[Debug] build_module: pushing fn_built
[Debug] build_module: pushing done, freeing fn_ptr
[Debug] build_module: freeing done
[Debug] build_module: getting next sibling
[Debug] build_module: next child is 2350
[Debug] AIR Builder: lowering top-level func fn (nodeIdx=2350)
[Debug] lower_stmt: idx=2355, kind=13
[Debug]   lower_expr: idx=2357, kind=30
[Debug]   lower_expr: idx=2356, kind=42
[Debug] lower_stmt: idx=2359, kind=13
[Debug]   lower_expr: idx=2361, kind=30
[Debug]   lower_expr: idx=2360, kind=42
[Debug] lower_stmt: idx=2363, kind=16
[Debug]   lower_expr: idx=2365, kind=26
[Debug]   lower_expr: idx=2364, kind=42
[Debug]   lower_expr: idx=2366, kind=42
[Debug] lower_stmt: idx=2368, kind=15
[Debug]   lower_expr: idx=2370, kind=31
[Debug]   lower_expr: idx=2369, kind=36
[Debug] lower_stmt: idx=2372, kind=13
[Debug]   lower_expr: idx=2376, kind=29
[Debug]   lower_expr: idx=2374, kind=30
[Debug]   lower_expr: idx=2373, kind=42
[Debug]   lower_expr: idx=2382, kind=31
[Debug]   lower_expr: idx=2378, kind=26
[Debug]   lower_expr: idx=2377, kind=42
[Debug]   lower_expr: idx=2380, kind=31
[Debug]   lower_expr: idx=2379, kind=36
[Debug] lower_stmt: idx=2387, kind=14
[Debug]   lower_expr: idx=2384, kind=42
[Debug]   lower_expr: idx=2389, kind=26
[Debug]   lower_expr: idx=2388, kind=42
[Debug]   lower_expr: idx=2391, kind=31
[Debug]   lower_expr: idx=2390, kind=36
[Debug] lower_stmt: idx=2393, kind=15
[Debug]   lower_expr: idx=2394, kind=42
[Debug] lower_func: block lowered, ensuring return
[Debug] lower_func: building func
[Debug] lower_func: fn built, allocating fn_ptr
[Debug] lower_func: freeing fl
[Debug] lower_func: returning fn_ptr
[Debug] build_module: lower_func returned
[Debug] build_module: pushing fn_built
[Debug] build_module: pushing done, freeing fn_ptr
[Debug] build_module: freeing done
[Debug] build_module: getting next sibling
[Debug] build_module: next child is 2395
[Debug] AIR Builder: lowering top-level func fn (nodeIdx=2395)
[Debug] lower_stmt: idx=2400, kind=16
[Debug]   lower_expr: idx=2404, kind=26
[Debug]   lower_expr: idx=2402, kind=30
[Debug]   lower_expr: idx=2401, kind=42
[Debug]   lower_expr: idx=2406, kind=30
[Debug]   lower_expr: idx=2405, kind=42
[Debug] lower_stmt: idx=2409, kind=15
[Debug]   lower_expr: idx=2411, kind=31
[Debug]   lower_expr: idx=2410, kind=36
[Debug] lower_stmt: idx=2413, kind=15
[Debug]   lower_expr: idx=2415, kind=31
[Debug]   lower_expr: idx=2414, kind=36
[Debug] lower_func: block lowered, ensuring return
[Debug] lower_func: building func
[Debug] lower_func: fn built, allocating fn_ptr
[Debug] lower_func: freeing fl
[Debug] lower_func: returning fn_ptr
[Debug] build_module: lower_func returned
[Debug] build_module: pushing fn_built
[Debug] build_module: pushing done, freeing fn_ptr
[Debug] build_module: freeing done
[Debug] build_module: getting next sibling
[Debug] build_module: next child is 2417
[Debug] AIR Builder: lowering struct struct
[Debug] build_module: getting next sibling
[Debug] build_module: next child is 2430
[Debug] AIR Builder: lowering struct struct
[Debug] build_module: getting next sibling
[Debug] build_module: next child is 2439
[Debug] AIR Builder: lowering struct struct
[Debug] build_module: getting next sibling
[Debug] build_module: next child is 2450
[Debug] AIR Builder: lowering top-level func fn (nodeIdx=2450)
[Debug] lower_stmt: idx=2457, kind=16
[Debug]   lower_expr: idx=2463, kind=26
[Debug]   lower_expr: idx=2459, kind=26
[Debug]   lower_expr: idx=2458, kind=42
[Debug]   lower_expr: idx=2461, kind=31
[Debug]   lower_expr: idx=2460, kind=36
[Debug]   lower_expr: idx=2465, kind=26
[Debug]   lower_expr: idx=2464, kind=42
[Debug]   lower_expr: idx=2467, kind=31
[Debug]   lower_expr: idx=2466, kind=36
[Debug] lower_stmt: idx=2470, kind=15
[Debug]   lower_expr: idx=2471, kind=27
[Debug]   lower_expr: idx=2473, kind=31
[Debug]   lower_expr: idx=2472, kind=36
[Debug] lower_stmt: idx=2475, kind=13
[Debug]   lower_expr: idx=2478, kind=31
[Debug]   lower_expr: idx=2476, kind=27
[Debug]   lower_expr: idx=2477, kind=42
[Debug] lower_stmt: idx=2482, kind=13
[Debug]   lower_expr: idx=2488, kind=28
[Debug]   lower_expr: idx=2486, kind=29
[Debug]   lower_expr: idx=2484, kind=28
[Debug]   lower_expr: idx=2485, kind=38
[Debug]   lower_expr: idx=2483, kind=42
[Debug]   lower_expr: idx=2487, kind=42
[Debug] lower_stmt: idx=2490, kind=28
[Debug]   lower_expr: idx=2490, kind=28
[Debug]   lower_expr: idx=2491, kind=42
[Debug]   lower_expr: idx=2493, kind=31
[Debug]   lower_expr: idx=2492, kind=36
[Debug]   lower_expr: idx=2496, kind=31
[Debug]   lower_expr: idx=2495, kind=42
[Debug]   lower_expr: idx=2489, kind=42
[Debug] lower_stmt: idx=2501, kind=14
[Debug]   lower_expr: idx=2498, kind=42
[Debug]   lower_expr: idx=2502, kind=42
[Debug] lower_stmt: idx=2506, kind=14
[Debug]   lower_expr: idx=2503, kind=42
[Debug]   lower_expr: idx=2508, kind=31
[Debug]   lower_expr: idx=2507, kind=36
[Debug] lower_stmt: idx=2510, kind=13
[Debug]   lower_expr: idx=2512, kind=31
[Debug]   lower_expr: idx=2511, kind=36
[Debug] lower_stmt: idx=2514, kind=20
[Debug]   lower_expr: idx=2516, kind=26
[Debug]   lower_expr: idx=2515, kind=42
[Debug]   lower_expr: idx=2517, kind=42
[Debug] lower_stmt: idx=2528, kind=14
[Debug]   lower_expr: idx=2522, kind=29
[Debug]   lower_expr: idx=2520, kind=30
[Debug]   lower_expr: idx=2519, kind=42
[Debug]   lower_expr: idx=2524, kind=31
[Debug]   lower_expr: idx=2523, kind=42
[Debug]   lower_expr: idx=2529, kind=42
[Debug] lower_stmt: idx=2541, kind=28
[Debug]   lower_expr: idx=2541, kind=28
[Debug]   lower_expr: idx=2539, kind=30
[Debug]   lower_expr: idx=2537, kind=30
[Debug]   lower_expr: idx=2533, kind=29
[Debug]   lower_expr: idx=2531, kind=30
[Debug]   lower_expr: idx=2530, kind=42
[Debug]   lower_expr: idx=2535, kind=31
[Debug]   lower_expr: idx=2534, kind=42
[Debug] lower_stmt: idx=2551, kind=14
[Debug]   lower_expr: idx=2545, kind=29
[Debug]   lower_expr: idx=2543, kind=30
[Debug]   lower_expr: idx=2542, kind=42
[Debug]   lower_expr: idx=2547, kind=31
[Debug]   lower_expr: idx=2546, kind=42
[Debug]   lower_expr: idx=2553, kind=31
[Debug]   lower_expr: idx=2552, kind=36
[Debug] lower_stmt: idx=2556, kind=14
[Debug]   lower_expr: idx=2558, kind=26
[Debug]   lower_expr: idx=2557, kind=42
[Debug]   lower_expr: idx=2560, kind=31
[Debug]   lower_expr: idx=2559, kind=36
[Debug] lower_stmt: idx=2562, kind=15
[Debug]   lower_expr: idx=2564, kind=31
[Debug]   lower_expr: idx=2563, kind=36
[Debug] lower_func: block lowered, ensuring return
[Debug] lower_func: building func
[Debug] lower_func: fn built, allocating fn_ptr
[Debug] lower_func: freeing fl
[Debug] lower_func: returning fn_ptr
[Debug] build_module: lower_func returned
[Debug] build_module: pushing fn_built
[Debug] build_module: pushing done, freeing fn_ptr
[Debug] build_module: freeing done
[Debug] build_module: getting next sibling
[Debug] build_module: next child is 2566
[Debug] AIR Builder: lowering top-level func fn (nodeIdx=2566)
[Debug] lower_stmt: idx=2573, kind=16
[Debug]   lower_expr: idx=2575, kind=26
[Debug]   lower_expr: idx=2574, kind=42
[Debug]   lower_expr: idx=2577, kind=31
[Debug]   lower_expr: idx=2576, kind=36
[Debug] lower_stmt: idx=2580, kind=15
[Debug]   lower_expr: idx=2581, kind=27
[Debug]   lower_expr: idx=2583, kind=31
[Debug]   lower_expr: idx=2582, kind=36
[Debug] lower_stmt: idx=2585, kind=13
[Debug]   lower_expr: idx=2595, kind=31
[Debug]   lower_expr: idx=2589, kind=26
[Debug]   lower_expr: idx=2587, kind=30
[Debug]   lower_expr: idx=2586, kind=42
[Debug]   lower_expr: idx=2593, kind=31
[Debug]   lower_expr: idx=2591, kind=30
[Debug]   lower_expr: idx=2590, kind=42
[Debug] lower_stmt: idx=2597, kind=13
[Debug]   lower_expr: idx=2609, kind=28
[Debug]   lower_expr: idx=2610, kind=42
[Debug]   lower_expr: idx=2607, kind=30
[Debug]   lower_expr: idx=2605, kind=30
[Debug]   lower_expr: idx=2601, kind=29
[Debug]   lower_expr: idx=2599, kind=30
[Debug]   lower_expr: idx=2598, kind=42
[Debug]   lower_expr: idx=2603, kind=31
[Debug]   lower_expr: idx=2602, kind=42
[Debug] lower_stmt: idx=2611, kind=16
[Debug]   lower_expr: idx=2613, kind=26
[Debug]   lower_expr: idx=2612, kind=42
[Debug]   lower_expr: idx=2615, kind=31
[Debug]   lower_expr: idx=2614, kind=36
[Debug] lower_stmt: idx=2621, kind=14
[Debug]   lower_expr: idx=2618, kind=42
[Debug]   lower_expr: idx=2625, kind=26
[Debug]   lower_expr: idx=2623, kind=30
[Debug]   lower_expr: idx=2622, kind=42
[Debug]   lower_expr: idx=2627, kind=31
[Debug]   lower_expr: idx=2626, kind=36
[Debug] lower_stmt: idx=2629, kind=15
[Debug]   lower_expr: idx=2630, kind=42
[Debug] lower_func: block lowered, ensuring return
[Debug] lower_func: building func
[Debug] lower_func: fn built, allocating fn_ptr
[Debug] lower_func: freeing fl
[Debug] lower_func: returning fn_ptr
[Debug] build_module: lower_func returned
[Debug] build_module: pushing fn_built
[Debug] build_module: pushing done, freeing fn_ptr
[Debug] build_module: freeing done
[Debug] build_module: getting next sibling
[Debug] build_module: next child is 2631
[Debug] build_module: getting next sibling
[Debug] build_module: next child is 2640
[Debug] build_module: getting next sibling
[Debug] build_module: next child is 2649
[Debug] build_module: getting next sibling
[Debug] build_module: next child is 2652
[Debug] AIR Builder: lowering top-level func fn (nodeIdx=2652)
[Debug] lower_stmt: idx=2654, kind=16
[Debug]   lower_expr: idx=2656, kind=26
[Debug]   lower_expr: idx=2655, kind=42
[Debug]   lower_expr: idx=2658, kind=31
[Debug]   lower_expr: idx=2657, kind=42
[Debug] lower_stmt: idx=2663, kind=15
[Debug] lower_stmt: idx=2664, kind=13
[Debug]   lower_expr: idx=2671, kind=31
[Debug]   lower_expr: idx=2670, kind=28
[Debug]   lower_expr: idx=2668, kind=29
[Debug]   lower_expr: idx=2666, kind=28
[Debug]   lower_expr: idx=2667, kind=38
[Debug]   lower_expr: idx=2665, kind=42
[Debug]   lower_expr: idx=2669, kind=42
[Debug] lower_stmt: idx=2674, kind=14
[Debug]   lower_expr: idx=2678, kind=31
[Debug]   lower_expr: idx=2676, kind=28
[Debug]   lower_expr: idx=2677, kind=42
[Debug]   lower_expr: idx=2675, kind=42
[Debug] lower_stmt: idx=2685, kind=14
[Debug]   lower_expr: idx=2682, kind=42
[Debug]   lower_expr: idx=2687, kind=31
[Debug]   lower_expr: idx=2686, kind=36
[Debug] lower_stmt: idx=2692, kind=14
[Debug]   lower_expr: idx=2689, kind=42
[Debug]   lower_expr: idx=2694, kind=31
[Debug]   lower_expr: idx=2693, kind=36
[Debug] lower_stmt: idx=2696, kind=13
[Debug]   lower_expr: idx=2700, kind=26
[Debug]   lower_expr: idx=2698, kind=31
[Debug]   lower_expr: idx=2697, kind=36
[Debug]   lower_expr: idx=2707, kind=31
[Debug]   lower_expr: idx=2706, kind=28
[Debug]   lower_expr: idx=2704, kind=29
[Debug]   lower_expr: idx=2702, kind=28
[Debug]   lower_expr: idx=2703, kind=38
[Debug]   lower_expr: idx=2701, kind=42
[Debug]   lower_expr: idx=2705, kind=42
[Debug] lower_stmt: idx=2712, kind=14
[Debug]   lower_expr: idx=2709, kind=42
[Debug]   lower_expr: idx=2716, kind=31
[Debug]   lower_expr: idx=2714, kind=28
[Debug]   lower_expr: idx=2715, kind=42
[Debug]   lower_expr: idx=2713, kind=42
[Debug] lower_stmt: idx=2721, kind=28
[Debug]   lower_expr: idx=2721, kind=28
[Debug]   lower_expr: idx=2725, kind=31
[Debug]   lower_expr: idx=2723, kind=30
[Debug]   lower_expr: idx=2722, kind=42
[Debug]   lower_expr: idx=2730, kind=31
[Debug]   lower_expr: idx=2729, kind=36
[Debug]   lower_expr: idx=2732, kind=42
[Debug]   lower_expr: idx=2720, kind=42
[Debug] lower_stmt: idx=2733, kind=13
[Debug]   lower_expr: idx=2740, kind=31
[Debug]   lower_expr: idx=2739, kind=28
[Debug]   lower_expr: idx=2737, kind=29
[Debug]   lower_expr: idx=2735, kind=28
[Debug]   lower_expr: idx=2736, kind=38
[Debug]   lower_expr: idx=2734, kind=42
[Debug]   lower_expr: idx=2738, kind=42
[Debug] lower_stmt: idx=2743, kind=14
[Debug]   lower_expr: idx=2747, kind=31
[Debug]   lower_expr: idx=2745, kind=28
[Debug]   lower_expr: idx=2746, kind=42
[Debug]   lower_expr: idx=2744, kind=42
[Debug] lower_stmt: idx=2754, kind=28
[Debug]   lower_expr: idx=2754, kind=28
[Debug]   lower_expr: idx=2756, kind=31
[Debug]   lower_expr: idx=2755, kind=36
[Debug]   lower_expr: idx=2752, kind=30
[Debug]   lower_expr: idx=2751, kind=42
[Debug] lower_stmt: idx=2759, kind=14
[Debug]   lower_expr: idx=2760, kind=40
[Debug] lower_func: block lowered, ensuring return
[Debug] lower_func: building func
[Debug] lower_func: fn built, allocating fn_ptr
[Debug] lower_func: freeing fl
[Debug] lower_func: returning fn_ptr
[Debug] build_module: lower_func returned
[Debug] build_module: pushing fn_built
[Debug] build_module: pushing done, freeing fn_ptr
[Debug] build_module: freeing done
[Debug] build_module: getting next sibling
[Debug] build_module: next child is 2761
[Debug] AIR Builder: lowering top-level func fn (nodeIdx=2761)
[Debug] lower_stmt: idx=2768, kind=16
[Debug]   lower_expr: idx=2776, kind=26
[Debug]   lower_expr: idx=2770, kind=26
[Debug]   lower_expr: idx=2769, kind=42
[Debug]   lower_expr: idx=2772, kind=31
[Debug]   lower_expr: idx=2771, kind=42
[Debug]   lower_expr: idx=2778, kind=26
[Debug]   lower_expr: idx=2777, kind=42
[Debug]   lower_expr: idx=2780, kind=31
[Debug]   lower_expr: idx=2779, kind=36
[Debug] lower_stmt: idx=2783, kind=15
[Debug]   lower_expr: idx=2785, kind=31
[Debug]   lower_expr: idx=2784, kind=42
[Debug] lower_stmt: idx=2789, kind=13
[Debug]   lower_expr: idx=2795, kind=31
[Debug]   lower_expr: idx=2791, kind=26
[Debug]   lower_expr: idx=2790, kind=42
[Debug]   lower_expr: idx=2793, kind=31
[Debug]   lower_expr: idx=2792, kind=36
[Debug] lower_stmt: idx=2797, kind=13
[Debug]   lower_expr: idx=2799, kind=31
[Debug]   lower_expr: idx=2798, kind=36
[Debug] lower_stmt: idx=2801, kind=20
[Debug]   lower_expr: idx=2803, kind=26
[Debug]   lower_expr: idx=2802, kind=42
[Debug]   lower_expr: idx=2805, kind=31
[Debug]   lower_expr: idx=2804, kind=36
[Debug] lower_stmt: idx=2808, kind=13
[Debug]   lower_expr: idx=2831, kind=31
[Debug]   lower_expr: idx=2814, kind=26
[Debug]   lower_expr: idx=2812, kind=31
[Debug]   lower_expr: idx=2810, kind=30
[Debug]   lower_expr: idx=2809, kind=42
[Debug]   lower_expr: idx=2822, kind=26
[Debug]   lower_expr: idx=2818, kind=26
[Debug]   lower_expr: idx=2816, kind=26
[Debug]   lower_expr: idx=2815, kind=42
[Debug]   lower_expr: idx=2817, kind=42
[Debug]   lower_expr: idx=2820, kind=31
[Debug]   lower_expr: idx=2819, kind=36
[Debug]   lower_expr: idx=2829, kind=31
[Debug]   lower_expr: idx=2828, kind=28
[Debug]   lower_expr: idx=2826, kind=29
[Debug]   lower_expr: idx=2824, kind=28
[Debug]   lower_expr: idx=2825, kind=38
[Debug]   lower_expr: idx=2823, kind=42
[Debug]   lower_expr: idx=2827, kind=42
[Debug] lower_stmt: idx=2835, kind=16
[Debug]   lower_expr: idx=2841, kind=26
[Debug]   lower_expr: idx=2839, kind=26
[Debug]   lower_expr: idx=2837, kind=30
[Debug]   lower_expr: idx=2836, kind=42
[Debug]   lower_expr: idx=2840, kind=42
[Debug]   lower_expr: idx=2845, kind=26
[Debug]   lower_expr: idx=2843, kind=30
[Debug]   lower_expr: idx=2842, kind=42
[Debug]   lower_expr: idx=2846, kind=36
[Debug] lower_stmt: idx=2848, kind=15
[Debug]   lower_expr: idx=2850, kind=31
[Debug]   lower_expr: idx=2849, kind=42
[Debug] lower_stmt: idx=2855, kind=14
[Debug]   lower_expr: idx=2857, kind=26
[Debug]   lower_expr: idx=2856, kind=42
[Debug]   lower_expr: idx=2859, kind=31
[Debug]   lower_expr: idx=2858, kind=36
[Debug] lower_stmt: idx=2861, kind=15
[Debug]   lower_expr: idx=2863, kind=31
[Debug]   lower_expr: idx=2862, kind=42
[Debug] lower_func: block lowered, ensuring return
[Debug] lower_func: building func
[Debug] lower_func: fn built, allocating fn_ptr
[Debug] lower_func: freeing fl
[Debug] lower_func: returning fn_ptr
[Debug] build_module: lower_func returned
[Debug] build_module: pushing fn_built
[Debug] build_module: pushing done, freeing fn_ptr
[Debug] build_module: freeing done
[Debug] build_module: getting next sibling
[Debug] build_module: next child is 2867
[Debug] AIR Builder: lowering top-level func fn (nodeIdx=2867)
[Debug] lower_stmt: idx=2876, kind=14
[Debug]   lower_expr: idx=2873, kind=42
[Debug]   lower_expr: idx=2878, kind=31
[Debug]   lower_expr: idx=2877, kind=42
[Debug] lower_stmt: idx=2885, kind=14
[Debug]   lower_expr: idx=2882, kind=42
[Debug]   lower_expr: idx=2887, kind=31
[Debug]   lower_expr: idx=2886, kind=42
[Debug] lower_stmt: idx=2894, kind=14
[Debug]   lower_expr: idx=2891, kind=42
[Debug]   lower_expr: idx=2896, kind=31
[Debug]   lower_expr: idx=2895, kind=36
[Debug] lower_stmt: idx=2901, kind=14
[Debug]   lower_expr: idx=2898, kind=42
[Debug]   lower_expr: idx=2903, kind=31
[Debug]   lower_expr: idx=2902, kind=36
[Debug] lower_func: block lowered, ensuring return
[Debug] lower_func: building func
[Debug] lower_func: fn built, allocating fn_ptr
[Debug] lower_func: freeing fl
[Debug] lower_func: returning fn_ptr
[Debug] build_module: lower_func returned
[Debug] build_module: pushing fn_built
[Debug] build_module: pushing done, freeing fn_ptr
[Debug] build_module: freeing done
[Debug] build_module: getting next sibling
[Debug] build_module: next child is 2905
[Debug] AIR Builder: lowering top-level func fn (nodeIdx=2905)
[Debug] lower_stmt: idx=2918, kind=14
[Debug]   lower_expr: idx=2915, kind=42
[Debug]   lower_expr: idx=2920, kind=31
[Debug]   lower_expr: idx=2919, kind=42
[Debug] lower_stmt: idx=2924, kind=16
[Debug]   lower_expr: idx=2928, kind=26
[Debug]   lower_expr: idx=2926, kind=30
[Debug]   lower_expr: idx=2925, kind=42
[Debug]   lower_expr: idx=2930, kind=31
[Debug]   lower_expr: idx=2929, kind=42
[Debug] lower_stmt: idx=2938, kind=14
[Debug]   lower_expr: idx=2935, kind=42
[Debug]   lower_expr: idx=2939, kind=42
[Debug] lower_stmt: idx=2943, kind=14
[Debug]   lower_expr: idx=2940, kind=42
[Debug]   lower_expr: idx=2944, kind=42
[Debug] lower_stmt: idx=2952, kind=14
[Debug]   lower_expr: idx=2948, kind=30
[Debug]   lower_expr: idx=2947, kind=42
[Debug]   lower_expr: idx=2953, kind=42
[Debug] lower_stmt: idx=2957, kind=14
[Debug]   lower_expr: idx=2954, kind=42
[Debug]   lower_expr: idx=2958, kind=42
[Debug] lower_stmt: idx=2962, kind=14
[Debug]   lower_expr: idx=2959, kind=42
[Debug]   lower_expr: idx=2966, kind=26
[Debug]   lower_expr: idx=2964, kind=30
[Debug]   lower_expr: idx=2963, kind=42
[Debug]   lower_expr: idx=2968, kind=31
[Debug]   lower_expr: idx=2967, kind=36
[Debug] lower_stmt: idx=2973, kind=14
[Debug]   lower_expr: idx=2970, kind=42
[Debug]   lower_expr: idx=2977, kind=26
[Debug]   lower_expr: idx=2975, kind=30
[Debug]   lower_expr: idx=2974, kind=42
[Debug]   lower_expr: idx=2979, kind=31
[Debug]   lower_expr: idx=2978, kind=36
[Debug] lower_func: block lowered, ensuring return
[Debug] lower_func: building func
[Debug] lower_func: fn built, allocating fn_ptr
[Debug] lower_func: freeing fl
[Debug] lower_func: returning fn_ptr
[Debug] build_module: lower_func returned
[Debug] build_module: pushing fn_built
[Debug] build_module: pushing done, freeing fn_ptr
[Debug] build_module: freeing done
[Debug] build_module: getting next sibling
[Debug] build_module: next child is 2981
[Debug] AIR Builder: lowering top-level func fn (nodeIdx=2981)
[Debug] lower_stmt: idx=2990, kind=13
[Debug]   lower_expr: idx=2992, kind=30
[Debug]   lower_expr: idx=2991, kind=42
[Debug] lower_stmt: idx=2994, kind=16
[Debug]   lower_expr: idx=2996, kind=26
[Debug]   lower_expr: idx=2995, kind=42
[Debug]   lower_expr: idx=2998, kind=31
[Debug]   lower_expr: idx=2997, kind=42
[Debug] lower_stmt: idx=3003, kind=15
[Debug]   lower_expr: idx=3005, kind=31
[Debug]   lower_expr: idx=3004, kind=42
[Debug] lower_stmt: idx=3012, kind=14
[Debug]   lower_expr: idx=3009, kind=42
[Debug]   lower_expr: idx=3014, kind=30
[Debug]   lower_expr: idx=3013, kind=42
[Debug] lower_stmt: idx=3016, kind=16
[Debug]   lower_expr: idx=3020, kind=26
[Debug]   lower_expr: idx=3018, kind=30
[Debug]   lower_expr: idx=3017, kind=42
[Debug]   lower_expr: idx=3022, kind=31
[Debug]   lower_expr: idx=3021, kind=42
[Debug] lower_stmt: idx=3030, kind=14
[Debug]   lower_expr: idx=3027, kind=42
[Debug]   lower_expr: idx=3032, kind=31
[Debug]   lower_expr: idx=3031, kind=42
[Debug] lower_stmt: idx=3039, kind=14
[Debug]   lower_expr: idx=3036, kind=42
[Debug]   lower_expr: idx=3043, kind=26
[Debug]   lower_expr: idx=3041, kind=30
[Debug]   lower_expr: idx=3040, kind=42
[Debug]   lower_expr: idx=3045, kind=31
[Debug]   lower_expr: idx=3044, kind=36
[Debug] lower_stmt: idx=3047, kind=15
[Debug]   lower_expr: idx=3048, kind=42
[Debug] lower_func: block lowered, ensuring return
[Debug] lower_func: building func
[Debug] lower_func: fn built, allocating fn_ptr
[Debug] lower_func: freeing fl
[Debug] lower_func: returning fn_ptr
[Debug] build_module: lower_func returned
[Debug] build_module: pushing fn_built
[Debug] build_module: pushing done, freeing fn_ptr
[Debug] build_module: freeing done
[Debug] build_module: getting next sibling
[Debug] build_module: next child is 3049
[Debug] AIR Builder: lowering top-level func fn (nodeIdx=3049)
[Debug] lower_stmt: idx=3064, kind=13
[Debug]   lower_expr: idx=3068, kind=31
[Debug]   lower_expr: idx=3066, kind=28
[Debug]   lower_expr: idx=3067, kind=42
[Debug]   lower_expr: idx=3065, kind=42
[Debug] lower_stmt: idx=3072, kind=16
[Debug]   lower_expr: idx=3074, kind=26
[Debug]   lower_expr: idx=3073, kind=42
[Debug]   lower_expr: idx=3076, kind=31
[Debug]   lower_expr: idx=3075, kind=42
[Debug] lower_stmt: idx=3081, kind=15
[Debug]   lower_expr: idx=3082, kind=27
[Debug]   lower_expr: idx=3084, kind=31
[Debug]   lower_expr: idx=3083, kind=36
[Debug] lower_stmt: idx=3086, kind=13
[Debug]   lower_expr: idx=3095, kind=26
[Debug]   lower_expr: idx=3093, kind=31
[Debug]   lower_expr: idx=3092, kind=28
[Debug]   lower_expr: idx=3090, kind=29
[Debug]   lower_expr: idx=3088, kind=28
[Debug]   lower_expr: idx=3089, kind=38
[Debug]   lower_expr: idx=3087, kind=42
[Debug]   lower_expr: idx=3091, kind=42
[Debug]   lower_expr: idx=3097, kind=31
[Debug]   lower_expr: idx=3096, kind=42
[Debug] lower_stmt: idx=3099, kind=13
[Debug]   lower_expr: idx=3106, kind=31
[Debug]   lower_expr: idx=3101, kind=28
[Debug]   lower_expr: idx=3103, kind=30
[Debug]   lower_expr: idx=3102, kind=42
[Debug]   lower_expr: idx=3105, kind=42
[Debug]   lower_expr: idx=3100, kind=42
[Debug] lower_stmt: idx=3110, kind=16
[Debug]   lower_expr: idx=3112, kind=26
[Debug]   lower_expr: idx=3111, kind=42
[Debug]   lower_expr: idx=3114, kind=31
[Debug]   lower_expr: idx=3113, kind=42
[Debug] lower_stmt: idx=3119, kind=15
[Debug]   lower_expr: idx=3120, kind=27
[Debug]   lower_expr: idx=3122, kind=31
[Debug]   lower_expr: idx=3121, kind=36
[Debug] lower_stmt: idx=3127, kind=14
[Debug]   lower_expr: idx=3124, kind=42
[Debug]   lower_expr: idx=3129, kind=31
[Debug]   lower_expr: idx=3128, kind=42
[Debug] lower_stmt: idx=3136, kind=14
[Debug]   lower_expr: idx=3133, kind=42
[Debug]   lower_expr: idx=3137, kind=42
[Debug] lower_stmt: idx=3141, kind=14
[Debug]   lower_expr: idx=3138, kind=42
[Debug]   lower_expr: idx=3142, kind=42
[Debug] lower_stmt: idx=3146, kind=14
[Debug]   lower_expr: idx=3143, kind=42
[Debug]   lower_expr: idx=3147, kind=42
[Debug] lower_stmt: idx=3148, kind=16
[Debug]   lower_expr: idx=3156, kind=26
[Debug]   lower_expr: idx=3150, kind=26
[Debug]   lower_expr: idx=3149, kind=42
[Debug]   lower_expr: idx=3152, kind=31
[Debug]   lower_expr: idx=3151, kind=42
[Debug]   lower_expr: idx=3158, kind=26
[Debug]   lower_expr: idx=3157, kind=42
[Debug]   lower_expr: idx=3160, kind=31
[Debug]   lower_expr: idx=3159, kind=36
[Debug] lower_stmt: idx=3163, kind=13
[Debug]   lower_expr: idx=3176, kind=31
[Debug]   lower_expr: idx=3167, kind=26
[Debug]   lower_expr: idx=3165, kind=31
[Debug]   lower_expr: idx=3164, kind=42
[Debug]   lower_expr: idx=3174, kind=31
[Debug]   lower_expr: idx=3173, kind=28
[Debug]   lower_expr: idx=3171, kind=29
[Debug]   lower_expr: idx=3169, kind=28
[Debug]   lower_expr: idx=3170, kind=38
[Debug]   lower_expr: idx=3168, kind=42
[Debug]   lower_expr: idx=3172, kind=42
[Debug] lower_stmt: idx=3181, kind=28
[Debug]   lower_expr: idx=3181, kind=28
[Debug]   lower_expr: idx=3182, kind=42
[Debug]   lower_expr: idx=3184, kind=31
[Debug]   lower_expr: idx=3183, kind=42
[Debug]   lower_expr: idx=3189, kind=31
[Debug]   lower_expr: idx=3188, kind=42
[Debug]   lower_expr: idx=3180, kind=42
[Debug] lower_stmt: idx=3192, kind=28
[Debug]   lower_expr: idx=3192, kind=28
[Debug]   lower_expr: idx=3193, kind=27
[Debug]   lower_expr: idx=3195, kind=30
[Debug]   lower_expr: idx=3194, kind=42
[Debug]   lower_expr: idx=3197, kind=42
[Debug]   lower_expr: idx=3191, kind=42
[Debug] lower_stmt: idx=3198, kind=15
[Debug]   lower_expr: idx=3200, kind=31
[Debug]   lower_expr: idx=3199, kind=36
[Debug] lower_func: block lowered, ensuring return
[Debug] lower_func: building func
[Debug] lower_func: fn built, allocating fn_ptr
[Debug] lower_func: freeing fl
[Debug] lower_func: returning fn_ptr
[Debug] build_module: lower_func returned
[Debug] build_module: pushing fn_built
[Debug] build_module: pushing done, freeing fn_ptr
[Debug] build_module: freeing done
[Debug] build_module: getting next sibling
[Debug] build_module: next child is 3202
[Debug] AIR Builder: lowering top-level func fn (nodeIdx=3202)
[Debug] lower_stmt: idx=3215, kind=16
[Debug]   lower_expr: idx=3217, kind=26
[Debug]   lower_expr: idx=3216, kind=42
[Debug]   lower_expr: idx=3219, kind=31
[Debug]   lower_expr: idx=3218, kind=42
[Debug] lower_stmt: idx=3225, kind=28
[Debug]   lower_expr: idx=3225, kind=28
[Debug]   lower_expr: idx=3224, kind=42
[Debug] lower_stmt: idx=3226, kind=16
[Debug]   lower_expr: idx=3228, kind=26
[Debug]   lower_expr: idx=3227, kind=42
[Debug]   lower_expr: idx=3230, kind=31
[Debug]   lower_expr: idx=3229, kind=42
[Debug] lower_stmt: idx=3235, kind=15
[Debug]   lower_expr: idx=3237, kind=31
[Debug]   lower_expr: idx=3236, kind=36
[Debug] lower_stmt: idx=3239, kind=13
[Debug]   lower_expr: idx=3241, kind=30
[Debug]   lower_expr: idx=3240, kind=42
[Debug] lower_stmt: idx=3246, kind=14
[Debug]   lower_expr: idx=3243, kind=42
[Debug]   lower_expr: idx=3248, kind=26
[Debug]   lower_expr: idx=3247, kind=42
[Debug]   lower_expr: idx=3250, kind=31
[Debug]   lower_expr: idx=3249, kind=36
[Debug] lower_stmt: idx=3252, kind=13
[Debug]   lower_expr: idx=3258, kind=31
[Debug]   lower_expr: idx=3254, kind=26
[Debug]   lower_expr: idx=3253, kind=42
[Debug]   lower_expr: idx=3256, kind=31
[Debug]   lower_expr: idx=3255, kind=36
[Debug] lower_stmt: idx=3260, kind=13
[Debug]   lower_expr: idx=3262, kind=31
[Debug]   lower_expr: idx=3261, kind=36
[Debug] lower_stmt: idx=3264, kind=13
[Debug]   lower_expr: idx=3265, kind=27
[Debug]   lower_expr: idx=3267, kind=31
[Debug]   lower_expr: idx=3266, kind=36
[Debug] lower_stmt: idx=3269, kind=20
[Debug]   lower_expr: idx=3271, kind=26
[Debug]   lower_expr: idx=3270, kind=42
[Debug]   lower_expr: idx=3273, kind=31
[Debug]   lower_expr: idx=3272, kind=36
[Debug] lower_stmt: idx=3276, kind=13
[Debug]   lower_expr: idx=3280, kind=26
[Debug]   lower_expr: idx=3278, kind=26
[Debug]   lower_expr: idx=3277, kind=42
[Debug]   lower_expr: idx=3279, kind=42
[Debug]   lower_expr: idx=3282, kind=31
[Debug]   lower_expr: idx=3281, kind=36
[Debug] lower_stmt: idx=3284, kind=13
[Debug]   lower_expr: idx=3301, kind=31
[Debug]   lower_expr: idx=3290, kind=26
[Debug]   lower_expr: idx=3288, kind=31
[Debug]   lower_expr: idx=3286, kind=30
[Debug]   lower_expr: idx=3285, kind=42
[Debug]   lower_expr: idx=3292, kind=26
[Debug]   lower_expr: idx=3291, kind=42
[Debug]   lower_expr: idx=3299, kind=31
[Debug]   lower_expr: idx=3298, kind=28
[Debug]   lower_expr: idx=3296, kind=29
[Debug]   lower_expr: idx=3294, kind=28
[Debug]   lower_expr: idx=3295, kind=38
[Debug]   lower_expr: idx=3293, kind=42
[Debug]   lower_expr: idx=3297, kind=42
[Debug] lower_stmt: idx=3305, kind=16
[Debug]   lower_expr: idx=3313, kind=26
[Debug]   lower_expr: idx=3309, kind=26
[Debug]   lower_expr: idx=3307, kind=30
[Debug]   lower_expr: idx=3306, kind=42
[Debug]   lower_expr: idx=3311, kind=31
[Debug]   lower_expr: idx=3310, kind=36
[Debug]   lower_expr: idx=3317, kind=26
[Debug]   lower_expr: idx=3315, kind=30
[Debug]   lower_expr: idx=3314, kind=42
[Debug]   lower_expr: idx=3318, kind=36
[Debug] lower_stmt: idx=3321, kind=14
[Debug]   lower_expr: idx=3322, kind=42
[Debug] lower_stmt: idx=3323, kind=67
[Debug]   lower_expr: idx=3323, kind=67
[Debug] lower_stmt: idx=3325, kind=14
[Debug]   lower_expr: idx=3327, kind=26
[Debug]   lower_expr: idx=3326, kind=42
[Debug]   lower_expr: idx=3329, kind=31
[Debug]   lower_expr: idx=3328, kind=36
[Debug] lower_stmt: idx=3331, kind=16
[Debug]   lower_expr: idx=3333, kind=26
[Debug]   lower_expr: idx=3332, kind=42
[Debug]   lower_expr: idx=3334, kind=27
[Debug]   lower_expr: idx=3336, kind=31
[Debug]   lower_expr: idx=3335, kind=36
[Debug] lower_stmt: idx=3339, kind=15
[Debug]   lower_expr: idx=3341, kind=31
[Debug]   lower_expr: idx=3340, kind=36
[Debug] lower_stmt: idx=3343, kind=13
[Debug]   lower_expr: idx=3360, kind=31
[Debug]   lower_expr: idx=3349, kind=26
[Debug]   lower_expr: idx=3347, kind=31
[Debug]   lower_expr: idx=3345, kind=30
[Debug]   lower_expr: idx=3344, kind=42
[Debug]   lower_expr: idx=3351, kind=26
[Debug]   lower_expr: idx=3350, kind=42
[Debug]   lower_expr: idx=3358, kind=31
[Debug]   lower_expr: idx=3357, kind=28
[Debug]   lower_expr: idx=3355, kind=29
[Debug]   lower_expr: idx=3353, kind=28
[Debug]   lower_expr: idx=3354, kind=38
[Debug]   lower_expr: idx=3352, kind=42
[Debug]   lower_expr: idx=3356, kind=42
[Debug] lower_stmt: idx=3365, kind=28
[Debug]   lower_expr: idx=3365, kind=28
[Debug]   lower_expr: idx=3367, kind=31
[Debug]   lower_expr: idx=3366, kind=42
[Debug]   lower_expr: idx=3372, kind=31
[Debug]   lower_expr: idx=3371, kind=36
[Debug]   lower_expr: idx=3379, kind=28
[Debug]   lower_expr: idx=3377, kind=29
[Debug]   lower_expr: idx=3375, kind=28
[Debug]   lower_expr: idx=3376, kind=38
[Debug]   lower_expr: idx=3374, kind=42
[Debug]   lower_expr: idx=3378, kind=42
[Debug]   lower_expr: idx=3364, kind=42
[Debug] lower_stmt: idx=3383, kind=14
[Debug]   lower_expr: idx=3380, kind=42
[Debug]   lower_expr: idx=3384, kind=42
[Debug] lower_stmt: idx=3388, kind=14
[Debug]   lower_expr: idx=3385, kind=42
[Debug]   lower_expr: idx=3389, kind=36
[Debug] lower_stmt: idx=3393, kind=14
[Debug]   lower_expr: idx=3390, kind=42
[Debug]   lower_expr: idx=3394, kind=42
[Debug] lower_stmt: idx=3395, kind=13
[Debug]   lower_expr: idx=3397, kind=28
[Debug]   lower_expr: idx=3398, kind=42
[Debug]   lower_expr: idx=3396, kind=42
[Debug] lower_stmt: idx=3402, kind=14
[Debug]   lower_expr: idx=3399, kind=42
[Debug]   lower_expr: idx=3403, kind=42
[Debug] lower_stmt: idx=3404, kind=16
[Debug]   lower_expr: idx=3412, kind=26
[Debug]   lower_expr: idx=3406, kind=26
[Debug]   lower_expr: idx=3405, kind=42
[Debug]   lower_expr: idx=3408, kind=31
[Debug]   lower_expr: idx=3407, kind=42
[Debug]   lower_expr: idx=3414, kind=26
[Debug]   lower_expr: idx=3413, kind=42
[Debug]   lower_expr: idx=3416, kind=31
[Debug]   lower_expr: idx=3415, kind=36
[Debug] lower_stmt: idx=3419, kind=13
[Debug]   lower_expr: idx=3421, kind=28
[Debug]   lower_expr: idx=3422, kind=42
[Debug]   lower_expr: idx=3424, kind=31
[Debug]   lower_expr: idx=3423, kind=42
[Debug]   lower_expr: idx=3420, kind=42
[Debug] lower_stmt: idx=3426, kind=16
[Debug]   lower_expr: idx=3428, kind=26
[Debug]   lower_expr: idx=3427, kind=42
[Debug]   lower_expr: idx=3430, kind=31
[Debug]   lower_expr: idx=3429, kind=42
[Debug] lower_stmt: idx=3436, kind=28
[Debug]   lower_expr: idx=3436, kind=28
[Debug]   lower_expr: idx=3437, kind=42
[Debug]   lower_expr: idx=3439, kind=31
[Debug]   lower_expr: idx=3438, kind=42
[Debug]   lower_expr: idx=3444, kind=31
[Debug]   lower_expr: idx=3443, kind=42
[Debug]   lower_expr: idx=3435, kind=42
[Debug] lower_stmt: idx=3449, kind=14
[Debug]   lower_expr: idx=3446, kind=42
[Debug]   lower_expr: idx=3451, kind=31
[Debug]   lower_expr: idx=3450, kind=42
[Debug] lower_stmt: idx=3458, kind=14
[Debug]   lower_expr: idx=3455, kind=42
[Debug]   lower_expr: idx=3459, kind=42
[Debug] lower_stmt: idx=3463, kind=14
[Debug]   lower_expr: idx=3460, kind=42
[Debug]   lower_expr: idx=3464, kind=36
[Debug] lower_stmt: idx=3468, kind=14
[Debug]   lower_expr: idx=3465, kind=42
[Debug]   lower_expr: idx=3472, kind=26
[Debug]   lower_expr: idx=3470, kind=30
[Debug]   lower_expr: idx=3469, kind=42
[Debug]   lower_expr: idx=3474, kind=31
[Debug]   lower_expr: idx=3473, kind=36
[Debug] lower_stmt: idx=3477, kind=28
[Debug]   lower_expr: idx=3477, kind=28
[Debug]   lower_expr: idx=3478, kind=42
[Debug]   lower_expr: idx=3480, kind=31
[Debug]   lower_expr: idx=3479, kind=36
[Debug]   lower_expr: idx=3483, kind=31
[Debug]   lower_expr: idx=3482, kind=36
[Debug]   lower_expr: idx=3485, kind=42
[Debug]   lower_expr: idx=3487, kind=31
[Debug]   lower_expr: idx=3486, kind=42
[Debug]   lower_expr: idx=3476, kind=42
[Debug] lower_stmt: idx=3489, kind=16
[Debug]   lower_expr: idx=3490, kind=42
[Debug] lower_stmt: idx=3495, kind=28
[Debug]   lower_expr: idx=3495, kind=28
[Debug]   lower_expr: idx=3496, kind=42
[Debug]   lower_expr: idx=3493, kind=30
[Debug]   lower_expr: idx=3492, kind=42
[Debug] lower_stmt: idx=3497, kind=15
[Debug]   lower_expr: idx=3498, kind=42
[Debug] lower_func: block lowered, ensuring return
[Debug] lower_func: building func
[Debug] lower_func: fn built, allocating fn_ptr
[Debug] lower_func: freeing fl
[Debug] lower_func: returning fn_ptr
[Debug] build_module: lower_func returned
[Debug] build_module: pushing fn_built
[Debug] build_module: pushing done, freeing fn_ptr
[Debug] build_module: freeing done
[Debug] build_module: getting next sibling
[Debug] build_module: next child is 3499
[Debug] AIR Builder: lowering top-level func fn (nodeIdx=3499)
[Debug] lower_stmt: idx=3506, kind=13
[Debug]   lower_expr: idx=3508, kind=31
[Debug]   lower_expr: idx=3507, kind=42
[Debug] lower_stmt: idx=3512, kind=16
[Debug]   lower_expr: idx=3520, kind=26
[Debug]   lower_expr: idx=3514, kind=26
[Debug]   lower_expr: idx=3513, kind=42
[Debug]   lower_expr: idx=3516, kind=31
[Debug]   lower_expr: idx=3515, kind=42
[Debug]   lower_expr: idx=3524, kind=26
[Debug]   lower_expr: idx=3522, kind=30
[Debug]   lower_expr: idx=3521, kind=42
[Debug]   lower_expr: idx=3525, kind=36
[Debug] lower_stmt: idx=3527, kind=15
[Debug]   lower_expr: idx=3529, kind=31
[Debug]   lower_expr: idx=3528, kind=36
[Debug] lower_stmt: idx=3531, kind=13
[Debug]   lower_expr: idx=3533, kind=28
[Debug]   lower_expr: idx=3534, kind=27
[Debug]   lower_expr: idx=3536, kind=30
[Debug]   lower_expr: idx=3535, kind=42
[Debug]   lower_expr: idx=3532, kind=42
[Debug] lower_stmt: idx=3538, kind=16
[Debug]   lower_expr: idx=3540, kind=26
[Debug]   lower_expr: idx=3539, kind=42
[Debug]   lower_expr: idx=3542, kind=31
[Debug]   lower_expr: idx=3541, kind=42
[Debug] lower_stmt: idx=3547, kind=15
[Debug]   lower_expr: idx=3549, kind=31
[Debug]   lower_expr: idx=3548, kind=36
[Debug] lower_stmt: idx=3551, kind=13
[Debug]   lower_expr: idx=3555, kind=31
[Debug]   lower_expr: idx=3553, kind=30
[Debug]   lower_expr: idx=3552, kind=42
[Debug] lower_stmt: idx=3564, kind=13
[Debug]   lower_expr: idx=3577, kind=31
[Debug]   lower_expr: idx=3568, kind=26
[Debug]   lower_expr: idx=3566, kind=31
[Debug]   lower_expr: idx=3565, kind=42
[Debug]   lower_expr: idx=3575, kind=31
[Debug]   lower_expr: idx=3574, kind=28
[Debug]   lower_expr: idx=3572, kind=29
[Debug]   lower_expr: idx=3570, kind=28
[Debug]   lower_expr: idx=3571, kind=38
[Debug]   lower_expr: idx=3569, kind=42
[Debug]   lower_expr: idx=3573, kind=42
[Debug] lower_stmt: idx=3582, kind=28
[Debug]   lower_expr: idx=3582, kind=28
[Debug]   lower_expr: idx=3584, kind=31
[Debug]   lower_expr: idx=3583, kind=42
[Debug]   lower_expr: idx=3588, kind=42
[Debug]   lower_expr: idx=3590, kind=30
[Debug]   lower_expr: idx=3589, kind=42
[Debug]   lower_expr: idx=3581, kind=42
[Debug] lower_stmt: idx=3593, kind=28
[Debug]   lower_expr: idx=3593, kind=28
[Debug]   lower_expr: idx=3595, kind=30
[Debug]   lower_expr: idx=3594, kind=42
[Debug]   lower_expr: idx=3598, kind=31
[Debug]   lower_expr: idx=3597, kind=42
[Debug]   lower_expr: idx=3592, kind=42
[Debug] lower_stmt: idx=3602, kind=15
[Debug]   lower_expr: idx=3604, kind=31
[Debug]   lower_expr: idx=3603, kind=36
[Debug] lower_func: block lowered, ensuring return
[Debug] lower_func: building func
[Debug] lower_func: fn built, allocating fn_ptr
[Debug] lower_func: freeing fl
[Debug] lower_func: returning fn_ptr
[Debug] build_module: lower_func returned
[Debug] build_module: pushing fn_built
[Debug] build_module: pushing done, freeing fn_ptr
[Debug] build_module: freeing done
[Debug] build_module: getting next sibling
[Debug] build_module: next child is 3606
[Debug] AIR Builder: lowering top-level func fn (nodeIdx=3606)
[Debug] lower_stmt: idx=3613, kind=13
[Debug]   lower_expr: idx=3615, kind=31
[Debug]   lower_expr: idx=3614, kind=42
[Debug] lower_stmt: idx=3619, kind=16
[Debug]   lower_expr: idx=3627, kind=26
[Debug]   lower_expr: idx=3621, kind=26
[Debug]   lower_expr: idx=3620, kind=42
[Debug]   lower_expr: idx=3623, kind=31
[Debug]   lower_expr: idx=3622, kind=42
[Debug]   lower_expr: idx=3631, kind=26
[Debug]   lower_expr: idx=3629, kind=30
[Debug]   lower_expr: idx=3628, kind=42
[Debug]   lower_expr: idx=3632, kind=36
[Debug] lower_stmt: idx=3634, kind=15
[Debug]   lower_expr: idx=3636, kind=31
[Debug]   lower_expr: idx=3635, kind=36
[Debug] lower_stmt: idx=3638, kind=15
[Debug]   lower_expr: idx=3640, kind=31
[Debug]   lower_expr: idx=3639, kind=36
[Debug] lower_func: block lowered, ensuring return
[Debug] lower_func: building func
[Debug] lower_func: fn built, allocating fn_ptr
[Debug] lower_func: freeing fl
[Debug] lower_func: returning fn_ptr
[Debug] build_module: lower_func returned
[Debug] build_module: pushing fn_built
[Debug] build_module: pushing done, freeing fn_ptr
[Debug] build_module: freeing done
[Debug] build_module: getting next sibling
[Debug] build_module: next child is 3642
[Debug] AIR Builder: lowering top-level func fn (nodeIdx=3642)
[Debug] lower_stmt: idx=3649, kind=13
[Debug]   lower_expr: idx=3651, kind=31
[Debug]   lower_expr: idx=3650, kind=42
[Debug] lower_stmt: idx=3655, kind=16
[Debug]   lower_expr: idx=3663, kind=26
[Debug]   lower_expr: idx=3657, kind=26
[Debug]   lower_expr: idx=3656, kind=42
[Debug]   lower_expr: idx=3659, kind=31
[Debug]   lower_expr: idx=3658, kind=42
[Debug]   lower_expr: idx=3669, kind=26
[Debug]   lower_expr: idx=3667, kind=30
[Debug]   lower_expr: idx=3665, kind=30
[Debug]   lower_expr: idx=3664, kind=42
[Debug]   lower_expr: idx=3671, kind=31
[Debug]   lower_expr: idx=3670, kind=42
[Debug] lower_stmt: idx=3676, kind=15
[Debug]   lower_expr: idx=3678, kind=31
[Debug]   lower_expr: idx=3677, kind=36
[Debug] lower_stmt: idx=3680, kind=15
[Debug]   lower_expr: idx=3682, kind=31
[Debug]   lower_expr: idx=3681, kind=36
[Debug] lower_func: block lowered, ensuring return
[Debug] lower_func: building func
[Debug] lower_func: fn built, allocating fn_ptr
[Debug] lower_func: freeing fl
[Debug] lower_func: returning fn_ptr
[Debug] build_module: lower_func returned
[Debug] build_module: pushing fn_built
[Debug] build_module: pushing done, freeing fn_ptr
[Debug] build_module: freeing done
[Debug] build_module: getting next sibling
[Debug] build_module: next child is 3684
[Debug] AIR Builder: lowering top-level func fn (nodeIdx=3684)
[Debug] lower_stmt: idx=3687, kind=16
[Debug]   lower_expr: idx=3689, kind=26
[Debug]   lower_expr: idx=3688, kind=42
[Debug]   lower_expr: idx=3691, kind=31
[Debug]   lower_expr: idx=3690, kind=42
[Debug] lower_stmt: idx=3696, kind=15
[Debug]   lower_expr: idx=3697, kind=40
[Debug] lower_stmt: idx=3698, kind=13
[Debug]   lower_expr: idx=3700, kind=31
[Debug]   lower_expr: idx=3699, kind=36
[Debug] lower_stmt: idx=3702, kind=20
[Debug]   lower_expr: idx=3704, kind=26
[Debug]   lower_expr: idx=3703, kind=42
[Debug]   lower_expr: idx=3706, kind=31
[Debug]   lower_expr: idx=3705, kind=36
[Debug] lower_stmt: idx=3709, kind=13
[Debug]   lower_expr: idx=3726, kind=31
[Debug]   lower_expr: idx=3715, kind=26
[Debug]   lower_expr: idx=3713, kind=31
[Debug]   lower_expr: idx=3711, kind=30
[Debug]   lower_expr: idx=3710, kind=42
[Debug]   lower_expr: idx=3717, kind=26
[Debug]   lower_expr: idx=3716, kind=42
[Debug]   lower_expr: idx=3724, kind=31
[Debug]   lower_expr: idx=3723, kind=28
[Debug]   lower_expr: idx=3721, kind=29
[Debug]   lower_expr: idx=3719, kind=28
[Debug]   lower_expr: idx=3720, kind=38
[Debug]   lower_expr: idx=3718, kind=42
[Debug]   lower_expr: idx=3722, kind=42
[Debug] lower_stmt: idx=3730, kind=16
[Debug]   lower_expr: idx=3738, kind=26
[Debug]   lower_expr: idx=3734, kind=26
[Debug]   lower_expr: idx=3732, kind=30
[Debug]   lower_expr: idx=3731, kind=42
[Debug]   lower_expr: idx=3736, kind=31
[Debug]   lower_expr: idx=3735, kind=36
[Debug]   lower_expr: idx=3742, kind=26
[Debug]   lower_expr: idx=3740, kind=30
[Debug]   lower_expr: idx=3739, kind=42
[Debug]   lower_expr: idx=3743, kind=36
[Debug] lower_stmt: idx=3745, kind=16
[Debug]   lower_expr: idx=3751, kind=26
[Debug]   lower_expr: idx=3749, kind=30
[Debug]   lower_expr: idx=3747, kind=30
[Debug]   lower_expr: idx=3746, kind=42
[Debug]   lower_expr: idx=3753, kind=31
[Debug]   lower_expr: idx=3752, kind=36
[Debug] lower_stmt: idx=3756, kind=15
[Debug]   lower_expr: idx=3757, kind=40
[Debug] lower_stmt: idx=3759, kind=14
[Debug]   lower_expr: idx=3761, kind=26
[Debug]   lower_expr: idx=3760, kind=42
[Debug]   lower_expr: idx=3763, kind=31
[Debug]   lower_expr: idx=3762, kind=36
[Debug] lower_stmt: idx=3765, kind=15
[Debug]   lower_expr: idx=3766, kind=40
[Debug] lower_func: block lowered, ensuring return
[Debug] lower_func: building func
[Debug] lower_func: fn built, allocating fn_ptr
[Debug] lower_func: freeing fl
[Debug] lower_func: returning fn_ptr
[Debug] build_module: lower_func returned
[Debug] build_module: pushing fn_built
[Debug] build_module: pushing done, freeing fn_ptr
[Debug] build_module: freeing done
[Debug] build_module: getting next sibling
[Debug] build_module: next child is 3767
[Debug] AIR Builder: lowering top-level func fn (nodeIdx=3767)
[Debug] lower_stmt: idx=3775, kind=14
[Debug]   lower_expr: idx=3772, kind=42
[Debug]   lower_expr: idx=3777, kind=31
[Debug]   lower_expr: idx=3776, kind=36
[Debug] lower_stmt: idx=3779, kind=13
[Debug]   lower_expr: idx=3781, kind=31
[Debug]   lower_expr: idx=3780, kind=36
[Debug] lower_stmt: idx=3783, kind=20
[Debug]   lower_expr: idx=3785, kind=26
[Debug]   lower_expr: idx=3784, kind=42
[Debug]   lower_expr: idx=3787, kind=30
[Debug]   lower_expr: idx=3786, kind=42
[Debug] lower_stmt: idx=3799, kind=14
[Debug]   lower_expr: idx=3793, kind=29
[Debug]   lower_expr: idx=3791, kind=30
[Debug]   lower_expr: idx=3790, kind=42
[Debug]   lower_expr: idx=3795, kind=31
[Debug]   lower_expr: idx=3794, kind=42
[Debug]   lower_expr: idx=3801, kind=31
[Debug]   lower_expr: idx=3800, kind=36
[Debug] lower_stmt: idx=3804, kind=14
[Debug]   lower_expr: idx=3806, kind=26
[Debug]   lower_expr: idx=3805, kind=42
[Debug]   lower_expr: idx=3808, kind=31
[Debug]   lower_expr: idx=3807, kind=36
[Debug] lower_stmt: idx=3810, kind=20
[Debug]   lower_expr: idx=3812, kind=28
[Debug]   lower_expr: idx=3811, kind=42
[Debug] lower_stmt: idx=3814, kind=13
[Debug]   lower_expr: idx=3816, kind=31
[Debug]   lower_expr: idx=3815, kind=36
[Debug] lower_stmt: idx=3818, kind=20
[Debug]   lower_expr: idx=3820, kind=26
[Debug]   lower_expr: idx=3819, kind=42
[Debug]   lower_expr: idx=3822, kind=30
[Debug]   lower_expr: idx=3821, kind=42
[Debug] lower_stmt: idx=3825, kind=13
[Debug]   lower_expr: idx=3826, kind=27
[Debug]   lower_expr: idx=3830, kind=29
[Debug]   lower_expr: idx=3828, kind=30
[Debug]   lower_expr: idx=3827, kind=42
[Debug]   lower_expr: idx=3832, kind=31
[Debug]   lower_expr: idx=3831, kind=42
[Debug] lower_stmt: idx=3834, kind=13
[Debug]   lower_expr: idx=3840, kind=28
[Debug]   lower_expr: idx=3838, kind=30
[Debug]   lower_expr: idx=3836, kind=30
[Debug]   lower_expr: idx=3835, kind=42
[Debug] lower_stmt: idx=3841, kind=16
[Debug]   lower_expr: idx=3843, kind=26
[Debug]   lower_expr: idx=3842, kind=42
[Debug]   lower_expr: idx=3845, kind=31
[Debug]   lower_expr: idx=3844, kind=36
[Debug] lower_stmt: idx=3848, kind=13
[Debug]   lower_expr: idx=3850, kind=28
[Debug]   lower_expr: idx=3851, kind=42
[Debug]   lower_expr: idx=3849, kind=42
[Debug] lower_stmt: idx=3852, kind=16
[Debug]   lower_expr: idx=3854, kind=26
[Debug]   lower_expr: idx=3853, kind=42
[Debug]   lower_expr: idx=3856, kind=31
[Debug]   lower_expr: idx=3855, kind=42
[Debug] lower_stmt: idx=3861, kind=20
[Debug]   lower_expr: idx=3865, kind=26
[Debug]   lower_expr: idx=3863, kind=28
[Debug]   lower_expr: idx=3864, kind=42
[Debug]   lower_expr: idx=3862, kind=42
[Debug]   lower_expr: idx=3867, kind=31
[Debug]   lower_expr: idx=3866, kind=36
[Debug] lower_stmt: idx=3873, kind=14
[Debug]   lower_expr: idx=3870, kind=42
[Debug]   lower_expr: idx=3877, kind=26
[Debug]   lower_expr: idx=3875, kind=30
[Debug]   lower_expr: idx=3874, kind=42
[Debug]   lower_expr: idx=3879, kind=31
[Debug]   lower_expr: idx=3878, kind=36
[Debug] lower_stmt: idx=3881, kind=16
[Debug]   lower_expr: idx=3889, kind=26
[Debug]   lower_expr: idx=3885, kind=26
[Debug]   lower_expr: idx=3883, kind=28
[Debug]   lower_expr: idx=3884, kind=42
[Debug]   lower_expr: idx=3882, kind=42
[Debug]   lower_expr: idx=3887, kind=31
[Debug]   lower_expr: idx=3886, kind=36
[Debug]   lower_expr: idx=3893, kind=26
[Debug]   lower_expr: idx=3891, kind=28
[Debug]   lower_expr: idx=3892, kind=42
[Debug]   lower_expr: idx=3890, kind=42
[Debug]   lower_expr: idx=3895, kind=31
[Debug]   lower_expr: idx=3894, kind=36
[Debug] lower_stmt: idx=3903, kind=28
[Debug]   lower_expr: idx=3903, kind=28
[Debug]   lower_expr: idx=3904, kind=42
[Debug]   lower_expr: idx=3901, kind=30
[Debug]   lower_expr: idx=3899, kind=30
[Debug]   lower_expr: idx=3898, kind=42
[Debug] lower_stmt: idx=3906, kind=14
[Debug]   lower_expr: idx=3908, kind=26
[Debug]   lower_expr: idx=3907, kind=42
[Debug]   lower_expr: idx=3910, kind=31
[Debug]   lower_expr: idx=3909, kind=36
[Debug] lower_stmt: idx=3912, kind=15
[Debug]   lower_expr: idx=3914, kind=31
[Debug]   lower_expr: idx=3913, kind=36
[Debug] lower_func: block lowered, ensuring return
[Debug] lower_func: building func
[Debug] lower_func: fn built, allocating fn_ptr
[Debug] lower_func: freeing fl
[Debug] lower_func: returning fn_ptr
[Debug] build_module: lower_func returned
[Debug] build_module: pushing fn_built
[Debug] build_module: pushing done, freeing fn_ptr
[Debug] build_module: freeing done
[Debug] build_module: getting next sibling
[Debug] build_module: next child is 3916
[Debug] AIR Builder: lowering top-level func fn (nodeIdx=3916)
[Debug] lower_stmt: idx=3924, kind=20
[Debug]   lower_expr: idx=3928, kind=26
[Debug]   lower_expr: idx=3926, kind=30
[Debug]   lower_expr: idx=3925, kind=42
[Debug]   lower_expr: idx=3930, kind=31
[Debug]   lower_expr: idx=3929, kind=36
[Debug] lower_stmt: idx=3933, kind=13
[Debug]   lower_expr: idx=3939, kind=28
[Debug]   lower_expr: idx=3937, kind=30
[Debug]   lower_expr: idx=3935, kind=30
[Debug]   lower_expr: idx=3934, kind=42
[Debug] lower_stmt: idx=3940, kind=16
[Debug]   lower_expr: idx=3942, kind=26
[Debug]   lower_expr: idx=3941, kind=42
[Debug]   lower_expr: idx=3944, kind=31
[Debug]   lower_expr: idx=3943, kind=36
[Debug] lower_stmt: idx=3947, kind=13
[Debug]   lower_expr: idx=3949, kind=31
[Debug]   lower_expr: idx=3948, kind=36
[Debug] lower_stmt: idx=3951, kind=13
[Debug]   lower_expr: idx=3953, kind=31
[Debug]   lower_expr: idx=3952, kind=36
[Debug] lower_stmt: idx=3955, kind=20
[Debug]   lower_expr: idx=3961, kind=26
[Debug]   lower_expr: idx=3957, kind=26
[Debug]   lower_expr: idx=3956, kind=42
[Debug]   lower_expr: idx=3959, kind=30
[Debug]   lower_expr: idx=3958, kind=42
[Debug]   lower_expr: idx=3963, kind=26
[Debug]   lower_expr: idx=3962, kind=42
[Debug]   lower_expr: idx=3965, kind=31
[Debug]   lower_expr: idx=3964, kind=36
[Debug] lower_stmt: idx=3968, kind=16
[Debug]   lower_expr: idx=3970, kind=26
[Debug]   lower_expr: idx=3969, kind=42
[Debug]   lower_expr: idx=3972, kind=30
[Debug]   lower_expr: idx=3971, kind=42
[Debug] lower_stmt: idx=3978, kind=14
[Debug]   lower_expr: idx=3975, kind=42
[Debug]   lower_expr: idx=3982, kind=26
[Debug]   lower_expr: idx=3980, kind=30
[Debug]   lower_expr: idx=3979, kind=42
[Debug]   lower_expr: idx=3984, kind=31
[Debug]   lower_expr: idx=3983, kind=36
[Debug] lower_stmt: idx=3986, kind=13
[Debug]   lower_expr: idx=3998, kind=28
[Debug]   lower_expr: idx=3996, kind=30
[Debug]   lower_expr: idx=3994, kind=30
[Debug]   lower_expr: idx=3990, kind=29
[Debug]   lower_expr: idx=3988, kind=30
[Debug]   lower_expr: idx=3987, kind=42
[Debug]   lower_expr: idx=3992, kind=31
[Debug]   lower_expr: idx=3991, kind=42
[Debug] lower_stmt: idx=3999, kind=16
[Debug]   lower_expr: idx=4001, kind=26
[Debug]   lower_expr: idx=4000, kind=42
[Debug]   lower_expr: idx=4003, kind=31
[Debug]   lower_expr: idx=4002, kind=36
[Debug] lower_stmt: idx=4007, kind=14
[Debug]   lower_expr: idx=4008, kind=42
[Debug] lower_stmt: idx=4012, kind=14
[Debug]   lower_expr: idx=4009, kind=42
[Debug]   lower_expr: idx=4016, kind=26
[Debug]   lower_expr: idx=4014, kind=30
[Debug]   lower_expr: idx=4013, kind=42
[Debug]   lower_expr: idx=4018, kind=31
[Debug]   lower_expr: idx=4017, kind=36
[Debug] lower_stmt: idx=4021, kind=14
[Debug]   lower_expr: idx=4023, kind=31
[Debug]   lower_expr: idx=4022, kind=36
[Debug] lower_stmt: idx=4026, kind=14
[Debug]   lower_expr: idx=4028, kind=26
[Debug]   lower_expr: idx=4027, kind=42
[Debug]   lower_expr: idx=4030, kind=31
[Debug]   lower_expr: idx=4029, kind=36
[Debug] lower_stmt: idx=4032, kind=16
[Debug]   lower_expr: idx=4034, kind=26
[Debug]   lower_expr: idx=4033, kind=42
[Debug]   lower_expr: idx=4036, kind=31
[Debug]   lower_expr: idx=4035, kind=36
[Debug] lower_stmt: idx=4039, kind=15
[Debug] lower_stmt: idx=4040, kind=13
[Debug]   lower_expr: idx=4042, kind=28
[Debug]   lower_expr: idx=4043, kind=42
[Debug]   lower_expr: idx=4041, kind=42
[Debug] lower_stmt: idx=4044, kind=16
[Debug]   lower_expr: idx=4046, kind=26
[Debug]   lower_expr: idx=4045, kind=42
[Debug]   lower_expr: idx=4048, kind=31
[Debug]   lower_expr: idx=4047, kind=42
[Debug] lower_stmt: idx=4053, kind=20
[Debug]   lower_expr: idx=4057, kind=26
[Debug]   lower_expr: idx=4055, kind=28
[Debug]   lower_expr: idx=4056, kind=42
[Debug]   lower_expr: idx=4054, kind=42
[Debug]   lower_expr: idx=4059, kind=31
[Debug]   lower_expr: idx=4058, kind=36
[Debug] lower_stmt: idx=4065, kind=14
[Debug]   lower_expr: idx=4062, kind=42
[Debug]   lower_expr: idx=4069, kind=26
[Debug]   lower_expr: idx=4067, kind=30
[Debug]   lower_expr: idx=4066, kind=42
[Debug]   lower_expr: idx=4071, kind=31
[Debug]   lower_expr: idx=4070, kind=36
[Debug] lower_stmt: idx=4073, kind=16
[Debug]   lower_expr: idx=4081, kind=26
[Debug]   lower_expr: idx=4077, kind=26
[Debug]   lower_expr: idx=4075, kind=28
[Debug]   lower_expr: idx=4076, kind=42
[Debug]   lower_expr: idx=4074, kind=42
[Debug]   lower_expr: idx=4079, kind=31
[Debug]   lower_expr: idx=4078, kind=36
[Debug]   lower_expr: idx=4085, kind=26
[Debug]   lower_expr: idx=4083, kind=28
[Debug]   lower_expr: idx=4084, kind=42
[Debug]   lower_expr: idx=4082, kind=42
[Debug]   lower_expr: idx=4087, kind=31
[Debug]   lower_expr: idx=4086, kind=36
[Debug] lower_stmt: idx=4095, kind=28
[Debug]   lower_expr: idx=4095, kind=28
[Debug]   lower_expr: idx=4096, kind=42
[Debug]   lower_expr: idx=4093, kind=30
[Debug]   lower_expr: idx=4091, kind=30
[Debug]   lower_expr: idx=4090, kind=42
[Debug] lower_func: block lowered, ensuring return
[Debug] lower_func: building func
[Debug] lower_func: fn built, allocating fn_ptr
[Debug] lower_func: freeing fl
[Debug] lower_func: returning fn_ptr
[Debug] build_module: lower_func returned
[Debug] build_module: pushing fn_built
[Debug] build_module: pushing done, freeing fn_ptr
[Debug] build_module: freeing done
[Debug] build_module: getting next sibling
[Debug] build_module: next child is 4097
[Debug] AIR Builder: lowering top-level func fn (nodeIdx=4097)
[Debug] lower_stmt: idx=4104, kind=14
[Debug]   lower_expr: idx=4101, kind=42
[Debug]   lower_expr: idx=4106, kind=31
[Debug]   lower_expr: idx=4105, kind=36
[Debug] lower_stmt: idx=4108, kind=13
[Debug]   lower_expr: idx=4110, kind=31
[Debug]   lower_expr: idx=4109, kind=36
[Debug] lower_stmt: idx=4112, kind=20
[Debug]   lower_expr: idx=4114, kind=26
[Debug]   lower_expr: idx=4113, kind=42
[Debug]   lower_expr: idx=4116, kind=30
[Debug]   lower_expr: idx=4115, kind=42
[Debug] lower_stmt: idx=4128, kind=14
[Debug]   lower_expr: idx=4122, kind=29
[Debug]   lower_expr: idx=4120, kind=30
[Debug]   lower_expr: idx=4119, kind=42
[Debug]   lower_expr: idx=4124, kind=31
[Debug]   lower_expr: idx=4123, kind=42
[Debug]   lower_expr: idx=4130, kind=31
[Debug]   lower_expr: idx=4129, kind=36
[Debug] lower_stmt: idx=4133, kind=14
[Debug]   lower_expr: idx=4135, kind=26
[Debug]   lower_expr: idx=4134, kind=42
[Debug]   lower_expr: idx=4137, kind=31
[Debug]   lower_expr: idx=4136, kind=36
[Debug] lower_func: block lowered, ensuring return
[Debug] lower_func: building func
[Debug] lower_func: fn built, allocating fn_ptr
[Debug] lower_func: freeing fl
[Debug] lower_func: returning fn_ptr
[Debug] build_module: lower_func returned
[Debug] build_module: pushing fn_built
[Debug] build_module: pushing done, freeing fn_ptr
[Debug] build_module: freeing done
[Debug] build_module: getting next sibling
[Debug] build_module: next child is 4139
[Debug] AIR Builder: lowering top-level func fn (nodeIdx=4139)
[Debug] lower_stmt: idx=4147, kind=16
[Debug]   lower_expr: idx=4149, kind=26
[Debug]   lower_expr: idx=4148, kind=42
[Debug]   lower_expr: idx=4151, kind=31
[Debug]   lower_expr: idx=4150, kind=42
[Debug] lower_stmt: idx=4156, kind=15
[Debug] lower_stmt: idx=4160, kind=14
[Debug]   lower_expr: idx=4157, kind=42
[Debug]   lower_expr: idx=4162, kind=30
[Debug]   lower_expr: idx=4161, kind=42
[Debug] lower_stmt: idx=4167, kind=14
[Debug]   lower_expr: idx=4164, kind=42
[Debug]   lower_expr: idx=4169, kind=30
[Debug]   lower_expr: idx=4168, kind=42
[Debug] lower_stmt: idx=4174, kind=14
[Debug]   lower_expr: idx=4171, kind=42
[Debug]   lower_expr: idx=4176, kind=31
[Debug]   lower_expr: idx=4175, kind=36
[Debug] lower_stmt: idx=4181, kind=14
[Debug]   lower_expr: idx=4178, kind=42
[Debug]   lower_expr: idx=4183, kind=31
[Debug]   lower_expr: idx=4182, kind=36
[Debug] lower_stmt: idx=4185, kind=13
[Debug]   lower_expr: idx=4187, kind=31
[Debug]   lower_expr: idx=4186, kind=36
[Debug] lower_stmt: idx=4189, kind=20
[Debug]   lower_expr: idx=4191, kind=26
[Debug]   lower_expr: idx=4190, kind=42
[Debug]   lower_expr: idx=4193, kind=30
[Debug]   lower_expr: idx=4192, kind=42
[Debug] lower_stmt: idx=4199, kind=14
[Debug]   lower_expr: idx=4196, kind=42
[Debug]   lower_expr: idx=4203, kind=26
[Debug]   lower_expr: idx=4201, kind=30
[Debug]   lower_expr: idx=4200, kind=42
[Debug]   lower_expr: idx=4211, kind=30
[Debug]   lower_expr: idx=4207, kind=29
[Debug]   lower_expr: idx=4205, kind=30
[Debug]   lower_expr: idx=4204, kind=42
[Debug]   lower_expr: idx=4209, kind=31
[Debug]   lower_expr: idx=4208, kind=42
[Debug] lower_stmt: idx=4216, kind=14
[Debug]   lower_expr: idx=4213, kind=42
[Debug]   lower_expr: idx=4220, kind=26
[Debug]   lower_expr: idx=4218, kind=30
[Debug]   lower_expr: idx=4217, kind=42
[Debug]   lower_expr: idx=4228, kind=30
[Debug]   lower_expr: idx=4224, kind=29
[Debug]   lower_expr: idx=4222, kind=30
[Debug]   lower_expr: idx=4221, kind=42
[Debug]   lower_expr: idx=4226, kind=31
[Debug]   lower_expr: idx=4225, kind=42
[Debug] lower_stmt: idx=4231, kind=14
[Debug]   lower_expr: idx=4233, kind=26
[Debug]   lower_expr: idx=4232, kind=42
[Debug]   lower_expr: idx=4235, kind=31
[Debug]   lower_expr: idx=4234, kind=36
[Debug] lower_func: block lowered, ensuring return
[Debug] lower_func: building func
[Debug] lower_func: fn built, allocating fn_ptr
[Debug] lower_func: freeing fl
[Debug] lower_func: returning fn_ptr
[Debug] build_module: lower_func returned
[Debug] build_module: pushing fn_built
[Debug] build_module: pushing done, freeing fn_ptr
[Debug] build_module: freeing done
[Debug] build_module: getting next sibling
[Debug] build_module: next child is 4237
[Debug] build_module: getting next sibling
[Debug] build_module: next child is 4238
[Debug] AIR Builder: lowering top-level func fn (nodeIdx=4238)
[Debug] build_module: lower_func returned
[Debug] build_module: getting next sibling
[Debug] build_module: next child is 4244
[Debug] AIR Builder: lowering top-level func fn (nodeIdx=4244)
[Debug] build_module: lower_func returned
[Debug] build_module: getting next sibling
[Debug] build_module: next child is 4264
[Debug] AIR Builder: lowering top-level func fn (nodeIdx=4264)
[Debug] build_module: lower_func returned
[Debug] build_module: getting next sibling
[Debug] build_module: next child is 4267
[Debug] AIR Builder: lowering top-level func fn (nodeIdx=4267)
[Debug] build_module: lower_func returned
[Debug] build_module: getting next sibling
[Debug] build_module: next child is 4283
[Debug] AIR Builder: lowering top-level func fn (nodeIdx=4283)
[Debug] lower_stmt: idx=4287, kind=16
[Debug]   lower_expr: idx=4289, kind=28
[Debug]   lower_expr: idx=4290, kind=38
[Debug]   lower_expr: idx=4288, kind=42
[Debug] lower_stmt: idx=4292, kind=13
[Debug]   lower_expr: idx=4294, kind=28
[Debug]   lower_expr: idx=4296, kind=31
[Debug]   lower_expr: idx=4295, kind=36
[Debug]   lower_expr: idx=4293, kind=42
[Debug] lower_stmt: idx=4298, kind=13
[Debug]   lower_expr: idx=4300, kind=31
[Debug]   lower_expr: idx=4299, kind=36
[Debug] lower_stmt: idx=4302, kind=13
[Debug]   lower_expr: idx=4303, kind=38
[Debug] lower_stmt: idx=4305, kind=28
[Debug]   lower_expr: idx=4305, kind=28
[Debug]   lower_expr: idx=4306, kind=42
[Debug]   lower_expr: idx=4308, kind=31
[Debug]   lower_expr: idx=4307, kind=42
[Debug]   lower_expr: idx=4319, kind=31
[Debug]   lower_expr: idx=4317, kind=28
[Debug]   lower_expr: idx=4318, kind=42
[Debug]   lower_expr: idx=4315, kind=30
[Debug]   lower_expr: idx=4313, kind=30
[Debug]   lower_expr: idx=4312, kind=42
[Debug]   lower_expr: idx=4321, kind=27
[Debug]   lower_expr: idx=4322, kind=42
[Debug]   lower_expr: idx=4324, kind=31
[Debug]   lower_expr: idx=4323, kind=42
[Debug]   lower_expr: idx=4304, kind=42
[Debug] lower_stmt: idx=4329, kind=28
[Debug]   lower_expr: idx=4329, kind=28
[Debug]   lower_expr: idx=4330, kind=42
[Debug]   lower_expr: idx=4332, kind=31
[Debug]   lower_expr: idx=4331, kind=42
[Debug]   lower_expr: idx=4343, kind=31
[Debug]   lower_expr: idx=4341, kind=28
[Debug]   lower_expr: idx=4342, kind=42
[Debug]   lower_expr: idx=4339, kind=30
[Debug]   lower_expr: idx=4337, kind=30
[Debug]   lower_expr: idx=4336, kind=42
[Debug]   lower_expr: idx=4345, kind=27
[Debug]   lower_expr: idx=4346, kind=42
[Debug]   lower_expr: idx=4348, kind=31
[Debug]   lower_expr: idx=4347, kind=42
[Debug]   lower_expr: idx=4328, kind=42
[Debug] lower_stmt: idx=4352, kind=13
[Debug]   lower_expr: idx=4353, kind=38
[Debug] lower_stmt: idx=4355, kind=28
[Debug]   lower_expr: idx=4355, kind=28
[Debug]   lower_expr: idx=4356, kind=42
[Debug]   lower_expr: idx=4358, kind=31
[Debug]   lower_expr: idx=4357, kind=42
[Debug]   lower_expr: idx=4369, kind=31
[Debug]   lower_expr: idx=4367, kind=28
[Debug]   lower_expr: idx=4368, kind=42
[Debug]   lower_expr: idx=4365, kind=30
[Debug]   lower_expr: idx=4363, kind=30
[Debug]   lower_expr: idx=4362, kind=42
[Debug]   lower_expr: idx=4371, kind=27
[Debug]   lower_expr: idx=4372, kind=42
[Debug]   lower_expr: idx=4374, kind=31
[Debug]   lower_expr: idx=4373, kind=42
[Debug]   lower_expr: idx=4354, kind=42
[Debug] lower_stmt: idx=4379, kind=28
[Debug]   lower_expr: idx=4379, kind=28
[Debug]   lower_expr: idx=4381, kind=31
[Debug]   lower_expr: idx=4380, kind=36
[Debug]   lower_expr: idx=4378, kind=42
[Debug] lower_stmt: idx=4385, kind=13
[Debug]   lower_expr: idx=4386, kind=38
[Debug] lower_stmt: idx=4388, kind=28
[Debug]   lower_expr: idx=4388, kind=28
[Debug]   lower_expr: idx=4390, kind=31
[Debug]   lower_expr: idx=4389, kind=36
[Debug]   lower_expr: idx=4393, kind=31
[Debug]   lower_expr: idx=4392, kind=36
[Debug]   lower_expr: idx=4400, kind=31
[Debug]   lower_expr: idx=4396, kind=31
[Debug]   lower_expr: idx=4395, kind=42
[Debug]   lower_expr: idx=4409, kind=31
[Debug]   lower_expr: idx=4407, kind=28
[Debug]   lower_expr: idx=4408, kind=42
[Debug]   lower_expr: idx=4405, kind=30
[Debug]   lower_expr: idx=4403, kind=30
[Debug]   lower_expr: idx=4402, kind=42
[Debug]   lower_expr: idx=4412, kind=31
[Debug]   lower_expr: idx=4411, kind=36
[Debug]   lower_expr: idx=4415, kind=31
[Debug]   lower_expr: idx=4414, kind=36
[Debug]   lower_expr: idx=4418, kind=31
[Debug]   lower_expr: idx=4417, kind=36
[Debug]   lower_expr: idx=4387, kind=42
[Debug] lower_stmt: idx=4421, kind=28
[Debug]   lower_expr: idx=4421, kind=28
[Debug]   lower_expr: idx=4423, kind=31
[Debug]   lower_expr: idx=4422, kind=36
[Debug]   lower_expr: idx=4426, kind=31
[Debug]   lower_expr: idx=4425, kind=36
[Debug]   lower_expr: idx=4433, kind=31
[Debug]   lower_expr: idx=4429, kind=31
[Debug]   lower_expr: idx=4428, kind=42
[Debug]   lower_expr: idx=4442, kind=31
[Debug]   lower_expr: idx=4440, kind=28
[Debug]   lower_expr: idx=4441, kind=42
[Debug]   lower_expr: idx=4438, kind=30
[Debug]   lower_expr: idx=4436, kind=30
[Debug]   lower_expr: idx=4435, kind=42
[Debug]   lower_expr: idx=4445, kind=31
[Debug]   lower_expr: idx=4444, kind=36
[Debug]   lower_expr: idx=4448, kind=31
[Debug]   lower_expr: idx=4447, kind=36
[Debug]   lower_expr: idx=4451, kind=31
[Debug]   lower_expr: idx=4450, kind=36
[Debug]   lower_expr: idx=4420, kind=42
[Debug] lower_stmt: idx=4453, kind=13
[Debug]   lower_expr: idx=4454, kind=38
[Debug] lower_stmt: idx=4456, kind=28
[Debug]   lower_expr: idx=4456, kind=28
[Debug]   lower_expr: idx=4458, kind=31
[Debug]   lower_expr: idx=4457, kind=36
[Debug]   lower_expr: idx=4461, kind=31
[Debug]   lower_expr: idx=4460, kind=36
[Debug]   lower_expr: idx=4468, kind=31
[Debug]   lower_expr: idx=4464, kind=31
[Debug]   lower_expr: idx=4463, kind=42
[Debug]   lower_expr: idx=4477, kind=31
[Debug]   lower_expr: idx=4475, kind=28
[Debug]   lower_expr: idx=4476, kind=42
[Debug]   lower_expr: idx=4473, kind=30
[Debug]   lower_expr: idx=4471, kind=30
[Debug]   lower_expr: idx=4470, kind=42
[Debug]   lower_expr: idx=4480, kind=31
[Debug]   lower_expr: idx=4479, kind=36
[Debug]   lower_expr: idx=4483, kind=31
[Debug]   lower_expr: idx=4482, kind=36
[Debug]   lower_expr: idx=4486, kind=31
[Debug]   lower_expr: idx=4485, kind=36
[Debug]   lower_expr: idx=4455, kind=42
[Debug] lower_stmt: idx=4489, kind=28
[Debug]   lower_expr: idx=4489, kind=28
[Debug]   lower_expr: idx=4491, kind=31
[Debug]   lower_expr: idx=4490, kind=36
[Debug]   lower_expr: idx=4494, kind=31
[Debug]   lower_expr: idx=4493, kind=36
[Debug]   lower_expr: idx=4497, kind=31
[Debug]   lower_expr: idx=4496, kind=36
[Debug]   lower_expr: idx=4500, kind=31
[Debug]   lower_expr: idx=4499, kind=36
[Debug]   lower_expr: idx=4503, kind=31
[Debug]   lower_expr: idx=4502, kind=36
[Debug]   lower_expr: idx=4506, kind=31
[Debug]   lower_expr: idx=4505, kind=36
[Debug]   lower_expr: idx=4509, kind=31
[Debug]   lower_expr: idx=4508, kind=36
[Debug]   lower_expr: idx=4488, kind=42
[Debug] lower_func: block lowered, ensuring return
[Debug] lower_func: building func
[Debug] lower_func: fn built, allocating fn_ptr
[Debug] lower_func: freeing fl
[Debug] lower_func: returning fn_ptr
[Debug] build_module: lower_func returned
[Debug] build_module: pushing fn_built
[Debug] build_module: pushing done, freeing fn_ptr
[Debug] build_module: freeing done
[Debug] build_module: getting next sibling
[Debug] build_module: next child is 4511
[Debug] AIR Builder: lowering top-level func fn (nodeIdx=4511)
[Debug] lower_stmt: idx=4517, kind=16
[Debug]   lower_expr: idx=4521, kind=26
[Debug]   lower_expr: idx=4519, kind=26
[Debug]   lower_expr: idx=4518, kind=42
[Debug]   lower_expr: idx=4520, kind=36
[Debug]   lower_expr: idx=4523, kind=26
[Debug]   lower_expr: idx=4522, kind=42
[Debug]   lower_expr: idx=4524, kind=42
[Debug] lower_stmt: idx=4527, kind=28
[Debug]   lower_expr: idx=4527, kind=28
[Debug]   lower_expr: idx=4528, kind=38
[Debug]   lower_expr: idx=4526, kind=42
[Debug] lower_func: block lowered, ensuring return
[Debug] lower_func: building func
[Debug] lower_func: fn built, allocating fn_ptr
[Debug] lower_func: freeing fl
[Debug] lower_func: returning fn_ptr
[Debug] build_module: lower_func returned
[Debug] build_module: pushing fn_built
[Debug] build_module: pushing done, freeing fn_ptr
[Debug] build_module: freeing done
[Debug] build_module: getting next sibling
[Debug] build_module: next child is 4529
[Debug] AIR Builder: lowering top-level func fn (nodeIdx=4529)
[Debug] lower_stmt: idx=4535, kind=16
[Debug]   lower_expr: idx=4536, kind=27
[Debug]   lower_expr: idx=4537, kind=42
[Debug] lower_stmt: idx=4540, kind=28
[Debug]   lower_expr: idx=4540, kind=28
[Debug]   lower_expr: idx=4541, kind=42
[Debug]   lower_expr: idx=4539, kind=42
[Debug] lower_func: block lowered, ensuring return
[Debug] lower_func: building func
[Debug] lower_func: fn built, allocating fn_ptr
[Debug] lower_func: freeing fl
[Debug] lower_func: returning fn_ptr
[Debug] build_module: lower_func returned
[Debug] build_module: pushing fn_built
[Debug] build_module: pushing done, freeing fn_ptr
[Debug] build_module: freeing done
[Debug] build_module: getting next sibling
[Debug] build_module: next child is 4542
[Debug] build_module: getting next sibling
[Debug] build_module: next child is 4551
[Debug] build_module: getting next sibling
[Debug] build_module: next child is 4554
[Debug] AIR Builder: lowering top-level func fn (nodeIdx=4554)
[Debug] lower_stmt: idx=4556, kind=16
[Debug]   lower_expr: idx=4557, kind=42
[Debug] lower_stmt: idx=4559, kind=15
[Debug] lower_stmt: idx=4561, kind=28
[Debug]   lower_expr: idx=4561, kind=28
[Debug]   lower_expr: idx=4560, kind=42
[Debug] lower_stmt: idx=4563, kind=14
[Debug]   lower_expr: idx=4565, kind=28
[Debug]   lower_expr: idx=4567, kind=31
[Debug]   lower_expr: idx=4566, kind=36
[Debug]   lower_expr: idx=4564, kind=42
[Debug] lower_stmt: idx=4570, kind=28
[Debug]   lower_expr: idx=4570, kind=28
[Debug]   lower_expr: idx=4569, kind=42
[Debug] lower_stmt: idx=4572, kind=14
[Debug]   lower_expr: idx=4573, kind=40
[Debug] lower_func: block lowered, ensuring return
[Debug] lower_func: building func
[Debug] lower_func: fn built, allocating fn_ptr
[Debug] lower_func: freeing fl
[Debug] lower_func: returning fn_ptr
[Debug] build_module: lower_func returned
[Debug] build_module: pushing fn_built
[Debug] build_module: pushing done, freeing fn_ptr
[Debug] build_module: freeing done
[Debug] build_module: getting next sibling
[Debug] build_module: next child is 4574
[Debug] AIR Builder: lowering top-level func fn (nodeIdx=4574)
[Debug] lower_stmt: idx=4576, kind=16
[Debug]   lower_expr: idx=4577, kind=27
[Debug]   lower_expr: idx=4578, kind=42
[Debug] lower_stmt: idx=4580, kind=15
[Debug] lower_stmt: idx=4581, kind=16
[Debug]   lower_expr: idx=4582, kind=42
[Debug] lower_stmt: idx=4587, kind=28
[Debug]   lower_expr: idx=4587, kind=28
[Debug]   lower_expr: idx=4585, kind=30
[Debug]   lower_expr: idx=4584, kind=42
[Debug] lower_stmt: idx=4591, kind=28
[Debug]   lower_expr: idx=4591, kind=28
[Debug]   lower_expr: idx=4589, kind=30
[Debug]   lower_expr: idx=4588, kind=42
[Debug] lower_stmt: idx=4592, kind=16
[Debug]   lower_expr: idx=4594, kind=26
[Debug]   lower_expr: idx=4593, kind=42
[Debug]   lower_expr: idx=4596, kind=31
[Debug]   lower_expr: idx=4595, kind=42
[Debug] lower_stmt: idx=4602, kind=28
[Debug]   lower_expr: idx=4602, kind=28
[Debug]   lower_expr: idx=4603, kind=42
[Debug]   lower_expr: idx=4601, kind=42
[Debug] lower_stmt: idx=4605, kind=28
[Debug]   lower_expr: idx=4605, kind=28
[Debug]   lower_expr: idx=4604, kind=42
[Debug] lower_stmt: idx=4607, kind=14
[Debug]   lower_expr: idx=4608, kind=40
[Debug] lower_func: block lowered, ensuring return
[Debug] lower_func: building func
[Debug] lower_func: fn built, allocating fn_ptr
[Debug] lower_func: freeing fl
[Debug] lower_func: returning fn_ptr
[Debug] build_module: lower_func returned
[Debug] build_module: pushing fn_built
[Debug] build_module: pushing done, freeing fn_ptr
[Debug] build_module: freeing done
[Debug] build_module: getting next sibling
[Debug] build_module: next child is 4609
[Debug] AIR Builder: lowering top-level func fn (nodeIdx=4609)
[Debug] lower_stmt: idx=4616, kind=16
[Debug]   lower_expr: idx=4617, kind=27
[Debug]   lower_expr: idx=4618, kind=42
[Debug] lower_stmt: idx=4621, kind=28
[Debug]   lower_expr: idx=4621, kind=28
[Debug]   lower_expr: idx=4620, kind=42
[Debug] lower_stmt: idx=4622, kind=13
[Debug]   lower_expr: idx=4624, kind=28
[Debug]   lower_expr: idx=4625, kind=42
[Debug]   lower_expr: idx=4627, kind=31
[Debug]   lower_expr: idx=4626, kind=42
[Debug]   lower_expr: idx=4623, kind=42
[Debug] lower_stmt: idx=4629, kind=16
[Debug]   lower_expr: idx=4631, kind=26
[Debug]   lower_expr: idx=4630, kind=42
[Debug]   lower_expr: idx=4633, kind=31
[Debug]   lower_expr: idx=4632, kind=42
[Debug] lower_stmt: idx=4639, kind=28
[Debug]   lower_expr: idx=4639, kind=28
[Debug]   lower_expr: idx=4640, kind=38
[Debug]   lower_expr: idx=4638, kind=42
[Debug] lower_stmt: idx=4641, kind=15
[Debug]   lower_expr: idx=4643, kind=31
[Debug]   lower_expr: idx=4642, kind=42
[Debug] lower_func: block lowered, ensuring return
[Debug] lower_func: building func
[Debug] lower_func: fn built, allocating fn_ptr
[Debug] lower_func: freeing fl
[Debug] lower_func: returning fn_ptr
[Debug] build_module: lower_func returned
[Debug] build_module: pushing fn_built
[Debug] build_module: pushing done, freeing fn_ptr
[Debug] build_module: freeing done
[Debug] build_module: getting next sibling
[Debug] build_module: next child is 4647
[Debug] AIR Builder: lowering top-level func fn (nodeIdx=4647)
[Debug] lower_stmt: idx=4653, kind=16
[Debug]   lower_expr: idx=4655, kind=26
[Debug]   lower_expr: idx=4654, kind=42
[Debug]   lower_expr: idx=4657, kind=31
[Debug]   lower_expr: idx=4656, kind=42
[Debug] lower_stmt: idx=4662, kind=15
[Debug] lower_stmt: idx=4663, kind=16
[Debug]   lower_expr: idx=4665, kind=26
[Debug]   lower_expr: idx=4664, kind=42
[Debug]   lower_expr: idx=4667, kind=26
[Debug]   lower_expr: idx=4666, kind=42
[Debug]   lower_expr: idx=4669, kind=31
[Debug]   lower_expr: idx=4668, kind=42
[Debug] lower_stmt: idx=4675, kind=28
[Debug]   lower_expr: idx=4675, kind=28
[Debug]   lower_expr: idx=4676, kind=42
[Debug]   lower_expr: idx=4678, kind=31
[Debug]   lower_expr: idx=4677, kind=42
[Debug]   lower_expr: idx=4674, kind=42
[Debug] lower_func: block lowered, ensuring return
[Debug] lower_func: building func
[Debug] lower_func: fn built, allocating fn_ptr
[Debug] lower_func: freeing fl
[Debug] lower_func: returning fn_ptr
[Debug] build_module: lower_func returned
[Debug] build_module: pushing fn_built
[Debug] build_module: pushing done, freeing fn_ptr
[Debug] build_module: freeing done
[Debug] build_module: getting next sibling
[Debug] build_module: next child is 4682
[Debug] AIR Builder: lowering top-level func fn (nodeIdx=4682)
[Debug] lower_stmt: idx=4688, kind=15
[Debug] lower_func: block lowered, ensuring return
[Debug] lower_func: building func
[Debug] lower_func: fn built, allocating fn_ptr
[Debug] lower_func: freeing fl
[Debug] lower_func: returning fn_ptr
[Debug] build_module: lower_func returned
[Debug] build_module: pushing fn_built
[Debug] build_module: pushing done, freeing fn_ptr
[Debug] build_module: freeing done
[Debug] build_module: getting next sibling
[Debug] build_module: next child is 4689
[Debug] AIR Builder: lowering top-level func fn (nodeIdx=4689)
[Debug] build_module: lower_func returned
[Debug] build_module: getting next sibling
[Debug] build_module: next child is 4695
[Debug] AIR Builder: lowering top-level func fn (nodeIdx=4695)
[Debug] build_module: lower_func returned
[Debug] build_module: getting next sibling
[Debug] build_module: next child is 4700
[Debug] AIR Builder: lowering top-level func fn (nodeIdx=4700)
[Debug] build_module: lower_func returned
[Debug] build_module: getting next sibling
[Debug] build_module: next child is 4704
[Debug] AIR Builder: lowering struct struct
[Debug] build_module: getting next sibling
[Debug] build_module: next child is 4707
[Debug] AIR Builder: lowering top-level func fn (nodeIdx=4707)
[Debug] lower_stmt: idx=4710, kind=13
[Debug]   lower_expr: idx=4716, kind=31
[Debug]   lower_expr: idx=4712, kind=28
[Debug]   lower_expr: idx=4714, kind=31
[Debug]   lower_expr: idx=4713, kind=36
[Debug]   lower_expr: idx=4711, kind=42
[Debug] lower_stmt: idx=4720, kind=16
[Debug]   lower_expr: idx=4722, kind=26
[Debug]   lower_expr: idx=4721, kind=42
[Debug]   lower_expr: idx=4724, kind=31
[Debug]   lower_expr: idx=4723, kind=42
[Debug] lower_stmt: idx=4729, kind=15
[Debug]   lower_expr: idx=4730, kind=36
[Debug] lower_stmt: idx=4734, kind=14
[Debug]   lower_expr: idx=4731, kind=42
[Debug]   lower_expr: idx=4735, kind=36
[Debug] lower_stmt: idx=4736, kind=13
[Debug]   lower_expr: idx=4748, kind=32
[Debug]   lower_expr: idx=4744, kind=31
[Debug]   lower_expr: idx=4740, kind=26
[Debug]   lower_expr: idx=4738, kind=31
[Debug]   lower_expr: idx=4737, kind=42
[Debug]   lower_expr: idx=4742, kind=31
[Debug]   lower_expr: idx=4741, kind=36
[Debug] lower_stmt: idx=4749, kind=13
[Debug]   lower_expr: idx=4757, kind=26
[Debug]   lower_expr: idx=4753, kind=26
[Debug]   lower_expr: idx=4751, kind=31
[Debug]   lower_expr: idx=4750, kind=42
[Debug]   lower_expr: idx=4755, kind=31
[Debug]   lower_expr: idx=4754, kind=36
[Debug]   lower_expr: idx=4761, kind=26
[Debug]   lower_expr: idx=4759, kind=31
[Debug]   lower_expr: idx=4758, kind=42
[Debug]   lower_expr: idx=4763, kind=31
[Debug]   lower_expr: idx=4762, kind=36
[Debug] lower_stmt: idx=4765, kind=13
[Debug]   lower_expr: idx=4767, kind=31
[Debug]   lower_expr: idx=4766, kind=42
[Debug] lower_stmt: idx=4771, kind=13
[Debug]   lower_expr: idx=4773, kind=32
[Debug]   lower_expr: idx=4772, kind=42
[Debug] lower_stmt: idx=4774, kind=16
[Debug]   lower_expr: idx=4778, kind=26
[Debug]   lower_expr: idx=4776, kind=30
[Debug]   lower_expr: idx=4775, kind=42
[Debug]   lower_expr: idx=4779, kind=36
[Debug] lower_stmt: idx=4781, kind=15
[Debug]   lower_expr: idx=4782, kind=36
[Debug] lower_stmt: idx=4784, kind=28
[Debug]   lower_expr: idx=4784, kind=28
[Debug]   lower_expr: idx=4785, kind=36
[Debug]   lower_expr: idx=4783, kind=42
[Debug] lower_stmt: idx=4787, kind=28
[Debug]   lower_expr: idx=4787, kind=28
[Debug]   lower_expr: idx=4788, kind=36
[Debug]   lower_expr: idx=4786, kind=42
[Debug] lower_stmt: idx=4790, kind=28
[Debug]   lower_expr: idx=4790, kind=28
[Debug]   lower_expr: idx=4791, kind=36
[Debug]   lower_expr: idx=4789, kind=42
[Debug] lower_stmt: idx=4793, kind=28
[Debug]   lower_expr: idx=4793, kind=28
[Debug]   lower_expr: idx=4795, kind=31
[Debug]   lower_expr: idx=4794, kind=42
[Debug]   lower_expr: idx=4792, kind=42
[Debug] lower_stmt: idx=4799, kind=13
[Debug]   lower_expr: idx=4801, kind=32
[Debug]   lower_expr: idx=4800, kind=42
[Debug] lower_stmt: idx=4802, kind=16
[Debug]   lower_expr: idx=4806, kind=26
[Debug]   lower_expr: idx=4804, kind=30
[Debug]   lower_expr: idx=4803, kind=42
[Debug]   lower_expr: idx=4807, kind=36
[Debug] lower_stmt: idx=4809, kind=15
[Debug]   lower_expr: idx=4810, kind=36
[Debug] lower_stmt: idx=4811, kind=15
[Debug]   lower_expr: idx=4812, kind=36
[Debug] lower_func: block lowered, ensuring return
[Debug] lower_func: building func
[Debug] lower_func: fn built, allocating fn_ptr
[Debug] lower_func: freeing fl
[Debug] lower_func: returning fn_ptr
[Debug] build_module: lower_func returned
[Debug] build_module: pushing fn_built
[Debug] build_module: pushing done, freeing fn_ptr
[Debug] build_module: freeing done
[Debug] build_module: getting next sibling
[Debug] build_module: next child is 0
[Debug] main_air: build_module returned
[Debug] main_air: is_dump_air=0, is_build=1, optimize=0, self_link=1
[Debug] Stage 2: Finished building AIR module.
[Debug] Stage 3: Starting native code generation...
[Debug] compile_native_binary: compiling function ax_size_class_size
[Debug]   running select_all
[Debug]     select_all: starting actual_max_vreg loop
[Debug]     select_all: starting actual_max_label loop
[Debug]     select_all: creating InstructionSelector
[Debug]     select_all: getting fn_name
[Debug]     select_all: bi loop starting
[Debug]       bi loop: bi=0, blocks.len=31
[Debug]       bi loop: bb accessed, pushing MACH_LABEL for bb.id=0
[Debug]       bi loop: block_instrs.len=63, data=000001E98AD69830, start=0, len=4
[Debug]     select_inst: inst_idx=0, opcode=262
[Debug]     select_inst: inst_idx=1, opcode=513
[Debug]     select_inst: inst_idx=2, opcode=524
[Debug]     select_inst: inst_idx=3, opcode=770
[Debug]       bi loop: bi=1, blocks.len=31
[Debug]       bi loop: bb accessed, pushing MACH_LABEL for bb.id=1
[Debug]       bi loop: block_instrs.len=63, data=000001E98AD69830, start=4, len=2
[Debug]     select_inst: inst_idx=4, opcode=513
[Debug]     select_inst: inst_idx=5, opcode=772
[Debug]       bi loop: bi=2, blocks.len=31
[Debug]       bi loop: bb accessed, pushing MACH_LABEL for bb.id=2
[Debug]       bi loop: block_instrs.len=63, data=000001E98AD69830, start=6, len=1
[Debug]     select_inst: inst_idx=6, opcode=769
[Debug]       bi loop: bi=3, blocks.len=31
[Debug]       bi loop: bb accessed, pushing MACH_LABEL for bb.id=3
[Debug]       bi loop: block_instrs.len=63, data=000001E98AD69830, start=7, len=3
[Debug]     select_inst: inst_idx=7, opcode=513
[Debug]     select_inst: inst_idx=8, opcode=524
[Debug]     select_inst: inst_idx=9, opcode=770
[Debug]       bi loop: bi=4, blocks.len=31
[Debug]       bi loop: bb accessed, pushing MACH_LABEL for bb.id=4
[Debug]       bi loop: block_instrs.len=63, data=000001E98AD69830, start=10, len=2
[Debug]     select_inst: inst_idx=10, opcode=513
[Debug]     select_inst: inst_idx=11, opcode=772
[Debug]       bi loop: bi=5, blocks.len=31
[Debug]       bi loop: bb accessed, pushing MACH_LABEL for bb.id=5
[Debug]       bi loop: block_instrs.len=63, data=000001E98AD69830, start=12, len=1
[Debug]     select_inst: inst_idx=12, opcode=769
[Debug]       bi loop: bi=6, blocks.len=31
[Debug]       bi loop: bb accessed, pushing MACH_LABEL for bb.id=6
[Debug]       bi loop: block_instrs.len=63, data=000001E98AD69830, start=13, len=3
[Debug]     select_inst: inst_idx=13, opcode=513
[Debug]     select_inst: inst_idx=14, opcode=524
[Debug]     select_inst: inst_idx=15, opcode=770
[Debug]       bi loop: bi=7, blocks.len=31
[Debug]       bi loop: bb accessed, pushing MACH_LABEL for bb.id=7
[Debug]       bi loop: block_instrs.len=63, data=000001E98AD69830, start=16, len=2
[Debug]     select_inst: inst_idx=16, opcode=513
[Debug]     select_inst: inst_idx=17, opcode=772
[Debug]       bi loop: bi=8, blocks.len=31
[Debug]       bi loop: bb accessed, pushing MACH_LABEL for bb.id=8
[Debug]       bi loop: block_instrs.len=63, data=000001E98AD69830, start=18, len=1
[Debug]     select_inst: inst_idx=18, opcode=769
[Debug]       bi loop: bi=9, blocks.len=31
[Debug]       bi loop: bb accessed, pushing MACH_LABEL for bb.id=9
[Debug]       bi loop: block_instrs.len=63, data=000001E98AD69830, start=19, len=3
[Debug]     select_inst: inst_idx=19, opcode=513
[Debug]     select_inst: inst_idx=20, opcode=524
[Debug]     select_inst: inst_idx=21, opcode=770
[Debug]       bi loop: bi=10, blocks.len=31
[Debug]       bi loop: bb accessed, pushing MACH_LABEL for bb.id=10
[Debug]       bi loop: block_instrs.len=63, data=000001E98AD69830, start=22, len=2
[Debug]     select_inst: inst_idx=22, opcode=513
[Debug]     select_inst: inst_idx=23, opcode=772
[Debug]       bi loop: bi=11, blocks.len=31
[Debug]       bi loop: bb accessed, pushing MACH_LABEL for bb.id=11
[Debug]       bi loop: block_instrs.len=63, data=000001E98AD69830, start=24, len=1
[Debug]     select_inst: inst_idx=24, opcode=769
[Debug]       bi loop: bi=12, blocks.len=31
[Debug]       bi loop: bb accessed, pushing MACH_LABEL for bb.id=12
[Debug]       bi loop: block_instrs.len=63, data=000001E98AD69830, start=25, len=3
[Debug]     select_inst: inst_idx=25, opcode=513
[Debug]     select_inst: inst_idx=26, opcode=524
[Debug]     select_inst: inst_idx=27, opcode=770
[Debug]       bi loop: bi=13, blocks.len=31
[Debug]       bi loop: bb accessed, pushing MACH_LABEL for bb.id=13
[Debug]       bi loop: block_instrs.len=63, data=000001E98AD69830, start=28, len=2
[Debug]     select_inst: inst_idx=28, opcode=513
[Debug]     select_inst: inst_idx=29, opcode=772
[Debug]       bi loop: bi=14, blocks.len=31
[Debug]       bi loop: bb accessed, pushing MACH_LABEL for bb.id=14
[Debug]       bi loop: block_instrs.len=63, data=000001E98AD69830, start=30, len=1
[Debug]     select_inst: inst_idx=30, opcode=769
[Debug]       bi loop: bi=15, blocks.len=31
[Debug]       bi loop: bb accessed, pushing MACH_LABEL for bb.id=15
[Debug]       bi loop: block_instrs.len=63, data=000001E98AD69830, start=31, len=3
[Debug]     select_inst: inst_idx=31, opcode=513
[Debug]     select_inst: inst_idx=32, opcode=524
[Debug]     select_inst: inst_idx=33, opcode=770
[Debug]       bi loop: bi=16, blocks.len=31
[Debug]       bi loop: bb accessed, pushing MACH_LABEL for bb.id=16
[Debug]       bi loop: block_instrs.len=63, data=000001E98AD69830, start=34, len=2
[Debug]     select_inst: inst_idx=34, opcode=513
[Debug]     select_inst: inst_idx=35, opcode=772
[Debug]       bi loop: bi=17, blocks.len=31
[Debug]       bi loop: bb accessed, pushing MACH_LABEL for bb.id=17
[Debug]       bi loop: block_instrs.len=63, data=000001E98AD69830, start=36, len=1
[Debug]     select_inst: inst_idx=36, opcode=769
[Debug]       bi loop: bi=18, blocks.len=31
[Debug]       bi loop: bb accessed, pushing MACH_LABEL for bb.id=18
[Debug]       bi loop: block_instrs.len=63, data=000001E98AD69830, start=37, len=3
[Debug]     select_inst: inst_idx=37, opcode=513
[Debug]     select_inst: inst_idx=38, opcode=524
[Debug]     select_inst: inst_idx=39, opcode=770
[Debug]       bi loop: bi=19, blocks.len=31
[Debug]       bi loop: bb accessed, pushing MACH_LABEL for bb.id=19
[Debug]       bi loop: block_instrs.len=63, data=000001E98AD69830, start=40, len=2
[Debug]     select_inst: inst_idx=40, opcode=513
[Debug]     select_inst: inst_idx=41, opcode=772
[Debug]       bi loop: bi=20, blocks.len=31
[Debug]       bi loop: bb accessed, pushing MACH_LABEL for bb.id=20
[Debug]       bi loop: block_instrs.len=63, data=000001E98AD69830, start=42, len=1
[Debug]     select_inst: inst_idx=42, opcode=769
[Debug]       bi loop: bi=21, blocks.len=31
[Debug]       bi loop: bb accessed, pushing MACH_LABEL for bb.id=21
[Debug]       bi loop: block_instrs.len=63, data=000001E98AD69830, start=43, len=3
[Debug]     select_inst: inst_idx=43, opcode=513
[Debug]     select_inst: inst_idx=44, opcode=524
[Debug]     select_inst: inst_idx=45, opcode=770
[Debug]       bi loop: bi=22, blocks.len=31
[Debug]       bi loop: bb accessed, pushing MACH_LABEL for bb.id=22
[Debug]       bi loop: block_instrs.len=63, data=000001E98AD69830, start=46, len=2
[Debug]     select_inst: inst_idx=46, opcode=513
[Debug]     select_inst: inst_idx=47, opcode=772
[Debug]       bi loop: bi=23, blocks.len=31
[Debug]       bi loop: bb accessed, pushing MACH_LABEL for bb.id=23
[Debug]       bi loop: block_instrs.len=63, data=000001E98AD69830, start=48, len=1
[Debug]     select_inst: inst_idx=48, opcode=769
[Debug]       bi loop: bi=24, blocks.len=31
[Debug]       bi loop: bb accessed, pushing MACH_LABEL for bb.id=24
[Debug]       bi loop: block_instrs.len=63, data=000001E98AD69830, start=49, len=3
[Debug]     select_inst: inst_idx=49, opcode=513
[Debug]     select_inst: inst_idx=50, opcode=524
[Debug]     select_inst: inst_idx=51, opcode=770
[Debug]       bi loop: bi=25, blocks.len=31
[Debug]       bi loop: bb accessed, pushing MACH_LABEL for bb.id=25
[Debug]       bi loop: block_instrs.len=63, data=000001E98AD69830, start=52, len=2
[Debug]     select_inst: inst_idx=52, opcode=513
[Debug]     select_inst: inst_idx=53, opcode=772
[Debug]       bi loop: bi=26, blocks.len=31
[Debug]       bi loop: bb accessed, pushing MACH_LABEL for bb.id=26
[Debug]       bi loop: block_instrs.len=63, data=000001E98AD69830, start=54, len=1
[Debug]     select_inst: inst_idx=54, opcode=769
[Debug]       bi loop: bi=27, blocks.len=31
[Debug]       bi loop: bb accessed, pushing MACH_LABEL for bb.id=27
[Debug]       bi loop: block_instrs.len=63, data=000001E98AD69830, start=55, len=3
[Debug]     select_inst: inst_idx=55, opcode=513
[Debug]     select_inst: inst_idx=56, opcode=524
[Debug]     select_inst: inst_idx=57, opcode=770
[Debug]       bi loop: bi=28, blocks.len=31
[Debug]       bi loop: bb accessed, pushing MACH_LABEL for bb.id=28
[Debug]       bi loop: block_instrs.len=63, data=000001E98AD69830, start=58, len=2
[Debug]     select_inst: inst_idx=58, opcode=513
[Debug]     select_inst: inst_idx=59, opcode=772
[Debug]       bi loop: bi=29, blocks.len=31
[Debug]       bi loop: bb accessed, pushing MACH_LABEL for bb.id=29
[Debug]       bi loop: block_instrs.len=63, data=000001E98AD69830, start=60, len=1
[Debug]     select_inst: inst_idx=60, opcode=769
[Debug]       bi loop: bi=30, blocks.len=31
[Debug]       bi loop: bb accessed, pushing MACH_LABEL for bb.id=30
[Debug]       bi loop: block_instrs.len=63, data=000001E98AD69830, start=61, len=2
[Debug]     select_inst: inst_idx=61, opcode=513
[Debug]     select_inst: inst_idx=62, opcode=772
[Debug]   running compute_liveness
[Debug]   running graph_coloring_alloc
[Debug]   running insert_spill_code
[Debug]   running emit_function_binary
[Debug]   emit_function_binary done, pushing compiled info
[Debug]   freeing local resources
[Debug]     freeing cs_regs
[Debug]     freeing avail_gprs
[Debug]     freeing alloc_res.allocs
[Debug]     freeing intervals.data
[Debug]     freeing mach_insts.data
[Debug]     freeing final_insts.data
[Debug]     freeing emitter.code.data
[Debug]     freeing emitter.labels.keys
[Debug]     freeing emitter.labels.values
[Debug]     freeing emitter.fixups.data
[Debug]   freeing local resources done
[Debug] compile_native_binary: compiling function ax_size_class_for
[Debug]   running select_all
[Debug]     select_all: starting actual_max_vreg loop
[Debug]     select_all: starting actual_max_label loop
[Debug]     select_all: creating InstructionSelector
[Debug]     select_all: getting fn_name
[Debug]     select_all: bi loop starting
[Debug]       bi loop: bi=0, blocks.len=31
[Debug]       bi loop: bb accessed, pushing MACH_LABEL for bb.id=0
[Debug]       bi loop: block_instrs.len=65, data=000001E98AD312D0, start=0, len=6
[Debug]     select_inst: inst_idx=0, opcode=262
[Debug]     select_inst: inst_idx=1, opcode=513
[Debug]     select_inst: inst_idx=2, opcode=515
[Debug]     select_inst: inst_idx=3, opcode=513
[Debug]     select_inst: inst_idx=4, opcode=527
[Debug]     select_inst: inst_idx=5, opcode=770
[Debug]       bi loop: bi=1, blocks.len=31
[Debug]       bi loop: bb accessed, pushing MACH_LABEL for bb.id=1
[Debug]       bi loop: block_instrs.len=65, data=000001E98AD312D0, start=6, len=2
[Debug]     select_inst: inst_idx=6, opcode=513
[Debug]     select_inst: inst_idx=7, opcode=772
[Debug]       bi loop: bi=2, blocks.len=31
[Debug]       bi loop: bb accessed, pushing MACH_LABEL for bb.id=2
[Debug]       bi loop: block_instrs.len=65, data=000001E98AD312D0, start=8, len=1
[Debug]     select_inst: inst_idx=8, opcode=769
[Debug]       bi loop: bi=3, blocks.len=31
[Debug]       bi loop: bb accessed, pushing MACH_LABEL for bb.id=3
[Debug]       bi loop: block_instrs.len=65, data=000001E98AD312D0, start=9, len=3
[Debug]     select_inst: inst_idx=9, opcode=513
[Debug]     select_inst: inst_idx=10, opcode=527
[Debug]     select_inst: inst_idx=11, opcode=770
[Debug]       bi loop: bi=4, blocks.len=31
[Debug]       bi loop: bb accessed, pushing MACH_LABEL for bb.id=4
[Debug]       bi loop: block_instrs.len=65, data=000001E98AD312D0, start=12, len=2
[Debug]     select_inst: inst_idx=12, opcode=513
[Debug]     select_inst: inst_idx=13, opcode=772
[Debug]       bi loop: bi=5, blocks.len=31
[Debug]       bi loop: bb accessed, pushing MACH_LABEL for bb.id=5
[Debug]       bi loop: block_instrs.len=65, data=000001E98AD312D0, start=14, len=1
[Debug]     select_inst: inst_idx=14, opcode=769
[Debug]       bi loop: bi=6, blocks.len=31
[Debug]       bi loop: bb accessed, pushing MACH_LABEL for bb.id=6
[Debug]       bi loop: block_instrs.len=65, data=000001E98AD312D0, start=15, len=3
[Debug]     select_inst: inst_idx=15, opcode=513
[Debug]     select_inst: inst_idx=16, opcode=527
[Debug]     select_inst: inst_idx=17, opcode=770
[Debug]       bi loop: bi=7, blocks.len=31
[Debug]       bi loop: bb accessed, pushing MACH_LABEL for bb.id=7
[Debug]       bi loop: block_instrs.len=65, data=000001E98AD312D0, start=18, len=2
[Debug]     select_inst: inst_idx=18, opcode=513
[Debug]     select_inst: inst_idx=19, opcode=772
[Debug]       bi loop: bi=8, blocks.len=31
[Debug]       bi loop: bb accessed, pushing MACH_LABEL for bb.id=8
[Debug]       bi loop: block_instrs.len=65, data=000001E98AD312D0, start=20, len=1
[Debug]     select_inst: inst_idx=20, opcode=769
[Debug]       bi loop: bi=9, blocks.len=31
[Debug]       bi loop: bb accessed, pushing MACH_LABEL for bb.id=9
[Debug]       bi loop: block_instrs.len=65, data=000001E98AD312D0, start=21, len=3
[Debug]     select_inst: inst_idx=21, opcode=513
[Debug]     select_inst: inst_idx=22, opcode=527
[Debug]     select_inst: inst_idx=23, opcode=770
[Debug]       bi loop: bi=10, blocks.len=31
[Debug]       bi loop: bb accessed, pushing MACH_LABEL for bb.id=10
[Debug]       bi loop: block_instrs.len=65, data=000001E98AD312D0, start=24, len=2
[Debug]     select_inst: inst_idx=24, opcode=513
[Debug]     select_inst: inst_idx=25, opcode=772
[Debug]       bi loop: bi=11, blocks.len=31
[Debug]       bi loop: bb accessed, pushing MACH_LABEL for bb.id=11
[Debug]       bi loop: block_instrs.len=65, data=000001E98AD312D0, start=26, len=1
[Debug]     select_inst: inst_idx=26, opcode=769
[Debug]       bi loop: bi=12, blocks.len=31
[Debug]       bi loop: bb accessed, pushing MACH_LABEL for bb.id=12
[Debug]       bi loop: block_instrs.len=65, data=000001E98AD312D0, start=27, len=3
[Debug]     select_inst: inst_idx=27, opcode=513
[Debug]     select_inst: inst_idx=28, opcode=527
[Debug]     select_inst: inst_idx=29, opcode=770
[Debug]       bi loop: bi=13, blocks.len=31
[Debug]       bi loop: bb accessed, pushing MACH_LABEL for bb.id=13
[Debug]       bi loop: block_instrs.len=65, data=000001E98AD312D0, start=30, len=2
[Debug]     select_inst: inst_idx=30, opcode=513
[Debug]     select_inst: inst_idx=31, opcode=772
[Debug]       bi loop: bi=14, blocks.len=31
[Debug]       bi loop: bb accessed, pushing MACH_LABEL for bb.id=14
[Debug]       bi loop: block_instrs.len=65, data=000001E98AD312D0, start=32, len=1
[Debug]     select_inst: inst_idx=32, opcode=769
[Debug]       bi loop: bi=15, blocks.len=31
[Debug]       bi loop: bb accessed, pushing MACH_LABEL for bb.id=15
[Debug]       bi loop: block_instrs.len=65, data=000001E98AD312D0, start=33, len=3
[Debug]     select_inst: inst_idx=33, opcode=513
[Debug]     select_inst: inst_idx=34, opcode=527
[Debug]     select_inst: inst_idx=35, opcode=770
[Debug]       bi loop: bi=16, blocks.len=31
[Debug]       bi loop: bb accessed, pushing MACH_LABEL for bb.id=16
[Debug]       bi loop: block_instrs.len=65, data=000001E98AD312D0, start=36, len=2
[Debug]     select_inst: inst_idx=36, opcode=513
[Debug]     select_inst: inst_idx=37, opcode=772
[Debug]       bi loop: bi=17, blocks.len=31
[Debug]       bi loop: bb accessed, pushing MACH_LABEL for bb.id=17
[Debug]       bi loop: block_instrs.len=65, data=000001E98AD312D0, start=38, len=1
[Debug]     select_inst: inst_idx=38, opcode=769
[Debug]       bi loop: bi=18, blocks.len=31
[Debug]       bi loop: bb accessed, pushing MACH_LABEL for bb.id=18
[Debug]       bi loop: block_instrs.len=65, data=000001E98AD312D0, start=39, len=3
[Debug]     select_inst: inst_idx=39, opcode=513
[Debug]     select_inst: inst_idx=40, opcode=527
[Debug]     select_inst: inst_idx=41, opcode=770
[Debug]       bi loop: bi=19, blocks.len=31
[Debug]       bi loop: bb accessed, pushing MACH_LABEL for bb.id=19
[Debug]       bi loop: block_instrs.len=65, data=000001E98AD312D0, start=42, len=2
[Debug]     select_inst: inst_idx=42, opcode=513
[Debug]     select_inst: inst_idx=43, opcode=772
[Debug]       bi loop: bi=20, blocks.len=31
[Debug]       bi loop: bb accessed, pushing MACH_LABEL for bb.id=20
[Debug]       bi loop: block_instrs.len=65, data=000001E98AD312D0, start=44, len=1
[Debug]     select_inst: inst_idx=44, opcode=769
[Debug]       bi loop: bi=21, blocks.len=31
[Debug]       bi loop: bb accessed, pushing MACH_LABEL for bb.id=21
[Debug]       bi loop: block_instrs.len=65, data=000001E98AD312D0, start=45, len=3
[Debug]     select_inst: inst_idx=45, opcode=513
[Debug]     select_inst: inst_idx=46, opcode=527
[Debug]     select_inst: inst_idx=47, opcode=770
[Debug]       bi loop: bi=22, blocks.len=31
[Debug]       bi loop: bb accessed, pushing MACH_LABEL for bb.id=22
[Debug]       bi loop: block_instrs.len=65, data=000001E98AD312D0, start=48, len=2
[Debug]     select_inst: inst_idx=48, opcode=513
[Debug]     select_inst: inst_idx=49, opcode=772
[Debug]       bi loop: bi=23, blocks.len=31
[Debug]       bi loop: bb accessed, pushing MACH_LABEL for bb.id=23
[Debug]       bi loop: block_instrs.len=65, data=000001E98AD312D0, start=50, len=1
[Debug]     select_inst: inst_idx=50, opcode=769
[Debug]       bi loop: bi=24, blocks.len=31
[Debug]       bi loop: bb accessed, pushing MACH_LABEL for bb.id=24
[Debug]       bi loop: block_instrs.len=65, data=000001E98AD312D0, start=51, len=3
[Debug]     select_inst: inst_idx=51, opcode=513
[Debug]     select_inst: inst_idx=52, opcode=527
[Debug]     select_inst: inst_idx=53, opcode=770
[Debug]       bi loop: bi=25, blocks.len=31
[Debug]       bi loop: bb accessed, pushing MACH_LABEL for bb.id=25
[Debug]       bi loop: block_instrs.len=65, data=000001E98AD312D0, start=54, len=2
[Debug]     select_inst: inst_idx=54, opcode=513
[Debug]     select_inst: inst_idx=55, opcode=772
[Debug]       bi loop: bi=26, blocks.len=31
[Debug]       bi loop: bb accessed, pushing MACH_LABEL for bb.id=26
[Debug]       bi loop: block_instrs.len=65, data=000001E98AD312D0, start=56, len=1
[Debug]     select_inst: inst_idx=56, opcode=769
[Debug]       bi loop: bi=27, blocks.len=31
[Debug]       bi loop: bb accessed, pushing MACH_LABEL for bb.id=27
[Debug]       bi loop: block_instrs.len=65, data=000001E98AD312D0, start=57, len=3
[Debug]     select_inst: inst_idx=57, opcode=513
[Debug]     select_inst: inst_idx=58, opcode=527
[Debug]     select_inst: inst_idx=59, opcode=770
[Debug]       bi loop: bi=28, blocks.len=31
[Debug]       bi loop: bb accessed, pushing MACH_LABEL for bb.id=28
[Debug]       bi loop: block_instrs.len=65, data=000001E98AD312D0, start=60, len=2
[Debug]     select_inst: inst_idx=60, opcode=513
[Debug]     select_inst: inst_idx=61, opcode=772
[Debug]       bi loop: bi=29, blocks.len=31
[Debug]       bi loop: bb accessed, pushing MACH_LABEL for bb.id=29
[Debug]       bi loop: block_instrs.len=65, data=000001E98AD312D0, start=62, len=1
[Debug]     select_inst: inst_idx=62, opcode=769
[Debug]       bi loop: bi=30, blocks.len=31
[Debug]       bi loop: bb accessed, pushing MACH_LABEL for bb.id=30
[Debug]       bi loop: block_instrs.len=65, data=000001E98AD312D0, start=63, len=2
[Debug]     select_inst: inst_idx=63, opcode=513
[Debug]     select_inst: inst_idx=64, opcode=772
[Debug]   running compute_liveness
[Debug]   running graph_coloring_alloc
[Debug]   running insert_spill_code
[Debug]   running emit_function_binary
[Debug]   emit_function_binary done, pushing compiled info
[Debug]   freeing local resources
[Debug]     freeing cs_regs
[Debug]     freeing avail_gprs
[Debug]     freeing alloc_res.allocs
[Debug]     freeing intervals.data
[Debug]     freeing mach_insts.data
[Debug]     freeing final_insts.data
[Debug]     freeing emitter.code.data
[Debug]     freeing emitter.labels.keys
[Debug]     freeing emitter.labels.values
[Debug]     freeing emitter.fixups.data
[Debug]   freeing local resources done
[Debug] compile_native_binary: compiling function ax_get_segment_list
[Debug]   running select_all
[Debug]     select_all: starting actual_max_vreg loop
[Debug]     select_all: starting actual_max_label loop
[Debug]     select_all: creating InstructionSelector
[Debug]     select_all: getting fn_name
[Debug]     select_all: bi loop starting
[Debug]       bi loop: bi=0, blocks.len=31
[Debug]       bi loop: bb accessed, pushing MACH_LABEL for bb.id=0
[Debug]       bi loop: block_instrs.len=112, data=000001E98ADB4B90, start=0, len=5
[Debug]     select_inst: inst_idx=0, opcode=262
[Debug]     select_inst: inst_idx=1, opcode=262
[Debug]     select_inst: inst_idx=2, opcode=513
[Debug]     select_inst: inst_idx=3, opcode=524
[Debug]     select_inst: inst_idx=4, opcode=770
[Debug]       bi loop: bi=1, blocks.len=31
[Debug]       bi loop: bb accessed, pushing MACH_LABEL for bb.id=1
[Debug]       bi loop: block_instrs.len=112, data=000001E98ADB4B90, start=5, len=5
[Debug]     select_inst: inst_idx=5, opcode=547
[Debug]     select_inst: inst_idx=6, opcode=513
[Debug]     select_inst: inst_idx=7, opcode=515
[Debug]     select_inst: inst_idx=8, opcode=547
[Debug]     select_inst: inst_idx=9, opcode=772
[Debug]       bi loop: bi=2, blocks.len=31
[Debug]       bi loop: bb accessed, pushing MACH_LABEL for bb.id=2
[Debug]       bi loop: block_instrs.len=112, data=000001E98ADB4B90, start=10, len=1
[Debug]     select_inst: inst_idx=10, opcode=769
[Debug]       bi loop: bi=3, blocks.len=31
[Debug]       bi loop: bb accessed, pushing MACH_LABEL for bb.id=3
[Debug]       bi loop: block_instrs.len=112, data=000001E98ADB4B90, start=11, len=3
[Debug]     select_inst: inst_idx=11, opcode=513
[Debug]     select_inst: inst_idx=12, opcode=524
[Debug]     select_inst: inst_idx=13, opcode=770
[Debug]       bi loop: bi=4, blocks.len=31
[Debug]       bi loop: bb accessed, pushing MACH_LABEL for bb.id=4
[Debug]       bi loop: block_instrs.len=112, data=000001E98ADB4B90, start=14, len=7
[Debug]     select_inst: inst_idx=14, opcode=547
[Debug]     select_inst: inst_idx=15, opcode=513
[Debug]     select_inst: inst_idx=16, opcode=515
[Debug]     select_inst: inst_idx=17, opcode=513
[Debug]     select_inst: inst_idx=18, opcode=515
[Debug]     select_inst: inst_idx=19, opcode=547
[Debug]     select_inst: inst_idx=20, opcode=772
[Debug]       bi loop: bi=5, blocks.len=31
[Debug]       bi loop: bb accessed, pushing MACH_LABEL for bb.id=5
[Debug]       bi loop: block_instrs.len=112, data=000001E98ADB4B90, start=21, len=1
[Debug]     select_inst: inst_idx=21, opcode=769
[Debug]       bi loop: bi=6, blocks.len=31
[Debug]       bi loop: bb accessed, pushing MACH_LABEL for bb.id=6
[Debug]       bi loop: block_instrs.len=112, data=000001E98ADB4B90, start=22, len=3
[Debug]     select_inst: inst_idx=22, opcode=513
[Debug]     select_inst: inst_idx=23, opcode=524
[Debug]     select_inst: inst_idx=24, opcode=770
[Debug]       bi loop: bi=7, blocks.len=31
[Debug]       bi loop: bb accessed, pushing MACH_LABEL for bb.id=7
[Debug]       bi loop: block_instrs.len=112, data=000001E98ADB4B90, start=25, len=7
[Debug]     select_inst: inst_idx=25, opcode=547
[Debug]     select_inst: inst_idx=26, opcode=513
[Debug]     select_inst: inst_idx=27, opcode=515
[Debug]     select_inst: inst_idx=28, opcode=513
[Debug]     select_inst: inst_idx=29, opcode=515
[Debug]     select_inst: inst_idx=30, opcode=547
[Debug]     select_inst: inst_idx=31, opcode=772
[Debug]       bi loop: bi=8, blocks.len=31
[Debug]       bi loop: bb accessed, pushing MACH_LABEL for bb.id=8
[Debug]       bi loop: block_instrs.len=112, data=000001E98ADB4B90, start=32, len=1
[Debug]     select_inst: inst_idx=32, opcode=769
[Debug]       bi loop: bi=9, blocks.len=31
[Debug]       bi loop: bb accessed, pushing MACH_LABEL for bb.id=9
[Debug]       bi loop: block_instrs.len=112, data=000001E98ADB4B90, start=33, len=3
[Debug]     select_inst: inst_idx=33, opcode=513
[Debug]     select_inst: inst_idx=34, opcode=524
[Debug]     select_inst: inst_idx=35, opcode=770
[Debug]       bi loop: bi=10, blocks.len=31
[Debug]       bi loop: bb accessed, pushing MACH_LABEL for bb.id=10
[Debug]       bi loop: block_instrs.len=112, data=000001E98ADB4B90, start=36, len=7
[Debug]     select_inst: inst_idx=36, opcode=547
[Debug]     select_inst: inst_idx=37, opcode=513
[Debug]     select_inst: inst_idx=38, opcode=515
[Debug]     select_inst: inst_idx=39, opcode=513
[Debug]     select_inst: inst_idx=40, opcode=515
[Debug]     select_inst: inst_idx=41, opcode=547
[Debug]     select_inst: inst_idx=42, opcode=772
[Debug]       bi loop: bi=11, blocks.len=31
[Debug]       bi loop: bb accessed, pushing MACH_LABEL for bb.id=11
[Debug]       bi loop: block_instrs.len=112, data=000001E98ADB4B90, start=43, len=1
[Debug]     select_inst: inst_idx=43, opcode=769
[Debug]       bi loop: bi=12, blocks.len=31
[Debug]       bi loop: bb accessed, pushing MACH_LABEL for bb.id=12
[Debug]       bi loop: block_instrs.len=112, data=000001E98ADB4B90, start=44, len=3
[Debug]     select_inst: inst_idx=44, opcode=513
[Debug]     select_inst: inst_idx=45, opcode=524
[Debug]     select_inst: inst_idx=46, opcode=770
[Debug]       bi loop: bi=13, blocks.len=31
[Debug]       bi loop: bb accessed, pushing MACH_LABEL for bb.id=13
[Debug]       bi loop: block_instrs.len=112, data=000001E98ADB4B90, start=47, len=7
[Debug]     select_inst: inst_idx=47, opcode=547
[Debug]     select_inst: inst_idx=48, opcode=513
[Debug]     select_inst: inst_idx=49, opcode=515
[Debug]     select_inst: inst_idx=50, opcode=513
[Debug]     select_inst: inst_idx=51, opcode=515
[Debug]     select_inst: inst_idx=52, opcode=547
[Debug]     select_inst: inst_idx=53, opcode=772
[Debug]       bi loop: bi=14, blocks.len=31
[Debug]       bi loop: bb accessed, pushing MACH_LABEL for bb.id=14
[Debug]       bi loop: block_instrs.len=112, data=000001E98ADB4B90, start=54, len=1
[Debug]     select_inst: inst_idx=54, opcode=769
[Debug]       bi loop: bi=15, blocks.len=31
[Debug]       bi loop: bb accessed, pushing MACH_LABEL for bb.id=15
[Debug]       bi loop: block_instrs.len=112, data=000001E98ADB4B90, start=55, len=3
[Debug]     select_inst: inst_idx=55, opcode=513
[Debug]     select_inst: inst_idx=56, opcode=524
[Debug]     select_inst: inst_idx=57, opcode=770
[Debug]       bi loop: bi=16, blocks.len=31
[Debug]       bi loop: bb accessed, pushing MACH_LABEL for bb.id=16
[Debug]       bi loop: block_instrs.len=112, data=000001E98ADB4B90, start=58, len=7
[Debug]     select_inst: inst_idx=58, opcode=547
[Debug]     select_inst: inst_idx=59, opcode=513
[Debug]     select_inst: inst_idx=60, opcode=515
[Debug]     select_inst: inst_idx=61, opcode=513
[Debug]     select_inst: inst_idx=62, opcode=515
[Debug]     select_inst: inst_idx=63, opcode=547
[Debug]     select_inst: inst_idx=64, opcode=772
[Debug]       bi loop: bi=17, blocks.len=31
[Debug]       bi loop: bb accessed, pushing MACH_LABEL for bb.id=17
[Debug]       bi loop: block_instrs.len=112, data=000001E98ADB4B90, start=65, len=1
[Debug]     select_inst: inst_idx=65, opcode=769
[Debug]       bi loop: bi=18, blocks.len=31
[Debug]       bi loop: bb accessed, pushing MACH_LABEL for bb.id=18
[Debug]       bi loop: block_instrs.len=112, data=000001E98ADB4B90, start=66, len=3
[Debug]     select_inst: inst_idx=66, opcode=513
[Debug]     select_inst: inst_idx=67, opcode=524
[Debug]     select_inst: inst_idx=68, opcode=770
[Debug]       bi loop: bi=19, blocks.len=31
[Debug]       bi loop: bb accessed, pushing MACH_LABEL for bb.id=19
[Debug]       bi loop: block_instrs.len=112, data=000001E98ADB4B90, start=69, len=7
[Debug]     select_inst: inst_idx=69, opcode=547
[Debug]     select_inst: inst_idx=70, opcode=513
[Debug]     select_inst: inst_idx=71, opcode=515
[Debug]     select_inst: inst_idx=72, opcode=513
[Debug]     select_inst: inst_idx=73, opcode=515
[Debug]     select_inst: inst_idx=74, opcode=547
[Debug]     select_inst: inst_idx=75, opcode=772
[Debug]       bi loop: bi=20, blocks.len=31
[Debug]       bi loop: bb accessed, pushing MACH_LABEL for bb.id=20
[Debug]       bi loop: block_instrs.len=112, data=000001E98ADB4B90, start=76, len=1
[Debug]     select_inst: inst_idx=76, opcode=769
[Debug]       bi loop: bi=21, blocks.len=31
[Debug]       bi loop: bb accessed, pushing MACH_LABEL for bb.id=21
[Debug]       bi loop: block_instrs.len=112, data=000001E98ADB4B90, start=77, len=3
[Debug]     select_inst: inst_idx=77, opcode=513
[Debug]     select_inst: inst_idx=78, opcode=524
[Debug]     select_inst: inst_idx=79, opcode=770
[Debug]       bi loop: bi=22, blocks.len=31
[Debug]       bi loop: bb accessed, pushing MACH_LABEL for bb.id=22
[Debug]       bi loop: block_instrs.len=112, data=000001E98ADB4B90, start=80, len=7
[Debug]     select_inst: inst_idx=80, opcode=547
[Debug]     select_inst: inst_idx=81, opcode=513
[Debug]     select_inst: inst_idx=82, opcode=515
[Debug]     select_inst: inst_idx=83, opcode=513
[Debug]     select_inst: inst_idx=84, opcode=515
[Debug]     select_inst: inst_idx=85, opcode=547
[Debug]     select_inst: inst_idx=86, opcode=772
[Debug]       bi loop: bi=23, blocks.len=31
[Debug]       bi loop: bb accessed, pushing MACH_LABEL for bb.id=23
[Debug]       bi loop: block_instrs.len=112, data=000001E98ADB4B90, start=87, len=1
[Debug]     select_inst: inst_idx=87, opcode=769
[Debug]       bi loop: bi=24, blocks.len=31
[Debug]       bi loop: bb accessed, pushing MACH_LABEL for bb.id=24
[Debug]       bi loop: block_instrs.len=112, data=000001E98ADB4B90, start=88, len=3
[Debug]     select_inst: inst_idx=88, opcode=513
[Debug]     select_inst: inst_idx=89, opcode=524
[Debug]     select_inst: inst_idx=90, opcode=770
[Debug]       bi loop: bi=25, blocks.len=31
[Debug]       bi loop: bb accessed, pushing MACH_LABEL for bb.id=25
[Debug]       bi loop: block_instrs.len=112, data=000001E98ADB4B90, start=91, len=7
[Debug]     select_inst: inst_idx=91, opcode=547
[Debug]     select_inst: inst_idx=92, opcode=513
[Debug]     select_inst: inst_idx=93, opcode=515
[Debug]     select_inst: inst_idx=94, opcode=513
[Debug]     select_inst: inst_idx=95, opcode=515
[Debug]     select_inst: inst_idx=96, opcode=547
[Debug]     select_inst: inst_idx=97, opcode=772
[Debug]       bi loop: bi=26, blocks.len=31
[Debug]       bi loop: bb accessed, pushing MACH_LABEL for bb.id=26
[Debug]       bi loop: block_instrs.len=112, data=000001E98ADB4B90, start=98, len=1
[Debug]     select_inst: inst_idx=98, opcode=769
[Debug]       bi loop: bi=27, blocks.len=31
[Debug]       bi loop: bb accessed, pushing MACH_LABEL for bb.id=27
[Debug]       bi loop: block_instrs.len=112, data=000001E98ADB4B90, start=99, len=3
[Debug]     select_inst: inst_idx=99, opcode=513
[Debug]     select_inst: inst_idx=100, opcode=524
[Debug]     select_inst: inst_idx=101, opcode=770
[Debug]       bi loop: bi=28, blocks.len=31
[Debug]       bi loop: bb accessed, pushing MACH_LABEL for bb.id=28
[Debug]       bi loop: block_instrs.len=112, data=000001E98ADB4B90, start=102, len=7
[Debug]     select_inst: inst_idx=102, opcode=547
[Debug]     select_inst: inst_idx=103, opcode=513
[Debug]     select_inst: inst_idx=104, opcode=515
[Debug]     select_inst: inst_idx=105, opcode=513
[Debug]     select_inst: inst_idx=106, opcode=515
[Debug]     select_inst: inst_idx=107, opcode=547
[Debug]     select_inst: inst_idx=108, opcode=772
[Debug]       bi loop: bi=29, blocks.len=31
[Debug]       bi loop: bb accessed, pushing MACH_LABEL for bb.id=29
[Debug]       bi loop: block_instrs.len=112, data=000001E98ADB4B90, start=109, len=1
[Debug]     select_inst: inst_idx=109, opcode=769
[Debug]       bi loop: bi=30, blocks.len=31
[Debug]       bi loop: bb accessed, pushing MACH_LABEL for bb.id=30
[Debug]       bi loop: block_instrs.len=112, data=000001E98ADB4B90, start=110, len=2
[Debug]     select_inst: inst_idx=110, opcode=547
[Debug]     select_inst: inst_idx=111, opcode=772
[Debug]   running compute_liveness
[Debug]   running graph_coloring_alloc
[Debug]   running insert_spill_code
[Debug]   running emit_function_binary
[Debug]   emit_function_binary done, pushing compiled info
[Debug]   freeing local resources
[Debug]     freeing cs_regs
[Debug]     freeing avail_gprs
[Debug]     freeing alloc_res.allocs
[Debug]     freeing intervals.data
[Debug]     freeing mach_insts.data
[Debug]     freeing final_insts.data
[Debug]     freeing emitter.code.data
[Debug]     freeing emitter.labels.keys
[Debug]     freeing emitter.labels.values
[Debug]     freeing emitter.fixups.data
[Debug]   freeing local resources done
[Debug] compile_native_binary: compiling function ax_get_free_list
[Debug]   running select_all
[Debug]     select_all: starting actual_max_vreg loop
[Debug]     select_all: starting actual_max_label loop
[Debug]     select_all: creating InstructionSelector
[Debug]     select_all: getting fn_name
[Debug]     select_all: bi loop starting
[Debug]       bi loop: bi=0, blocks.len=31
[Debug]       bi loop: bb accessed, pushing MACH_LABEL for bb.id=0
[Debug]       bi loop: block_instrs.len=87, data=000001E98AD7AE90, start=0, len=10
[Debug]     select_inst: inst_idx=0, opcode=262
[Debug]     select_inst: inst_idx=1, opcode=262
[Debug]     select_inst: inst_idx=2, opcode=547
[Debug]     select_inst: inst_idx=3, opcode=513
[Debug]     select_inst: inst_idx=4, opcode=515
[Debug]     select_inst: inst_idx=5, opcode=513
[Debug]     select_inst: inst_idx=6, opcode=515
[Debug]     select_inst: inst_idx=7, opcode=513
[Debug]     select_inst: inst_idx=8, opcode=524
[Debug]     select_inst: inst_idx=9, opcode=770
[Debug]       bi loop: bi=1, blocks.len=31
[Debug]       bi loop: bb accessed, pushing MACH_LABEL for bb.id=1
[Debug]       bi loop: block_instrs.len=87, data=000001E98AD7AE90, start=10, len=2
[Debug]     select_inst: inst_idx=10, opcode=547
[Debug]     select_inst: inst_idx=11, opcode=772
[Debug]       bi loop: bi=2, blocks.len=31
[Debug]       bi loop: bb accessed, pushing MACH_LABEL for bb.id=2
[Debug]       bi loop: block_instrs.len=87, data=000001E98AD7AE90, start=12, len=1
[Debug]     select_inst: inst_idx=12, opcode=769
[Debug]       bi loop: bi=3, blocks.len=31
[Debug]       bi loop: bb accessed, pushing MACH_LABEL for bb.id=3
[Debug]       bi loop: block_instrs.len=87, data=000001E98AD7AE90, start=13, len=3
[Debug]     select_inst: inst_idx=13, opcode=513
[Debug]     select_inst: inst_idx=14, opcode=524
[Debug]     select_inst: inst_idx=15, opcode=770
[Debug]       bi loop: bi=4, blocks.len=31
[Debug]       bi loop: bb accessed, pushing MACH_LABEL for bb.id=4
[Debug]       bi loop: block_instrs.len=87, data=000001E98AD7AE90, start=16, len=4
[Debug]     select_inst: inst_idx=16, opcode=513
[Debug]     select_inst: inst_idx=17, opcode=515
[Debug]     select_inst: inst_idx=18, opcode=547
[Debug]     select_inst: inst_idx=19, opcode=772
[Debug]       bi loop: bi=5, blocks.len=31
[Debug]       bi loop: bb accessed, pushing MACH_LABEL for bb.id=5
[Debug]       bi loop: block_instrs.len=87, data=000001E98AD7AE90, start=20, len=1
[Debug]     select_inst: inst_idx=20, opcode=769
[Debug]       bi loop: bi=6, blocks.len=31
[Debug]       bi loop: bb accessed, pushing MACH_LABEL for bb.id=6
[Debug]       bi loop: block_instrs.len=87, data=000001E98AD7AE90, start=21, len=3
[Debug]     select_inst: inst_idx=21, opcode=513
[Debug]     select_inst: inst_idx=22, opcode=524
[Debug]     select_inst: inst_idx=23, opcode=770
[Debug]       bi loop: bi=7, blocks.len=31
[Debug]       bi loop: bb accessed, pushing MACH_LABEL for bb.id=7
[Debug]       bi loop: block_instrs.len=87, data=000001E98AD7AE90, start=24, len=4
[Debug]     select_inst: inst_idx=24, opcode=513
[Debug]     select_inst: inst_idx=25, opcode=515
[Debug]     select_inst: inst_idx=26, opcode=547
[Debug]     select_inst: inst_idx=27, opcode=772
[Debug]       bi loop: bi=8, blocks.len=31
[Debug]       bi loop: bb accessed, pushing MACH_LABEL for bb.id=8
[Debug]       bi loop: block_instrs.len=87, data=000001E98AD7AE90, start=28, len=1
[Debug]     select_inst: inst_idx=28, opcode=769
[Debug]       bi loop: bi=9, blocks.len=31
[Debug]       bi loop: bb accessed, pushing MACH_LABEL for bb.id=9
[Debug]       bi loop: block_instrs.len=87, data=000001E98AD7AE90, start=29, len=3
[Debug]     select_inst: inst_idx=29, opcode=513
[Debug]     select_inst: inst_idx=30, opcode=524
[Debug]     select_inst: inst_idx=31, opcode=770
[Debug]       bi loop: bi=10, blocks.len=31
[Debug]       bi loop: bb accessed, pushing MACH_LABEL for bb.id=10
[Debug]       bi loop: block_instrs.len=87, data=000001E98AD7AE90, start=32, len=4
[Debug]     select_inst: inst_idx=32, opcode=513
[Debug]     select_inst: inst_idx=33, opcode=515
[Debug]     select_inst: inst_idx=34, opcode=547
[Debug]     select_inst: inst_idx=35, opcode=772
[Debug]       bi loop: bi=11, blocks.len=31
[Debug]       bi loop: bb accessed, pushing MACH_LABEL for bb.id=11
[Debug]       bi loop: block_instrs.len=87, data=000001E98AD7AE90, start=36, len=1
[Debug]     select_inst: inst_idx=36, opcode=769
[Debug]       bi loop: bi=12, blocks.len=31
[Debug]       bi loop: bb accessed, pushing MACH_LABEL for bb.id=12
[Debug]       bi loop: block_instrs.len=87, data=000001E98AD7AE90, start=37, len=3
[Debug]     select_inst: inst_idx=37, opcode=513
[Debug]     select_inst: inst_idx=38, opcode=524
[Debug]     select_inst: inst_idx=39, opcode=770
[Debug]       bi loop: bi=13, blocks.len=31
[Debug]       bi loop: bb accessed, pushing MACH_LABEL for bb.id=13
[Debug]       bi loop: block_instrs.len=87, data=000001E98AD7AE90, start=40, len=4
[Debug]     select_inst: inst_idx=40, opcode=513
[Debug]     select_inst: inst_idx=41, opcode=515
[Debug]     select_inst: inst_idx=42, opcode=547
[Debug]     select_inst: inst_idx=43, opcode=772
[Debug]       bi loop: bi=14, blocks.len=31
[Debug]       bi loop: bb accessed, pushing MACH_LABEL for bb.id=14
[Debug]       bi loop: block_instrs.len=87, data=000001E98AD7AE90, start=44, len=1
[Debug]     select_inst: inst_idx=44, opcode=769
[Debug]       bi loop: bi=15, blocks.len=31
[Debug]       bi loop: bb accessed, pushing MACH_LABEL for bb.id=15
[Debug]       bi loop: block_instrs.len=87, data=000001E98AD7AE90, start=45, len=3
[Debug]     select_inst: inst_idx=45, opcode=513
[Debug]     select_inst: inst_idx=46, opcode=524
[Debug]     select_inst: inst_idx=47, opcode=770
[Debug]       bi loop: bi=16, blocks.len=31
[Debug]       bi loop: bb accessed, pushing MACH_LABEL for bb.id=16
[Debug]       bi loop: block_instrs.len=87, data=000001E98AD7AE90, start=48, len=4
[Debug]     select_inst: inst_idx=48, opcode=513
[Debug]     select_inst: inst_idx=49, opcode=515
[Debug]     select_inst: inst_idx=50, opcode=547
[Debug]     select_inst: inst_idx=51, opcode=772
[Debug]       bi loop: bi=17, blocks.len=31
[Debug]       bi loop: bb accessed, pushing MACH_LABEL for bb.id=17
[Debug]       bi loop: block_instrs.len=87, data=000001E98AD7AE90, start=52, len=1
[Debug]     select_inst: inst_idx=52, opcode=769
[Debug]       bi loop: bi=18, blocks.len=31
[Debug]       bi loop: bb accessed, pushing MACH_LABEL for bb.id=18
[Debug]       bi loop: block_instrs.len=87, data=000001E98AD7AE90, start=53, len=3
[Debug]     select_inst: inst_idx=53, opcode=513
[Debug]     select_inst: inst_idx=54, opcode=524
[Debug]     select_inst: inst_idx=55, opcode=770
[Debug]       bi loop: bi=19, blocks.len=31
[Debug]       bi loop: bb accessed, pushing MACH_LABEL for bb.id=19
[Debug]       bi loop: block_instrs.len=87, data=000001E98AD7AE90, start=56, len=4
[Debug]     select_inst: inst_idx=56, opcode=513
[Debug]     select_inst: inst_idx=57, opcode=515
[Debug]     select_inst: inst_idx=58, opcode=547
[Debug]     select_inst: inst_idx=59, opcode=772
[Debug]       bi loop: bi=20, blocks.len=31
[Debug]       bi loop: bb accessed, pushing MACH_LABEL for bb.id=20
[Debug]       bi loop: block_instrs.len=87, data=000001E98AD7AE90, start=60, len=1
[Debug]     select_inst: inst_idx=60, opcode=769
[Debug]       bi loop: bi=21, blocks.len=31
[Debug]       bi loop: bb accessed, pushing MACH_LABEL for bb.id=21
[Debug]       bi loop: block_instrs.len=87, data=000001E98AD7AE90, start=61, len=3
[Debug]     select_inst: inst_idx=61, opcode=513
[Debug]     select_inst: inst_idx=62, opcode=524
[Debug]     select_inst: inst_idx=63, opcode=770
[Debug]       bi loop: bi=22, blocks.len=31
[Debug]       bi loop: bb accessed, pushing MACH_LABEL for bb.id=22
[Debug]       bi loop: block_instrs.len=87, data=000001E98AD7AE90, start=64, len=4
[Debug]     select_inst: inst_idx=64, opcode=513
[Debug]     select_inst: inst_idx=65, opcode=515
[Debug]     select_inst: inst_idx=66, opcode=547
[Debug]     select_inst: inst_idx=67, opcode=772
[Debug]       bi loop: bi=23, blocks.len=31
[Debug]       bi loop: bb accessed, pushing MACH_LABEL for bb.id=23
[Debug]       bi loop: block_instrs.len=87, data=000001E98AD7AE90, start=68, len=1
[Debug]     select_inst: inst_idx=68, opcode=769
[Debug]       bi loop: bi=24, blocks.len=31
[Debug]       bi loop: bb accessed, pushing MACH_LABEL for bb.id=24
[Debug]       bi loop: block_instrs.len=87, data=000001E98AD7AE90, start=69, len=3
[Debug]     select_inst: inst_idx=69, opcode=513
[Debug]     select_inst: inst_idx=70, opcode=524
[Debug]     select_inst: inst_idx=71, opcode=770
[Debug]       bi loop: bi=25, blocks.len=31
[Debug]       bi loop: bb accessed, pushing MACH_LABEL for bb.id=25
[Debug]       bi loop: block_instrs.len=87, data=000001E98AD7AE90, start=72, len=4
[Debug]     select_inst: inst_idx=72, opcode=513
[Debug]     select_inst: inst_idx=73, opcode=515
[Debug]     select_inst: inst_idx=74, opcode=547
[Debug]     select_inst: inst_idx=75, opcode=772
[Debug]       bi loop: bi=26, blocks.len=31
[Debug]       bi loop: bb accessed, pushing MACH_LABEL for bb.id=26
[Debug]       bi loop: block_instrs.len=87, data=000001E98AD7AE90, start=76, len=1
[Debug]     select_inst: inst_idx=76, opcode=769
[Debug]       bi loop: bi=27, blocks.len=31
[Debug]       bi loop: bb accessed, pushing MACH_LABEL for bb.id=27
[Debug]       bi loop: block_instrs.len=87, data=000001E98AD7AE90, start=77, len=3
[Debug]     select_inst: inst_idx=77, opcode=513
[Debug]     select_inst: inst_idx=78, opcode=524
[Debug]     select_inst: inst_idx=79, opcode=770
[Debug]       bi loop: bi=28, blocks.len=31
[Debug]       bi loop: bb accessed, pushing MACH_LABEL for bb.id=28
[Debug]       bi loop: block_instrs.len=87, data=000001E98AD7AE90, start=80, len=4
[Debug]     select_inst: inst_idx=80, opcode=513
[Debug]     select_inst: inst_idx=81, opcode=515
[Debug]     select_inst: inst_idx=82, opcode=547
[Debug]     select_inst: inst_idx=83, opcode=772
[Debug]       bi loop: bi=29, blocks.len=31
[Debug]       bi loop: bb accessed, pushing MACH_LABEL for bb.id=29
[Debug]       bi loop: block_instrs.len=87, data=000001E98AD7AE90, start=84, len=1
[Debug]     select_inst: inst_idx=84, opcode=769
[Debug]       bi loop: bi=30, blocks.len=31
[Debug]       bi loop: bb accessed, pushing MACH_LABEL for bb.id=30
[Debug]       bi loop: block_instrs.len=87, data=000001E98AD7AE90, start=85, len=2
[Debug]     select_inst: inst_idx=85, opcode=547
[Debug]     select_inst: inst_idx=86, opcode=772
[Debug]   running compute_liveness
[Debug]   running graph_coloring_alloc
[Debug]   running insert_spill_code
[Debug]   running emit_function_binary
[Debug]   emit_function_binary done, pushing compiled info
[Debug]   freeing local resources
[Debug]     freeing cs_regs
[Debug]     freeing avail_gprs
[Debug]     freeing alloc_res.allocs
[Debug]     freeing intervals.data
[Debug]     freeing mach_insts.data
[Debug]     freeing final_insts.data
[Debug]     freeing emitter.code.data
[Debug]     freeing emitter.labels.keys
[Debug]     freeing emitter.labels.values
[Debug]     freeing emitter.fixups.data
[Debug]   freeing local resources done
[Debug] compile_native_binary: compiling function ax_free_list_push
[Debug]   running select_all
[Debug]     select_all: starting actual_max_vreg loop
[Debug]     select_all: starting actual_max_label loop
[Debug]     select_all: creating InstructionSelector
[Debug]     select_all: getting fn_name
[Debug]     select_all: bi loop starting
[Debug]       bi loop: bi=0, blocks.len=1
[Debug]       bi loop: bb accessed, pushing MACH_LABEL for bb.id=0
[Debug]       bi loop: block_instrs.len=14, data=000001E98AD79AB0, start=0, len=14
[Debug]     select_inst: inst_idx=0, opcode=262
[Debug]     select_inst: inst_idx=1, opcode=262
[Debug]     select_inst: inst_idx=2, opcode=547
[Debug]     select_inst: inst_idx=3, opcode=513
[Debug]     select_inst: inst_idx=4, opcode=515
[Debug]     select_inst: inst_idx=5, opcode=547
[Debug]     select_inst: inst_idx=6, opcode=269
[Debug]     select_inst: inst_idx=7, opcode=270
[Debug]     select_inst: inst_idx=8, opcode=270
[Debug]     select_inst: inst_idx=9, opcode=269
[Debug]     select_inst: inst_idx=10, opcode=513
[Debug]     select_inst: inst_idx=11, opcode=515
[Debug]     select_inst: inst_idx=12, opcode=270
[Debug]     select_inst: inst_idx=13, opcode=772
[Debug]   running compute_liveness
[Debug]   running graph_coloring_alloc
[Debug]   running insert_spill_code
[Debug]   running emit_function_binary
[Debug]   emit_function_binary done, pushing compiled info
[Debug]   freeing local resources
[Debug]     freeing cs_regs
[Debug]     freeing avail_gprs
[Debug]     freeing alloc_res.allocs
[Debug]     freeing intervals.data
[Debug]     freeing mach_insts.data
[Debug]     freeing final_insts.data
[Debug]     freeing emitter.code.data
[Debug]     freeing emitter.labels.keys
[Debug]     freeing emitter.labels.values
[Debug]   freeing local resources done
[Debug] compile_native_binary: compiling function ax_free_list_pop
[Debug]   running select_all
[Debug]     select_all: starting actual_max_vreg loop
[Debug]     select_all: starting actual_max_label loop
[Debug]     select_all: creating InstructionSelector
[Debug]     select_all: getting fn_name
[Debug]     select_all: bi loop starting
[Debug]       bi loop: bi=0, blocks.len=4
[Debug]       bi loop: bb accessed, pushing MACH_LABEL for bb.id=0
[Debug]       bi loop: block_instrs.len=19, data=000001E98AD77A30, start=0, len=5
[Debug]     select_inst: inst_idx=0, opcode=262
[Debug]     select_inst: inst_idx=1, opcode=269
[Debug]     select_inst: inst_idx=2, opcode=547
[Debug]     select_inst: inst_idx=3, opcode=524
[Debug]     select_inst: inst_idx=4, opcode=770
[Debug]       bi loop: bi=1, blocks.len=4
[Debug]       bi loop: bb accessed, pushing MACH_LABEL for bb.id=1
[Debug]       bi loop: block_instrs.len=19, data=000001E98AD77A30, start=5, len=2
[Debug]     select_inst: inst_idx=5, opcode=547
[Debug]     select_inst: inst_idx=6, opcode=772
[Debug]       bi loop: bi=2, blocks.len=4
[Debug]       bi loop: bb accessed, pushing MACH_LABEL for bb.id=2
[Debug]       bi loop: block_instrs.len=19, data=000001E98AD77A30, start=7, len=1
[Debug]     select_inst: inst_idx=7, opcode=769
[Debug]       bi loop: bi=3, blocks.len=4
[Debug]       bi loop: bb accessed, pushing MACH_LABEL for bb.id=3
[Debug]       bi loop: block_instrs.len=19, data=000001E98AD77A30, start=8, len=11
[Debug]     select_inst: inst_idx=8, opcode=269
[Debug]     select_inst: inst_idx=9, opcode=270
[Debug]     select_inst: inst_idx=10, opcode=269
[Debug]     select_inst: inst_idx=11, opcode=513
[Debug]     select_inst: inst_idx=12, opcode=516
[Debug]     select_inst: inst_idx=13, opcode=270
[Debug]     select_inst: inst_idx=14, opcode=547
[Debug]     select_inst: inst_idx=15, opcode=513
[Debug]     select_inst: inst_idx=16, opcode=516
[Debug]     select_inst: inst_idx=17, opcode=547
[Debug]     select_inst: inst_idx=18, opcode=772
[Debug]   running compute_liveness
[Debug]   running graph_coloring_alloc
[Debug]   running insert_spill_code
[Debug]   running emit_function_binary
[Debug]   emit_function_binary done, pushing compiled info
[Debug]   freeing local resources
[Debug]     freeing cs_regs
[Debug]     freeing avail_gprs
[Debug]     freeing alloc_res.allocs
[Debug]     freeing intervals.data
[Debug]     freeing mach_insts.data
[Debug]     freeing final_insts.data
[Debug]     freeing emitter.code.data
[Debug]     freeing emitter.labels.keys
[Debug]     freeing emitter.labels.values
[Debug]     freeing emitter.fixups.data
[Debug]   freeing local resources done
[Debug] compile_native_binary: compiling function ax_os_alloc
[Debug]   running select_all
[Debug]     select_all: starting actual_max_vreg loop
[Debug]     select_all: starting actual_max_label loop
[Debug]     select_all: creating InstructionSelector
[Debug]     select_all: getting fn_name
[Debug]     select_all: bi loop starting
[Debug]       bi loop: bi=0, blocks.len=4
[Debug]       bi loop: bb accessed, pushing MACH_LABEL for bb.id=0
[Debug]       bi loop: block_instrs.len=26, data=000001E98AD77850, start=0, len=4
[Debug]     select_inst: inst_idx=0, opcode=262
[Debug]     select_inst: inst_idx=1, opcode=513
[Debug]     select_inst: inst_idx=2, opcode=771
[Debug]     select_inst: inst_idx=3, opcode=770
[Debug]       bi loop: bi=1, blocks.len=4
[Debug]       bi loop: bb accessed, pushing MACH_LABEL for bb.id=1
[Debug]       bi loop: block_instrs.len=26, data=000001E98AD77850, start=4, len=8
[Debug]     select_inst: inst_idx=4, opcode=547
[Debug]     select_inst: inst_idx=5, opcode=547
[Debug]     select_inst: inst_idx=6, opcode=513
[Debug]     select_inst: inst_idx=7, opcode=547
[Debug]     select_inst: inst_idx=8, opcode=513
[Debug]     select_inst: inst_idx=9, opcode=547
[Debug]     select_inst: inst_idx=10, opcode=771
[Debug]     select_inst: inst_idx=11, opcode=772
[Debug]       bi loop: bi=2, blocks.len=4
[Debug]       bi loop: bb accessed, pushing MACH_LABEL for bb.id=2
[Debug]       bi loop: block_instrs.len=26, data=000001E98AD77850, start=12, len=13
[Debug]     select_inst: inst_idx=12, opcode=547
[Debug]     select_inst: inst_idx=13, opcode=547
[Debug]     select_inst: inst_idx=14, opcode=513
[Debug]     select_inst: inst_idx=15, opcode=547
[Debug]     select_inst: inst_idx=16, opcode=513
[Debug]     select_inst: inst_idx=17, opcode=547
[Debug]     select_inst: inst_idx=18, opcode=513
[Debug]     select_inst: inst_idx=19, opcode=547
[Debug]     select_inst: inst_idx=20, opcode=541
[Debug]     select_inst: inst_idx=21, opcode=513
[Debug]     select_inst: inst_idx=22, opcode=547
[Debug]     select_inst: inst_idx=23, opcode=771
[Debug]     select_inst: inst_idx=24, opcode=772
[Debug]       bi loop: bi=3, blocks.len=4
[Debug]       bi loop: bb accessed, pushing MACH_LABEL for bb.id=3
[Debug]       bi loop: block_instrs.len=26, data=000001E98AD77850, start=25, len=1
[Debug]     select_inst: inst_idx=25, opcode=772
[Debug]   running compute_liveness
[Debug]   running graph_coloring_alloc
[Debug]   running insert_spill_code
[Debug]   running emit_function_binary
[Debug]   emit_function_binary done, pushing compiled info
[Debug]   freeing local resources
[Debug]     freeing cs_regs
[Debug]     freeing avail_gprs
[Debug]     freeing alloc_res.allocs
[Debug]     freeing intervals.data
[Debug]     freeing mach_insts.data
[Debug]     freeing final_insts.data
[Debug]     freeing emitter.code.data
[Debug]     freeing emitter.labels.keys
[Debug]     freeing emitter.labels.values
[Debug]     freeing emitter.fixups.data
[Debug]   freeing local resources done
[Debug] compile_native_binary: compiling function ax_os_free
[Debug]   running select_all
[Debug]     select_all: starting actual_max_vreg loop
[Debug]     select_all: starting actual_max_label loop
[Debug]     select_all: creating InstructionSelector
[Debug]     select_all: getting fn_name
[Debug]     select_all: bi loop starting
[Debug]       bi loop: bi=0, blocks.len=7
[Debug]       bi loop: bb accessed, pushing MACH_LABEL for bb.id=0
[Debug]       bi loop: block_instrs.len=20, data=000001E98AD76450, start=0, len=5
[Debug]     select_inst: inst_idx=0, opcode=262
[Debug]     select_inst: inst_idx=1, opcode=262
[Debug]     select_inst: inst_idx=2, opcode=547
[Debug]     select_inst: inst_idx=3, opcode=524
[Debug]     select_inst: inst_idx=4, opcode=770
[Debug]       bi loop: bi=1, blocks.len=7
[Debug]       bi loop: bb accessed, pushing MACH_LABEL for bb.id=1
[Debug]       bi loop: block_instrs.len=20, data=000001E98AD76450, start=5, len=1
[Debug]     select_inst: inst_idx=5, opcode=772
[Debug]       bi loop: bi=2, blocks.len=7
[Debug]       bi loop: bb accessed, pushing MACH_LABEL for bb.id=2
[Debug]       bi loop: block_instrs.len=20, data=000001E98AD76450, start=6, len=1
[Debug]     select_inst: inst_idx=6, opcode=769
[Debug]       bi loop: bi=3, blocks.len=7
[Debug]       bi loop: bb accessed, pushing MACH_LABEL for bb.id=3
[Debug]       bi loop: block_instrs.len=20, data=000001E98AD76450, start=7, len=3
[Debug]     select_inst: inst_idx=7, opcode=513
[Debug]     select_inst: inst_idx=8, opcode=771
[Debug]     select_inst: inst_idx=9, opcode=770
[Debug]       bi loop: bi=4, blocks.len=7
[Debug]       bi loop: bb accessed, pushing MACH_LABEL for bb.id=4
[Debug]       bi loop: block_instrs.len=20, data=000001E98AD76450, start=10, len=6
[Debug]     select_inst: inst_idx=10, opcode=513
[Debug]     select_inst: inst_idx=11, opcode=547
[Debug]     select_inst: inst_idx=12, opcode=513
[Debug]     select_inst: inst_idx=13, opcode=547
[Debug]     select_inst: inst_idx=14, opcode=771
[Debug]     select_inst: inst_idx=15, opcode=769
[Debug]       bi loop: bi=5, blocks.len=7
[Debug]       bi loop: bb accessed, pushing MACH_LABEL for bb.id=5
[Debug]       bi loop: block_instrs.len=20, data=000001E98AD76450, start=16, len=3
[Debug]     select_inst: inst_idx=16, opcode=547
[Debug]     select_inst: inst_idx=17, opcode=771
[Debug]     select_inst: inst_idx=18, opcode=769
[Debug]       bi loop: bi=6, blocks.len=7
[Debug]       bi loop: bb accessed, pushing MACH_LABEL for bb.id=6
[Debug]       bi loop: block_instrs.len=20, data=000001E98AD76450, start=19, len=1
[Debug]     select_inst: inst_idx=19, opcode=772
[Debug]   running compute_liveness
[Debug]   running graph_coloring_alloc
[Debug]   running insert_spill_code
[Debug]   running emit_function_binary
[Debug]   emit_function_binary done, pushing compiled info
[Debug]   freeing local resources
[Debug]     freeing cs_regs
[Debug]     freeing avail_gprs
[Debug]     freeing alloc_res.allocs
[Debug]     freeing intervals.data
[Debug]     freeing mach_insts.data
[Debug]     freeing final_insts.data
[Debug]     freeing emitter.code.data
[Debug]     freeing emitter.labels.keys
[Debug]     freeing emitter.labels.values
[Debug]     freeing emitter.fixups.data
[Debug]   freeing local resources done
[Debug] compile_native_binary: compiling function ax_segment_manager_init
[Debug]   running select_all
[Debug]     select_all: starting actual_max_vreg loop
[Debug]     select_all: starting actual_max_label loop
[Debug]     select_all: creating InstructionSelector
[Debug]     select_all: getting fn_name
[Debug]     select_all: bi loop starting
[Debug]       bi loop: bi=0, blocks.len=1
[Debug]       bi loop: bb accessed, pushing MACH_LABEL for bb.id=0
[Debug]       bi loop: block_instrs.len=20, data=000001E98AD766D0, start=0, len=20
[Debug]     select_inst: inst_idx=0, opcode=771
[Debug]     select_inst: inst_idx=1, opcode=513
[Debug]     select_inst: inst_idx=2, opcode=260
[Debug]     select_inst: inst_idx=3, opcode=771
[Debug]     select_inst: inst_idx=4, opcode=547
[Debug]     select_inst: inst_idx=5, opcode=260
[Debug]     select_inst: inst_idx=6, opcode=771
[Debug]     select_inst: inst_idx=7, opcode=547
[Debug]     select_inst: inst_idx=8, opcode=513
[Debug]     select_inst: inst_idx=9, opcode=547
[Debug]     select_inst: inst_idx=10, opcode=513
[Debug]     select_inst: inst_idx=11, opcode=547
[Debug]     select_inst: inst_idx=12, opcode=513
[Debug]     select_inst: inst_idx=13, opcode=771
[Debug]     select_inst: inst_idx=14, opcode=271
[Debug]     select_inst: inst_idx=15, opcode=771
[Debug]     select_inst: inst_idx=16, opcode=547
[Debug]     select_inst: inst_idx=17, opcode=517
[Debug]     select_inst: inst_idx=18, opcode=771
[Debug]     select_inst: inst_idx=19, opcode=772
[Debug]   running compute_liveness
[Debug]   running graph_coloring_alloc
[Debug]   running insert_spill_code
[Debug]   running emit_function_binary
[Debug]   emit_function_binary done, pushing compiled info
[Debug]   freeing local resources
[Debug]     freeing cs_regs
[Debug]     freeing avail_gprs
[Debug]     freeing alloc_res.allocs
[Debug]     freeing intervals.data
[Debug]     freeing mach_insts.data
[Debug]     freeing final_insts.data
[Debug]     freeing emitter.code.data
[Debug]     freeing emitter.labels.keys
[Debug]     freeing emitter.labels.values
[Debug]     freeing emitter.fixups.data
[Debug]   freeing local resources done
[Debug] compile_native_binary: compiling function ax_segment_manager_shutdown
[Debug]   running select_all
[Debug]     select_all: starting actual_max_vreg loop
[Debug]     select_all: starting actual_max_label loop
[Debug]     select_all: creating InstructionSelector
[Debug]     select_all: getting fn_name
[Debug]     select_all: bi loop starting
[Debug]       bi loop: bi=0, blocks.len=7
[Debug]       bi loop: bb accessed, pushing MACH_LABEL for bb.id=0
[Debug]       bi loop: block_instrs.len=38, data=000001E98AD7B0B0, start=0, len=5
[Debug]     select_inst: inst_idx=0, opcode=771
[Debug]     select_inst: inst_idx=1, opcode=771
[Debug]     select_inst: inst_idx=2, opcode=513
[Debug]     select_inst: inst_idx=3, opcode=547
[Debug]     select_inst: inst_idx=4, opcode=769
[Debug]       bi loop: bi=1, blocks.len=7
[Debug]       bi loop: bb accessed, pushing MACH_LABEL for bb.id=1
[Debug]       bi loop: block_instrs.len=38, data=000001E98AD7B0B0, start=5, len=3
[Debug]     select_inst: inst_idx=5, opcode=265
[Debug]     select_inst: inst_idx=6, opcode=526
[Debug]     select_inst: inst_idx=7, opcode=770
[Debug]       bi loop: bi=2, blocks.len=7
[Debug]       bi loop: bb accessed, pushing MACH_LABEL for bb.id=2
[Debug]       bi loop: block_instrs.len=38, data=000001E98AD7B0B0, start=8, len=12
[Debug]     select_inst: inst_idx=8, opcode=547
[Debug]     select_inst: inst_idx=9, opcode=513
[Debug]     select_inst: inst_idx=10, opcode=771
[Debug]     select_inst: inst_idx=11, opcode=271
[Debug]     select_inst: inst_idx=12, opcode=771
[Debug]     select_inst: inst_idx=13, opcode=547
[Debug]     select_inst: inst_idx=14, opcode=517
[Debug]     select_inst: inst_idx=15, opcode=515
[Debug]     select_inst: inst_idx=16, opcode=547
[Debug]     select_inst: inst_idx=17, opcode=269
[Debug]     select_inst: inst_idx=18, opcode=524
[Debug]     select_inst: inst_idx=19, opcode=770
[Debug]       bi loop: bi=3, blocks.len=7
[Debug]       bi loop: bb accessed, pushing MACH_LABEL for bb.id=3
[Debug]       bi loop: block_instrs.len=38, data=000001E98AD7B0B0, start=32, len=6
[Debug]     select_inst: inst_idx=32, opcode=513
[Debug]     select_inst: inst_idx=33, opcode=260
[Debug]     select_inst: inst_idx=34, opcode=771
[Debug]     select_inst: inst_idx=35, opcode=547
[Debug]     select_inst: inst_idx=36, opcode=260
[Debug]     select_inst: inst_idx=37, opcode=772
[Debug]       bi loop: bi=4, blocks.len=7
[Debug]       bi loop: bb accessed, pushing MACH_LABEL for bb.id=4
[Debug]       bi loop: block_instrs.len=38, data=000001E98AD7B0B0, start=20, len=7
[Debug]     select_inst: inst_idx=20, opcode=269
[Debug]     select_inst: inst_idx=21, opcode=547
[Debug]     select_inst: inst_idx=22, opcode=771
[Debug]     select_inst: inst_idx=23, opcode=513
[Debug]     select_inst: inst_idx=24, opcode=547
[Debug]     select_inst: inst_idx=25, opcode=270
[Debug]     select_inst: inst_idx=26, opcode=769
[Debug]       bi loop: bi=5, blocks.len=7
[Debug]       bi loop: bb accessed, pushing MACH_LABEL for bb.id=5
[Debug]       bi loop: block_instrs.len=38, data=000001E98AD7B0B0, start=27, len=1
[Debug]     select_inst: inst_idx=27, opcode=769
[Debug]       bi loop: bi=6, blocks.len=7
[Debug]       bi loop: bb accessed, pushing MACH_LABEL for bb.id=6
[Debug]       bi loop: block_instrs.len=38, data=000001E98AD7B0B0, start=28, len=4
[Debug]     select_inst: inst_idx=28, opcode=513
[Debug]     select_inst: inst_idx=29, opcode=515
[Debug]     select_inst: inst_idx=30, opcode=262
[Debug]     select_inst: inst_idx=31, opcode=769
[Debug]   running compute_liveness
[Debug]   running graph_coloring_alloc
[Debug]   running insert_spill_code
[Debug]   running emit_function_binary
[Debug]   emit_function_binary done, pushing compiled info
[Debug]   freeing local resources
[Debug]     freeing cs_regs
[Debug]     freeing avail_gprs
[Debug]     freeing alloc_res.allocs
[Debug]     freeing intervals.data
[Debug]     freeing mach_insts.data
[Debug]     freeing final_insts.data
[Debug]     freeing emitter.code.data
[Debug]     freeing emitter.labels.keys
[Debug]     freeing emitter.labels.values
[Debug]     freeing emitter.fixups.data
[Debug]   freeing local resources done
[Debug] compile_native_binary: compiling function alloc_segment_meta
[Debug]   running select_all
[Debug]     select_all: starting actual_max_vreg loop
[Debug]     select_all: starting actual_max_label loop
[Debug]     select_all: creating InstructionSelector
[Debug]     select_all: getting fn_name
[Debug]     select_all: bi loop starting
[Debug]       bi loop: bi=0, blocks.len=7
[Debug]       bi loop: bb accessed, pushing MACH_LABEL for bb.id=0
[Debug]       bi loop: block_instrs.len=35, data=000001E98ADB8670, start=0, len=5
[Debug]     select_inst: inst_idx=0, opcode=771
[Debug]     select_inst: inst_idx=1, opcode=265
[Debug]     select_inst: inst_idx=2, opcode=547
[Debug]     select_inst: inst_idx=3, opcode=525
[Debug]     select_inst: inst_idx=4, opcode=770
[Debug]       bi loop: bi=1, blocks.len=7
[Debug]       bi loop: bb accessed, pushing MACH_LABEL for bb.id=1
[Debug]       bi loop: block_instrs.len=35, data=000001E98ADB8670, start=5, len=4
[Debug]     select_inst: inst_idx=5, opcode=265
[Debug]     select_inst: inst_idx=6, opcode=269
[Debug]     select_inst: inst_idx=7, opcode=260
[Debug]     select_inst: inst_idx=8, opcode=772
[Debug]       bi loop: bi=2, blocks.len=7
[Debug]       bi loop: bb accessed, pushing MACH_LABEL for bb.id=2
[Debug]       bi loop: block_instrs.len=35, data=000001E98ADB8670, start=9, len=1
[Debug]     select_inst: inst_idx=9, opcode=769
[Debug]       bi loop: bi=3, blocks.len=7
[Debug]       bi loop: bb accessed, pushing MACH_LABEL for bb.id=3
[Debug]       bi loop: block_instrs.len=35, data=000001E98ADB8670, start=10, len=6
[Debug]     select_inst: inst_idx=10, opcode=771
[Debug]     select_inst: inst_idx=11, opcode=265
[Debug]     select_inst: inst_idx=12, opcode=513
[Debug]     select_inst: inst_idx=13, opcode=547
[Debug]     select_inst: inst_idx=14, opcode=529
[Debug]     select_inst: inst_idx=15, opcode=770
[Debug]       bi loop: bi=4, blocks.len=7
[Debug]       bi loop: bb accessed, pushing MACH_LABEL for bb.id=4
[Debug]       bi loop: block_instrs.len=35, data=000001E98ADB8670, start=16, len=2
[Debug]     select_inst: inst_idx=16, opcode=547
[Debug]     select_inst: inst_idx=17, opcode=772
[Debug]       bi loop: bi=5, blocks.len=7
[Debug]       bi loop: bb accessed, pushing MACH_LABEL for bb.id=5
[Debug]       bi loop: block_instrs.len=35, data=000001E98ADB8670, start=18, len=1
[Debug]     select_inst: inst_idx=18, opcode=769
[Debug]       bi loop: bi=6, blocks.len=7
[Debug]       bi loop: bb accessed, pushing MACH_LABEL for bb.id=6
[Debug]       bi loop: block_instrs.len=35, data=000001E98ADB8670, start=19, len=16
[Debug]     select_inst: inst_idx=19, opcode=771
[Debug]     select_inst: inst_idx=20, opcode=547
[Debug]     select_inst: inst_idx=21, opcode=265
[Debug]     select_inst: inst_idx=22, opcode=513
[Debug]     select_inst: inst_idx=23, opcode=771
[Debug]     select_inst: inst_idx=24, opcode=271
[Debug]     select_inst: inst_idx=25, opcode=771
[Debug]     select_inst: inst_idx=26, opcode=547
[Debug]     select_inst: inst_idx=27, opcode=517
[Debug]     select_inst: inst_idx=28, opcode=515
[Debug]     select_inst: inst_idx=29, opcode=547
[Debug]     select_inst: inst_idx=30, opcode=265
[Debug]     select_inst: inst_idx=31, opcode=513
[Debug]     select_inst: inst_idx=32, opcode=515
[Debug]     select_inst: inst_idx=33, opcode=260
[Debug]     select_inst: inst_idx=34, opcode=772
[Debug]   running compute_liveness
[Debug]   running graph_coloring_alloc
[Debug]   running insert_spill_code
[Debug]   running emit_function_binary
[Debug]   emit_function_binary done, pushing compiled info
[Debug]   freeing local resources
[Debug]     freeing cs_regs
[Debug]     freeing avail_gprs
[Debug]     freeing alloc_res.allocs
[Debug]     freeing intervals.data
[Debug]     freeing mach_insts.data
[Debug]     freeing final_insts.data
[Debug]     freeing emitter.code.data
[Debug]     freeing emitter.labels.keys
[Debug]     freeing emitter.labels.values
[Debug]     freeing emitter.fixups.data
[Debug]   freeing local resources done
[Debug] compile_native_binary: compiling function free_segment_meta
[Debug]   running select_all
[Debug]     select_all: starting actual_max_vreg loop
[Debug]     select_all: starting actual_max_label loop
[Debug]     select_all: creating InstructionSelector
[Debug]     select_all: getting fn_name
[Debug]     select_all: bi loop starting
[Debug]       bi loop: bi=0, blocks.len=1
[Debug]       bi loop: bb accessed, pushing MACH_LABEL for bb.id=0
[Debug]       bi loop: block_instrs.len=14, data=000001E98ADB7850, start=0, len=14
[Debug]     select_inst: inst_idx=0, opcode=262
[Debug]     select_inst: inst_idx=1, opcode=547
[Debug]     select_inst: inst_idx=2, opcode=513
[Debug]     select_inst: inst_idx=3, opcode=547
[Debug]     select_inst: inst_idx=4, opcode=513
[Debug]     select_inst: inst_idx=5, opcode=771
[Debug]     select_inst: inst_idx=6, opcode=271
[Debug]     select_inst: inst_idx=7, opcode=771
[Debug]     select_inst: inst_idx=8, opcode=771
[Debug]     select_inst: inst_idx=9, opcode=771
[Debug]     select_inst: inst_idx=10, opcode=265
[Debug]     select_inst: inst_idx=11, opcode=270
[Debug]     select_inst: inst_idx=12, opcode=260
[Debug]     select_inst: inst_idx=13, opcode=772
[Debug]   running compute_liveness
[Debug]   running graph_coloring_alloc
[Debug]   running insert_spill_code
[Debug]   running emit_function_binary
[Debug]   emit_function_binary done, pushing compiled info
[Debug]   freeing local resources
[Debug]     freeing cs_regs
[Debug]     freeing avail_gprs
[Debug]     freeing alloc_res.allocs
[Debug]     freeing intervals.data
[Debug]     freeing mach_insts.data
[Debug]     freeing final_insts.data
[Debug]     freeing emitter.code.data
[Debug]     freeing emitter.labels.keys
[Debug]     freeing emitter.labels.values
[Debug]     freeing emitter.fixups.data
[Debug]   freeing local resources done
[Debug] compile_native_binary: compiling function ax_segment_acquire
[Debug]   running select_all
[Debug]     select_all: starting actual_max_vreg loop
[Debug]     select_all: starting actual_max_label loop
[Debug]     select_all: creating InstructionSelector
[Debug]     select_all: getting fn_name
[Debug]     select_all: bi loop starting
[Debug]       bi loop: bi=0, blocks.len=7
[Debug]       bi loop: bb accessed, pushing MACH_LABEL for bb.id=0
[Debug]       bi loop: block_instrs.len=28, data=000001E98AD768B0, start=0, len=5
[Debug]     select_inst: inst_idx=0, opcode=262
[Debug]     select_inst: inst_idx=1, opcode=771
[Debug]     select_inst: inst_idx=2, opcode=547
[Debug]     select_inst: inst_idx=3, opcode=524
[Debug]     select_inst: inst_idx=4, opcode=770
[Debug]       bi loop: bi=1, blocks.len=7
[Debug]       bi loop: bb accessed, pushing MACH_LABEL for bb.id=1
[Debug]       bi loop: block_instrs.len=28, data=000001E98AD768B0, start=5, len=2
[Debug]     select_inst: inst_idx=5, opcode=547
[Debug]     select_inst: inst_idx=6, opcode=772
[Debug]       bi loop: bi=2, blocks.len=7
[Debug]       bi loop: bb accessed, pushing MACH_LABEL for bb.id=2
[Debug]       bi loop: block_instrs.len=28, data=000001E98AD768B0, start=7, len=1
[Debug]     select_inst: inst_idx=7, opcode=769
[Debug]       bi loop: bi=3, blocks.len=7
[Debug]       bi loop: bb accessed, pushing MACH_LABEL for bb.id=3
[Debug]       bi loop: block_instrs.len=28, data=000001E98AD768B0, start=8, len=5
[Debug]     select_inst: inst_idx=8, opcode=771
[Debug]     select_inst: inst_idx=9, opcode=547
[Debug]     select_inst: inst_idx=10, opcode=547
[Debug]     select_inst: inst_idx=11, opcode=524
[Debug]     select_inst: inst_idx=12, opcode=770
[Debug]       bi loop: bi=4, blocks.len=7
[Debug]       bi loop: bb accessed, pushing MACH_LABEL for bb.id=4
[Debug]       bi loop: block_instrs.len=28, data=000001E98AD768B0, start=13, len=3
[Debug]     select_inst: inst_idx=13, opcode=771
[Debug]     select_inst: inst_idx=14, opcode=547
[Debug]     select_inst: inst_idx=15, opcode=772
[Debug]       bi loop: bi=5, blocks.len=7
[Debug]       bi loop: bb accessed, pushing MACH_LABEL for bb.id=5
[Debug]       bi loop: block_instrs.len=28, data=000001E98AD768B0, start=16, len=1
[Debug]     select_inst: inst_idx=16, opcode=769
[Debug]       bi loop: bi=6, blocks.len=7
[Debug]       bi loop: bb accessed, pushing MACH_LABEL for bb.id=6
[Debug]       bi loop: block_instrs.len=28, data=000001E98AD768B0, start=17, len=11
[Debug]     select_inst: inst_idx=17, opcode=270
[Debug]     select_inst: inst_idx=18, opcode=270
[Debug]     select_inst: inst_idx=19, opcode=547
[Debug]     select_inst: inst_idx=20, opcode=515
[Debug]     select_inst: inst_idx=21, opcode=547
[Debug]     select_inst: inst_idx=22, opcode=270
[Debug]     select_inst: inst_idx=23, opcode=270
[Debug]     select_inst: inst_idx=24, opcode=547
[Debug]     select_inst: inst_idx=25, opcode=270
[Debug]     select_inst: inst_idx=26, opcode=270
[Debug]     select_inst: inst_idx=27, opcode=772
[Debug]   running compute_liveness
[Debug]   running graph_coloring_alloc
[Debug]   running insert_spill_code
[Debug]   running emit_function_binary
[Debug]   emit_function_binary done, pushing compiled info
[Debug]   freeing local resources
[Debug]     freeing cs_regs
[Debug]     freeing avail_gprs
[Debug]     freeing alloc_res.allocs
[Debug]     freeing intervals.data
[Debug]     freeing mach_insts.data
[Debug]     freeing final_insts.data
[Debug]     freeing emitter.code.data
[Debug]     freeing emitter.labels.keys
[Debug]     freeing emitter.labels.values
[Debug]     freeing emitter.fixups.data
[Debug]   freeing local resources done
[Debug] compile_native_binary: compiling function ax_segment_release
[Debug]   running select_all
[Debug]     select_all: starting actual_max_vreg loop
[Debug]     select_all: starting actual_max_label loop
[Debug]     select_all: creating InstructionSelector
[Debug]     select_all: getting fn_name
[Debug]     select_all: bi loop starting
[Debug]       bi loop: bi=0, blocks.len=4
[Debug]       bi loop: bb accessed, pushing MACH_LABEL for bb.id=0
[Debug]       bi loop: block_instrs.len=17, data=000001E98AD76B30, start=0, len=7
[Debug]     select_inst: inst_idx=0, opcode=262
[Debug]     select_inst: inst_idx=1, opcode=547
[Debug]     select_inst: inst_idx=2, opcode=524
[Debug]     select_inst: inst_idx=3, opcode=269
[Debug]     select_inst: inst_idx=4, opcode=525
[Debug]     select_inst: inst_idx=5, opcode=531
[Debug]     select_inst: inst_idx=6, opcode=770
[Debug]       bi loop: bi=1, blocks.len=4
[Debug]       bi loop: bb accessed, pushing MACH_LABEL for bb.id=1
[Debug]       bi loop: block_instrs.len=17, data=000001E98AD76B30, start=7, len=1
[Debug]     select_inst: inst_idx=7, opcode=772
[Debug]       bi loop: bi=2, blocks.len=4
[Debug]       bi loop: bb accessed, pushing MACH_LABEL for bb.id=2
[Debug]       bi loop: block_instrs.len=17, data=000001E98AD76B30, start=8, len=1
[Debug]     select_inst: inst_idx=8, opcode=769
[Debug]       bi loop: bi=3, blocks.len=4
[Debug]       bi loop: bb accessed, pushing MACH_LABEL for bb.id=3
[Debug]       bi loop: block_instrs.len=17, data=000001E98AD76B30, start=9, len=8
[Debug]     select_inst: inst_idx=9, opcode=269
[Debug]     select_inst: inst_idx=10, opcode=547
[Debug]     select_inst: inst_idx=11, opcode=771
[Debug]     select_inst: inst_idx=12, opcode=513
[Debug]     select_inst: inst_idx=13, opcode=547
[Debug]     select_inst: inst_idx=14, opcode=270
[Debug]     select_inst: inst_idx=15, opcode=771
[Debug]     select_inst: inst_idx=16, opcode=772
[Debug]   running compute_liveness
[Debug]   running graph_coloring_alloc
[Debug]   running insert_spill_code
[Debug]   running emit_function_binary
[Debug]   emit_function_binary done, pushing compiled info
[Debug]   freeing local resources
[Debug]     freeing cs_regs
[Debug]     freeing avail_gprs
[Debug]     freeing alloc_res.allocs
[Debug]     freeing intervals.data
[Debug]     freeing mach_insts.data
[Debug]     freeing final_insts.data
[Debug]     freeing emitter.code.data
[Debug]     freeing emitter.labels.keys
[Debug]     freeing emitter.labels.values
[Debug]     freeing emitter.fixups.data
[Debug]   freeing local resources done
[Debug] compile_native_binary: compiling function ax_segment_get_active
[Debug]   running select_all
[Debug]     select_all: starting actual_max_vreg loop
[Debug]     select_all: starting actual_max_label loop
[Debug]     select_all: creating InstructionSelector
[Debug]     select_all: getting fn_name
[Debug]     select_all: bi loop starting
[Debug]       bi loop: bi=0, blocks.len=7
[Debug]       bi loop: bb accessed, pushing MACH_LABEL for bb.id=0
[Debug]       bi loop: block_instrs.len=33, data=000001E98ADBD460, start=0, len=12
[Debug]     select_inst: inst_idx=0, opcode=262
[Debug]     select_inst: inst_idx=1, opcode=262
[Debug]     select_inst: inst_idx=2, opcode=269
[Debug]     select_inst: inst_idx=3, opcode=547
[Debug]     select_inst: inst_idx=4, opcode=525
[Debug]     select_inst: inst_idx=5, opcode=269
[Debug]     select_inst: inst_idx=6, opcode=269
[Debug]     select_inst: inst_idx=7, opcode=269
[Debug]     select_inst: inst_idx=8, opcode=269
[Debug]     select_inst: inst_idx=9, opcode=526
[Debug]     select_inst: inst_idx=10, opcode=530
[Debug]     select_inst: inst_idx=11, opcode=770
[Debug]       bi loop: bi=1, blocks.len=7
[Debug]       bi loop: bb accessed, pushing MACH_LABEL for bb.id=1
[Debug]       bi loop: block_instrs.len=33, data=000001E98ADBD460, start=12, len=2
[Debug]     select_inst: inst_idx=12, opcode=269
[Debug]     select_inst: inst_idx=13, opcode=772
[Debug]       bi loop: bi=2, blocks.len=7
[Debug]       bi loop: bb accessed, pushing MACH_LABEL for bb.id=2
[Debug]       bi loop: block_instrs.len=33, data=000001E98ADBD460, start=14, len=1
[Debug]     select_inst: inst_idx=14, opcode=769
[Debug]       bi loop: bi=3, blocks.len=7
[Debug]       bi loop: bb accessed, pushing MACH_LABEL for bb.id=3
[Debug]       bi loop: block_instrs.len=33, data=000001E98ADBD460, start=15, len=4
[Debug]     select_inst: inst_idx=15, opcode=269
[Debug]     select_inst: inst_idx=16, opcode=547
[Debug]     select_inst: inst_idx=17, opcode=525
[Debug]     select_inst: inst_idx=18, opcode=770
[Debug]       bi loop: bi=4, blocks.len=7
[Debug]       bi loop: bb accessed, pushing MACH_LABEL for bb.id=4
[Debug]       bi loop: block_instrs.len=33, data=000001E98ADBD460, start=19, len=10
[Debug]     select_inst: inst_idx=19, opcode=269
[Debug]     select_inst: inst_idx=20, opcode=269
[Debug]     select_inst: inst_idx=21, opcode=270
[Debug]     select_inst: inst_idx=22, opcode=269
[Debug]     select_inst: inst_idx=23, opcode=270
[Debug]     select_inst: inst_idx=24, opcode=269
[Debug]     select_inst: inst_idx=25, opcode=513
[Debug]     select_inst: inst_idx=26, opcode=515
[Debug]     select_inst: inst_idx=27, opcode=270
[Debug]     select_inst: inst_idx=28, opcode=769
[Debug]       bi loop: bi=5, blocks.len=7
[Debug]       bi loop: bb accessed, pushing MACH_LABEL for bb.id=5
[Debug]       bi loop: block_instrs.len=33, data=000001E98ADBD460, start=29, len=1
[Debug]     select_inst: inst_idx=29, opcode=769
[Debug]       bi loop: bi=6, blocks.len=7
[Debug]       bi loop: bb accessed, pushing MACH_LABEL for bb.id=6
[Debug]       bi loop: block_instrs.len=33, data=000001E98ADBD460, start=30, len=3
[Debug]     select_inst: inst_idx=30, opcode=771
[Debug]     select_inst: inst_idx=31, opcode=270
[Debug]     select_inst: inst_idx=32, opcode=772
[Debug]   running compute_liveness
[Debug]   running graph_coloring_alloc
[Debug]   running insert_spill_code
[Debug]   running emit_function_binary
[Debug]   emit_function_binary done, pushing compiled info
[Debug]   freeing local resources
[Debug]     freeing cs_regs
[Debug]     freeing avail_gprs
[Debug]     freeing alloc_res.allocs
[Debug]     freeing intervals.data
[Debug]     freeing mach_insts.data
[Debug]     freeing final_insts.data
[Debug]     freeing emitter.code.data
[Debug]     freeing emitter.labels.keys
[Debug]     freeing emitter.labels.values
[Debug]     freeing emitter.fixups.data
[Debug]   freeing local resources done
[Debug] compile_native_binary: compiling function ax_segment_list_release_all
[Debug]   running select_all
[Debug]     select_all: starting actual_max_vreg loop
[Debug]     select_all: starting actual_max_label loop
[Debug]     select_all: creating InstructionSelector
[Debug]     select_all: getting fn_name
[Debug]     select_all: bi loop starting
[Debug]       bi loop: bi=0, blocks.len=7
[Debug]       bi loop: bb accessed, pushing MACH_LABEL for bb.id=0
[Debug]       bi loop: block_instrs.len=25, data=000001E98AD772B0, start=0, len=5
[Debug]     select_inst: inst_idx=0, opcode=262
[Debug]     select_inst: inst_idx=1, opcode=269
[Debug]     select_inst: inst_idx=2, opcode=547
[Debug]     select_inst: inst_idx=3, opcode=525
[Debug]     select_inst: inst_idx=4, opcode=770
[Debug]       bi loop: bi=1, blocks.len=7
[Debug]       bi loop: bb accessed, pushing MACH_LABEL for bb.id=1
[Debug]       bi loop: block_instrs.len=25, data=000001E98AD772B0, start=5, len=5
[Debug]     select_inst: inst_idx=5, opcode=269
[Debug]     select_inst: inst_idx=6, opcode=771
[Debug]     select_inst: inst_idx=7, opcode=547
[Debug]     select_inst: inst_idx=8, opcode=270
[Debug]     select_inst: inst_idx=9, opcode=769
[Debug]       bi loop: bi=2, blocks.len=7
[Debug]       bi loop: bb accessed, pushing MACH_LABEL for bb.id=2
[Debug]       bi loop: block_instrs.len=25, data=000001E98AD772B0, start=10, len=1
[Debug]     select_inst: inst_idx=10, opcode=769
[Debug]       bi loop: bi=3, blocks.len=7
[Debug]       bi loop: bb accessed, pushing MACH_LABEL for bb.id=3
[Debug]       bi loop: block_instrs.len=25, data=000001E98AD772B0, start=11, len=2
[Debug]     select_inst: inst_idx=11, opcode=269
[Debug]     select_inst: inst_idx=12, opcode=769
[Debug]       bi loop: bi=4, blocks.len=7
[Debug]       bi loop: bb accessed, pushing MACH_LABEL for bb.id=4
[Debug]       bi loop: block_instrs.len=25, data=000001E98AD772B0, start=13, len=3
[Debug]     select_inst: inst_idx=13, opcode=547
[Debug]     select_inst: inst_idx=14, opcode=525
[Debug]     select_inst: inst_idx=15, opcode=770
[Debug]       bi loop: bi=5, blocks.len=7
[Debug]       bi loop: bb accessed, pushing MACH_LABEL for bb.id=5
[Debug]       bi loop: block_instrs.len=25, data=000001E98AD772B0, start=16, len=4
[Debug]     select_inst: inst_idx=16, opcode=269
[Debug]     select_inst: inst_idx=17, opcode=771
[Debug]     select_inst: inst_idx=18, opcode=262
[Debug]     select_inst: inst_idx=19, opcode=769
[Debug]       bi loop: bi=6, blocks.len=7
[Debug]       bi loop: bb accessed, pushing MACH_LABEL for bb.id=6
[Debug]       bi loop: block_instrs.len=25, data=000001E98AD772B0, start=20, len=5
[Debug]     select_inst: inst_idx=20, opcode=547
[Debug]     select_inst: inst_idx=21, opcode=270
[Debug]     select_inst: inst_idx=22, opcode=513
[Debug]     select_inst: inst_idx=23, opcode=270
[Debug]     select_inst: inst_idx=24, opcode=772
[Debug]   running compute_liveness
[Debug]   running graph_coloring_alloc
[Debug]   running insert_spill_code
[Debug]   running emit_function_binary
[Debug]   emit_function_binary done, pushing compiled info
[Debug]   freeing local resources
[Debug]     freeing cs_regs
[Debug]     freeing avail_gprs
[Debug]     freeing alloc_res.allocs
[Debug]     freeing intervals.data
[Debug]     freeing mach_insts.data
[Debug]     freeing final_insts.data
[Debug]     freeing emitter.code.data
[Debug]     freeing emitter.labels.keys
[Debug]     freeing emitter.labels.values
[Debug]     freeing emitter.fixups.data
[Debug]   freeing local resources done
[Debug] compile_native_binary: compiling function ax_segment_bump_alloc
[Debug]   running select_all
[Debug]     select_all: starting actual_max_vreg loop
[Debug]     select_all: starting actual_max_label loop
[Debug]     select_all: creating InstructionSelector
[Debug]     select_all: getting fn_name
[Debug]     select_all: bi loop starting
[Debug]       bi loop: bi=0, blocks.len=7
[Debug]       bi loop: bb accessed, pushing MACH_LABEL for bb.id=0
[Debug]       bi loop: block_instrs.len=29, data=000001E98AD77490, start=0, len=8
[Debug]     select_inst: inst_idx=0, opcode=262
[Debug]     select_inst: inst_idx=1, opcode=262
[Debug]     select_inst: inst_idx=2, opcode=547
[Debug]     select_inst: inst_idx=3, opcode=524
[Debug]     select_inst: inst_idx=4, opcode=513
[Debug]     select_inst: inst_idx=5, opcode=529
[Debug]     select_inst: inst_idx=6, opcode=531
[Debug]     select_inst: inst_idx=7, opcode=770
[Debug]       bi loop: bi=1, blocks.len=7
[Debug]       bi loop: bb accessed, pushing MACH_LABEL for bb.id=1
[Debug]       bi loop: block_instrs.len=29, data=000001E98AD77490, start=8, len=2
[Debug]     select_inst: inst_idx=8, opcode=547
[Debug]     select_inst: inst_idx=9, opcode=772
[Debug]       bi loop: bi=2, blocks.len=7
[Debug]       bi loop: bb accessed, pushing MACH_LABEL for bb.id=2
[Debug]       bi loop: block_instrs.len=29, data=000001E98AD77490, start=10, len=1
[Debug]     select_inst: inst_idx=10, opcode=769
[Debug]       bi loop: bi=3, blocks.len=7
[Debug]       bi loop: bb accessed, pushing MACH_LABEL for bb.id=3
[Debug]       bi loop: block_instrs.len=29, data=000001E98AD77490, start=11, len=8
[Debug]     select_inst: inst_idx=11, opcode=771
[Debug]     select_inst: inst_idx=12, opcode=269
[Debug]     select_inst: inst_idx=13, opcode=547
[Debug]     select_inst: inst_idx=14, opcode=515
[Debug]     select_inst: inst_idx=15, opcode=269
[Debug]     select_inst: inst_idx=16, opcode=547
[Debug]     select_inst: inst_idx=17, opcode=528
[Debug]     select_inst: inst_idx=18, opcode=770
[Debug]       bi loop: bi=4, blocks.len=7
[Debug]       bi loop: bb accessed, pushing MACH_LABEL for bb.id=4
[Debug]       bi loop: block_instrs.len=29, data=000001E98AD77490, start=19, len=2
[Debug]     select_inst: inst_idx=19, opcode=547
[Debug]     select_inst: inst_idx=20, opcode=772
[Debug]       bi loop: bi=5, blocks.len=7
[Debug]       bi loop: bb accessed, pushing MACH_LABEL for bb.id=5
[Debug]       bi loop: block_instrs.len=29, data=000001E98AD77490, start=21, len=1
[Debug]     select_inst: inst_idx=21, opcode=769
[Debug]       bi loop: bi=6, blocks.len=7
[Debug]       bi loop: bb accessed, pushing MACH_LABEL for bb.id=6
[Debug]       bi loop: block_instrs.len=29, data=000001E98AD77490, start=22, len=7
[Debug]     select_inst: inst_idx=22, opcode=269
[Debug]     select_inst: inst_idx=23, opcode=269
[Debug]     select_inst: inst_idx=24, opcode=547
[Debug]     select_inst: inst_idx=25, opcode=515
[Debug]     select_inst: inst_idx=26, opcode=547
[Debug]     select_inst: inst_idx=27, opcode=270
[Debug]     select_inst: inst_idx=28, opcode=772
[Debug]   running compute_liveness
[Debug]   running graph_coloring_alloc
[Debug]   running insert_spill_code
[Debug]   running emit_function_binary
[Debug]   emit_function_binary done, pushing compiled info
[Debug]   freeing local resources
[Debug]     freeing cs_regs
[Debug]     freeing avail_gprs
[Debug]     freeing alloc_res.allocs
[Debug]     freeing intervals.data
[Debug]     freeing mach_insts.data
[Debug]     freeing final_insts.data
[Debug]     freeing emitter.code.data
[Debug]     freeing emitter.labels.keys
[Debug]     freeing emitter.labels.values
[Debug]     freeing emitter.fixups.data
[Debug]   freeing local resources done
[Debug] compile_native_binary: compiling function ax_large_alloc
[Debug]   running select_all
[Debug]     select_all: starting actual_max_vreg loop
[Debug]     select_all: starting actual_max_label loop
[Debug]     select_all: creating InstructionSelector
[Debug]     select_all: getting fn_name
[Debug]     select_all: bi loop starting
[Debug]       bi loop: bi=0, blocks.len=4
[Debug]       bi loop: bb accessed, pushing MACH_LABEL for bb.id=0
[Debug]       bi loop: block_instrs.len=28, data=000001E98AD78110, start=0, len=13
[Debug]     select_inst: inst_idx=0, opcode=262
[Debug]     select_inst: inst_idx=1, opcode=513
[Debug]     select_inst: inst_idx=2, opcode=515
[Debug]     select_inst: inst_idx=3, opcode=513
[Debug]     select_inst: inst_idx=4, opcode=515
[Debug]     select_inst: inst_idx=5, opcode=513
[Debug]     select_inst: inst_idx=6, opcode=535
[Debug]     select_inst: inst_idx=7, opcode=0
[Debug]     select_inst: inst_idx=8, opcode=771
[Debug]     select_inst: inst_idx=9, opcode=547
[Debug]     select_inst: inst_idx=10, opcode=547
[Debug]     select_inst: inst_idx=11, opcode=524
[Debug]     select_inst: inst_idx=12, opcode=770
[Debug]       bi loop: bi=1, blocks.len=4
[Debug]       bi loop: bb accessed, pushing MACH_LABEL for bb.id=1
[Debug]       bi loop: block_instrs.len=28, data=000001E98AD78110, start=13, len=2
[Debug]     select_inst: inst_idx=13, opcode=547
[Debug]     select_inst: inst_idx=14, opcode=772
[Debug]       bi loop: bi=2, blocks.len=4
[Debug]       bi loop: bb accessed, pushing MACH_LABEL for bb.id=2
[Debug]       bi loop: block_instrs.len=28, data=000001E98AD78110, start=15, len=1
[Debug]     select_inst: inst_idx=15, opcode=769
[Debug]       bi loop: bi=3, blocks.len=4
[Debug]       bi loop: bb accessed, pushing MACH_LABEL for bb.id=3
[Debug]       bi loop: block_instrs.len=28, data=000001E98AD78110, start=16, len=12
[Debug]     select_inst: inst_idx=16, opcode=547
[Debug]     select_inst: inst_idx=17, opcode=513
[Debug]     select_inst: inst_idx=18, opcode=547
[Debug]     select_inst: inst_idx=19, opcode=270
[Debug]     select_inst: inst_idx=20, opcode=513
[Debug]     select_inst: inst_idx=21, opcode=547
[Debug]     select_inst: inst_idx=22, opcode=270
[Debug]     select_inst: inst_idx=23, opcode=547
[Debug]     select_inst: inst_idx=24, opcode=513
[Debug]     select_inst: inst_idx=25, opcode=515
[Debug]     select_inst: inst_idx=26, opcode=547
[Debug]     select_inst: inst_idx=27, opcode=772
[Debug]   running compute_liveness
[Debug]   running graph_coloring_alloc
[Debug]   running insert_spill_code
[Debug]   running emit_function_binary
[Debug]   emit_function_binary done, pushing compiled info
[Debug]   freeing local resources
[Debug]     freeing cs_regs
[Debug]     freeing avail_gprs
[Debug]     freeing alloc_res.allocs
[Debug]     freeing intervals.data
[Debug]     freeing mach_insts.data
[Debug]     freeing final_insts.data
[Debug]     freeing emitter.code.data
[Debug]     freeing emitter.labels.keys
[Debug]     freeing emitter.labels.values
[Debug]     freeing emitter.fixups.data
[Debug]   freeing local resources done
[Debug] compile_native_binary: compiling function ax_large_free
[Debug]   running select_all
[Debug]     select_all: starting actual_max_vreg loop
[Debug]     select_all: starting actual_max_label loop
[Debug]     select_all: creating InstructionSelector
[Debug]     select_all: getting fn_name
[Debug]     select_all: bi loop starting
[Debug]       bi loop: bi=0, blocks.len=4
[Debug]       bi loop: bb accessed, pushing MACH_LABEL for bb.id=0
[Debug]       bi loop: block_instrs.len=21, data=000001E98AD77530, start=0, len=5
[Debug]     select_inst: inst_idx=0, opcode=262
[Debug]     select_inst: inst_idx=1, opcode=262
[Debug]     select_inst: inst_idx=2, opcode=547
[Debug]     select_inst: inst_idx=3, opcode=524
[Debug]     select_inst: inst_idx=4, opcode=770
[Debug]       bi loop: bi=1, blocks.len=4
[Debug]       bi loop: bb accessed, pushing MACH_LABEL for bb.id=1
[Debug]       bi loop: block_instrs.len=21, data=000001E98AD77530, start=5, len=1
[Debug]     select_inst: inst_idx=5, opcode=772
[Debug]       bi loop: bi=2, blocks.len=4
[Debug]       bi loop: bb accessed, pushing MACH_LABEL for bb.id=2
[Debug]       bi loop: block_instrs.len=21, data=000001E98AD77530, start=6, len=1
[Debug]     select_inst: inst_idx=6, opcode=769
[Debug]       bi loop: bi=3, blocks.len=4
[Debug]       bi loop: bb accessed, pushing MACH_LABEL for bb.id=3
[Debug]       bi loop: block_instrs.len=21, data=000001E98AD77530, start=7, len=14
[Debug]     select_inst: inst_idx=7, opcode=547
[Debug]     select_inst: inst_idx=8, opcode=513
[Debug]     select_inst: inst_idx=9, opcode=516
[Debug]     select_inst: inst_idx=10, opcode=547
[Debug]     select_inst: inst_idx=11, opcode=513
[Debug]     select_inst: inst_idx=12, opcode=515
[Debug]     select_inst: inst_idx=13, opcode=513
[Debug]     select_inst: inst_idx=14, opcode=515
[Debug]     select_inst: inst_idx=15, opcode=513
[Debug]     select_inst: inst_idx=16, opcode=535
[Debug]     select_inst: inst_idx=17, opcode=0
[Debug]     select_inst: inst_idx=18, opcode=547
[Debug]     select_inst: inst_idx=19, opcode=771
[Debug]     select_inst: inst_idx=20, opcode=772
[Debug]   running compute_liveness
[Debug]   running graph_coloring_alloc
[Debug]   running insert_spill_code
[Debug]   running emit_function_binary
[Debug]   emit_function_binary done, pushing compiled info
[Debug]   freeing local resources
[Debug]     freeing cs_regs
[Debug]     freeing avail_gprs
[Debug]     freeing alloc_res.allocs
[Debug]     freeing intervals.data
[Debug]     freeing mach_insts.data
[Debug]     freeing final_insts.data
[Debug]     freeing emitter.code.data
[Debug]     freeing emitter.labels.keys
[Debug]     freeing emitter.labels.values
[Debug]     freeing emitter.fixups.data
[Debug]   freeing local resources done
[Debug] compile_native_binary: compiling function ax_actor_heap_create
[Debug]   running select_all
[Debug]     select_all: starting actual_max_vreg loop
[Debug]     select_all: starting actual_max_label loop
[Debug]     select_all: creating InstructionSelector
[Debug]     select_all: getting fn_name
[Debug]     select_all: bi loop starting
[Debug]       bi loop: bi=0, blocks.len=4
[Debug]       bi loop: bb accessed, pushing MACH_LABEL for bb.id=0
[Debug]       bi loop: block_instrs.len=26, data=000001E98AD78250, start=0, len=16
[Debug]     select_inst: inst_idx=0, opcode=262
[Debug]     select_inst: inst_idx=1, opcode=513
[Debug]     select_inst: inst_idx=2, opcode=771
[Debug]     select_inst: inst_idx=3, opcode=271
[Debug]     select_inst: inst_idx=4, opcode=771
[Debug]     select_inst: inst_idx=5, opcode=547
[Debug]     select_inst: inst_idx=6, opcode=513
[Debug]     select_inst: inst_idx=7, opcode=515
[Debug]     select_inst: inst_idx=8, opcode=513
[Debug]     select_inst: inst_idx=9, opcode=535
[Debug]     select_inst: inst_idx=10, opcode=0
[Debug]     select_inst: inst_idx=11, opcode=771
[Debug]     select_inst: inst_idx=12, opcode=547
[Debug]     select_inst: inst_idx=13, opcode=547
[Debug]     select_inst: inst_idx=14, opcode=524
[Debug]     select_inst: inst_idx=15, opcode=770
[Debug]       bi loop: bi=1, blocks.len=4
[Debug]       bi loop: bb accessed, pushing MACH_LABEL for bb.id=1
[Debug]       bi loop: block_instrs.len=26, data=000001E98AD78250, start=16, len=2
[Debug]     select_inst: inst_idx=16, opcode=547
[Debug]     select_inst: inst_idx=17, opcode=772
[Debug]       bi loop: bi=2, blocks.len=4
[Debug]       bi loop: bb accessed, pushing MACH_LABEL for bb.id=2
[Debug]       bi loop: block_instrs.len=26, data=000001E98AD78250, start=18, len=1
[Debug]     select_inst: inst_idx=18, opcode=769
[Debug]       bi loop: bi=3, blocks.len=4
[Debug]       bi loop: bb accessed, pushing MACH_LABEL for bb.id=3
[Debug]       bi loop: block_instrs.len=26, data=000001E98AD78250, start=19, len=7
[Debug]     select_inst: inst_idx=19, opcode=547
[Debug]     select_inst: inst_idx=20, opcode=513
[Debug]     select_inst: inst_idx=21, opcode=547
[Debug]     select_inst: inst_idx=22, opcode=771
[Debug]     select_inst: inst_idx=23, opcode=270
[Debug]     select_inst: inst_idx=24, opcode=270
[Debug]     select_inst: inst_idx=25, opcode=772
[Debug]   running compute_liveness
[Debug]   running graph_coloring_alloc
[Debug]   running insert_spill_code
[Debug]   running emit_function_binary
[Debug]   emit_function_binary done, pushing compiled info
[Debug]   freeing local resources
[Debug]     freeing cs_regs
[Debug]     freeing avail_gprs
[Debug]     freeing alloc_res.allocs
[Debug]     freeing intervals.data
[Debug]     freeing mach_insts.data
[Debug]     freeing final_insts.data
[Debug]     freeing emitter.code.data
[Debug]     freeing emitter.labels.keys
[Debug]     freeing emitter.labels.values
[Debug]     freeing emitter.fixups.data
[Debug]   freeing local resources done
[Debug] compile_native_binary: compiling function ax_actor_heap_destroy
[Debug]   running select_all
[Debug]     select_all: starting actual_max_vreg loop
[Debug]     select_all: starting actual_max_label loop
[Debug]     select_all: creating InstructionSelector
[Debug]     select_all: getting fn_name
[Debug]     select_all: bi loop starting
[Debug]       bi loop: bi=0, blocks.len=7
[Debug]       bi loop: bb accessed, pushing MACH_LABEL for bb.id=0
[Debug]       bi loop: block_instrs.len=36, data=000001E98ADBD580, start=0, len=7
[Debug]     select_inst: inst_idx=0, opcode=262
[Debug]     select_inst: inst_idx=1, opcode=547
[Debug]     select_inst: inst_idx=2, opcode=524
[Debug]     select_inst: inst_idx=3, opcode=269
[Debug]     select_inst: inst_idx=4, opcode=525
[Debug]     select_inst: inst_idx=5, opcode=531
[Debug]     select_inst: inst_idx=6, opcode=770
[Debug]       bi loop: bi=1, blocks.len=7
[Debug]       bi loop: bb accessed, pushing MACH_LABEL for bb.id=1
[Debug]       bi loop: block_instrs.len=36, data=000001E98ADBD580, start=7, len=1
[Debug]     select_inst: inst_idx=7, opcode=772
[Debug]       bi loop: bi=2, blocks.len=7
[Debug]       bi loop: bb accessed, pushing MACH_LABEL for bb.id=2
[Debug]       bi loop: block_instrs.len=36, data=000001E98ADBD580, start=8, len=1
[Debug]     select_inst: inst_idx=8, opcode=769
[Debug]       bi loop: bi=3, blocks.len=7
[Debug]       bi loop: bb accessed, pushing MACH_LABEL for bb.id=3
[Debug]       bi loop: block_instrs.len=36, data=000001E98ADBD580, start=9, len=2
[Debug]     select_inst: inst_idx=9, opcode=513
[Debug]     select_inst: inst_idx=10, opcode=769
[Debug]       bi loop: bi=4, blocks.len=7
[Debug]       bi loop: bb accessed, pushing MACH_LABEL for bb.id=4
[Debug]       bi loop: block_instrs.len=36, data=000001E98ADBD580, start=11, len=3
[Debug]     select_inst: inst_idx=11, opcode=513
[Debug]     select_inst: inst_idx=12, opcode=526
[Debug]     select_inst: inst_idx=13, opcode=770
[Debug]       bi loop: bi=5, blocks.len=7
[Debug]       bi loop: bb accessed, pushing MACH_LABEL for bb.id=5
[Debug]       bi loop: block_instrs.len=36, data=000001E98ADBD580, start=14, len=6
[Debug]     select_inst: inst_idx=14, opcode=771
[Debug]     select_inst: inst_idx=15, opcode=771
[Debug]     select_inst: inst_idx=16, opcode=513
[Debug]     select_inst: inst_idx=17, opcode=515
[Debug]     select_inst: inst_idx=18, opcode=262
[Debug]     select_inst: inst_idx=19, opcode=769
[Debug]       bi loop: bi=6, blocks.len=7
[Debug]       bi loop: bb accessed, pushing MACH_LABEL for bb.id=6
[Debug]       bi loop: block_instrs.len=36, data=000001E98ADBD580, start=20, len=16
[Debug]     select_inst: inst_idx=20, opcode=513
[Debug]     select_inst: inst_idx=21, opcode=547
[Debug]     select_inst: inst_idx=22, opcode=270
[Debug]     select_inst: inst_idx=23, opcode=513
[Debug]     select_inst: inst_idx=24, opcode=771
[Debug]     select_inst: inst_idx=25, opcode=271
[Debug]     select_inst: inst_idx=26, opcode=771
[Debug]     select_inst: inst_idx=27, opcode=547
[Debug]     select_inst: inst_idx=28, opcode=513
[Debug]     select_inst: inst_idx=29, opcode=515
[Debug]     select_inst: inst_idx=30, opcode=513
[Debug]     select_inst: inst_idx=31, opcode=535
[Debug]     select_inst: inst_idx=32, opcode=0
[Debug]     select_inst: inst_idx=33, opcode=547
[Debug]     select_inst: inst_idx=34, opcode=771
[Debug]     select_inst: inst_idx=35, opcode=772
[Debug]   running compute_liveness
[Debug]   running graph_coloring_alloc
[Debug]   running insert_spill_code
[Debug]   running emit_function_binary
[Debug]   emit_function_binary done, pushing compiled info
[Debug]   freeing local resources
[Debug]     freeing cs_regs
[Debug]     freeing avail_gprs
[Debug]     freeing alloc_res.allocs
[Debug]     freeing intervals.data
[Debug]     freeing mach_insts.data
[Debug]     freeing final_insts.data
[Debug]     freeing emitter.code.data
[Debug]     freeing emitter.labels.keys
[Debug]     freeing emitter.labels.values
[Debug]     freeing emitter.fixups.data
[Debug]   freeing local resources done
[Debug] compile_native_binary: compiling function ax_actor_alloc
[Debug]   running select_all
[Debug]     select_all: starting actual_max_vreg loop
[Debug]     select_all: starting actual_max_label loop
[Debug]     select_all: creating InstructionSelector
[Debug]     select_all: getting fn_name
[Debug]     select_all: bi loop starting
[Debug]       bi loop: bi=0, blocks.len=25
[Debug]       bi loop: bb accessed, pushing MACH_LABEL for bb.id=0
[Debug]       bi loop: block_instrs.len=91, data=000001E98ADC2520, start=0, len=8
[Debug]     select_inst: inst_idx=0, opcode=262
[Debug]     select_inst: inst_idx=1, opcode=262
[Debug]     select_inst: inst_idx=2, opcode=547
[Debug]     select_inst: inst_idx=3, opcode=524
[Debug]     select_inst: inst_idx=4, opcode=269
[Debug]     select_inst: inst_idx=5, opcode=525
[Debug]     select_inst: inst_idx=6, opcode=531
[Debug]     select_inst: inst_idx=7, opcode=770
[Debug]       bi loop: bi=1, blocks.len=25
[Debug]       bi loop: bb accessed, pushing MACH_LABEL for bb.id=1
[Debug]       bi loop: block_instrs.len=91, data=000001E98ADC2520, start=8, len=2
[Debug]     select_inst: inst_idx=8, opcode=547
[Debug]     select_inst: inst_idx=9, opcode=772
[Debug]       bi loop: bi=2, blocks.len=25
[Debug]       bi loop: bb accessed, pushing MACH_LABEL for bb.id=2
[Debug]       bi loop: block_instrs.len=91, data=000001E98ADC2520, start=10, len=1
[Debug]     select_inst: inst_idx=10, opcode=769
[Debug]       bi loop: bi=3, blocks.len=25
[Debug]       bi loop: bb accessed, pushing MACH_LABEL for bb.id=3
[Debug]       bi loop: block_instrs.len=91, data=000001E98ADC2520, start=11, len=4
[Debug]     select_inst: inst_idx=11, opcode=771
[Debug]     select_inst: inst_idx=12, opcode=513
[Debug]     select_inst: inst_idx=13, opcode=524
[Debug]     select_inst: inst_idx=14, opcode=770
[Debug]       bi loop: bi=4, blocks.len=25
[Debug]       bi loop: bb accessed, pushing MACH_LABEL for bb.id=4
[Debug]       bi loop: block_instrs.len=91, data=000001E98ADC2520, start=15, len=4
[Debug]     select_inst: inst_idx=15, opcode=771
[Debug]     select_inst: inst_idx=16, opcode=547
[Debug]     select_inst: inst_idx=17, opcode=525
[Debug]     select_inst: inst_idx=18, opcode=770
[Debug]       bi loop: bi=5, blocks.len=25
[Debug]       bi loop: bb accessed, pushing MACH_LABEL for bb.id=5
[Debug]       bi loop: block_instrs.len=91, data=000001E98ADC2520, start=31, len=1
[Debug]     select_inst: inst_idx=31, opcode=769
[Debug]       bi loop: bi=6, blocks.len=25
[Debug]       bi loop: bb accessed, pushing MACH_LABEL for bb.id=6
[Debug]       bi loop: block_instrs.len=91, data=000001E98ADC2520, start=32, len=5
[Debug]     select_inst: inst_idx=32, opcode=771
[Debug]     select_inst: inst_idx=33, opcode=771
[Debug]     select_inst: inst_idx=34, opcode=547
[Debug]     select_inst: inst_idx=35, opcode=524
[Debug]     select_inst: inst_idx=36, opcode=770
[Debug]       bi loop: bi=7, blocks.len=25
[Debug]       bi loop: bb accessed, pushing MACH_LABEL for bb.id=7
[Debug]       bi loop: block_instrs.len=91, data=000001E98ADC2520, start=19, len=10
[Debug]     select_inst: inst_idx=19, opcode=269
[Debug]     select_inst: inst_idx=20, opcode=547
[Debug]     select_inst: inst_idx=21, opcode=515
[Debug]     select_inst: inst_idx=22, opcode=270
[Debug]     select_inst: inst_idx=23, opcode=269
[Debug]     select_inst: inst_idx=24, opcode=513
[Debug]     select_inst: inst_idx=25, opcode=547
[Debug]     select_inst: inst_idx=26, opcode=515
[Debug]     select_inst: inst_idx=27, opcode=270
[Debug]     select_inst: inst_idx=28, opcode=769
[Debug]       bi loop: bi=8, blocks.len=25
[Debug]       bi loop: bb accessed, pushing MACH_LABEL for bb.id=8
[Debug]       bi loop: block_instrs.len=91, data=000001E98ADC2520, start=29, len=1
[Debug]     select_inst: inst_idx=29, opcode=769
[Debug]       bi loop: bi=9, blocks.len=25
[Debug]       bi loop: bb accessed, pushing MACH_LABEL for bb.id=9
[Debug]       bi loop: block_instrs.len=91, data=000001E98ADC2520, start=30, len=1
[Debug]     select_inst: inst_idx=30, opcode=772
[Debug]       bi loop: bi=10, blocks.len=25
[Debug]       bi loop: bb accessed, pushing MACH_LABEL for bb.id=10
[Debug]       bi loop: block_instrs.len=91, data=000001E98ADC2520, start=37, len=5
[Debug]     select_inst: inst_idx=37, opcode=771
[Debug]     select_inst: inst_idx=38, opcode=771
[Debug]     select_inst: inst_idx=39, opcode=547
[Debug]     select_inst: inst_idx=40, opcode=524
[Debug]     select_inst: inst_idx=41, opcode=770
[Debug]       bi loop: bi=11, blocks.len=25
[Debug]       bi loop: bb accessed, pushing MACH_LABEL for bb.id=11
[Debug]       bi loop: block_instrs.len=91, data=000001E98ADC2520, start=69, len=1
[Debug]     select_inst: inst_idx=69, opcode=769
[Debug]       bi loop: bi=12, blocks.len=25
[Debug]       bi loop: bb accessed, pushing MACH_LABEL for bb.id=12
[Debug]       bi loop: block_instrs.len=91, data=000001E98ADC2520, start=70, len=21
[Debug]     select_inst: inst_idx=70, opcode=547
[Debug]     select_inst: inst_idx=71, opcode=513
[Debug]     select_inst: inst_idx=72, opcode=547
[Debug]     select_inst: inst_idx=73, opcode=270
[Debug]     select_inst: inst_idx=74, opcode=547
[Debug]     select_inst: inst_idx=75, opcode=270
[Debug]     select_inst: inst_idx=76, opcode=771
[Debug]     select_inst: inst_idx=77, opcode=269
[Debug]     select_inst: inst_idx=78, opcode=547
[Debug]     select_inst: inst_idx=79, opcode=515
[Debug]     select_inst: inst_idx=80, opcode=270
[Debug]     select_inst: inst_idx=81, opcode=269
[Debug]     select_inst: inst_idx=82, opcode=513
[Debug]     select_inst: inst_idx=83, opcode=547
[Debug]     select_inst: inst_idx=84, opcode=515
[Debug]     select_inst: inst_idx=85, opcode=270
[Debug]     select_inst: inst_idx=86, opcode=547
[Debug]     select_inst: inst_idx=87, opcode=513
[Debug]     select_inst: inst_idx=88, opcode=515
[Debug]     select_inst: inst_idx=89, opcode=547
[Debug]     select_inst: inst_idx=90, opcode=772
[Debug]       bi loop: bi=13, blocks.len=25
[Debug]       bi loop: bb accessed, pushing MACH_LABEL for bb.id=13
[Debug]       bi loop: block_instrs.len=91, data=000001E98ADC2520, start=42, len=2
[Debug]     select_inst: inst_idx=42, opcode=547
[Debug]     select_inst: inst_idx=43, opcode=772
[Debug]       bi loop: bi=14, blocks.len=25
[Debug]       bi loop: bb accessed, pushing MACH_LABEL for bb.id=14
[Debug]       bi loop: block_instrs.len=91, data=000001E98ADC2520, start=44, len=1
[Debug]     select_inst: inst_idx=44, opcode=769
[Debug]       bi loop: bi=15, blocks.len=25
[Debug]       bi loop: bb accessed, pushing MACH_LABEL for bb.id=15
[Debug]       bi loop: block_instrs.len=91, data=000001E98ADC2520, start=45, len=5
[Debug]     select_inst: inst_idx=45, opcode=771
[Debug]     select_inst: inst_idx=46, opcode=262
[Debug]     select_inst: inst_idx=47, opcode=547
[Debug]     select_inst: inst_idx=48, opcode=524
[Debug]     select_inst: inst_idx=49, opcode=770
[Debug]       bi loop: bi=16, blocks.len=25
[Debug]       bi loop: bb accessed, pushing MACH_LABEL for bb.id=16
[Debug]       bi loop: block_instrs.len=91, data=000001E98ADC2520, start=50, len=5
[Debug]     select_inst: inst_idx=50, opcode=771
[Debug]     select_inst: inst_idx=51, opcode=262
[Debug]     select_inst: inst_idx=52, opcode=547
[Debug]     select_inst: inst_idx=53, opcode=524
[Debug]     select_inst: inst_idx=54, opcode=770
[Debug]       bi loop: bi=17, blocks.len=25
[Debug]       bi loop: bb accessed, pushing MACH_LABEL for bb.id=17
[Debug]       bi loop: block_instrs.len=91, data=000001E98ADC2520, start=67, len=1
[Debug]     select_inst: inst_idx=67, opcode=769
[Debug]       bi loop: bi=18, blocks.len=25
[Debug]       bi loop: bb accessed, pushing MACH_LABEL for bb.id=18
[Debug]       bi loop: block_instrs.len=91, data=000001E98ADC2520, start=68, len=1
[Debug]     select_inst: inst_idx=68, opcode=769
[Debug]       bi loop: bi=19, blocks.len=25
[Debug]       bi loop: bb accessed, pushing MACH_LABEL for bb.id=19
[Debug]       bi loop: block_instrs.len=91, data=000001E98ADC2520, start=55, len=2
[Debug]     select_inst: inst_idx=55, opcode=547
[Debug]     select_inst: inst_idx=56, opcode=772
[Debug]       bi loop: bi=20, blocks.len=25
[Debug]       bi loop: bb accessed, pushing MACH_LABEL for bb.id=20
[Debug]       bi loop: block_instrs.len=91, data=000001E98ADC2520, start=57, len=1
[Debug]     select_inst: inst_idx=57, opcode=769
[Debug]       bi loop: bi=21, blocks.len=25
[Debug]       bi loop: bb accessed, pushing MACH_LABEL for bb.id=21
[Debug]       bi loop: block_instrs.len=91, data=000001E98ADC2520, start=58, len=5
[Debug]     select_inst: inst_idx=58, opcode=771
[Debug]     select_inst: inst_idx=59, opcode=262
[Debug]     select_inst: inst_idx=60, opcode=547
[Debug]     select_inst: inst_idx=61, opcode=524
[Debug]     select_inst: inst_idx=62, opcode=770
[Debug]       bi loop: bi=22, blocks.len=25
[Debug]       bi loop: bb accessed, pushing MACH_LABEL for bb.id=22
[Debug]       bi loop: block_instrs.len=91, data=000001E98ADC2520, start=63, len=2
[Debug]     select_inst: inst_idx=63, opcode=547
[Debug]     select_inst: inst_idx=64, opcode=772
[Debug]       bi loop: bi=23, blocks.len=25
[Debug]       bi loop: bb accessed, pushing MACH_LABEL for bb.id=23
[Debug]       bi loop: block_instrs.len=91, data=000001E98ADC2520, start=65, len=1
[Debug]     select_inst: inst_idx=65, opcode=769
[Debug]       bi loop: bi=24, blocks.len=25
[Debug]       bi loop: bb accessed, pushing MACH_LABEL for bb.id=24
[Debug]       bi loop: block_instrs.len=91, data=000001E98ADC2520, start=66, len=1
[Debug]     select_inst: inst_idx=66, opcode=769
[Debug]   running compute_liveness
[Debug]   running graph_coloring_alloc
[Debug]   running insert_spill_code
[Debug]   running emit_function_binary
[Debug]   emit_function_binary done, pushing compiled info
[Debug]   freeing local resources
[Debug]     freeing cs_regs
[Debug]     freeing avail_gprs
[Debug]     freeing alloc_res.allocs
[Debug]     freeing intervals.data
[Debug]     freeing mach_insts.data
[Debug]     freeing final_insts.data
[Debug]     freeing emitter.code.data
[Debug]     freeing emitter.labels.keys
[Debug]     freeing emitter.labels.values
[Debug]     freeing emitter.fixups.data
[Debug]   freeing local resources done
[Debug] compile_native_binary: compiling function ax_actor_free
[Debug]   running select_all
[Debug]     select_all: starting actual_max_vreg loop
[Debug]     select_all: starting actual_max_label loop
[Debug]     select_all: creating InstructionSelector
[Debug]     select_all: getting fn_name
[Debug]     select_all: bi loop starting
[Debug]       bi loop: bi=0, blocks.len=7
[Debug]       bi loop: bb accessed, pushing MACH_LABEL for bb.id=0
[Debug]       bi loop: block_instrs.len=47, data=000001E98AD81B20, start=0, len=11
[Debug]     select_inst: inst_idx=0, opcode=262
[Debug]     select_inst: inst_idx=1, opcode=262
[Debug]     select_inst: inst_idx=2, opcode=547
[Debug]     select_inst: inst_idx=3, opcode=524
[Debug]     select_inst: inst_idx=4, opcode=547
[Debug]     select_inst: inst_idx=5, opcode=524
[Debug]     select_inst: inst_idx=6, opcode=531
[Debug]     select_inst: inst_idx=7, opcode=269
[Debug]     select_inst: inst_idx=8, opcode=525
[Debug]     select_inst: inst_idx=9, opcode=531
[Debug]     select_inst: inst_idx=10, opcode=770
[Debug]       bi loop: bi=1, blocks.len=7
[Debug]       bi loop: bb accessed, pushing MACH_LABEL for bb.id=1
[Debug]       bi loop: block_instrs.len=47, data=000001E98AD81B20, start=11, len=1
[Debug]     select_inst: inst_idx=11, opcode=772
[Debug]       bi loop: bi=2, blocks.len=7
[Debug]       bi loop: bb accessed, pushing MACH_LABEL for bb.id=2
[Debug]       bi loop: block_instrs.len=47, data=000001E98AD81B20, start=12, len=1
[Debug]     select_inst: inst_idx=12, opcode=769
[Debug]       bi loop: bi=3, blocks.len=7
[Debug]       bi loop: bb accessed, pushing MACH_LABEL for bb.id=3
[Debug]       bi loop: block_instrs.len=47, data=000001E98AD81B20, start=13, len=19
[Debug]     select_inst: inst_idx=13, opcode=547
[Debug]     select_inst: inst_idx=14, opcode=513
[Debug]     select_inst: inst_idx=15, opcode=516
[Debug]     select_inst: inst_idx=16, opcode=547
[Debug]     select_inst: inst_idx=17, opcode=547
[Debug]     select_inst: inst_idx=18, opcode=269
[Debug]     select_inst: inst_idx=19, opcode=513
[Debug]     select_inst: inst_idx=20, opcode=547
[Debug]     select_inst: inst_idx=21, opcode=0
[Debug]     select_inst: inst_idx=22, opcode=547
[Debug]     select_inst: inst_idx=23, opcode=513
[Debug]     select_inst: inst_idx=24, opcode=547
[Debug]     select_inst: inst_idx=25, opcode=270
[Debug]     select_inst: inst_idx=26, opcode=513
[Debug]     select_inst: inst_idx=27, opcode=524
[Debug]     select_inst: inst_idx=28, opcode=513
[Debug]     select_inst: inst_idx=29, opcode=529
[Debug]     select_inst: inst_idx=30, opcode=531
[Debug]     select_inst: inst_idx=31, opcode=770
[Debug]       bi loop: bi=4, blocks.len=7
[Debug]       bi loop: bb accessed, pushing MACH_LABEL for bb.id=4
[Debug]       bi loop: block_instrs.len=47, data=000001E98AD81B20, start=32, len=1
[Debug]     select_inst: inst_idx=32, opcode=772
[Debug]       bi loop: bi=5, blocks.len=7
[Debug]       bi loop: bb accessed, pushing MACH_LABEL for bb.id=5
[Debug]       bi loop: block_instrs.len=47, data=000001E98AD81B20, start=33, len=1
[Debug]     select_inst: inst_idx=33, opcode=769
[Debug]       bi loop: bi=6, blocks.len=7
[Debug]       bi loop: bb accessed, pushing MACH_LABEL for bb.id=6
[Debug]       bi loop: block_instrs.len=47, data=000001E98AD81B20, start=34, len=13
[Debug]     select_inst: inst_idx=34, opcode=771
[Debug]     select_inst: inst_idx=35, opcode=269
[Debug]     select_inst: inst_idx=36, opcode=547
[Debug]     select_inst: inst_idx=37, opcode=515
[Debug]     select_inst: inst_idx=38, opcode=270
[Debug]     select_inst: inst_idx=39, opcode=269
[Debug]     select_inst: inst_idx=40, opcode=513
[Debug]     select_inst: inst_idx=41, opcode=547
[Debug]     select_inst: inst_idx=42, opcode=515
[Debug]     select_inst: inst_idx=43, opcode=270
[Debug]     select_inst: inst_idx=44, opcode=771
[Debug]     select_inst: inst_idx=45, opcode=771
[Debug]     select_inst: inst_idx=46, opcode=772
[Debug]   running compute_liveness
[Debug]   running graph_coloring_alloc
[Debug]   running insert_spill_code
[Debug]   running emit_function_binary
[Debug]   emit_function_binary done, pushing compiled info
[Debug]   freeing local resources
[Debug]     freeing cs_regs
[Debug]     freeing avail_gprs
[Debug]     freeing alloc_res.allocs
[Debug]     freeing intervals.data
[Debug]     freeing mach_insts.data
[Debug]     freeing final_insts.data
[Debug]     freeing emitter.code.data
[Debug]     freeing emitter.labels.keys
[Debug]     freeing emitter.labels.values
[Debug]     freeing emitter.fixups.data
[Debug]   freeing local resources done
[Debug] compile_native_binary: compiling function ax_numa_alloc
[Debug]   running select_all
[Debug]     select_all: starting actual_max_vreg loop
[Debug]     select_all: starting actual_max_label loop
[Debug]     select_all: creating InstructionSelector
[Debug]     select_all: getting fn_name
[Debug]     select_all: bi loop starting
[Debug]       bi loop: bi=0, blocks.len=1
[Debug]       bi loop: bb accessed, pushing MACH_LABEL for bb.id=0
[Debug]       bi loop: block_instrs.len=5, data=000001E98ADBDC30, start=0, len=5
[Debug]     select_inst: inst_idx=0, opcode=262
[Debug]     select_inst: inst_idx=1, opcode=262
[Debug]     select_inst: inst_idx=2, opcode=771
[Debug]     select_inst: inst_idx=3, opcode=547
[Debug]     select_inst: inst_idx=4, opcode=772
[Debug]   running compute_liveness
[Debug]   running graph_coloring_alloc
[Debug]   running insert_spill_code
[Debug]   running emit_function_binary
[Debug]   emit_function_binary done, pushing compiled info
[Debug]   freeing local resources
[Debug]     freeing cs_regs
[Debug]     freeing avail_gprs
[Debug]     freeing alloc_res.allocs
[Debug]     freeing intervals.data
[Debug]     freeing mach_insts.data
[Debug]     freeing final_insts.data
[Debug]     freeing emitter.code.data
[Debug]     freeing emitter.labels.keys
[Debug]     freeing emitter.labels.values
[Debug]     freeing emitter.fixups.data
[Debug]   freeing local resources done
[Debug] compile_native_binary: compiling function init
[Debug]   running select_all
[Debug]     select_all: starting actual_max_vreg loop
[Debug]     select_all: starting actual_max_label loop
[Debug]     select_all: creating InstructionSelector
[Debug]     select_all: getting fn_name
[Debug]     select_all: bi loop starting
[Debug]       bi loop: bi=0, blocks.len=1
[Debug]       bi loop: bb accessed, pushing MACH_LABEL for bb.id=0
[Debug]       bi loop: block_instrs.len=19, data=000001E98AD764F0, start=0, len=19
[Debug]     select_inst: inst_idx=0, opcode=262
[Debug]     select_inst: inst_idx=1, opcode=269
[Debug]     select_inst: inst_idx=2, opcode=0
[Debug]     select_inst: inst_idx=3, opcode=547
[Debug]     select_inst: inst_idx=4, opcode=513
[Debug]     select_inst: inst_idx=5, opcode=547
[Debug]     select_inst: inst_idx=6, opcode=513
[Debug]     select_inst: inst_idx=7, opcode=547
[Debug]     select_inst: inst_idx=8, opcode=513
[Debug]     select_inst: inst_idx=9, opcode=547
[Debug]     select_inst: inst_idx=10, opcode=517
[Debug]     select_inst: inst_idx=11, opcode=771
[Debug]     select_inst: inst_idx=12, opcode=513
[Debug]     select_inst: inst_idx=13, opcode=547
[Debug]     select_inst: inst_idx=14, opcode=270
[Debug]     select_inst: inst_idx=15, opcode=513
[Debug]     select_inst: inst_idx=16, opcode=547
[Debug]     select_inst: inst_idx=17, opcode=270
[Debug]     select_inst: inst_idx=18, opcode=772
[Debug]   running compute_liveness
[Debug]   running graph_coloring_alloc
[Debug]   running insert_spill_code
[Debug]   running emit_function_binary
[Debug]   emit_function_binary done, pushing compiled info
[Debug]   freeing local resources
[Debug]     freeing cs_regs
[Debug]     freeing avail_gprs
[Debug]     freeing alloc_res.allocs
[Debug]     freeing intervals.data
[Debug]     freeing mach_insts.data
[Debug]     freeing final_insts.data
[Debug]     freeing emitter.code.data
[Debug]     freeing emitter.labels.keys
[Debug]     freeing emitter.labels.values
[Debug]     freeing emitter.fixups.data
[Debug]   freeing local resources done
[Debug] compile_native_binary: compiling function push
[Debug]   running select_all
[Debug]     select_all: starting actual_max_vreg loop
[Debug]     select_all: starting actual_max_label loop
[Debug]     select_all: creating InstructionSelector
[Debug]     select_all: getting fn_name
[Debug]     select_all: bi loop starting
[Debug]       bi loop: bi=0, blocks.len=4
[Debug]       bi loop: bb accessed, pushing MACH_LABEL for bb.id=0
[Debug]       bi loop: block_instrs.len=27, data=000001E98AD77670, start=0, len=9
[Debug]     select_inst: inst_idx=0, opcode=262
[Debug]     select_inst: inst_idx=1, opcode=262
[Debug]     select_inst: inst_idx=2, opcode=269
[Debug]     select_inst: inst_idx=3, opcode=269
[Debug]     select_inst: inst_idx=4, opcode=516
[Debug]     select_inst: inst_idx=5, opcode=513
[Debug]     select_inst: inst_idx=6, opcode=547
[Debug]     select_inst: inst_idx=7, opcode=529
[Debug]     select_inst: inst_idx=8, opcode=770
[Debug]       bi loop: bi=1, blocks.len=4
[Debug]       bi loop: bb accessed, pushing MACH_LABEL for bb.id=1
[Debug]       bi loop: block_instrs.len=27, data=000001E98AD77670, start=9, len=4
[Debug]     select_inst: inst_idx=9, opcode=513
[Debug]     select_inst: inst_idx=10, opcode=547
[Debug]     select_inst: inst_idx=11, opcode=541
[Debug]     select_inst: inst_idx=12, opcode=772
[Debug]       bi loop: bi=2, blocks.len=4
[Debug]       bi loop: bb accessed, pushing MACH_LABEL for bb.id=2
[Debug]       bi loop: block_instrs.len=27, data=000001E98AD77670, start=13, len=1
[Debug]     select_inst: inst_idx=13, opcode=769
[Debug]       bi loop: bi=3, blocks.len=4
[Debug]       bi loop: bb accessed, pushing MACH_LABEL for bb.id=3
[Debug]       bi loop: block_instrs.len=27, data=000001E98AD77670, start=14, len=13
[Debug]     select_inst: inst_idx=14, opcode=269
[Debug]     select_inst: inst_idx=15, opcode=513
[Debug]     select_inst: inst_idx=16, opcode=547
[Debug]     select_inst: inst_idx=17, opcode=519
[Debug]     select_inst: inst_idx=18, opcode=547
[Debug]     select_inst: inst_idx=19, opcode=260
[Debug]     select_inst: inst_idx=20, opcode=513
[Debug]     select_inst: inst_idx=21, opcode=547
[Debug]     select_inst: inst_idx=22, opcode=515
[Debug]     select_inst: inst_idx=23, opcode=270
[Debug]     select_inst: inst_idx=24, opcode=513
[Debug]     select_inst: inst_idx=25, opcode=547
[Debug]     select_inst: inst_idx=26, opcode=772
[Debug]   running compute_liveness
[Debug]   running graph_coloring_alloc
[Debug]   running insert_spill_code
[Debug]   running emit_function_binary
[Debug]   emit_function_binary done, pushing compiled info
[Debug]   freeing local resources
[Debug]     freeing cs_regs
[Debug]     freeing avail_gprs
[Debug]     freeing alloc_res.allocs
[Debug]     freeing intervals.data
[Debug]     freeing mach_insts.data
[Debug]     freeing final_insts.data
[Debug]     freeing emitter.code.data
[Debug]     freeing emitter.labels.keys
[Debug]     freeing emitter.labels.values
[Debug]     freeing emitter.fixups.data
[Debug]   freeing local resources done
[Debug] compile_native_binary: compiling function pop
[Debug]   running select_all
[Debug]     select_all: starting actual_max_vreg loop
[Debug]     select_all: starting actual_max_label loop
[Debug]     select_all: creating InstructionSelector
[Debug]     select_all: getting fn_name
[Debug]     select_all: bi loop starting
[Debug]       bi loop: bi=0, blocks.len=10
[Debug]       bi loop: bb accessed, pushing MACH_LABEL for bb.id=0
[Debug]       bi loop: block_instrs.len=48, data=000001E98AD81D60, start=0, len=6
[Debug]     select_inst: inst_idx=0, opcode=262
[Debug]     select_inst: inst_idx=1, opcode=269
[Debug]     select_inst: inst_idx=2, opcode=513
[Debug]     select_inst: inst_idx=3, opcode=547
[Debug]     select_inst: inst_idx=4, opcode=524
[Debug]     select_inst: inst_idx=5, opcode=770
[Debug]       bi loop: bi=1, blocks.len=10
[Debug]       bi loop: bb accessed, pushing MACH_LABEL for bb.id=1
[Debug]       bi loop: block_instrs.len=48, data=000001E98AD81D60, start=6, len=3
[Debug]     select_inst: inst_idx=6, opcode=513
[Debug]     select_inst: inst_idx=7, opcode=547
[Debug]     select_inst: inst_idx=8, opcode=772
[Debug]       bi loop: bi=2, blocks.len=10
[Debug]       bi loop: bb accessed, pushing MACH_LABEL for bb.id=2
[Debug]       bi loop: block_instrs.len=48, data=000001E98AD81D60, start=9, len=1
[Debug]     select_inst: inst_idx=9, opcode=769
[Debug]       bi loop: bi=3, blocks.len=10
[Debug]       bi loop: bb accessed, pushing MACH_LABEL for bb.id=3
[Debug]       bi loop: block_instrs.len=48, data=000001E98AD81D60, start=10, len=8
[Debug]     select_inst: inst_idx=10, opcode=513
[Debug]     select_inst: inst_idx=11, opcode=547
[Debug]     select_inst: inst_idx=12, opcode=516
[Debug]     select_inst: inst_idx=13, opcode=262
[Debug]     select_inst: inst_idx=14, opcode=270
[Debug]     select_inst: inst_idx=15, opcode=269
[Debug]     select_inst: inst_idx=16, opcode=527
[Debug]     select_inst: inst_idx=17, opcode=770
[Debug]       bi loop: bi=4, blocks.len=10
[Debug]       bi loop: bb accessed, pushing MACH_LABEL for bb.id=4
[Debug]       bi loop: block_instrs.len=48, data=000001E98AD81D60, start=18, len=7
[Debug]     select_inst: inst_idx=18, opcode=269
[Debug]     select_inst: inst_idx=19, opcode=513
[Debug]     select_inst: inst_idx=20, opcode=547
[Debug]     select_inst: inst_idx=21, opcode=519
[Debug]     select_inst: inst_idx=22, opcode=547
[Debug]     select_inst: inst_idx=23, opcode=271
[Debug]     select_inst: inst_idx=24, opcode=772
[Debug]       bi loop: bi=5, blocks.len=10
[Debug]       bi loop: bb accessed, pushing MACH_LABEL for bb.id=5
[Debug]       bi loop: block_instrs.len=48, data=000001E98AD81D60, start=25, len=1
[Debug]     select_inst: inst_idx=25, opcode=769
[Debug]       bi loop: bi=6, blocks.len=10
[Debug]       bi loop: bb accessed, pushing MACH_LABEL for bb.id=6
[Debug]       bi loop: block_instrs.len=48, data=000001E98AD81D60, start=26, len=2
[Debug]     select_inst: inst_idx=26, opcode=524
[Debug]     select_inst: inst_idx=27, opcode=770
[Debug]       bi loop: bi=7, blocks.len=10
[Debug]       bi loop: bb accessed, pushing MACH_LABEL for bb.id=7
[Debug]       bi loop: block_instrs.len=48, data=000001E98AD81D60, start=28, len=15
[Debug]     select_inst: inst_idx=28, opcode=513
[Debug]     select_inst: inst_idx=29, opcode=547
[Debug]     select_inst: inst_idx=30, opcode=515
[Debug]     select_inst: inst_idx=31, opcode=270
[Debug]     select_inst: inst_idx=32, opcode=513
[Debug]     select_inst: inst_idx=33, opcode=547
[Debug]     select_inst: inst_idx=34, opcode=515
[Debug]     select_inst: inst_idx=35, opcode=270
[Debug]     select_inst: inst_idx=36, opcode=269
[Debug]     select_inst: inst_idx=37, opcode=513
[Debug]     select_inst: inst_idx=38, opcode=547
[Debug]     select_inst: inst_idx=39, opcode=519
[Debug]     select_inst: inst_idx=40, opcode=547
[Debug]     select_inst: inst_idx=41, opcode=271
[Debug]     select_inst: inst_idx=42, opcode=772
[Debug]       bi loop: bi=8, blocks.len=10
[Debug]       bi loop: bb accessed, pushing MACH_LABEL for bb.id=8
[Debug]       bi loop: block_instrs.len=48, data=000001E98AD81D60, start=43, len=1
[Debug]     select_inst: inst_idx=43, opcode=769
[Debug]       bi loop: bi=9, blocks.len=10
[Debug]       bi loop: bb accessed, pushing MACH_LABEL for bb.id=9
[Debug]       bi loop: block_instrs.len=48, data=000001E98AD81D60, start=44, len=4
[Debug]     select_inst: inst_idx=44, opcode=270
[Debug]     select_inst: inst_idx=45, opcode=513
[Debug]     select_inst: inst_idx=46, opcode=547
[Debug]     select_inst: inst_idx=47, opcode=772
[Debug]   running compute_liveness
[Debug]   running graph_coloring_alloc
[Debug]   running insert_spill_code
[Debug]   running emit_function_binary
[Debug]   emit_function_binary done, pushing compiled info
[Debug]   freeing local resources
[Debug]     freeing cs_regs
[Debug]     freeing avail_gprs
[Debug]     freeing alloc_res.allocs
[Debug]     freeing intervals.data
[Debug]     freeing mach_insts.data
[Debug]     freeing final_insts.data
[Debug]     freeing emitter.code.data
[Debug]     freeing emitter.labels.keys
[Debug]     freeing emitter.labels.values
[Debug]     freeing emitter.fixups.data
[Debug]   freeing local resources done
[Debug] compile_native_binary: compiling function steal
[Debug]   running select_all
[Debug]     select_all: starting actual_max_vreg loop
[Debug]     select_all: starting actual_max_label loop
[Debug]     select_all: creating InstructionSelector
[Debug]     select_all: getting fn_name
[Debug]     select_all: bi loop starting
[Debug]       bi loop: bi=0, blocks.len=4
[Debug]       bi loop: bb accessed, pushing MACH_LABEL for bb.id=0
[Debug]       bi loop: block_instrs.len=20, data=000001E98AD77210, start=0, len=5
[Debug]     select_inst: inst_idx=0, opcode=262
[Debug]     select_inst: inst_idx=1, opcode=269
[Debug]     select_inst: inst_idx=2, opcode=269
[Debug]     select_inst: inst_idx=3, opcode=529
[Debug]     select_inst: inst_idx=4, opcode=770
[Debug]       bi loop: bi=1, blocks.len=4
[Debug]       bi loop: bb accessed, pushing MACH_LABEL for bb.id=1
[Debug]       bi loop: block_instrs.len=20, data=000001E98AD77210, start=5, len=3
[Debug]     select_inst: inst_idx=5, opcode=513
[Debug]     select_inst: inst_idx=6, opcode=547
[Debug]     select_inst: inst_idx=7, opcode=772
[Debug]       bi loop: bi=2, blocks.len=4
[Debug]       bi loop: bb accessed, pushing MACH_LABEL for bb.id=2
[Debug]       bi loop: block_instrs.len=20, data=000001E98AD77210, start=8, len=1
[Debug]     select_inst: inst_idx=8, opcode=769
[Debug]       bi loop: bi=3, blocks.len=4
[Debug]       bi loop: bb accessed, pushing MACH_LABEL for bb.id=3
[Debug]       bi loop: block_instrs.len=20, data=000001E98AD77210, start=9, len=11
[Debug]     select_inst: inst_idx=9, opcode=269
[Debug]     select_inst: inst_idx=10, opcode=513
[Debug]     select_inst: inst_idx=11, opcode=547
[Debug]     select_inst: inst_idx=12, opcode=519
[Debug]     select_inst: inst_idx=13, opcode=547
[Debug]     select_inst: inst_idx=14, opcode=271
[Debug]     select_inst: inst_idx=15, opcode=513
[Debug]     select_inst: inst_idx=16, opcode=547
[Debug]     select_inst: inst_idx=17, opcode=515
[Debug]     select_inst: inst_idx=18, opcode=270
[Debug]     select_inst: inst_idx=19, opcode=772
[Debug]   running compute_liveness
[Debug]   running graph_coloring_alloc
[Debug]   running insert_spill_code
[Debug]   running emit_function_binary
[Debug]   emit_function_binary done, pushing compiled info
[Debug]   freeing local resources
[Debug]     freeing cs_regs
[Debug]     freeing avail_gprs
[Debug]     freeing alloc_res.allocs
[Debug]     freeing intervals.data
[Debug]     freeing mach_insts.data
[Debug]     freeing final_insts.data
[Debug]     freeing emitter.code.data
[Debug]     freeing emitter.labels.keys
[Debug]     freeing emitter.labels.values
[Debug]     freeing emitter.fixups.data
[Debug]   freeing local resources done
[Debug] compile_native_binary: compiling function empty
[Debug]   running select_all
[Debug]     select_all: starting actual_max_vreg loop
[Debug]     select_all: starting actual_max_label loop
[Debug]     select_all: creating InstructionSelector
[Debug]     select_all: getting fn_name
[Debug]     select_all: bi loop starting
[Debug]       bi loop: bi=0, blocks.len=4
[Debug]       bi loop: bb accessed, pushing MACH_LABEL for bb.id=0
[Debug]       bi loop: block_instrs.len=12, data=000001E98ADBD750, start=0, len=5
[Debug]     select_inst: inst_idx=0, opcode=262
[Debug]     select_inst: inst_idx=1, opcode=269
[Debug]     select_inst: inst_idx=2, opcode=269
[Debug]     select_inst: inst_idx=3, opcode=529
[Debug]     select_inst: inst_idx=4, opcode=770
[Debug]       bi loop: bi=1, blocks.len=4
[Debug]       bi loop: bb accessed, pushing MACH_LABEL for bb.id=1
[Debug]       bi loop: block_instrs.len=12, data=000001E98ADBD750, start=5, len=3
[Debug]     select_inst: inst_idx=5, opcode=513
[Debug]     select_inst: inst_idx=6, opcode=547
[Debug]     select_inst: inst_idx=7, opcode=772
[Debug]       bi loop: bi=2, blocks.len=4
[Debug]       bi loop: bb accessed, pushing MACH_LABEL for bb.id=2
[Debug]       bi loop: block_instrs.len=12, data=000001E98ADBD750, start=8, len=1
[Debug]     select_inst: inst_idx=8, opcode=769
[Debug]       bi loop: bi=3, blocks.len=4
[Debug]       bi loop: bb accessed, pushing MACH_LABEL for bb.id=3
[Debug]       bi loop: block_instrs.len=12, data=000001E98ADBD750, start=9, len=3
[Debug]     select_inst: inst_idx=9, opcode=513
[Debug]     select_inst: inst_idx=10, opcode=547
[Debug]     select_inst: inst_idx=11, opcode=772
[Debug]   running compute_liveness
[Debug]   running graph_coloring_alloc
[Debug]   running insert_spill_code
[Debug]   running emit_function_binary
[Debug]   emit_function_binary done, pushing compiled info
[Debug]   freeing local resources
[Debug]     freeing cs_regs
[Debug]     freeing avail_gprs
[Debug]     freeing alloc_res.allocs
[Debug]     freeing intervals.data
[Debug]     freeing mach_insts.data
[Debug]     freeing final_insts.data
[Debug]     freeing emitter.code.data
[Debug]     freeing emitter.labels.keys
[Debug]     freeing emitter.labels.values
[Debug]     freeing emitter.fixups.data
[Debug]   freeing local resources done
[Debug] compile_native_binary: compiling function init
[Debug]   running select_all
[Debug]     select_all: starting actual_max_vreg loop
[Debug]     select_all: starting actual_max_label loop
[Debug]     select_all: creating InstructionSelector
[Debug]     select_all: getting fn_name
[Debug]     select_all: bi loop starting
[Debug]       bi loop: bi=0, blocks.len=7
[Debug]       bi loop: bb accessed, pushing MACH_LABEL for bb.id=0
[Debug]       bi loop: block_instrs.len=58, data=000001E98ADC5460, start=0, len=10
[Debug]     select_inst: inst_idx=0, opcode=262
[Debug]     select_inst: inst_idx=1, opcode=262
[Debug]     select_inst: inst_idx=2, opcode=513
[Debug]     select_inst: inst_idx=3, opcode=547
[Debug]     select_inst: inst_idx=4, opcode=524
[Debug]     select_inst: inst_idx=5, opcode=513
[Debug]     select_inst: inst_idx=6, opcode=547
[Debug]     select_inst: inst_idx=7, opcode=528
[Debug]     select_inst: inst_idx=8, opcode=531
[Debug]     select_inst: inst_idx=9, opcode=770
[Debug]       bi loop: bi=1, blocks.len=7
[Debug]       bi loop: bb accessed, pushing MACH_LABEL for bb.id=1
[Debug]       bi loop: block_instrs.len=58, data=000001E98ADC5460, start=10, len=4
[Debug]     select_inst: inst_idx=10, opcode=513
[Debug]     select_inst: inst_idx=11, opcode=547
[Debug]     select_inst: inst_idx=12, opcode=541
[Debug]     select_inst: inst_idx=13, opcode=772
[Debug]       bi loop: bi=2, blocks.len=7
[Debug]       bi loop: bb accessed, pushing MACH_LABEL for bb.id=2
[Debug]       bi loop: block_instrs.len=58, data=000001E98ADC5460, start=14, len=1
[Debug]     select_inst: inst_idx=14, opcode=769
[Debug]       bi loop: bi=3, blocks.len=7
[Debug]       bi loop: bb accessed, pushing MACH_LABEL for bb.id=3
[Debug]       bi loop: block_instrs.len=58, data=000001E98ADC5460, start=15, len=17
[Debug]     select_inst: inst_idx=15, opcode=0
[Debug]     select_inst: inst_idx=16, opcode=547
[Debug]     select_inst: inst_idx=17, opcode=513
[Debug]     select_inst: inst_idx=18, opcode=771
[Debug]     select_inst: inst_idx=19, opcode=271
[Debug]     select_inst: inst_idx=20, opcode=771
[Debug]     select_inst: inst_idx=21, opcode=513
[Debug]     select_inst: inst_idx=22, opcode=547
[Debug]     select_inst: inst_idx=23, opcode=547
[Debug]     select_inst: inst_idx=24, opcode=771
[Debug]     select_inst: inst_idx=25, opcode=270
[Debug]     select_inst: inst_idx=26, opcode=513
[Debug]     select_inst: inst_idx=27, opcode=547
[Debug]     select_inst: inst_idx=28, opcode=270
[Debug]     select_inst: inst_idx=29, opcode=513
[Debug]     select_inst: inst_idx=30, opcode=547
[Debug]     select_inst: inst_idx=31, opcode=769
[Debug]       bi loop: bi=4, blocks.len=7
[Debug]       bi loop: bb accessed, pushing MACH_LABEL for bb.id=4
[Debug]       bi loop: block_instrs.len=58, data=000001E98ADC5460, start=32, len=2
[Debug]     select_inst: inst_idx=32, opcode=526
[Debug]     select_inst: inst_idx=33, opcode=770
[Debug]       bi loop: bi=5, blocks.len=7
[Debug]       bi loop: bb accessed, pushing MACH_LABEL for bb.id=5
[Debug]       bi loop: block_instrs.len=58, data=000001E98ADC5460, start=34, len=21
[Debug]     select_inst: inst_idx=34, opcode=269
[Debug]     select_inst: inst_idx=35, opcode=547
[Debug]     select_inst: inst_idx=36, opcode=271
[Debug]     select_inst: inst_idx=37, opcode=270
[Debug]     select_inst: inst_idx=38, opcode=269
[Debug]     select_inst: inst_idx=39, opcode=547
[Debug]     select_inst: inst_idx=40, opcode=271
[Debug]     select_inst: inst_idx=41, opcode=269
[Debug]     select_inst: inst_idx=42, opcode=269
[Debug]     select_inst: inst_idx=43, opcode=771
[Debug]     select_inst: inst_idx=44, opcode=269
[Debug]     select_inst: inst_idx=45, opcode=547
[Debug]     select_inst: inst_idx=46, opcode=271
[Debug]     select_inst: inst_idx=47, opcode=513
[Debug]     select_inst: inst_idx=48, opcode=547
[Debug]     select_inst: inst_idx=49, opcode=270
[Debug]     select_inst: inst_idx=50, opcode=513
[Debug]     select_inst: inst_idx=51, opcode=547
[Debug]     select_inst: inst_idx=52, opcode=515
[Debug]     select_inst: inst_idx=53, opcode=262
[Debug]     select_inst: inst_idx=54, opcode=769
[Debug]       bi loop: bi=6, blocks.len=7
[Debug]       bi loop: bb accessed, pushing MACH_LABEL for bb.id=6
[Debug]       bi loop: block_instrs.len=58, data=000001E98ADC5460, start=55, len=3
[Debug]     select_inst: inst_idx=55, opcode=513
[Debug]     select_inst: inst_idx=56, opcode=547
[Debug]     select_inst: inst_idx=57, opcode=772
[Debug]   running compute_liveness
[Debug]   running graph_coloring_alloc
[Debug]   running insert_spill_code
[Debug]   running emit_function_binary
[Debug]   emit_function_binary done, pushing compiled info
[Debug]   freeing local resources
[Debug]     freeing cs_regs
[Debug]     freeing avail_gprs
[Debug]     freeing alloc_res.allocs
[Debug]     freeing intervals.data
[Debug]     freeing mach_insts.data
[Debug]     freeing final_insts.data
[Debug]     freeing emitter.code.data
[Debug]     freeing emitter.labels.keys
[Debug]     freeing emitter.labels.values
[Debug]     freeing emitter.fixups.data
[Debug]   freeing local resources done
[Debug] compile_native_binary: compiling function submit
[Debug]   running select_all
[Debug]     select_all: starting actual_max_vreg loop
[Debug]     select_all: starting actual_max_label loop
[Debug]     select_all: creating InstructionSelector
[Debug]     select_all: getting fn_name
[Debug]     select_all: bi loop starting
[Debug]       bi loop: bi=0, blocks.len=7
[Debug]       bi loop: bb accessed, pushing MACH_LABEL for bb.id=0
[Debug]       bi loop: block_instrs.len=34, data=000001E98ADC6DD0, start=0, len=6
[Debug]     select_inst: inst_idx=0, opcode=262
[Debug]     select_inst: inst_idx=1, opcode=262
[Debug]     select_inst: inst_idx=2, opcode=513
[Debug]     select_inst: inst_idx=3, opcode=547
[Debug]     select_inst: inst_idx=4, opcode=524
[Debug]     select_inst: inst_idx=5, opcode=770
[Debug]       bi loop: bi=1, blocks.len=7
[Debug]       bi loop: bb accessed, pushing MACH_LABEL for bb.id=1
[Debug]       bi loop: block_instrs.len=34, data=000001E98ADC6DD0, start=6, len=4
[Debug]     select_inst: inst_idx=6, opcode=513
[Debug]     select_inst: inst_idx=7, opcode=547
[Debug]     select_inst: inst_idx=8, opcode=541
[Debug]     select_inst: inst_idx=9, opcode=772
[Debug]       bi loop: bi=2, blocks.len=7
[Debug]       bi loop: bb accessed, pushing MACH_LABEL for bb.id=2
[Debug]       bi loop: block_instrs.len=34, data=000001E98ADC6DD0, start=10, len=1
[Debug]     select_inst: inst_idx=10, opcode=769
[Debug]       bi loop: bi=3, blocks.len=7
[Debug]       bi loop: bb accessed, pushing MACH_LABEL for bb.id=3
[Debug]       bi loop: block_instrs.len=34, data=000001E98ADC6DD0, start=11, len=15
[Debug]     select_inst: inst_idx=11, opcode=269
[Debug]     select_inst: inst_idx=12, opcode=269
[Debug]     select_inst: inst_idx=13, opcode=547
[Debug]     select_inst: inst_idx=14, opcode=519
[Debug]     select_inst: inst_idx=15, opcode=547
[Debug]     select_inst: inst_idx=16, opcode=269
[Debug]     select_inst: inst_idx=17, opcode=547
[Debug]     select_inst: inst_idx=18, opcode=271
[Debug]     select_inst: inst_idx=19, opcode=269
[Debug]     select_inst: inst_idx=20, opcode=269
[Debug]     select_inst: inst_idx=21, opcode=771
[Debug]     select_inst: inst_idx=22, opcode=513
[Debug]     select_inst: inst_idx=23, opcode=547
[Debug]     select_inst: inst_idx=24, opcode=524
[Debug]     select_inst: inst_idx=25, opcode=770
[Debug]       bi loop: bi=4, blocks.len=7
[Debug]       bi loop: bb accessed, pushing MACH_LABEL for bb.id=4
[Debug]       bi loop: block_instrs.len=34, data=000001E98ADC6DD0, start=26, len=6
[Debug]     select_inst: inst_idx=26, opcode=269
[Debug]     select_inst: inst_idx=27, opcode=513
[Debug]     select_inst: inst_idx=28, opcode=547
[Debug]     select_inst: inst_idx=29, opcode=515
[Debug]     select_inst: inst_idx=30, opcode=270
[Debug]     select_inst: inst_idx=31, opcode=769
[Debug]       bi loop: bi=5, blocks.len=7
[Debug]       bi loop: bb accessed, pushing MACH_LABEL for bb.id=5
[Debug]       bi loop: block_instrs.len=34, data=000001E98ADC6DD0, start=32, len=1
[Debug]     select_inst: inst_idx=32, opcode=769
[Debug]       bi loop: bi=6, blocks.len=7
[Debug]       bi loop: bb accessed, pushing MACH_LABEL for bb.id=6
[Debug]       bi loop: block_instrs.len=34, data=000001E98ADC6DD0, start=33, len=1
[Debug]     select_inst: inst_idx=33, opcode=772
[Debug]   running compute_liveness
[Debug]   running graph_coloring_alloc
[Debug]   running insert_spill_code
[Debug]   running emit_function_binary
[Debug]   emit_function_binary done, pushing compiled info
[Debug]   freeing local resources
[Debug]     freeing cs_regs
[Debug]     freeing avail_gprs
[Debug]     freeing alloc_res.allocs
[Debug]     freeing intervals.data
[Debug]     freeing mach_insts.data
[Debug]     freeing final_insts.data
[Debug]     freeing emitter.code.data
[Debug]     freeing emitter.labels.keys
[Debug]     freeing emitter.labels.values
[Debug]     freeing emitter.fixups.data
[Debug]   freeing local resources done
[Debug] compile_native_binary: compiling function ax_actor_system_init
[Debug]   running select_all
[Debug]     select_all: starting actual_max_vreg loop
[Debug]     select_all: starting actual_max_label loop
[Debug]     select_all: creating InstructionSelector
[Debug]     select_all: getting fn_name
[Debug]     select_all: bi loop starting
[Debug]       bi loop: bi=0, blocks.len=4
[Debug]       bi loop: bb accessed, pushing MACH_LABEL for bb.id=0
[Debug]       bi loop: block_instrs.len=47, data=000001E98ADC7310, start=0, len=3
[Debug]     select_inst: inst_idx=0, opcode=547
[Debug]     select_inst: inst_idx=1, opcode=525
[Debug]     select_inst: inst_idx=2, opcode=770
[Debug]       bi loop: bi=1, blocks.len=4
[Debug]       bi loop: bb accessed, pushing MACH_LABEL for bb.id=1
[Debug]       bi loop: block_instrs.len=47, data=000001E98ADC7310, start=3, len=1
[Debug]     select_inst: inst_idx=3, opcode=772
[Debug]       bi loop: bi=2, blocks.len=4
[Debug]       bi loop: bb accessed, pushing MACH_LABEL for bb.id=2
[Debug]       bi loop: block_instrs.len=47, data=000001E98ADC7310, start=4, len=1
[Debug]     select_inst: inst_idx=4, opcode=769
[Debug]       bi loop: bi=3, blocks.len=4
[Debug]       bi loop: bb accessed, pushing MACH_LABEL for bb.id=3
[Debug]       bi loop: block_instrs.len=47, data=000001E98ADC7310, start=5, len=42
[Debug]     select_inst: inst_idx=5, opcode=513
[Debug]     select_inst: inst_idx=6, opcode=771
[Debug]     select_inst: inst_idx=7, opcode=271
[Debug]     select_inst: inst_idx=8, opcode=771
[Debug]     select_inst: inst_idx=9, opcode=547
[Debug]     select_inst: inst_idx=10, opcode=771
[Debug]     select_inst: inst_idx=11, opcode=547
[Debug]     select_inst: inst_idx=12, opcode=513
[Debug]     select_inst: inst_idx=13, opcode=547
[Debug]     select_inst: inst_idx=14, opcode=270
[Debug]     select_inst: inst_idx=15, opcode=513
[Debug]     select_inst: inst_idx=16, opcode=547
[Debug]     select_inst: inst_idx=17, opcode=270
[Debug]     select_inst: inst_idx=18, opcode=513
[Debug]     select_inst: inst_idx=19, opcode=547
[Debug]     select_inst: inst_idx=20, opcode=513
[Debug]     select_inst: inst_idx=21, opcode=771
[Debug]     select_inst: inst_idx=22, opcode=271
[Debug]     select_inst: inst_idx=23, opcode=771
[Debug]     select_inst: inst_idx=24, opcode=547
[Debug]     select_inst: inst_idx=25, opcode=517
[Debug]     select_inst: inst_idx=26, opcode=771
[Debug]     select_inst: inst_idx=27, opcode=547
[Debug]     select_inst: inst_idx=28, opcode=270
[Debug]     select_inst: inst_idx=29, opcode=269
[Debug]     select_inst: inst_idx=30, opcode=547
[Debug]     select_inst: inst_idx=31, opcode=513
[Debug]     select_inst: inst_idx=32, opcode=547
[Debug]     select_inst: inst_idx=33, opcode=771
[Debug]     select_inst: inst_idx=34, opcode=513
[Debug]     select_inst: inst_idx=35, opcode=771
[Debug]     select_inst: inst_idx=36, opcode=271
[Debug]     select_inst: inst_idx=37, opcode=771
[Debug]     select_inst: inst_idx=38, opcode=547
[Debug]     select_inst: inst_idx=39, opcode=771
[Debug]     select_inst: inst_idx=40, opcode=547
[Debug]     select_inst: inst_idx=41, opcode=513
[Debug]     select_inst: inst_idx=42, opcode=547
[Debug]     select_inst: inst_idx=43, opcode=269
[Debug]     select_inst: inst_idx=44, opcode=771
[Debug]     select_inst: inst_idx=45, opcode=513
[Debug]     select_inst: inst_idx=46, opcode=772
[Debug]   running compute_liveness
[Debug]   running graph_coloring_alloc
[Debug]   running insert_spill_code
[Debug]   running emit_function_binary
[Debug]   emit_function_binary done, pushing compiled info
[Debug]   freeing local resources
[Debug]     freeing cs_regs
[Debug]     freeing avail_gprs
[Debug]     freeing alloc_res.allocs
[Debug]     freeing intervals.data
[Debug]     freeing mach_insts.data
[Debug]     freeing final_insts.data
[Debug]     freeing emitter.code.data
[Debug]     freeing emitter.labels.keys
[Debug]     freeing emitter.labels.values
[Debug]     freeing emitter.fixups.data
[Debug]   freeing local resources done
[Debug] compile_native_binary: compiling function ax_actor_lookup
[Debug]   running select_all
[Debug]     select_all: starting actual_max_vreg loop
[Debug]     select_all: starting actual_max_label loop
[Debug]     select_all: creating InstructionSelector
[Debug]     select_all: getting fn_name
[Debug]     select_all: bi loop starting
[Debug]       bi loop: bi=0, blocks.len=10
[Debug]       bi loop: bb accessed, pushing MACH_LABEL for bb.id=0
[Debug]       bi loop: block_instrs.len=53, data=000001E98ADC7850, start=0, len=8
[Debug]     select_inst: inst_idx=0, opcode=262
[Debug]     select_inst: inst_idx=1, opcode=547
[Debug]     select_inst: inst_idx=2, opcode=524
[Debug]     select_inst: inst_idx=3, opcode=513
[Debug]     select_inst: inst_idx=4, opcode=547
[Debug]     select_inst: inst_idx=5, opcode=524
[Debug]     select_inst: inst_idx=6, opcode=531
[Debug]     select_inst: inst_idx=7, opcode=770
[Debug]       bi loop: bi=1, blocks.len=10
[Debug]       bi loop: bb accessed, pushing MACH_LABEL for bb.id=1
[Debug]       bi loop: block_instrs.len=53, data=000001E98ADC7850, start=8, len=2
[Debug]     select_inst: inst_idx=8, opcode=547
[Debug]     select_inst: inst_idx=9, opcode=772
[Debug]       bi loop: bi=2, blocks.len=10
[Debug]       bi loop: bb accessed, pushing MACH_LABEL for bb.id=2
[Debug]       bi loop: block_instrs.len=53, data=000001E98ADC7850, start=10, len=1
[Debug]     select_inst: inst_idx=10, opcode=769
[Debug]       bi loop: bi=3, blocks.len=10
[Debug]       bi loop: bb accessed, pushing MACH_LABEL for bb.id=3
[Debug]       bi loop: block_instrs.len=53, data=000001E98ADC7850, start=11, len=7
[Debug]     select_inst: inst_idx=11, opcode=513
[Debug]     select_inst: inst_idx=12, opcode=547
[Debug]     select_inst: inst_idx=13, opcode=519
[Debug]     select_inst: inst_idx=14, opcode=547
[Debug]     select_inst: inst_idx=15, opcode=513
[Debug]     select_inst: inst_idx=16, opcode=547
[Debug]     select_inst: inst_idx=17, opcode=769
[Debug]       bi loop: bi=4, blocks.len=10
[Debug]       bi loop: bb accessed, pushing MACH_LABEL for bb.id=4
[Debug]       bi loop: block_instrs.len=53, data=000001E98ADC7850, start=18, len=4
[Debug]     select_inst: inst_idx=18, opcode=513
[Debug]     select_inst: inst_idx=19, opcode=547
[Debug]     select_inst: inst_idx=20, opcode=526
[Debug]     select_inst: inst_idx=21, opcode=770
[Debug]       bi loop: bi=5, blocks.len=10
[Debug]       bi loop: bb accessed, pushing MACH_LABEL for bb.id=5
[Debug]       bi loop: block_instrs.len=53, data=000001E98ADC7850, start=22, len=21
[Debug]     select_inst: inst_idx=22, opcode=269
[Debug]     select_inst: inst_idx=23, opcode=547
[Debug]     select_inst: inst_idx=24, opcode=515
[Debug]     select_inst: inst_idx=25, opcode=513
[Debug]     select_inst: inst_idx=26, opcode=547
[Debug]     select_inst: inst_idx=27, opcode=519
[Debug]     select_inst: inst_idx=28, opcode=513
[Debug]     select_inst: inst_idx=29, opcode=771
[Debug]     select_inst: inst_idx=30, opcode=271
[Debug]     select_inst: inst_idx=31, opcode=771
[Debug]     select_inst: inst_idx=32, opcode=547
[Debug]     select_inst: inst_idx=33, opcode=517
[Debug]     select_inst: inst_idx=34, opcode=515
[Debug]     select_inst: inst_idx=35, opcode=547
[Debug]     select_inst: inst_idx=36, opcode=269
[Debug]     select_inst: inst_idx=37, opcode=524
[Debug]     select_inst: inst_idx=38, opcode=269
[Debug]     select_inst: inst_idx=39, opcode=513
[Debug]     select_inst: inst_idx=40, opcode=525
[Debug]     select_inst: inst_idx=41, opcode=530
[Debug]     select_inst: inst_idx=42, opcode=770
[Debug]       bi loop: bi=6, blocks.len=10
[Debug]       bi loop: bb accessed, pushing MACH_LABEL for bb.id=6
[Debug]       bi loop: block_instrs.len=53, data=000001E98ADC7850, start=51, len=2
[Debug]     select_inst: inst_idx=51, opcode=547
[Debug]     select_inst: inst_idx=52, opcode=772
[Debug]       bi loop: bi=7, blocks.len=10
[Debug]       bi loop: bb accessed, pushing MACH_LABEL for bb.id=7
[Debug]       bi loop: block_instrs.len=53, data=000001E98ADC7850, start=43, len=2
[Debug]     select_inst: inst_idx=43, opcode=547
[Debug]     select_inst: inst_idx=44, opcode=772
[Debug]       bi loop: bi=8, blocks.len=10
[Debug]       bi loop: bb accessed, pushing MACH_LABEL for bb.id=8
[Debug]       bi loop: block_instrs.len=53, data=000001E98ADC7850, start=45, len=1
[Debug]     select_inst: inst_idx=45, opcode=769
[Debug]       bi loop: bi=9, blocks.len=10
[Debug]       bi loop: bb accessed, pushing MACH_LABEL for bb.id=9
[Debug]       bi loop: block_instrs.len=53, data=000001E98ADC7850, start=46, len=5
[Debug]     select_inst: inst_idx=46, opcode=513
[Debug]     select_inst: inst_idx=47, opcode=547
[Debug]     select_inst: inst_idx=48, opcode=515
[Debug]     select_inst: inst_idx=49, opcode=262
[Debug]     select_inst: inst_idx=50, opcode=769
[Debug]   running compute_liveness
[Debug]   running graph_coloring_alloc
[Debug]   running insert_spill_code
[Debug]   running emit_function_binary
[Debug]   emit_function_binary done, pushing compiled info
[Debug]   freeing local resources
[Debug]     freeing cs_regs
[Debug]     freeing avail_gprs
[Debug]     freeing alloc_res.allocs
[Debug]     freeing intervals.data
[Debug]     freeing mach_insts.data
[Debug]     freeing final_insts.data
[Debug]     freeing emitter.code.data
[Debug]     freeing emitter.labels.keys
[Debug]     freeing emitter.labels.values
[Debug]     freeing emitter.fixups.data
[Debug]   freeing local resources done
[Debug] compile_native_binary: compiling function ax_msgq_init
[Debug]   running select_all
[Debug]     select_all: starting actual_max_vreg loop
[Debug]     select_all: starting actual_max_label loop
[Debug]     select_all: creating InstructionSelector
[Debug]     select_all: getting fn_name
[Debug]     select_all: bi loop starting
[Debug]       bi loop: bi=0, blocks.len=1
[Debug]       bi loop: bb accessed, pushing MACH_LABEL for bb.id=0
[Debug]       bi loop: block_instrs.len=12, data=000001E98ADC5FF0, start=0, len=12
[Debug]     select_inst: inst_idx=0, opcode=262
[Debug]     select_inst: inst_idx=1, opcode=547
[Debug]     select_inst: inst_idx=2, opcode=270
[Debug]     select_inst: inst_idx=3, opcode=547
[Debug]     select_inst: inst_idx=4, opcode=270
[Debug]     select_inst: inst_idx=5, opcode=513
[Debug]     select_inst: inst_idx=6, opcode=547
[Debug]     select_inst: inst_idx=7, opcode=270
[Debug]     select_inst: inst_idx=8, opcode=513
[Debug]     select_inst: inst_idx=9, opcode=547
[Debug]     select_inst: inst_idx=10, opcode=270
[Debug]     select_inst: inst_idx=11, opcode=772
[Debug]   running compute_liveness
[Debug]   running graph_coloring_alloc
[Debug]   running insert_spill_code
[Debug]   running emit_function_binary
[Debug]   emit_function_binary done, pushing compiled info
[Debug]   freeing local resources
[Debug]     freeing cs_regs
[Debug]     freeing avail_gprs
[Debug]     freeing alloc_res.allocs
[Debug]     freeing intervals.data
[Debug]     freeing mach_insts.data
[Debug]     freeing final_insts.data
[Debug]     freeing emitter.code.data
[Debug]     freeing emitter.labels.keys
[Debug]     freeing emitter.labels.values
[Debug]   freeing local resources done
[Debug] compile_native_binary: compiling function ax_msgq_push
[Debug]   running select_all
[Debug]     select_all: starting actual_max_vreg loop
[Debug]     select_all: starting actual_max_label loop
[Debug]     select_all: creating InstructionSelector
[Debug]     select_all: getting fn_name
[Debug]     select_all: bi loop starting
[Debug]       bi loop: bi=0, blocks.len=4
[Debug]       bi loop: bb accessed, pushing MACH_LABEL for bb.id=0
[Debug]       bi loop: block_instrs.len=26, data=000001E98AD77C10, start=0, len=8
[Debug]     select_inst: inst_idx=0, opcode=262
[Debug]     select_inst: inst_idx=1, opcode=262
[Debug]     select_inst: inst_idx=2, opcode=547
[Debug]     select_inst: inst_idx=3, opcode=270
[Debug]     select_inst: inst_idx=4, opcode=269
[Debug]     select_inst: inst_idx=5, opcode=547
[Debug]     select_inst: inst_idx=6, opcode=524
[Debug]     select_inst: inst_idx=7, opcode=770
[Debug]       bi loop: bi=1, blocks.len=4
[Debug]       bi loop: bb accessed, pushing MACH_LABEL for bb.id=1
[Debug]       bi loop: block_instrs.len=26, data=000001E98AD77C10, start=8, len=3
[Debug]     select_inst: inst_idx=8, opcode=270
[Debug]     select_inst: inst_idx=9, opcode=270
[Debug]     select_inst: inst_idx=10, opcode=769
[Debug]       bi loop: bi=2, blocks.len=4
[Debug]       bi loop: bb accessed, pushing MACH_LABEL for bb.id=2
[Debug]       bi loop: block_instrs.len=26, data=000001E98AD77C10, start=11, len=4
[Debug]     select_inst: inst_idx=11, opcode=269
[Debug]     select_inst: inst_idx=12, opcode=270
[Debug]     select_inst: inst_idx=13, opcode=270
[Debug]     select_inst: inst_idx=14, opcode=769
[Debug]       bi loop: bi=3, blocks.len=4
[Debug]       bi loop: bb accessed, pushing MACH_LABEL for bb.id=3
[Debug]       bi loop: block_instrs.len=26, data=000001E98AD77C10, start=15, len=11
[Debug]     select_inst: inst_idx=15, opcode=269
[Debug]     select_inst: inst_idx=16, opcode=513
[Debug]     select_inst: inst_idx=17, opcode=547
[Debug]     select_inst: inst_idx=18, opcode=515
[Debug]     select_inst: inst_idx=19, opcode=270
[Debug]     select_inst: inst_idx=20, opcode=269
[Debug]     select_inst: inst_idx=21, opcode=513
[Debug]     select_inst: inst_idx=22, opcode=547
[Debug]     select_inst: inst_idx=23, opcode=515
[Debug]     select_inst: inst_idx=24, opcode=270
[Debug]     select_inst: inst_idx=25, opcode=772
[Debug]   running compute_liveness
[Debug]   running graph_coloring_alloc
[Debug]   running insert_spill_code
[Debug]   running emit_function_binary
[Debug]   emit_function_binary done, pushing compiled info
[Debug]   freeing local resources
[Debug]     freeing cs_regs
[Debug]     freeing avail_gprs
[Debug]     freeing alloc_res.allocs
[Debug]     freeing intervals.data
[Debug]     freeing mach_insts.data
[Debug]     freeing final_insts.data
[Debug]     freeing emitter.code.data
[Debug]     freeing emitter.labels.keys
[Debug]     freeing emitter.labels.values
[Debug]     freeing emitter.fixups.data
[Debug]   freeing local resources done
[Debug] compile_native_binary: compiling function ax_msgq_pop
[Debug]   running select_all
[Debug]     select_all: starting actual_max_vreg loop
[Debug]     select_all: starting actual_max_label loop
[Debug]     select_all: creating InstructionSelector
[Debug]     select_all: getting fn_name
[Debug]     select_all: bi loop starting
[Debug]       bi loop: bi=0, blocks.len=7
[Debug]       bi loop: bb accessed, pushing MACH_LABEL for bb.id=0
[Debug]       bi loop: block_instrs.len=24, data=000001E98AD76950, start=0, len=5
[Debug]     select_inst: inst_idx=0, opcode=262
[Debug]     select_inst: inst_idx=1, opcode=269
[Debug]     select_inst: inst_idx=2, opcode=547
[Debug]     select_inst: inst_idx=3, opcode=524
[Debug]     select_inst: inst_idx=4, opcode=770
[Debug]       bi loop: bi=1, blocks.len=7
[Debug]       bi loop: bb accessed, pushing MACH_LABEL for bb.id=1
[Debug]       bi loop: block_instrs.len=24, data=000001E98AD76950, start=5, len=2
[Debug]     select_inst: inst_idx=5, opcode=547
[Debug]     select_inst: inst_idx=6, opcode=772
[Debug]       bi loop: bi=2, blocks.len=7
[Debug]       bi loop: bb accessed, pushing MACH_LABEL for bb.id=2
[Debug]       bi loop: block_instrs.len=24, data=000001E98AD76950, start=7, len=1
[Debug]     select_inst: inst_idx=7, opcode=769
[Debug]       bi loop: bi=3, blocks.len=7
[Debug]       bi loop: bb accessed, pushing MACH_LABEL for bb.id=3
[Debug]       bi loop: block_instrs.len=24, data=000001E98AD76950, start=8, len=6
[Debug]     select_inst: inst_idx=8, opcode=269
[Debug]     select_inst: inst_idx=9, opcode=270
[Debug]     select_inst: inst_idx=10, opcode=269
[Debug]     select_inst: inst_idx=11, opcode=547
[Debug]     select_inst: inst_idx=12, opcode=524
[Debug]     select_inst: inst_idx=13, opcode=770
[Debug]       bi loop: bi=4, blocks.len=7
[Debug]       bi loop: bb accessed, pushing MACH_LABEL for bb.id=4
[Debug]       bi loop: block_instrs.len=24, data=000001E98AD76950, start=14, len=3
[Debug]     select_inst: inst_idx=14, opcode=547
[Debug]     select_inst: inst_idx=15, opcode=270
[Debug]     select_inst: inst_idx=16, opcode=769
[Debug]       bi loop: bi=5, blocks.len=7
[Debug]       bi loop: bb accessed, pushing MACH_LABEL for bb.id=5
[Debug]       bi loop: block_instrs.len=24, data=000001E98AD76950, start=17, len=1
[Debug]     select_inst: inst_idx=17, opcode=769
[Debug]       bi loop: bi=6, blocks.len=7
[Debug]       bi loop: bb accessed, pushing MACH_LABEL for bb.id=6
[Debug]       bi loop: block_instrs.len=24, data=000001E98AD76950, start=18, len=6
[Debug]     select_inst: inst_idx=18, opcode=269
[Debug]     select_inst: inst_idx=19, opcode=513
[Debug]     select_inst: inst_idx=20, opcode=547
[Debug]     select_inst: inst_idx=21, opcode=516
[Debug]     select_inst: inst_idx=22, opcode=270
[Debug]     select_inst: inst_idx=23, opcode=772
[Debug]   running compute_liveness
[Debug]   running graph_coloring_alloc
[Debug]   running insert_spill_code
[Debug]   running emit_function_binary
[Debug]   emit_function_binary done, pushing compiled info
[Debug]   freeing local resources
[Debug]     freeing cs_regs
[Debug]     freeing avail_gprs
[Debug]     freeing alloc_res.allocs
[Debug]     freeing intervals.data
[Debug]     freeing mach_insts.data
[Debug]     freeing final_insts.data
[Debug]     freeing emitter.code.data
[Debug]     freeing emitter.labels.keys
[Debug]     freeing emitter.labels.values
[Debug]     freeing emitter.fixups.data
[Debug]   freeing local resources done
[Debug] compile_native_binary: compiling function ax_actor_send
[Debug]   running select_all
[Debug]     select_all: starting actual_max_vreg loop
[Debug]     select_all: starting actual_max_label loop
[Debug]     select_all: creating InstructionSelector
[Debug]     select_all: getting fn_name
[Debug]     select_all: bi loop starting
[Debug]       bi loop: bi=0, blocks.len=10
[Debug]       bi loop: bb accessed, pushing MACH_LABEL for bb.id=0
[Debug]       bi loop: block_instrs.len=64, data=000001E98ADCB760, start=0, len=10
[Debug]     select_inst: inst_idx=0, opcode=262
[Debug]     select_inst: inst_idx=1, opcode=262
[Debug]     select_inst: inst_idx=2, opcode=262
[Debug]     select_inst: inst_idx=3, opcode=262
[Debug]     select_inst: inst_idx=4, opcode=262
[Debug]     select_inst: inst_idx=5, opcode=771
[Debug]     select_inst: inst_idx=6, opcode=547
[Debug]     select_inst: inst_idx=7, opcode=547
[Debug]     select_inst: inst_idx=8, opcode=524
[Debug]     select_inst: inst_idx=9, opcode=770
[Debug]       bi loop: bi=1, blocks.len=10
[Debug]       bi loop: bb accessed, pushing MACH_LABEL for bb.id=1
[Debug]       bi loop: block_instrs.len=64, data=000001E98ADCB760, start=10, len=4
[Debug]     select_inst: inst_idx=10, opcode=513
[Debug]     select_inst: inst_idx=11, opcode=547
[Debug]     select_inst: inst_idx=12, opcode=541
[Debug]     select_inst: inst_idx=13, opcode=772
[Debug]       bi loop: bi=2, blocks.len=10
[Debug]       bi loop: bb accessed, pushing MACH_LABEL for bb.id=2
[Debug]       bi loop: block_instrs.len=64, data=000001E98ADCB760, start=14, len=1
[Debug]     select_inst: inst_idx=14, opcode=769
[Debug]       bi loop: bi=3, blocks.len=10
[Debug]       bi loop: bb accessed, pushing MACH_LABEL for bb.id=3
[Debug]       bi loop: block_instrs.len=64, data=000001E98ADCB760, start=15, len=13
[Debug]     select_inst: inst_idx=15, opcode=513
[Debug]     select_inst: inst_idx=16, opcode=771
[Debug]     select_inst: inst_idx=17, opcode=271
[Debug]     select_inst: inst_idx=18, opcode=771
[Debug]     select_inst: inst_idx=19, opcode=547
[Debug]     select_inst: inst_idx=20, opcode=547
[Debug]     select_inst: inst_idx=21, opcode=515
[Debug]     select_inst: inst_idx=22, opcode=269
[Debug]     select_inst: inst_idx=23, opcode=771
[Debug]     select_inst: inst_idx=24, opcode=547
[Debug]     select_inst: inst_idx=25, opcode=547
[Debug]     select_inst: inst_idx=26, opcode=524
[Debug]     select_inst: inst_idx=27, opcode=770
[Debug]       bi loop: bi=4, blocks.len=10
[Debug]       bi loop: bb accessed, pushing MACH_LABEL for bb.id=4
[Debug]       bi loop: block_instrs.len=64, data=000001E98ADCB760, start=28, len=4
[Debug]     select_inst: inst_idx=28, opcode=513
[Debug]     select_inst: inst_idx=29, opcode=547
[Debug]     select_inst: inst_idx=30, opcode=541
[Debug]     select_inst: inst_idx=31, opcode=772
[Debug]       bi loop: bi=5, blocks.len=10
[Debug]       bi loop: bb accessed, pushing MACH_LABEL for bb.id=5
[Debug]       bi loop: block_instrs.len=64, data=000001E98ADCB760, start=32, len=1
[Debug]     select_inst: inst_idx=32, opcode=769
[Debug]       bi loop: bi=6, blocks.len=10
[Debug]       bi loop: bb accessed, pushing MACH_LABEL for bb.id=6
[Debug]       bi loop: block_instrs.len=64, data=000001E98ADCB760, start=33, len=12
[Debug]     select_inst: inst_idx=33, opcode=547
[Debug]     select_inst: inst_idx=34, opcode=270
[Debug]     select_inst: inst_idx=35, opcode=270
[Debug]     select_inst: inst_idx=36, opcode=270
[Debug]     select_inst: inst_idx=37, opcode=270
[Debug]     select_inst: inst_idx=38, opcode=547
[Debug]     select_inst: inst_idx=39, opcode=525
[Debug]     select_inst: inst_idx=40, opcode=513
[Debug]     select_inst: inst_idx=41, opcode=547
[Debug]     select_inst: inst_idx=42, opcode=528
[Debug]     select_inst: inst_idx=43, opcode=530
[Debug]     select_inst: inst_idx=44, opcode=770
[Debug]       bi loop: bi=7, blocks.len=10
[Debug]       bi loop: bb accessed, pushing MACH_LABEL for bb.id=7
[Debug]       bi loop: block_instrs.len=64, data=000001E98ADCB760, start=45, len=12
[Debug]     select_inst: inst_idx=45, opcode=547
[Debug]     select_inst: inst_idx=46, opcode=513
[Debug]     select_inst: inst_idx=47, opcode=771
[Debug]     select_inst: inst_idx=48, opcode=271
[Debug]     select_inst: inst_idx=49, opcode=771
[Debug]     select_inst: inst_idx=50, opcode=547
[Debug]     select_inst: inst_idx=51, opcode=515
[Debug]     select_inst: inst_idx=52, opcode=547
[Debug]     select_inst: inst_idx=53, opcode=547
[Debug]     select_inst: inst_idx=54, opcode=547
[Debug]     select_inst: inst_idx=55, opcode=771
[Debug]     select_inst: inst_idx=56, opcode=769
[Debug]       bi loop: bi=8, blocks.len=10
[Debug]       bi loop: bb accessed, pushing MACH_LABEL for bb.id=8
[Debug]       bi loop: block_instrs.len=64, data=000001E98ADCB760, start=57, len=1
[Debug]     select_inst: inst_idx=57, opcode=769
[Debug]       bi loop: bi=9, blocks.len=10
[Debug]       bi loop: bb accessed, pushing MACH_LABEL for bb.id=9
[Debug]       bi loop: block_instrs.len=64, data=000001E98ADCB760, start=58, len=6
[Debug]     select_inst: inst_idx=58, opcode=269
[Debug]     select_inst: inst_idx=59, opcode=0
[Debug]     select_inst: inst_idx=60, opcode=771
[Debug]     select_inst: inst_idx=61, opcode=513
[Debug]     select_inst: inst_idx=62, opcode=547
[Debug]     select_inst: inst_idx=63, opcode=772
[Debug]   running compute_liveness
[Debug]   running graph_coloring_alloc
[Debug]   running insert_spill_code
[Debug]   running emit_function_binary
[Debug]   emit_function_binary done, pushing compiled info
[Debug]   freeing local resources
[Debug]     freeing cs_regs
[Debug]     freeing avail_gprs
[Debug]     freeing alloc_res.allocs
[Debug]     freeing intervals.data
[Debug]     freeing mach_insts.data
[Debug]     freeing final_insts.data
[Debug]     freeing emitter.code.data
[Debug]     freeing emitter.labels.keys
[Debug]     freeing emitter.labels.values
[Debug]     freeing emitter.fixups.data
[Debug]   freeing local resources done
[Debug] compile_native_binary: compiling function ax_actor_spawn
[Debug]   running select_all
[Debug]     select_all: starting actual_max_vreg loop
[Debug]     select_all: starting actual_max_label loop
[Debug]     select_all: creating InstructionSelector
[Debug]     select_all: getting fn_name
[Debug]     select_all: bi loop starting
[Debug]       bi loop: bi=0, blocks.len=25
[Debug]       bi loop: bb accessed, pushing MACH_LABEL for bb.id=0
[Debug]       bi loop: block_instrs.len=140, data=000001E98ADCD0A0, start=0, len=6
[Debug]     select_inst: inst_idx=0, opcode=262
[Debug]     select_inst: inst_idx=1, opcode=262
[Debug]     select_inst: inst_idx=2, opcode=262
[Debug]     select_inst: inst_idx=3, opcode=547
[Debug]     select_inst: inst_idx=4, opcode=524
[Debug]     select_inst: inst_idx=5, opcode=770
[Debug]       bi loop: bi=1, blocks.len=25
[Debug]       bi loop: bb accessed, pushing MACH_LABEL for bb.id=1
[Debug]       bi loop: block_instrs.len=140, data=000001E98ADCD0A0, start=6, len=2
[Debug]     select_inst: inst_idx=6, opcode=771
[Debug]     select_inst: inst_idx=7, opcode=769
[Debug]       bi loop: bi=2, blocks.len=25
[Debug]       bi loop: bb accessed, pushing MACH_LABEL for bb.id=2
[Debug]       bi loop: block_instrs.len=140, data=000001E98ADCD0A0, start=8, len=1
[Debug]     select_inst: inst_idx=8, opcode=769
[Debug]       bi loop: bi=3, blocks.len=25
[Debug]       bi loop: bb accessed, pushing MACH_LABEL for bb.id=3
[Debug]       bi loop: block_instrs.len=140, data=000001E98ADCD0A0, start=9, len=3
[Debug]     select_inst: inst_idx=9, opcode=547
[Debug]     select_inst: inst_idx=10, opcode=524
[Debug]     select_inst: inst_idx=11, opcode=770
[Debug]       bi loop: bi=4, blocks.len=25
[Debug]       bi loop: bb accessed, pushing MACH_LABEL for bb.id=4
[Debug]       bi loop: block_instrs.len=140, data=000001E98ADCD0A0, start=12, len=3
[Debug]     select_inst: inst_idx=12, opcode=513
[Debug]     select_inst: inst_idx=13, opcode=547
[Debug]     select_inst: inst_idx=14, opcode=772
[Debug]       bi loop: bi=5, blocks.len=25
[Debug]       bi loop: bb accessed, pushing MACH_LABEL for bb.id=5
[Debug]       bi loop: block_instrs.len=140, data=000001E98ADCD0A0, start=15, len=1
[Debug]     select_inst: inst_idx=15, opcode=769
[Debug]       bi loop: bi=6, blocks.len=25
[Debug]       bi loop: bb accessed, pushing MACH_LABEL for bb.id=6
[Debug]       bi loop: block_instrs.len=140, data=000001E98ADCD0A0, start=16, len=15
[Debug]     select_inst: inst_idx=16, opcode=269
[Debug]     select_inst: inst_idx=17, opcode=513
[Debug]     select_inst: inst_idx=18, opcode=547
[Debug]     select_inst: inst_idx=19, opcode=515
[Debug]     select_inst: inst_idx=20, opcode=270
[Debug]     select_inst: inst_idx=21, opcode=513
[Debug]     select_inst: inst_idx=22, opcode=547
[Debug]     select_inst: inst_idx=23, opcode=519
[Debug]     select_inst: inst_idx=24, opcode=547
[Debug]     select_inst: inst_idx=25, opcode=513
[Debug]     select_inst: inst_idx=26, opcode=547
[Debug]     select_inst: inst_idx=27, opcode=513
[Debug]     select_inst: inst_idx=28, opcode=547
[Debug]     select_inst: inst_idx=29, opcode=541
[Debug]     select_inst: inst_idx=30, opcode=769
[Debug]       bi loop: bi=7, blocks.len=25
[Debug]       bi loop: bb accessed, pushing MACH_LABEL for bb.id=7
[Debug]       bi loop: block_instrs.len=140, data=000001E98ADCD0A0, start=31, len=4
[Debug]     select_inst: inst_idx=31, opcode=513
[Debug]     select_inst: inst_idx=32, opcode=547
[Debug]     select_inst: inst_idx=33, opcode=526
[Debug]     select_inst: inst_idx=34, opcode=770
[Debug]       bi loop: bi=8, blocks.len=25
[Debug]       bi loop: bb accessed, pushing MACH_LABEL for bb.id=8
[Debug]       bi loop: block_instrs.len=140, data=000001E98ADCD0A0, start=35, len=23
[Debug]     select_inst: inst_idx=35, opcode=515
[Debug]     select_inst: inst_idx=36, opcode=513
[Debug]     select_inst: inst_idx=37, opcode=547
[Debug]     select_inst: inst_idx=38, opcode=519
[Debug]     select_inst: inst_idx=39, opcode=269
[Debug]     select_inst: inst_idx=40, opcode=547
[Debug]     select_inst: inst_idx=41, opcode=513
[Debug]     select_inst: inst_idx=42, opcode=771
[Debug]     select_inst: inst_idx=43, opcode=271
[Debug]     select_inst: inst_idx=44, opcode=771
[Debug]     select_inst: inst_idx=45, opcode=547
[Debug]     select_inst: inst_idx=46, opcode=517
[Debug]     select_inst: inst_idx=47, opcode=515
[Debug]     select_inst: inst_idx=48, opcode=547
[Debug]     select_inst: inst_idx=49, opcode=269
[Debug]     select_inst: inst_idx=50, opcode=513
[Debug]     select_inst: inst_idx=51, opcode=547
[Debug]     select_inst: inst_idx=52, opcode=524
[Debug]     select_inst: inst_idx=53, opcode=269
[Debug]     select_inst: inst_idx=54, opcode=513
[Debug]     select_inst: inst_idx=55, opcode=524
[Debug]     select_inst: inst_idx=56, opcode=531
[Debug]     select_inst: inst_idx=57, opcode=770
[Debug]       bi loop: bi=9, blocks.len=25
[Debug]       bi loop: bb accessed, pushing MACH_LABEL for bb.id=9
[Debug]       bi loop: block_instrs.len=140, data=000001E98ADCD0A0, start=66, len=5
[Debug]     select_inst: inst_idx=66, opcode=513
[Debug]     select_inst: inst_idx=67, opcode=547
[Debug]     select_inst: inst_idx=68, opcode=541
[Debug]     select_inst: inst_idx=69, opcode=524
[Debug]     select_inst: inst_idx=70, opcode=770
[Debug]       bi loop: bi=10, blocks.len=25
[Debug]       bi loop: bb accessed, pushing MACH_LABEL for bb.id=10
[Debug]       bi loop: block_instrs.len=140, data=000001E98ADCD0A0, start=58, len=2
[Debug]     select_inst: inst_idx=58, opcode=262
[Debug]     select_inst: inst_idx=59, opcode=769
[Debug]       bi loop: bi=11, blocks.len=25
[Debug]       bi loop: bb accessed, pushing MACH_LABEL for bb.id=11
[Debug]       bi loop: block_instrs.len=140, data=000001E98ADCD0A0, start=60, len=1
[Debug]     select_inst: inst_idx=60, opcode=769
[Debug]       bi loop: bi=12, blocks.len=25
[Debug]       bi loop: bb accessed, pushing MACH_LABEL for bb.id=12
[Debug]       bi loop: block_instrs.len=140, data=000001E98ADCD0A0, start=61, len=5
[Debug]     select_inst: inst_idx=61, opcode=513
[Debug]     select_inst: inst_idx=62, opcode=547
[Debug]     select_inst: inst_idx=63, opcode=515
[Debug]     select_inst: inst_idx=64, opcode=262
[Debug]     select_inst: inst_idx=65, opcode=769
[Debug]       bi loop: bi=13, blocks.len=25
[Debug]       bi loop: bb accessed, pushing MACH_LABEL for bb.id=13
[Debug]       bi loop: block_instrs.len=140, data=000001E98ADCD0A0, start=71, len=3
[Debug]     select_inst: inst_idx=71, opcode=513
[Debug]     select_inst: inst_idx=72, opcode=547
[Debug]     select_inst: inst_idx=73, opcode=772
[Debug]       bi loop: bi=14, blocks.len=25
[Debug]       bi loop: bb accessed, pushing MACH_LABEL for bb.id=14
[Debug]       bi loop: block_instrs.len=140, data=000001E98ADCD0A0, start=74, len=1
[Debug]     select_inst: inst_idx=74, opcode=769
[Debug]       bi loop: bi=15, blocks.len=25
[Debug]       bi loop: bb accessed, pushing MACH_LABEL for bb.id=15
[Debug]       bi loop: block_instrs.len=140, data=000001E98ADCD0A0, start=75, len=31
[Debug]     select_inst: inst_idx=75, opcode=269
[Debug]     select_inst: inst_idx=76, opcode=547
[Debug]     select_inst: inst_idx=77, opcode=513
[Debug]     select_inst: inst_idx=78, opcode=771
[Debug]     select_inst: inst_idx=79, opcode=271
[Debug]     select_inst: inst_idx=80, opcode=771
[Debug]     select_inst: inst_idx=81, opcode=547
[Debug]     select_inst: inst_idx=82, opcode=517
[Debug]     select_inst: inst_idx=83, opcode=515
[Debug]     select_inst: inst_idx=84, opcode=547
[Debug]     select_inst: inst_idx=85, opcode=547
[Debug]     select_inst: inst_idx=86, opcode=513
[Debug]     select_inst: inst_idx=87, opcode=547
[Debug]     select_inst: inst_idx=88, opcode=513
[Debug]     select_inst: inst_idx=89, opcode=771
[Debug]     select_inst: inst_idx=90, opcode=271
[Debug]     select_inst: inst_idx=91, opcode=771
[Debug]     select_inst: inst_idx=92, opcode=771
[Debug]     select_inst: inst_idx=93, opcode=270
[Debug]     select_inst: inst_idx=94, opcode=513
[Debug]     select_inst: inst_idx=95, opcode=270
[Debug]     select_inst: inst_idx=96, opcode=270
[Debug]     select_inst: inst_idx=97, opcode=771
[Debug]     select_inst: inst_idx=98, opcode=270
[Debug]     select_inst: inst_idx=99, opcode=547
[Debug]     select_inst: inst_idx=100, opcode=525
[Debug]     select_inst: inst_idx=101, opcode=513
[Debug]     select_inst: inst_idx=102, opcode=547
[Debug]     select_inst: inst_idx=103, opcode=528
[Debug]     select_inst: inst_idx=104, opcode=530
[Debug]     select_inst: inst_idx=105, opcode=770
[Debug]       bi loop: bi=16, blocks.len=25
[Debug]       bi loop: bb accessed, pushing MACH_LABEL for bb.id=16
[Debug]       bi loop: block_instrs.len=140, data=000001E98ADCD0A0, start=106, len=5
[Debug]     select_inst: inst_idx=106, opcode=547
[Debug]     select_inst: inst_idx=107, opcode=771
[Debug]     select_inst: inst_idx=108, opcode=547
[Debug]     select_inst: inst_idx=109, opcode=525
[Debug]     select_inst: inst_idx=110, opcode=770
[Debug]       bi loop: bi=17, blocks.len=25
[Debug]       bi loop: bb accessed, pushing MACH_LABEL for bb.id=17
[Debug]       bi loop: block_instrs.len=140, data=000001E98ADCD0A0, start=120, len=1
[Debug]     select_inst: inst_idx=120, opcode=769
[Debug]       bi loop: bi=18, blocks.len=25
[Debug]       bi loop: bb accessed, pushing MACH_LABEL for bb.id=18
[Debug]       bi loop: block_instrs.len=140, data=000001E98ADCD0A0, start=121, len=14
[Debug]     select_inst: inst_idx=121, opcode=513
[Debug]     select_inst: inst_idx=122, opcode=270
[Debug]     select_inst: inst_idx=123, opcode=269
[Debug]     select_inst: inst_idx=124, opcode=513
[Debug]     select_inst: inst_idx=125, opcode=547
[Debug]     select_inst: inst_idx=126, opcode=515
[Debug]     select_inst: inst_idx=127, opcode=270
[Debug]     select_inst: inst_idx=128, opcode=513
[Debug]     select_inst: inst_idx=129, opcode=547
[Debug]     select_inst: inst_idx=130, opcode=513
[Debug]     select_inst: inst_idx=131, opcode=547
[Debug]     select_inst: inst_idx=132, opcode=547
[Debug]     select_inst: inst_idx=133, opcode=771
[Debug]     select_inst: inst_idx=134, opcode=770
[Debug]       bi loop: bi=19, blocks.len=25
[Debug]       bi loop: bb accessed, pushing MACH_LABEL for bb.id=19
[Debug]       bi loop: block_instrs.len=140, data=000001E98ADCD0A0, start=111, len=7
[Debug]     select_inst: inst_idx=111, opcode=547
[Debug]     select_inst: inst_idx=112, opcode=547
[Debug]     select_inst: inst_idx=113, opcode=771
[Debug]     select_inst: inst_idx=114, opcode=547
[Debug]     select_inst: inst_idx=115, opcode=270
[Debug]     select_inst: inst_idx=116, opcode=270
[Debug]     select_inst: inst_idx=117, opcode=769
[Debug]       bi loop: bi=20, blocks.len=25
[Debug]       bi loop: bb accessed, pushing MACH_LABEL for bb.id=20
[Debug]       bi loop: block_instrs.len=140, data=000001E98ADCD0A0, start=118, len=1
[Debug]     select_inst: inst_idx=118, opcode=769
[Debug]       bi loop: bi=21, blocks.len=25
[Debug]       bi loop: bb accessed, pushing MACH_LABEL for bb.id=21
[Debug]       bi loop: block_instrs.len=140, data=000001E98ADCD0A0, start=119, len=1
[Debug]     select_inst: inst_idx=119, opcode=769
[Debug]       bi loop: bi=22, blocks.len=25
[Debug]       bi loop: bb accessed, pushing MACH_LABEL for bb.id=22
[Debug]       bi loop: block_instrs.len=140, data=000001E98ADCD0A0, start=135, len=3
[Debug]     select_inst: inst_idx=135, opcode=269
[Debug]     select_inst: inst_idx=136, opcode=771
[Debug]     select_inst: inst_idx=137, opcode=769
[Debug]       bi loop: bi=23, blocks.len=25
[Debug]       bi loop: bb accessed, pushing MACH_LABEL for bb.id=23
[Debug]       bi loop: block_instrs.len=140, data=000001E98ADCD0A0, start=138, len=1
[Debug]     select_inst: inst_idx=138, opcode=769
[Debug]       bi loop: bi=24, blocks.len=25
[Debug]       bi loop: bb accessed, pushing MACH_LABEL for bb.id=24
[Debug]       bi loop: block_instrs.len=140, data=000001E98ADCD0A0, start=139, len=1
[Debug]     select_inst: inst_idx=139, opcode=772
[Debug]   running compute_liveness
[Debug]   running graph_coloring_alloc
[Debug]   running insert_spill_code
[Debug]   running emit_function_binary
[Debug]   emit_function_binary done, pushing compiled info
[Debug]   freeing local resources
[Debug]     freeing cs_regs
[Debug]     freeing avail_gprs
[Debug]     freeing alloc_res.allocs
[Debug]     freeing intervals.data
[Debug]     freeing mach_insts.data
[Debug]     freeing final_insts.data
[Debug]     freeing emitter.code.data
[Debug]     freeing emitter.labels.keys
[Debug]     freeing emitter.labels.values
[Debug]     freeing emitter.fixups.data
[Debug]   freeing local resources done
[Debug] compile_native_binary: compiling function ax_actor_step
[Debug]   running select_all
[Debug]     select_all: starting actual_max_vreg loop
[Debug]     select_all: starting actual_max_label loop
[Debug]     select_all: creating InstructionSelector
[Debug]     select_all: getting fn_name
[Debug]     select_all: bi loop starting
[Debug]       bi loop: bi=0, blocks.len=7
[Debug]       bi loop: bb accessed, pushing MACH_LABEL for bb.id=0
[Debug]       bi loop: block_instrs.len=42, data=000001E98ADCAC20, start=0, len=9
[Debug]     select_inst: inst_idx=0, opcode=262
[Debug]     select_inst: inst_idx=1, opcode=547
[Debug]     select_inst: inst_idx=2, opcode=547
[Debug]     select_inst: inst_idx=3, opcode=524
[Debug]     select_inst: inst_idx=4, opcode=269
[Debug]     select_inst: inst_idx=5, opcode=513
[Debug]     select_inst: inst_idx=6, opcode=525
[Debug]     select_inst: inst_idx=7, opcode=531
[Debug]     select_inst: inst_idx=8, opcode=770
[Debug]       bi loop: bi=1, blocks.len=7
[Debug]       bi loop: bb accessed, pushing MACH_LABEL for bb.id=1
[Debug]       bi loop: block_instrs.len=42, data=000001E98ADCAC20, start=9, len=3
[Debug]     select_inst: inst_idx=9, opcode=513
[Debug]     select_inst: inst_idx=10, opcode=547
[Debug]     select_inst: inst_idx=11, opcode=772
[Debug]       bi loop: bi=2, blocks.len=7
[Debug]       bi loop: bb accessed, pushing MACH_LABEL for bb.id=2
[Debug]       bi loop: block_instrs.len=42, data=000001E98ADCAC20, start=12, len=1
[Debug]     select_inst: inst_idx=12, opcode=769
[Debug]       bi loop: bi=3, blocks.len=7
[Debug]       bi loop: bb accessed, pushing MACH_LABEL for bb.id=3
[Debug]       bi loop: block_instrs.len=42, data=000001E98ADCAC20, start=13, len=6
[Debug]     select_inst: inst_idx=13, opcode=269
[Debug]     select_inst: inst_idx=14, opcode=0
[Debug]     select_inst: inst_idx=15, opcode=771
[Debug]     select_inst: inst_idx=16, opcode=547
[Debug]     select_inst: inst_idx=17, opcode=524
[Debug]     select_inst: inst_idx=18, opcode=770
[Debug]       bi loop: bi=4, blocks.len=7
[Debug]       bi loop: bb accessed, pushing MACH_LABEL for bb.id=4
[Debug]       bi loop: block_instrs.len=42, data=000001E98ADCAC20, start=19, len=3
[Debug]     select_inst: inst_idx=19, opcode=513
[Debug]     select_inst: inst_idx=20, opcode=547
[Debug]     select_inst: inst_idx=21, opcode=772
[Debug]       bi loop: bi=5, blocks.len=7
[Debug]       bi loop: bb accessed, pushing MACH_LABEL for bb.id=5
[Debug]       bi loop: block_instrs.len=42, data=000001E98ADCAC20, start=22, len=1
[Debug]     select_inst: inst_idx=22, opcode=769
[Debug]       bi loop: bi=6, blocks.len=7
[Debug]       bi loop: bb accessed, pushing MACH_LABEL for bb.id=6
[Debug]       bi loop: block_instrs.len=42, data=000001E98ADCAC20, start=23, len=19
[Debug]     select_inst: inst_idx=23, opcode=269
[Debug]     select_inst: inst_idx=24, opcode=547
[Debug]     select_inst: inst_idx=25, opcode=547
[Debug]     select_inst: inst_idx=26, opcode=513
[Debug]     select_inst: inst_idx=27, opcode=771
[Debug]     select_inst: inst_idx=28, opcode=271
[Debug]     select_inst: inst_idx=29, opcode=771
[Debug]     select_inst: inst_idx=30, opcode=547
[Debug]     select_inst: inst_idx=31, opcode=515
[Debug]     select_inst: inst_idx=32, opcode=547
[Debug]     select_inst: inst_idx=33, opcode=547
[Debug]     select_inst: inst_idx=34, opcode=269
[Debug]     select_inst: inst_idx=35, opcode=771
[Debug]     select_inst: inst_idx=36, opcode=269
[Debug]     select_inst: inst_idx=37, opcode=547
[Debug]     select_inst: inst_idx=38, opcode=771
[Debug]     select_inst: inst_idx=39, opcode=513
[Debug]     select_inst: inst_idx=40, opcode=547
[Debug]     select_inst: inst_idx=41, opcode=772
[Debug]   running compute_liveness
[Debug]   running graph_coloring_alloc
[Debug]   running insert_spill_code
[Debug]   running emit_function_binary
[Debug]   emit_function_binary done, pushing compiled info
[Debug]   freeing local resources
[Debug]     freeing cs_regs
[Debug]     freeing avail_gprs
[Debug]     freeing alloc_res.allocs
[Debug]     freeing intervals.data
[Debug]     freeing mach_insts.data
[Debug]     freeing final_insts.data
[Debug]     freeing emitter.code.data
[Debug]     freeing emitter.labels.keys
[Debug]     freeing emitter.labels.values
[Debug]     freeing emitter.fixups.data
[Debug]   freeing local resources done
[Debug] compile_native_binary: compiling function ax_actor_is_running
[Debug]   running select_all
[Debug]     select_all: starting actual_max_vreg loop
[Debug]     select_all: starting actual_max_label loop
[Debug]     select_all: creating InstructionSelector
[Debug]     select_all: getting fn_name
[Debug]     select_all: bi loop starting
[Debug]       bi loop: bi=0, blocks.len=4
[Debug]       bi loop: bb accessed, pushing MACH_LABEL for bb.id=0
[Debug]       bi loop: block_instrs.len=16, data=000001E98ADC6470, start=0, len=9
[Debug]     select_inst: inst_idx=0, opcode=262
[Debug]     select_inst: inst_idx=1, opcode=547
[Debug]     select_inst: inst_idx=2, opcode=547
[Debug]     select_inst: inst_idx=3, opcode=525
[Debug]     select_inst: inst_idx=4, opcode=269
[Debug]     select_inst: inst_idx=5, opcode=513
[Debug]     select_inst: inst_idx=6, opcode=524
[Debug]     select_inst: inst_idx=7, opcode=530
[Debug]     select_inst: inst_idx=8, opcode=770
[Debug]       bi loop: bi=1, blocks.len=4
[Debug]       bi loop: bb accessed, pushing MACH_LABEL for bb.id=1
[Debug]       bi loop: block_instrs.len=16, data=000001E98ADC6470, start=9, len=3
[Debug]     select_inst: inst_idx=9, opcode=513
[Debug]     select_inst: inst_idx=10, opcode=547
[Debug]     select_inst: inst_idx=11, opcode=772
[Debug]       bi loop: bi=2, blocks.len=4
[Debug]       bi loop: bb accessed, pushing MACH_LABEL for bb.id=2
[Debug]       bi loop: block_instrs.len=16, data=000001E98ADC6470, start=12, len=1
[Debug]     select_inst: inst_idx=12, opcode=769
[Debug]       bi loop: bi=3, blocks.len=4
[Debug]       bi loop: bb accessed, pushing MACH_LABEL for bb.id=3
[Debug]       bi loop: block_instrs.len=16, data=000001E98ADC6470, start=13, len=3
[Debug]     select_inst: inst_idx=13, opcode=513
[Debug]     select_inst: inst_idx=14, opcode=547
[Debug]     select_inst: inst_idx=15, opcode=772
[Debug]   running compute_liveness
[Debug]   running graph_coloring_alloc
[Debug]   running insert_spill_code
[Debug]   running emit_function_binary
[Debug]   emit_function_binary done, pushing compiled info
[Debug]   freeing local resources
[Debug]     freeing cs_regs
[Debug]     freeing avail_gprs
[Debug]     freeing alloc_res.allocs
[Debug]     freeing intervals.data
[Debug]     freeing mach_insts.data
[Debug]     freeing final_insts.data
[Debug]     freeing emitter.code.data
[Debug]     freeing emitter.labels.keys
[Debug]     freeing emitter.labels.values
[Debug]     freeing emitter.fixups.data
[Debug]   freeing local resources done
[Debug] compile_native_binary: compiling function ax_actor_has_messages
[Debug]   running select_all
[Debug]     select_all: starting actual_max_vreg loop
[Debug]     select_all: starting actual_max_label loop
[Debug]     select_all: creating InstructionSelector
[Debug]     select_all: getting fn_name
[Debug]     select_all: bi loop starting
[Debug]       bi loop: bi=0, blocks.len=4
[Debug]       bi loop: bb accessed, pushing MACH_LABEL for bb.id=0
[Debug]       bi loop: block_instrs.len=17, data=000001E98AD76A90, start=0, len=10
[Debug]     select_inst: inst_idx=0, opcode=262
[Debug]     select_inst: inst_idx=1, opcode=547
[Debug]     select_inst: inst_idx=2, opcode=547
[Debug]     select_inst: inst_idx=3, opcode=525
[Debug]     select_inst: inst_idx=4, opcode=269
[Debug]     select_inst: inst_idx=5, opcode=269
[Debug]     select_inst: inst_idx=6, opcode=547
[Debug]     select_inst: inst_idx=7, opcode=525
[Debug]     select_inst: inst_idx=8, opcode=530
[Debug]     select_inst: inst_idx=9, opcode=770
[Debug]       bi loop: bi=1, blocks.len=4
[Debug]       bi loop: bb accessed, pushing MACH_LABEL for bb.id=1
[Debug]       bi loop: block_instrs.len=17, data=000001E98AD76A90, start=10, len=3
[Debug]     select_inst: inst_idx=10, opcode=513
[Debug]     select_inst: inst_idx=11, opcode=547
[Debug]     select_inst: inst_idx=12, opcode=772
[Debug]       bi loop: bi=2, blocks.len=4
[Debug]       bi loop: bb accessed, pushing MACH_LABEL for bb.id=2
[Debug]       bi loop: block_instrs.len=17, data=000001E98AD76A90, start=13, len=1
[Debug]     select_inst: inst_idx=13, opcode=769
[Debug]       bi loop: bi=3, blocks.len=4
[Debug]       bi loop: bb accessed, pushing MACH_LABEL for bb.id=3
[Debug]       bi loop: block_instrs.len=17, data=000001E98AD76A90, start=14, len=3
[Debug]     select_inst: inst_idx=14, opcode=513
[Debug]     select_inst: inst_idx=15, opcode=547
[Debug]     select_inst: inst_idx=16, opcode=772
[Debug]   running compute_liveness
[Debug]   running graph_coloring_alloc
[Debug]   running insert_spill_code
[Debug]   running emit_function_binary
[Debug]   emit_function_binary done, pushing compiled info
[Debug]   freeing local resources
[Debug]     freeing cs_regs
[Debug]     freeing avail_gprs
[Debug]     freeing alloc_res.allocs
[Debug]     freeing intervals.data
[Debug]     freeing mach_insts.data
[Debug]     freeing final_insts.data
[Debug]     freeing emitter.code.data
[Debug]     freeing emitter.labels.keys
[Debug]     freeing emitter.labels.values
[Debug]     freeing emitter.fixups.data
[Debug]   freeing local resources done
[Debug] compile_native_binary: compiling function has_active_actors
[Debug]   running select_all
[Debug]     select_all: starting actual_max_vreg loop
[Debug]     select_all: starting actual_max_label loop
[Debug]     select_all: creating InstructionSelector
[Debug]     select_all: getting fn_name
[Debug]     select_all: bi loop starting
[Debug]       bi loop: bi=0, blocks.len=13
[Debug]       bi loop: bb accessed, pushing MACH_LABEL for bb.id=0
[Debug]       bi loop: block_instrs.len=50, data=000001E98ADCB2E0, start=0, len=3
[Debug]     select_inst: inst_idx=0, opcode=547
[Debug]     select_inst: inst_idx=1, opcode=524
[Debug]     select_inst: inst_idx=2, opcode=770
[Debug]       bi loop: bi=1, blocks.len=13
[Debug]       bi loop: bb accessed, pushing MACH_LABEL for bb.id=1
[Debug]       bi loop: block_instrs.len=50, data=000001E98ADCB2E0, start=3, len=2
[Debug]     select_inst: inst_idx=3, opcode=513
[Debug]     select_inst: inst_idx=4, opcode=772
[Debug]       bi loop: bi=2, blocks.len=13
[Debug]       bi loop: bb accessed, pushing MACH_LABEL for bb.id=2
[Debug]       bi loop: block_instrs.len=50, data=000001E98ADCB2E0, start=5, len=1
[Debug]     select_inst: inst_idx=5, opcode=769
[Debug]       bi loop: bi=3, blocks.len=13
[Debug]       bi loop: bb accessed, pushing MACH_LABEL for bb.id=3
[Debug]       bi loop: block_instrs.len=50, data=000001E98ADCB2E0, start=6, len=3
[Debug]     select_inst: inst_idx=6, opcode=513
[Debug]     select_inst: inst_idx=7, opcode=547
[Debug]     select_inst: inst_idx=8, opcode=769
[Debug]       bi loop: bi=4, blocks.len=13
[Debug]       bi loop: bb accessed, pushing MACH_LABEL for bb.id=4
[Debug]       bi loop: block_instrs.len=50, data=000001E98ADCB2E0, start=9, len=4
[Debug]     select_inst: inst_idx=9, opcode=513
[Debug]     select_inst: inst_idx=10, opcode=547
[Debug]     select_inst: inst_idx=11, opcode=526
[Debug]     select_inst: inst_idx=12, opcode=770
[Debug]       bi loop: bi=5, blocks.len=13
[Debug]       bi loop: bb accessed, pushing MACH_LABEL for bb.id=5
[Debug]       bi loop: block_instrs.len=50, data=000001E98ADCB2E0, start=13, len=19
[Debug]     select_inst: inst_idx=13, opcode=269
[Debug]     select_inst: inst_idx=14, opcode=547
[Debug]     select_inst: inst_idx=15, opcode=513
[Debug]     select_inst: inst_idx=16, opcode=771
[Debug]     select_inst: inst_idx=17, opcode=271
[Debug]     select_inst: inst_idx=18, opcode=771
[Debug]     select_inst: inst_idx=19, opcode=547
[Debug]     select_inst: inst_idx=20, opcode=517
[Debug]     select_inst: inst_idx=21, opcode=515
[Debug]     select_inst: inst_idx=22, opcode=547
[Debug]     select_inst: inst_idx=23, opcode=269
[Debug]     select_inst: inst_idx=24, opcode=513
[Debug]     select_inst: inst_idx=25, opcode=547
[Debug]     select_inst: inst_idx=26, opcode=525
[Debug]     select_inst: inst_idx=27, opcode=269
[Debug]     select_inst: inst_idx=28, opcode=513
[Debug]     select_inst: inst_idx=29, opcode=524
[Debug]     select_inst: inst_idx=30, opcode=530
[Debug]     select_inst: inst_idx=31, opcode=770
[Debug]       bi loop: bi=6, blocks.len=13
[Debug]       bi loop: bb accessed, pushing MACH_LABEL for bb.id=6
[Debug]       bi loop: block_instrs.len=50, data=000001E98ADCB2E0, start=48, len=2
[Debug]     select_inst: inst_idx=48, opcode=513
[Debug]     select_inst: inst_idx=49, opcode=772
[Debug]       bi loop: bi=7, blocks.len=13
[Debug]       bi loop: bb accessed, pushing MACH_LABEL for bb.id=7
[Debug]       bi loop: block_instrs.len=50, data=000001E98ADCB2E0, start=32, len=6
[Debug]     select_inst: inst_idx=32, opcode=269
[Debug]     select_inst: inst_idx=33, opcode=269
[Debug]     select_inst: inst_idx=34, opcode=513
[Debug]     select_inst: inst_idx=35, opcode=547
[Debug]     select_inst: inst_idx=36, opcode=528
[Debug]     select_inst: inst_idx=37, opcode=770
[Debug]       bi loop: bi=8, blocks.len=13
[Debug]       bi loop: bb accessed, pushing MACH_LABEL for bb.id=8
[Debug]       bi loop: block_instrs.len=50, data=000001E98ADCB2E0, start=42, len=1
[Debug]     select_inst: inst_idx=42, opcode=769
[Debug]       bi loop: bi=9, blocks.len=13
[Debug]       bi loop: bb accessed, pushing MACH_LABEL for bb.id=9
[Debug]       bi loop: block_instrs.len=50, data=000001E98ADCB2E0, start=43, len=5
[Debug]     select_inst: inst_idx=43, opcode=513
[Debug]     select_inst: inst_idx=44, opcode=547
[Debug]     select_inst: inst_idx=45, opcode=515
[Debug]     select_inst: inst_idx=46, opcode=262
[Debug]     select_inst: inst_idx=47, opcode=769
[Debug]       bi loop: bi=10, blocks.len=13
[Debug]       bi loop: bb accessed, pushing MACH_LABEL for bb.id=10
[Debug]       bi loop: block_instrs.len=50, data=000001E98ADCB2E0, start=38, len=2
[Debug]     select_inst: inst_idx=38, opcode=513
[Debug]     select_inst: inst_idx=39, opcode=772
[Debug]       bi loop: bi=11, blocks.len=13
[Debug]       bi loop: bb accessed, pushing MACH_LABEL for bb.id=11
[Debug]       bi loop: block_instrs.len=50, data=000001E98ADCB2E0, start=40, len=1
[Debug]     select_inst: inst_idx=40, opcode=769
[Debug]       bi loop: bi=12, blocks.len=13
[Debug]       bi loop: bb accessed, pushing MACH_LABEL for bb.id=12
[Debug]       bi loop: block_instrs.len=50, data=000001E98ADCB2E0, start=41, len=1
[Debug]     select_inst: inst_idx=41, opcode=769
[Debug]   running compute_liveness
[Debug]   running graph_coloring_alloc
[Debug]   running insert_spill_code
[Debug]   running emit_function_binary
[Debug]   emit_function_binary done, pushing compiled info
[Debug]   freeing local resources
[Debug]     freeing cs_regs
[Debug]     freeing avail_gprs
[Debug]     freeing alloc_res.allocs
[Debug]     freeing intervals.data
[Debug]     freeing mach_insts.data
[Debug]     freeing final_insts.data
[Debug]     freeing emitter.code.data
[Debug]     freeing emitter.labels.keys
[Debug]     freeing emitter.labels.values
[Debug]     freeing emitter.fixups.data
[Debug]   freeing local resources done
[Debug] compile_native_binary: compiling function run
[Debug]   running select_all
[Debug]     select_all: starting actual_max_vreg loop
[Debug]     select_all: starting actual_max_label loop
[Debug]     select_all: creating InstructionSelector
[Debug]     select_all: getting fn_name
[Debug]     select_all: bi loop starting
[Debug]       bi loop: bi=0, blocks.len=22
[Debug]       bi loop: bb accessed, pushing MACH_LABEL for bb.id=0
[Debug]       bi loop: block_instrs.len=85, data=000001E98ADD18E0, start=0, len=7
[Debug]     select_inst: inst_idx=0, opcode=262
[Debug]     select_inst: inst_idx=1, opcode=513
[Debug]     select_inst: inst_idx=2, opcode=547
[Debug]     select_inst: inst_idx=3, opcode=270
[Debug]     select_inst: inst_idx=4, opcode=513
[Debug]     select_inst: inst_idx=5, opcode=547
[Debug]     select_inst: inst_idx=6, opcode=769
[Debug]       bi loop: bi=1, blocks.len=22
[Debug]       bi loop: bb accessed, pushing MACH_LABEL for bb.id=1
[Debug]       bi loop: block_instrs.len=85, data=000001E98ADD18E0, start=7, len=3
[Debug]     select_inst: inst_idx=7, opcode=269
[Debug]     select_inst: inst_idx=8, opcode=526
[Debug]     select_inst: inst_idx=9, opcode=770
[Debug]       bi loop: bi=2, blocks.len=22
[Debug]       bi loop: bb accessed, pushing MACH_LABEL for bb.id=2
[Debug]       bi loop: block_instrs.len=85, data=000001E98ADD18E0, start=10, len=11
[Debug]     select_inst: inst_idx=10, opcode=269
[Debug]     select_inst: inst_idx=11, opcode=547
[Debug]     select_inst: inst_idx=12, opcode=271
[Debug]     select_inst: inst_idx=13, opcode=513
[Debug]     select_inst: inst_idx=14, opcode=547
[Debug]     select_inst: inst_idx=15, opcode=270
[Debug]     select_inst: inst_idx=16, opcode=513
[Debug]     select_inst: inst_idx=17, opcode=547
[Debug]     select_inst: inst_idx=18, opcode=515
[Debug]     select_inst: inst_idx=19, opcode=262
[Debug]     select_inst: inst_idx=20, opcode=769
[Debug]       bi loop: bi=3, blocks.len=22
[Debug]       bi loop: bb accessed, pushing MACH_LABEL for bb.id=3
[Debug]       bi loop: block_instrs.len=85, data=000001E98ADD18E0, start=21, len=1
[Debug]     select_inst: inst_idx=21, opcode=769
[Debug]       bi loop: bi=4, blocks.len=22
[Debug]       bi loop: bb accessed, pushing MACH_LABEL for bb.id=4
[Debug]       bi loop: block_instrs.len=85, data=000001E98ADD18E0, start=22, len=2
[Debug]     select_inst: inst_idx=22, opcode=771
[Debug]     select_inst: inst_idx=23, opcode=770
[Debug]       bi loop: bi=5, blocks.len=22
[Debug]       bi loop: bb accessed, pushing MACH_LABEL for bb.id=5
[Debug]       bi loop: block_instrs.len=85, data=000001E98ADD18E0, start=24, len=3
[Debug]     select_inst: inst_idx=24, opcode=513
[Debug]     select_inst: inst_idx=25, opcode=547
[Debug]     select_inst: inst_idx=26, opcode=769
[Debug]       bi loop: bi=6, blocks.len=22
[Debug]       bi loop: bb accessed, pushing MACH_LABEL for bb.id=6
[Debug]       bi loop: block_instrs.len=85, data=000001E98ADD18E0, start=82, len=3
[Debug]     select_inst: inst_idx=82, opcode=513
[Debug]     select_inst: inst_idx=83, opcode=547
[Debug]     select_inst: inst_idx=84, opcode=772
[Debug]       bi loop: bi=7, blocks.len=22
[Debug]       bi loop: bb accessed, pushing MACH_LABEL for bb.id=7
[Debug]       bi loop: block_instrs.len=85, data=000001E98ADD18E0, start=27, len=3
[Debug]     select_inst: inst_idx=27, opcode=269
[Debug]     select_inst: inst_idx=28, opcode=526
[Debug]     select_inst: inst_idx=29, opcode=770
[Debug]       bi loop: bi=8, blocks.len=22
[Debug]       bi loop: bb accessed, pushing MACH_LABEL for bb.id=8
[Debug]       bi loop: block_instrs.len=85, data=000001E98ADD18E0, start=30, len=11
[Debug]     select_inst: inst_idx=30, opcode=269
[Debug]     select_inst: inst_idx=31, opcode=547
[Debug]     select_inst: inst_idx=32, opcode=271
[Debug]     select_inst: inst_idx=33, opcode=0
[Debug]     select_inst: inst_idx=34, opcode=269
[Debug]     select_inst: inst_idx=35, opcode=269
[Debug]     select_inst: inst_idx=36, opcode=771
[Debug]     select_inst: inst_idx=37, opcode=513
[Debug]     select_inst: inst_idx=38, opcode=547
[Debug]     select_inst: inst_idx=39, opcode=525
[Debug]     select_inst: inst_idx=40, opcode=770
[Debug]       bi loop: bi=9, blocks.len=22
[Debug]       bi loop: bb accessed, pushing MACH_LABEL for bb.id=9
[Debug]       bi loop: block_instrs.len=85, data=000001E98ADD18E0, start=81, len=1
[Debug]     select_inst: inst_idx=81, opcode=769
[Debug]       bi loop: bi=10, blocks.len=22
[Debug]       bi loop: bb accessed, pushing MACH_LABEL for bb.id=10
[Debug]       bi loop: block_instrs.len=85, data=000001E98ADD18E0, start=41, len=4
[Debug]     select_inst: inst_idx=41, opcode=771
[Debug]     select_inst: inst_idx=42, opcode=547
[Debug]     select_inst: inst_idx=43, opcode=525
[Debug]     select_inst: inst_idx=44, opcode=770
[Debug]       bi loop: bi=11, blocks.len=22
[Debug]       bi loop: bb accessed, pushing MACH_LABEL for bb.id=11
[Debug]       bi loop: block_instrs.len=85, data=000001E98ADD18E0, start=75, len=1
[Debug]     select_inst: inst_idx=75, opcode=769
[Debug]       bi loop: bi=12, blocks.len=22
[Debug]       bi loop: bb accessed, pushing MACH_LABEL for bb.id=12
[Debug]       bi loop: block_instrs.len=85, data=000001E98ADD18E0, start=76, len=5
[Debug]     select_inst: inst_idx=76, opcode=513
[Debug]     select_inst: inst_idx=77, opcode=547
[Debug]     select_inst: inst_idx=78, opcode=515
[Debug]     select_inst: inst_idx=79, opcode=262
[Debug]     select_inst: inst_idx=80, opcode=769
[Debug]       bi loop: bi=13, blocks.len=22
[Debug]       bi loop: bb accessed, pushing MACH_LABEL for bb.id=13
[Debug]       bi loop: block_instrs.len=85, data=000001E98ADD18E0, start=45, len=1
[Debug]     select_inst: inst_idx=45, opcode=769
[Debug]       bi loop: bi=14, blocks.len=22
[Debug]       bi loop: bb accessed, pushing MACH_LABEL for bb.id=14
[Debug]       bi loop: block_instrs.len=85, data=000001E98ADD18E0, start=73, len=1
[Debug]     select_inst: inst_idx=73, opcode=769
[Debug]       bi loop: bi=15, blocks.len=22
[Debug]       bi loop: bb accessed, pushing MACH_LABEL for bb.id=15
[Debug]       bi loop: block_instrs.len=85, data=000001E98ADD18E0, start=74, len=1
[Debug]     select_inst: inst_idx=74, opcode=769
[Debug]       bi loop: bi=16, blocks.len=22
[Debug]       bi loop: bb accessed, pushing MACH_LABEL for bb.id=16
[Debug]       bi loop: block_instrs.len=85, data=000001E98ADD18E0, start=46, len=5
[Debug]     select_inst: inst_idx=46, opcode=771
[Debug]     select_inst: inst_idx=47, opcode=513
[Debug]     select_inst: inst_idx=48, opcode=547
[Debug]     select_inst: inst_idx=49, opcode=525
[Debug]     select_inst: inst_idx=50, opcode=770
[Debug]       bi loop: bi=17, blocks.len=22
[Debug]       bi loop: bb accessed, pushing MACH_LABEL for bb.id=17
[Debug]       bi loop: block_instrs.len=85, data=000001E98ADD18E0, start=51, len=6
[Debug]     select_inst: inst_idx=51, opcode=269
[Debug]     select_inst: inst_idx=52, opcode=513
[Debug]     select_inst: inst_idx=53, opcode=547
[Debug]     select_inst: inst_idx=54, opcode=515
[Debug]     select_inst: inst_idx=55, opcode=270
[Debug]     select_inst: inst_idx=56, opcode=769
[Debug]       bi loop: bi=18, blocks.len=22
[Debug]       bi loop: bb accessed, pushing MACH_LABEL for bb.id=18
[Debug]       bi loop: block_instrs.len=85, data=000001E98ADD18E0, start=57, len=10
[Debug]     select_inst: inst_idx=57, opcode=771
[Debug]     select_inst: inst_idx=58, opcode=513
[Debug]     select_inst: inst_idx=59, opcode=547
[Debug]     select_inst: inst_idx=60, opcode=525
[Debug]     select_inst: inst_idx=61, opcode=771
[Debug]     select_inst: inst_idx=62, opcode=513
[Debug]     select_inst: inst_idx=63, opcode=547
[Debug]     select_inst: inst_idx=64, opcode=525
[Debug]     select_inst: inst_idx=65, opcode=530
[Debug]     select_inst: inst_idx=66, opcode=770
[Debug]       bi loop: bi=19, blocks.len=22
[Debug]       bi loop: bb accessed, pushing MACH_LABEL for bb.id=19
[Debug]       bi loop: block_instrs.len=85, data=000001E98ADD18E0, start=67, len=4
[Debug]     select_inst: inst_idx=67, opcode=269
[Debug]     select_inst: inst_idx=68, opcode=269
[Debug]     select_inst: inst_idx=69, opcode=771
[Debug]     select_inst: inst_idx=70, opcode=769
[Debug]       bi loop: bi=20, blocks.len=22
[Debug]       bi loop: bb accessed, pushing MACH_LABEL for bb.id=20
[Debug]       bi loop: block_instrs.len=85, data=000001E98ADD18E0, start=71, len=1
[Debug]     select_inst: inst_idx=71, opcode=769
[Debug]       bi loop: bi=21, blocks.len=22
[Debug]       bi loop: bb accessed, pushing MACH_LABEL for bb.id=21
[Debug]       bi loop: block_instrs.len=85, data=000001E98ADD18E0, start=72, len=1
[Debug]     select_inst: inst_idx=72, opcode=769
[Debug]   running compute_liveness
[Debug]   running graph_coloring_alloc
[Debug]   running insert_spill_code
[Debug]   running emit_function_binary
[Debug]   emit_function_binary done, pushing compiled info
[Debug]   freeing local resources
[Debug]     freeing cs_regs
[Debug]     freeing avail_gprs
[Debug]     freeing alloc_res.allocs
[Debug]     freeing intervals.data
[Debug]     freeing mach_insts.data
[Debug]     freeing final_insts.data
[Debug]     freeing emitter.code.data
[Debug]     freeing emitter.labels.keys
[Debug]     freeing emitter.labels.values
[Debug]     freeing emitter.fixups.data
[Debug]   freeing local resources done
[Debug] compile_native_binary: compiling function worker_loop
[Debug]   running select_all
[Debug]     select_all: starting actual_max_vreg loop
[Debug]     select_all: starting actual_max_label loop
[Debug]     select_all: creating InstructionSelector
[Debug]     select_all: getting fn_name
[Debug]     select_all: bi loop starting
[Debug]       bi loop: bi=0, blocks.len=28
[Debug]       bi loop: bb accessed, pushing MACH_LABEL for bb.id=0
[Debug]       bi loop: block_instrs.len=106, data=000001E98ADD3040, start=0, len=3
[Debug]     select_inst: inst_idx=0, opcode=262
[Debug]     select_inst: inst_idx=1, opcode=262
[Debug]     select_inst: inst_idx=2, opcode=769
[Debug]       bi loop: bi=1, blocks.len=28
[Debug]       bi loop: bb accessed, pushing MACH_LABEL for bb.id=1
[Debug]       bi loop: block_instrs.len=106, data=000001E98ADD3040, start=3, len=5
[Debug]     select_inst: inst_idx=3, opcode=269
[Debug]     select_inst: inst_idx=4, opcode=513
[Debug]     select_inst: inst_idx=5, opcode=547
[Debug]     select_inst: inst_idx=6, opcode=525
[Debug]     select_inst: inst_idx=7, opcode=770
[Debug]       bi loop: bi=2, blocks.len=28
[Debug]       bi loop: bb accessed, pushing MACH_LABEL for bb.id=2
[Debug]       bi loop: block_instrs.len=106, data=000001E98ADD3040, start=8, len=7
[Debug]     select_inst: inst_idx=8, opcode=269
[Debug]     select_inst: inst_idx=9, opcode=269
[Debug]     select_inst: inst_idx=10, opcode=771
[Debug]     select_inst: inst_idx=11, opcode=513
[Debug]     select_inst: inst_idx=12, opcode=547
[Debug]     select_inst: inst_idx=13, opcode=524
[Debug]     select_inst: inst_idx=14, opcode=770
[Debug]       bi loop: bi=3, blocks.len=28
[Debug]       bi loop: bb accessed, pushing MACH_LABEL for bb.id=3
[Debug]       bi loop: block_instrs.len=106, data=000001E98ADD3040, start=105, len=1
[Debug]     select_inst: inst_idx=105, opcode=772
[Debug]       bi loop: bi=4, blocks.len=28
[Debug]       bi loop: bb accessed, pushing MACH_LABEL for bb.id=4
[Debug]       bi loop: block_instrs.len=106, data=000001E98ADD3040, start=15, len=5
[Debug]     select_inst: inst_idx=15, opcode=513
[Debug]     select_inst: inst_idx=16, opcode=547
[Debug]     select_inst: inst_idx=17, opcode=513
[Debug]     select_inst: inst_idx=18, opcode=547
[Debug]     select_inst: inst_idx=19, opcode=769
[Debug]       bi loop: bi=5, blocks.len=28
[Debug]       bi loop: bb accessed, pushing MACH_LABEL for bb.id=5
[Debug]       bi loop: block_instrs.len=106, data=000001E98ADD3040, start=64, len=1
[Debug]     select_inst: inst_idx=64, opcode=769
[Debug]       bi loop: bi=6, blocks.len=28
[Debug]       bi loop: bb accessed, pushing MACH_LABEL for bb.id=6
[Debug]       bi loop: block_instrs.len=106, data=000001E98ADD3040, start=65, len=4
[Debug]     select_inst: inst_idx=65, opcode=513
[Debug]     select_inst: inst_idx=66, opcode=547
[Debug]     select_inst: inst_idx=67, opcode=524
[Debug]     select_inst: inst_idx=68, opcode=770
[Debug]       bi loop: bi=7, blocks.len=28
[Debug]       bi loop: bb accessed, pushing MACH_LABEL for bb.id=7
[Debug]       bi loop: block_instrs.len=106, data=000001E98ADD3040, start=20, len=7
[Debug]     select_inst: inst_idx=20, opcode=269
[Debug]     select_inst: inst_idx=21, opcode=526
[Debug]     select_inst: inst_idx=22, opcode=513
[Debug]     select_inst: inst_idx=23, opcode=547
[Debug]     select_inst: inst_idx=24, opcode=524
[Debug]     select_inst: inst_idx=25, opcode=530
[Debug]     select_inst: inst_idx=26, opcode=770
[Debug]       bi loop: bi=8, blocks.len=28
[Debug]       bi loop: bb accessed, pushing MACH_LABEL for bb.id=8
[Debug]       bi loop: block_instrs.len=106, data=000001E98ADD3040, start=27, len=3
[Debug]     select_inst: inst_idx=27, opcode=269
[Debug]     select_inst: inst_idx=28, opcode=525
[Debug]     select_inst: inst_idx=29, opcode=770
[Debug]       bi loop: bi=9, blocks.len=28
[Debug]       bi loop: bb accessed, pushing MACH_LABEL for bb.id=9
[Debug]       bi loop: block_instrs.len=106, data=000001E98ADD3040, start=63, len=1
[Debug]     select_inst: inst_idx=63, opcode=769
[Debug]       bi loop: bi=10, blocks.len=28
[Debug]       bi loop: bb accessed, pushing MACH_LABEL for bb.id=10
[Debug]       bi loop: block_instrs.len=106, data=000001E98ADD3040, start=30, len=15
[Debug]     select_inst: inst_idx=30, opcode=269
[Debug]     select_inst: inst_idx=31, opcode=513
[Debug]     select_inst: inst_idx=32, opcode=547
[Debug]     select_inst: inst_idx=33, opcode=515
[Debug]     select_inst: inst_idx=34, opcode=270
[Debug]     select_inst: inst_idx=35, opcode=269
[Debug]     select_inst: inst_idx=36, opcode=547
[Debug]     select_inst: inst_idx=37, opcode=271
[Debug]     select_inst: inst_idx=38, opcode=269
[Debug]     select_inst: inst_idx=39, opcode=269
[Debug]     select_inst: inst_idx=40, opcode=771
[Debug]     select_inst: inst_idx=41, opcode=513
[Debug]     select_inst: inst_idx=42, opcode=547
[Debug]     select_inst: inst_idx=43, opcode=525
[Debug]     select_inst: inst_idx=44, opcode=770
[Debug]       bi loop: bi=11, blocks.len=28
[Debug]       bi loop: bb accessed, pushing MACH_LABEL for bb.id=11
[Debug]       bi loop: block_instrs.len=106, data=000001E98ADD3040, start=57, len=1
[Debug]     select_inst: inst_idx=57, opcode=769
[Debug]       bi loop: bi=12, blocks.len=28
[Debug]       bi loop: bb accessed, pushing MACH_LABEL for bb.id=12
[Debug]       bi loop: block_instrs.len=106, data=000001E98ADD3040, start=58, len=5
[Debug]     select_inst: inst_idx=58, opcode=513
[Debug]     select_inst: inst_idx=59, opcode=547
[Debug]     select_inst: inst_idx=60, opcode=515
[Debug]     select_inst: inst_idx=61, opcode=262
[Debug]     select_inst: inst_idx=62, opcode=769
[Debug]       bi loop: bi=13, blocks.len=28
[Debug]       bi loop: bb accessed, pushing MACH_LABEL for bb.id=13
[Debug]       bi loop: block_instrs.len=106, data=000001E98ADD3040, start=45, len=10
[Debug]     select_inst: inst_idx=45, opcode=262
[Debug]     select_inst: inst_idx=46, opcode=269
[Debug]     select_inst: inst_idx=47, opcode=513
[Debug]     select_inst: inst_idx=48, opcode=547
[Debug]     select_inst: inst_idx=49, opcode=515
[Debug]     select_inst: inst_idx=50, opcode=270
[Debug]     select_inst: inst_idx=51, opcode=513
[Debug]     select_inst: inst_idx=52, opcode=547
[Debug]     select_inst: inst_idx=53, opcode=262
[Debug]     select_inst: inst_idx=54, opcode=769
[Debug]       bi loop: bi=14, blocks.len=28
[Debug]       bi loop: bb accessed, pushing MACH_LABEL for bb.id=14
[Debug]       bi loop: block_instrs.len=106, data=000001E98ADD3040, start=55, len=1
[Debug]     select_inst: inst_idx=55, opcode=769
[Debug]       bi loop: bi=15, blocks.len=28
[Debug]       bi loop: bb accessed, pushing MACH_LABEL for bb.id=15
[Debug]       bi loop: block_instrs.len=106, data=000001E98ADD3040, start=56, len=1
[Debug]     select_inst: inst_idx=56, opcode=769
[Debug]       bi loop: bi=16, blocks.len=28
[Debug]       bi loop: bb accessed, pushing MACH_LABEL for bb.id=16
[Debug]       bi loop: block_instrs.len=106, data=000001E98ADD3040, start=69, len=1
[Debug]     select_inst: inst_idx=69, opcode=772
[Debug]       bi loop: bi=17, blocks.len=28
[Debug]       bi loop: bb accessed, pushing MACH_LABEL for bb.id=17
[Debug]       bi loop: block_instrs.len=106, data=000001E98ADD3040, start=70, len=1
[Debug]     select_inst: inst_idx=70, opcode=769
[Debug]       bi loop: bi=18, blocks.len=28
[Debug]       bi loop: bb accessed, pushing MACH_LABEL for bb.id=18
[Debug]       bi loop: block_instrs.len=106, data=000001E98ADD3040, start=71, len=4
[Debug]     select_inst: inst_idx=71, opcode=771
[Debug]     select_inst: inst_idx=72, opcode=547
[Debug]     select_inst: inst_idx=73, opcode=525
[Debug]     select_inst: inst_idx=74, opcode=770
[Debug]       bi loop: bi=19, blocks.len=28
[Debug]       bi loop: bb accessed, pushing MACH_LABEL for bb.id=19
[Debug]       bi loop: block_instrs.len=106, data=000001E98ADD3040, start=75, len=1
[Debug]     select_inst: inst_idx=75, opcode=769
[Debug]       bi loop: bi=20, blocks.len=28
[Debug]       bi loop: bb accessed, pushing MACH_LABEL for bb.id=20
[Debug]       bi loop: block_instrs.len=106, data=000001E98ADD3040, start=103, len=1
[Debug]     select_inst: inst_idx=103, opcode=769
[Debug]       bi loop: bi=21, blocks.len=28
[Debug]       bi loop: bb accessed, pushing MACH_LABEL for bb.id=21
[Debug]       bi loop: block_instrs.len=106, data=000001E98ADD3040, start=104, len=1
[Debug]     select_inst: inst_idx=104, opcode=769
[Debug]       bi loop: bi=22, blocks.len=28
[Debug]       bi loop: bb accessed, pushing MACH_LABEL for bb.id=22
[Debug]       bi loop: block_instrs.len=106, data=000001E98ADD3040, start=76, len=5
[Debug]     select_inst: inst_idx=76, opcode=771
[Debug]     select_inst: inst_idx=77, opcode=513
[Debug]     select_inst: inst_idx=78, opcode=547
[Debug]     select_inst: inst_idx=79, opcode=525
[Debug]     select_inst: inst_idx=80, opcode=770
[Debug]       bi loop: bi=23, blocks.len=28
[Debug]       bi loop: bb accessed, pushing MACH_LABEL for bb.id=23
[Debug]       bi loop: block_instrs.len=106, data=000001E98ADD3040, start=81, len=6
[Debug]     select_inst: inst_idx=81, opcode=269
[Debug]     select_inst: inst_idx=82, opcode=513
[Debug]     select_inst: inst_idx=83, opcode=547
[Debug]     select_inst: inst_idx=84, opcode=515
[Debug]     select_inst: inst_idx=85, opcode=270
[Debug]     select_inst: inst_idx=86, opcode=769
[Debug]       bi loop: bi=24, blocks.len=28
[Debug]       bi loop: bb accessed, pushing MACH_LABEL for bb.id=24
[Debug]       bi loop: block_instrs.len=106, data=000001E98ADD3040, start=87, len=10
[Debug]     select_inst: inst_idx=87, opcode=771
[Debug]     select_inst: inst_idx=88, opcode=513
[Debug]     select_inst: inst_idx=89, opcode=547
[Debug]     select_inst: inst_idx=90, opcode=525
[Debug]     select_inst: inst_idx=91, opcode=771
[Debug]     select_inst: inst_idx=92, opcode=513
[Debug]     select_inst: inst_idx=93, opcode=547
[Debug]     select_inst: inst_idx=94, opcode=525
[Debug]     select_inst: inst_idx=95, opcode=530
[Debug]     select_inst: inst_idx=96, opcode=770
[Debug]       bi loop: bi=25, blocks.len=28
[Debug]       bi loop: bb accessed, pushing MACH_LABEL for bb.id=25
[Debug]       bi loop: block_instrs.len=106, data=000001E98ADD3040, start=97, len=4
[Debug]     select_inst: inst_idx=97, opcode=269
[Debug]     select_inst: inst_idx=98, opcode=269
[Debug]     select_inst: inst_idx=99, opcode=771
[Debug]     select_inst: inst_idx=100, opcode=769
[Debug]       bi loop: bi=26, blocks.len=28
[Debug]       bi loop: bb accessed, pushing MACH_LABEL for bb.id=26
[Debug]       bi loop: block_instrs.len=106, data=000001E98ADD3040, start=101, len=1
[Debug]     select_inst: inst_idx=101, opcode=769
[Debug]       bi loop: bi=27, blocks.len=28
[Debug]       bi loop: bb accessed, pushing MACH_LABEL for bb.id=27
[Debug]       bi loop: block_instrs.len=106, data=000001E98ADD3040, start=102, len=1
[Debug]     select_inst: inst_idx=102, opcode=769
[Debug]   running compute_liveness
[Debug]   running graph_coloring_alloc
[Debug]   running insert_spill_code
[Debug]   running emit_function_binary
[Debug]   emit_function_binary done, pushing compiled info
[Debug]   freeing local resources
[Debug]     freeing cs_regs
[Debug]     freeing avail_gprs
[Debug]     freeing alloc_res.allocs
[Debug]     freeing intervals.data
[Debug]     freeing mach_insts.data
[Debug]     freeing final_insts.data
[Debug]     freeing emitter.code.data
[Debug]     freeing emitter.labels.keys
[Debug]     freeing emitter.labels.values
[Debug]     freeing emitter.fixups.data
[Debug]   freeing local resources done
[Debug] compile_native_binary: compiling function shutdown
[Debug]   running select_all
[Debug]     select_all: starting actual_max_vreg loop
[Debug]     select_all: starting actual_max_label loop
[Debug]     select_all: creating InstructionSelector
[Debug]     select_all: getting fn_name
[Debug]     select_all: bi loop starting
[Debug]       bi loop: bi=0, blocks.len=4
[Debug]       bi loop: bb accessed, pushing MACH_LABEL for bb.id=0
[Debug]       bi loop: block_instrs.len=22, data=000001E98AD77DF0, start=0, len=7
[Debug]     select_inst: inst_idx=0, opcode=262
[Debug]     select_inst: inst_idx=1, opcode=513
[Debug]     select_inst: inst_idx=2, opcode=547
[Debug]     select_inst: inst_idx=3, opcode=270
[Debug]     select_inst: inst_idx=4, opcode=513
[Debug]     select_inst: inst_idx=5, opcode=547
[Debug]     select_inst: inst_idx=6, opcode=769
[Debug]       bi loop: bi=1, blocks.len=4
[Debug]       bi loop: bb accessed, pushing MACH_LABEL for bb.id=1
[Debug]       bi loop: block_instrs.len=22, data=000001E98AD77DF0, start=7, len=3
[Debug]     select_inst: inst_idx=7, opcode=269
[Debug]     select_inst: inst_idx=8, opcode=526
[Debug]     select_inst: inst_idx=9, opcode=770
[Debug]       bi loop: bi=2, blocks.len=4
[Debug]       bi loop: bb accessed, pushing MACH_LABEL for bb.id=2
[Debug]       bi loop: block_instrs.len=22, data=000001E98AD77DF0, start=10, len=11
[Debug]     select_inst: inst_idx=10, opcode=269
[Debug]     select_inst: inst_idx=11, opcode=547
[Debug]     select_inst: inst_idx=12, opcode=271
[Debug]     select_inst: inst_idx=13, opcode=513
[Debug]     select_inst: inst_idx=14, opcode=547
[Debug]     select_inst: inst_idx=15, opcode=270
[Debug]     select_inst: inst_idx=16, opcode=513
[Debug]     select_inst: inst_idx=17, opcode=547
[Debug]     select_inst: inst_idx=18, opcode=515
[Debug]     select_inst: inst_idx=19, opcode=262
[Debug]     select_inst: inst_idx=20, opcode=769
[Debug]       bi loop: bi=3, blocks.len=4
[Debug]       bi loop: bb accessed, pushing MACH_LABEL for bb.id=3
[Debug]       bi loop: block_instrs.len=22, data=000001E98AD77DF0, start=21, len=1
[Debug]     select_inst: inst_idx=21, opcode=772
[Debug]   running compute_liveness
[Debug]   running graph_coloring_alloc
[Debug]   running insert_spill_code
[Debug]   running emit_function_binary
[Debug]   emit_function_binary done, pushing compiled info
[Debug]   freeing local resources
[Debug]     freeing cs_regs
[Debug]     freeing avail_gprs
[Debug]     freeing alloc_res.allocs
[Debug]     freeing intervals.data
[Debug]     freeing mach_insts.data
[Debug]     freeing final_insts.data
[Debug]     freeing emitter.code.data
[Debug]     freeing emitter.labels.keys
[Debug]     freeing emitter.labels.values
[Debug]     freeing emitter.fixups.data
[Debug]   freeing local resources done
[Debug] compile_native_binary: compiling function stats
[Debug]   running select_all
[Debug]     select_all: starting actual_max_vreg loop
[Debug]     select_all: starting actual_max_label loop
[Debug]     select_all: creating InstructionSelector
[Debug]     select_all: getting fn_name
[Debug]     select_all: bi loop starting
[Debug]       bi loop: bi=0, blocks.len=7
[Debug]       bi loop: bb accessed, pushing MACH_LABEL for bb.id=0
[Debug]       bi loop: block_instrs.len=43, data=000001E98ADCB520, start=0, len=5
[Debug]     select_inst: inst_idx=0, opcode=262
[Debug]     select_inst: inst_idx=1, opcode=262
[Debug]     select_inst: inst_idx=2, opcode=547
[Debug]     select_inst: inst_idx=3, opcode=524
[Debug]     select_inst: inst_idx=4, opcode=770
[Debug]       bi loop: bi=1, blocks.len=7
[Debug]       bi loop: bb accessed, pushing MACH_LABEL for bb.id=1
[Debug]       bi loop: block_instrs.len=43, data=000001E98ADCB520, start=5, len=1
[Debug]     select_inst: inst_idx=5, opcode=772
[Debug]       bi loop: bi=2, blocks.len=7
[Debug]       bi loop: bb accessed, pushing MACH_LABEL for bb.id=2
[Debug]       bi loop: block_instrs.len=43, data=000001E98ADCB520, start=6, len=1
[Debug]     select_inst: inst_idx=6, opcode=769
[Debug]       bi loop: bi=3, blocks.len=7
[Debug]       bi loop: bb accessed, pushing MACH_LABEL for bb.id=3
[Debug]       bi loop: block_instrs.len=43, data=000001E98ADCB520, start=7, len=13
[Debug]     select_inst: inst_idx=7, opcode=269
[Debug]     select_inst: inst_idx=8, opcode=270
[Debug]     select_inst: inst_idx=9, opcode=269
[Debug]     select_inst: inst_idx=10, opcode=270
[Debug]     select_inst: inst_idx=11, opcode=513
[Debug]     select_inst: inst_idx=12, opcode=547
[Debug]     select_inst: inst_idx=13, opcode=270
[Debug]     select_inst: inst_idx=14, opcode=513
[Debug]     select_inst: inst_idx=15, opcode=547
[Debug]     select_inst: inst_idx=16, opcode=270
[Debug]     select_inst: inst_idx=17, opcode=513
[Debug]     select_inst: inst_idx=18, opcode=547
[Debug]     select_inst: inst_idx=19, opcode=769
[Debug]       bi loop: bi=4, blocks.len=7
[Debug]       bi loop: bb accessed, pushing MACH_LABEL for bb.id=4
[Debug]       bi loop: block_instrs.len=43, data=000001E98ADCB520, start=20, len=3
[Debug]     select_inst: inst_idx=20, opcode=269
[Debug]     select_inst: inst_idx=21, opcode=526
[Debug]     select_inst: inst_idx=22, opcode=770
[Debug]       bi loop: bi=5, blocks.len=7
[Debug]       bi loop: bb accessed, pushing MACH_LABEL for bb.id=5
[Debug]       bi loop: block_instrs.len=43, data=000001E98ADCB520, start=23, len=19
[Debug]     select_inst: inst_idx=23, opcode=269
[Debug]     select_inst: inst_idx=24, opcode=269
[Debug]     select_inst: inst_idx=25, opcode=547
[Debug]     select_inst: inst_idx=26, opcode=271
[Debug]     select_inst: inst_idx=27, opcode=269
[Debug]     select_inst: inst_idx=28, opcode=515
[Debug]     select_inst: inst_idx=29, opcode=270
[Debug]     select_inst: inst_idx=30, opcode=269
[Debug]     select_inst: inst_idx=31, opcode=269
[Debug]     select_inst: inst_idx=32, opcode=547
[Debug]     select_inst: inst_idx=33, opcode=271
[Debug]     select_inst: inst_idx=34, opcode=269
[Debug]     select_inst: inst_idx=35, opcode=515
[Debug]     select_inst: inst_idx=36, opcode=270
[Debug]     select_inst: inst_idx=37, opcode=513
[Debug]     select_inst: inst_idx=38, opcode=547
[Debug]     select_inst: inst_idx=39, opcode=515
[Debug]     select_inst: inst_idx=40, opcode=262
[Debug]     select_inst: inst_idx=41, opcode=769
[Debug]       bi loop: bi=6, blocks.len=7
[Debug]       bi loop: bb accessed, pushing MACH_LABEL for bb.id=6
[Debug]       bi loop: block_instrs.len=43, data=000001E98ADCB520, start=42, len=1
[Debug]     select_inst: inst_idx=42, opcode=772
[Debug]   running compute_liveness
[Debug]   running graph_coloring_alloc
[Debug]   running insert_spill_code
[Debug]   running emit_function_binary
[Debug]   emit_function_binary done, pushing compiled info
[Debug]   freeing local resources
[Debug]     freeing cs_regs
[Debug]     freeing avail_gprs
[Debug]     freeing alloc_res.allocs
[Debug]     freeing intervals.data
[Debug]     freeing mach_insts.data
[Debug]     freeing final_insts.data
[Debug]     freeing emitter.code.data
[Debug]     freeing emitter.labels.keys
[Debug]     freeing emitter.labels.values
[Debug]     freeing emitter.fixups.data
[Debug]   freeing local resources done
[Debug] compile_native_binary: compiling function ax_panic
[Debug]   running select_all
[Debug]     select_all: starting actual_max_vreg loop
[Debug]     select_all: starting actual_max_label loop
[Debug]     select_all: creating InstructionSelector
[Debug]     select_all: getting fn_name
[Debug]     select_all: bi loop starting
[Debug]       bi loop: bi=0, blocks.len=4
[Debug]       bi loop: bb accessed, pushing MACH_LABEL for bb.id=0
[Debug]       bi loop: block_instrs.len=109, data=000001E98ADD0A00, start=0, len=4
[Debug]     select_inst: inst_idx=0, opcode=262
[Debug]     select_inst: inst_idx=1, opcode=513
[Debug]     select_inst: inst_idx=2, opcode=771
[Debug]     select_inst: inst_idx=3, opcode=770
[Debug]       bi loop: bi=1, blocks.len=4
[Debug]       bi loop: bb accessed, pushing MACH_LABEL for bb.id=1
[Debug]       bi loop: block_instrs.len=109, data=000001E98ADD0A00, start=4, len=35
[Debug]     select_inst: inst_idx=4, opcode=513
[Debug]     select_inst: inst_idx=5, opcode=547
[Debug]     select_inst: inst_idx=6, opcode=771
[Debug]     select_inst: inst_idx=7, opcode=513
[Debug]     select_inst: inst_idx=8, opcode=547
[Debug]     select_inst: inst_idx=9, opcode=513
[Debug]     select_inst: inst_idx=10, opcode=547
[Debug]     select_inst: inst_idx=11, opcode=269
[Debug]     select_inst: inst_idx=12, opcode=269
[Debug]     select_inst: inst_idx=13, opcode=771
[Debug]     select_inst: inst_idx=14, opcode=547
[Debug]     select_inst: inst_idx=15, opcode=0
[Debug]     select_inst: inst_idx=16, opcode=547
[Debug]     select_inst: inst_idx=17, opcode=771
[Debug]     select_inst: inst_idx=18, opcode=547
[Debug]     select_inst: inst_idx=19, opcode=269
[Debug]     select_inst: inst_idx=20, opcode=269
[Debug]     select_inst: inst_idx=21, opcode=771
[Debug]     select_inst: inst_idx=22, opcode=547
[Debug]     select_inst: inst_idx=23, opcode=0
[Debug]     select_inst: inst_idx=24, opcode=547
[Debug]     select_inst: inst_idx=25, opcode=771
[Debug]     select_inst: inst_idx=26, opcode=513
[Debug]     select_inst: inst_idx=27, opcode=547
[Debug]     select_inst: inst_idx=28, opcode=269
[Debug]     select_inst: inst_idx=29, opcode=269
[Debug]     select_inst: inst_idx=30, opcode=771
[Debug]     select_inst: inst_idx=31, opcode=547
[Debug]     select_inst: inst_idx=32, opcode=0
[Debug]     select_inst: inst_idx=33, opcode=547
[Debug]     select_inst: inst_idx=34, opcode=771
[Debug]     select_inst: inst_idx=35, opcode=513
[Debug]     select_inst: inst_idx=36, opcode=547
[Debug]     select_inst: inst_idx=37, opcode=771
[Debug]     select_inst: inst_idx=38, opcode=769
[Debug]       bi loop: bi=2, blocks.len=4
[Debug]       bi loop: bb accessed, pushing MACH_LABEL for bb.id=2
[Debug]       bi loop: block_instrs.len=109, data=000001E98ADD0A00, start=39, len=69
[Debug]     select_inst: inst_idx=39, opcode=513
[Debug]     select_inst: inst_idx=40, opcode=513
[Debug]     select_inst: inst_idx=41, opcode=547
[Debug]     select_inst: inst_idx=42, opcode=513
[Debug]     select_inst: inst_idx=43, opcode=547
[Debug]     select_inst: inst_idx=44, opcode=547
[Debug]     select_inst: inst_idx=45, opcode=547
[Debug]     select_inst: inst_idx=46, opcode=269
[Debug]     select_inst: inst_idx=47, opcode=269
[Debug]     select_inst: inst_idx=48, opcode=771
[Debug]     select_inst: inst_idx=49, opcode=547
[Debug]     select_inst: inst_idx=50, opcode=513
[Debug]     select_inst: inst_idx=51, opcode=547
[Debug]     select_inst: inst_idx=52, opcode=513
[Debug]     select_inst: inst_idx=53, opcode=547
[Debug]     select_inst: inst_idx=54, opcode=513
[Debug]     select_inst: inst_idx=55, opcode=547
[Debug]     select_inst: inst_idx=56, opcode=771
[Debug]     select_inst: inst_idx=57, opcode=513
[Debug]     select_inst: inst_idx=58, opcode=547
[Debug]     select_inst: inst_idx=59, opcode=513
[Debug]     select_inst: inst_idx=60, opcode=547
[Debug]     select_inst: inst_idx=61, opcode=547
[Debug]     select_inst: inst_idx=62, opcode=547
[Debug]     select_inst: inst_idx=63, opcode=269
[Debug]     select_inst: inst_idx=64, opcode=269
[Debug]     select_inst: inst_idx=65, opcode=771
[Debug]     select_inst: inst_idx=66, opcode=547
[Debug]     select_inst: inst_idx=67, opcode=513
[Debug]     select_inst: inst_idx=68, opcode=547
[Debug]     select_inst: inst_idx=69, opcode=513
[Debug]     select_inst: inst_idx=70, opcode=547
[Debug]     select_inst: inst_idx=71, opcode=513
[Debug]     select_inst: inst_idx=72, opcode=547
[Debug]     select_inst: inst_idx=73, opcode=771
[Debug]     select_inst: inst_idx=74, opcode=513
[Debug]     select_inst: inst_idx=75, opcode=513
[Debug]     select_inst: inst_idx=76, opcode=547
[Debug]     select_inst: inst_idx=77, opcode=513
[Debug]     select_inst: inst_idx=78, opcode=547
[Debug]     select_inst: inst_idx=79, opcode=547
[Debug]     select_inst: inst_idx=80, opcode=547
[Debug]     select_inst: inst_idx=81, opcode=269
[Debug]     select_inst: inst_idx=82, opcode=269
[Debug]     select_inst: inst_idx=83, opcode=771
[Debug]     select_inst: inst_idx=84, opcode=547
[Debug]     select_inst: inst_idx=85, opcode=513
[Debug]     select_inst: inst_idx=86, opcode=547
[Debug]     select_inst: inst_idx=87, opcode=513
[Debug]     select_inst: inst_idx=88, opcode=547
[Debug]     select_inst: inst_idx=89, opcode=513
[Debug]     select_inst: inst_idx=90, opcode=547
[Debug]     select_inst: inst_idx=91, opcode=771
[Debug]     select_inst: inst_idx=92, opcode=513
[Debug]     select_inst: inst_idx=93, opcode=547
[Debug]     select_inst: inst_idx=94, opcode=513
[Debug]     select_inst: inst_idx=95, opcode=547
[Debug]     select_inst: inst_idx=96, opcode=513
[Debug]     select_inst: inst_idx=97, opcode=547
[Debug]     select_inst: inst_idx=98, opcode=513
[Debug]     select_inst: inst_idx=99, opcode=547
[Debug]     select_inst: inst_idx=100, opcode=513
[Debug]     select_inst: inst_idx=101, opcode=547
[Debug]     select_inst: inst_idx=102, opcode=513
[Debug]     select_inst: inst_idx=103, opcode=547
[Debug]     select_inst: inst_idx=104, opcode=513
[Debug]     select_inst: inst_idx=105, opcode=547
[Debug]     select_inst: inst_idx=106, opcode=771
[Debug]     select_inst: inst_idx=107, opcode=769
[Debug]       bi loop: bi=3, blocks.len=4
[Debug]       bi loop: bb accessed, pushing MACH_LABEL for bb.id=3
[Debug]       bi loop: block_instrs.len=109, data=000001E98ADD0A00, start=108, len=1
[Debug]     select_inst: inst_idx=108, opcode=772
[Debug]   running compute_liveness
[Debug]   running graph_coloring_alloc
[Debug]   running insert_spill_code
[Debug]   running emit_function_binary
[Debug]   emit_function_binary done, pushing compiled info
[Debug]   freeing local resources
[Debug]     freeing cs_regs
[Debug]     freeing avail_gprs
[Debug]     freeing alloc_res.allocs
[Debug]     freeing intervals.data
[Debug]     freeing mach_insts.data
[Debug]     freeing final_insts.data
[Debug]     freeing emitter.code.data
[Debug]     freeing emitter.labels.keys
[Debug]     freeing emitter.labels.values
[Debug]     freeing emitter.fixups.data
[Debug]   freeing local resources done
[Debug] compile_native_binary: compiling function ax_bounds_check
[Debug]   running select_all
[Debug]     select_all: starting actual_max_vreg loop
[Debug]     select_all: starting actual_max_label loop
[Debug]     select_all: creating InstructionSelector
[Debug]     select_all: getting fn_name
[Debug]     select_all: bi loop starting
[Debug]       bi loop: bi=0, blocks.len=4
[Debug]       bi loop: bb accessed, pushing MACH_LABEL for bb.id=0
[Debug]       bi loop: block_instrs.len=12, data=000001E98ADD4010, start=0, len=7
[Debug]     select_inst: inst_idx=0, opcode=262
[Debug]     select_inst: inst_idx=1, opcode=262
[Debug]     select_inst: inst_idx=2, opcode=513
[Debug]     select_inst: inst_idx=3, opcode=526
[Debug]     select_inst: inst_idx=4, opcode=529
[Debug]     select_inst: inst_idx=5, opcode=531
[Debug]     select_inst: inst_idx=6, opcode=770
[Debug]       bi loop: bi=1, blocks.len=4
[Debug]       bi loop: bb accessed, pushing MACH_LABEL for bb.id=1
[Debug]       bi loop: block_instrs.len=12, data=000001E98ADD4010, start=7, len=3
[Debug]     select_inst: inst_idx=7, opcode=513
[Debug]     select_inst: inst_idx=8, opcode=771
[Debug]     select_inst: inst_idx=9, opcode=769
[Debug]       bi loop: bi=2, blocks.len=4
[Debug]       bi loop: bb accessed, pushing MACH_LABEL for bb.id=2
[Debug]       bi loop: block_instrs.len=12, data=000001E98ADD4010, start=10, len=1
[Debug]     select_inst: inst_idx=10, opcode=769
[Debug]       bi loop: bi=3, blocks.len=4
[Debug]       bi loop: bb accessed, pushing MACH_LABEL for bb.id=3
[Debug]       bi loop: block_instrs.len=12, data=000001E98ADD4010, start=11, len=1
[Debug]     select_inst: inst_idx=11, opcode=772
[Debug]   running compute_liveness
[Debug]   running graph_coloring_alloc
[Debug]   running insert_spill_code
[Debug]   running emit_function_binary
[Debug]   emit_function_binary done, pushing compiled info
[Debug]   freeing local resources
[Debug]     freeing cs_regs
[Debug]     freeing avail_gprs
[Debug]     freeing alloc_res.allocs
[Debug]     freeing intervals.data
[Debug]     freeing mach_insts.data
[Debug]     freeing final_insts.data
[Debug]     freeing emitter.code.data
[Debug]     freeing emitter.labels.keys
[Debug]     freeing emitter.labels.values
[Debug]     freeing emitter.fixups.data
[Debug]   freeing local resources done
[Debug] compile_native_binary: compiling function ax_assert
[Debug]   running select_all
[Debug]     select_all: starting actual_max_vreg loop
[Debug]     select_all: starting actual_max_label loop
[Debug]     select_all: creating InstructionSelector
[Debug]     select_all: getting fn_name
[Debug]     select_all: bi loop starting
[Debug]       bi loop: bi=0, blocks.len=4
[Debug]       bi loop: bb accessed, pushing MACH_LABEL for bb.id=0
[Debug]       bi loop: block_instrs.len=8, data=000001E98ADD4A30, start=0, len=4
[Debug]     select_inst: inst_idx=0, opcode=262
[Debug]     select_inst: inst_idx=1, opcode=262
[Debug]     select_inst: inst_idx=2, opcode=535
[Debug]     select_inst: inst_idx=3, opcode=770
[Debug]       bi loop: bi=1, blocks.len=4
[Debug]       bi loop: bb accessed, pushing MACH_LABEL for bb.id=1
[Debug]       bi loop: block_instrs.len=8, data=000001E98ADD4A30, start=4, len=2
[Debug]     select_inst: inst_idx=4, opcode=771
[Debug]     select_inst: inst_idx=5, opcode=769
[Debug]       bi loop: bi=2, blocks.len=4
[Debug]       bi loop: bb accessed, pushing MACH_LABEL for bb.id=2
[Debug]       bi loop: block_instrs.len=8, data=000001E98ADD4A30, start=6, len=1
[Debug]     select_inst: inst_idx=6, opcode=769
[Debug]       bi loop: bi=3, blocks.len=4
[Debug]       bi loop: bb accessed, pushing MACH_LABEL for bb.id=3
[Debug]       bi loop: block_instrs.len=8, data=000001E98ADD4A30, start=7, len=1
[Debug]     select_inst: inst_idx=7, opcode=772
[Debug]   running compute_liveness
[Debug]   running graph_coloring_alloc
[Debug]   running insert_spill_code
[Debug]   running emit_function_binary
[Debug]   emit_function_binary done, pushing compiled info
[Debug]   freeing local resources
[Debug]     freeing cs_regs
[Debug]     freeing avail_gprs
[Debug]     freeing alloc_res.allocs
[Debug]     freeing intervals.data
[Debug]     freeing mach_insts.data
[Debug]     freeing final_insts.data
[Debug]     freeing emitter.code.data
[Debug]     freeing emitter.labels.keys
[Debug]     freeing emitter.labels.values
[Debug]     freeing emitter.fixups.data
[Debug]   freeing local resources done
[Debug] compile_native_binary: compiling function __ax_runtime_init
[Debug]   running select_all
[Debug]     select_all: starting actual_max_vreg loop
[Debug]     select_all: starting actual_max_label loop
[Debug]     select_all: creating InstructionSelector
[Debug]     select_all: getting fn_name
[Debug]     select_all: bi loop starting
[Debug]       bi loop: bi=0, blocks.len=4
[Debug]       bi loop: bb accessed, pushing MACH_LABEL for bb.id=0
[Debug]       bi loop: block_instrs.len=10, data=000001E98ADD4790, start=0, len=1
[Debug]     select_inst: inst_idx=0, opcode=770
[Debug]       bi loop: bi=1, blocks.len=4
[Debug]       bi loop: bb accessed, pushing MACH_LABEL for bb.id=1
[Debug]       bi loop: block_instrs.len=10, data=000001E98ADD4790, start=1, len=1
[Debug]     select_inst: inst_idx=1, opcode=772
[Debug]       bi loop: bi=2, blocks.len=4
[Debug]       bi loop: bb accessed, pushing MACH_LABEL for bb.id=2
[Debug]       bi loop: block_instrs.len=10, data=000001E98ADD4790, start=2, len=1
[Debug]     select_inst: inst_idx=2, opcode=769
[Debug]       bi loop: bi=3, blocks.len=4
[Debug]       bi loop: bb accessed, pushing MACH_LABEL for bb.id=3
[Debug]       bi loop: block_instrs.len=10, data=000001E98ADD4790, start=3, len=7
[Debug]     select_inst: inst_idx=3, opcode=771
[Debug]     select_inst: inst_idx=4, opcode=513
[Debug]     select_inst: inst_idx=5, opcode=547
[Debug]     select_inst: inst_idx=6, opcode=771
[Debug]     select_inst: inst_idx=7, opcode=771
[Debug]     select_inst: inst_idx=8, opcode=513
[Debug]     select_inst: inst_idx=9, opcode=772
[Debug]   running compute_liveness
[Debug]   running graph_coloring_alloc
[Debug]   running insert_spill_code
[Debug]   running emit_function_binary
[Debug]   emit_function_binary done, pushing compiled info
[Debug]   freeing local resources
[Debug]     freeing cs_regs
[Debug]     freeing avail_gprs
[Debug]     freeing alloc_res.allocs
[Debug]     freeing intervals.data
[Debug]     freeing mach_insts.data
[Debug]     freeing final_insts.data
[Debug]     freeing emitter.code.data
[Debug]     freeing emitter.labels.keys
[Debug]     freeing emitter.labels.values
[Debug]     freeing emitter.fixups.data
[Debug]   freeing local resources done
[Debug] compile_native_binary: compiling function __ax_runtime_shutdown
[Debug]   running select_all
[Debug]     select_all: starting actual_max_vreg loop
[Debug]     select_all: starting actual_max_label loop
[Debug]     select_all: creating InstructionSelector
[Debug]     select_all: getting fn_name
[Debug]     select_all: bi loop starting
[Debug]       bi loop: bi=0, blocks.len=10
[Debug]       bi loop: bb accessed, pushing MACH_LABEL for bb.id=0
[Debug]       bi loop: block_instrs.len=20, data=000001E98AD76630, start=0, len=2
[Debug]     select_inst: inst_idx=0, opcode=535
[Debug]     select_inst: inst_idx=1, opcode=770
[Debug]       bi loop: bi=1, blocks.len=10
[Debug]       bi loop: bb accessed, pushing MACH_LABEL for bb.id=1
[Debug]       bi loop: block_instrs.len=20, data=000001E98AD76630, start=2, len=1
[Debug]     select_inst: inst_idx=2, opcode=772
[Debug]       bi loop: bi=2, blocks.len=10
[Debug]       bi loop: bb accessed, pushing MACH_LABEL for bb.id=2
[Debug]       bi loop: block_instrs.len=20, data=000001E98AD76630, start=3, len=1
[Debug]     select_inst: inst_idx=3, opcode=769
[Debug]       bi loop: bi=3, blocks.len=10
[Debug]       bi loop: bb accessed, pushing MACH_LABEL for bb.id=3
[Debug]       bi loop: block_instrs.len=20, data=000001E98AD76630, start=4, len=1
[Debug]     select_inst: inst_idx=4, opcode=770
[Debug]       bi loop: bi=4, blocks.len=10
[Debug]       bi loop: bb accessed, pushing MACH_LABEL for bb.id=4
[Debug]       bi loop: block_instrs.len=20, data=000001E98AD76630, start=5, len=5
[Debug]     select_inst: inst_idx=5, opcode=269
[Debug]     select_inst: inst_idx=6, opcode=771
[Debug]     select_inst: inst_idx=7, opcode=269
[Debug]     select_inst: inst_idx=8, opcode=771
[Debug]     select_inst: inst_idx=9, opcode=769
[Debug]       bi loop: bi=5, blocks.len=10
[Debug]       bi loop: bb accessed, pushing MACH_LABEL for bb.id=5
[Debug]       bi loop: block_instrs.len=20, data=000001E98AD76630, start=10, len=1
[Debug]     select_inst: inst_idx=10, opcode=769
[Debug]       bi loop: bi=6, blocks.len=10
[Debug]       bi loop: bb accessed, pushing MACH_LABEL for bb.id=6
[Debug]       bi loop: block_instrs.len=20, data=000001E98AD76630, start=11, len=3
[Debug]     select_inst: inst_idx=11, opcode=547
[Debug]     select_inst: inst_idx=12, opcode=525
[Debug]     select_inst: inst_idx=13, opcode=770
[Debug]       bi loop: bi=7, blocks.len=10
[Debug]       bi loop: bb accessed, pushing MACH_LABEL for bb.id=7
[Debug]       bi loop: block_instrs.len=20, data=000001E98AD76630, start=14, len=2
[Debug]     select_inst: inst_idx=14, opcode=771
[Debug]     select_inst: inst_idx=15, opcode=769
[Debug]       bi loop: bi=8, blocks.len=10
[Debug]       bi loop: bb accessed, pushing MACH_LABEL for bb.id=8
[Debug]       bi loop: block_instrs.len=20, data=000001E98AD76630, start=16, len=1
[Debug]     select_inst: inst_idx=16, opcode=769
[Debug]       bi loop: bi=9, blocks.len=10
[Debug]       bi loop: bb accessed, pushing MACH_LABEL for bb.id=9
[Debug]       bi loop: block_instrs.len=20, data=000001E98AD76630, start=17, len=3
[Debug]     select_inst: inst_idx=17, opcode=771
[Debug]     select_inst: inst_idx=18, opcode=513
[Debug]     select_inst: inst_idx=19, opcode=772
[Debug]   running compute_liveness
[Debug]   running graph_coloring_alloc
[Debug]   running insert_spill_code
[Debug]   running emit_function_binary
[Debug]   emit_function_binary done, pushing compiled info
[Debug]   freeing local resources
[Debug]     freeing cs_regs
[Debug]     freeing avail_gprs
[Debug]     freeing alloc_res.allocs
[Debug]     freeing intervals.data
[Debug]     freeing mach_insts.data
[Debug]     freeing final_insts.data
[Debug]     freeing emitter.code.data
[Debug]     freeing emitter.labels.keys
[Debug]     freeing emitter.labels.values
[Debug]     freeing emitter.fixups.data
[Debug]   freeing local resources done
[Debug] compile_native_binary: compiling function malloc
[Debug]   running select_all
[Debug]     select_all: starting actual_max_vreg loop
[Debug]     select_all: starting actual_max_label loop
[Debug]     select_all: creating InstructionSelector
[Debug]     select_all: getting fn_name
[Debug]     select_all: bi loop starting
[Debug]       bi loop: bi=0, blocks.len=7
[Debug]       bi loop: bb accessed, pushing MACH_LABEL for bb.id=0
[Debug]       bi loop: block_instrs.len=17, data=000001E98AD76810, start=0, len=3
[Debug]     select_inst: inst_idx=0, opcode=262
[Debug]     select_inst: inst_idx=1, opcode=535
[Debug]     select_inst: inst_idx=2, opcode=770
[Debug]       bi loop: bi=1, blocks.len=7
[Debug]       bi loop: bb accessed, pushing MACH_LABEL for bb.id=1
[Debug]       bi loop: block_instrs.len=17, data=000001E98AD76810, start=3, len=2
[Debug]     select_inst: inst_idx=3, opcode=771
[Debug]     select_inst: inst_idx=4, opcode=769
[Debug]       bi loop: bi=2, blocks.len=7
[Debug]       bi loop: bb accessed, pushing MACH_LABEL for bb.id=2
[Debug]       bi loop: block_instrs.len=17, data=000001E98AD76810, start=5, len=1
[Debug]     select_inst: inst_idx=5, opcode=769
[Debug]       bi loop: bi=3, blocks.len=7
[Debug]       bi loop: bb accessed, pushing MACH_LABEL for bb.id=3
[Debug]       bi loop: block_instrs.len=17, data=000001E98AD76810, start=6, len=5
[Debug]     select_inst: inst_idx=6, opcode=547
[Debug]     select_inst: inst_idx=7, opcode=771
[Debug]     select_inst: inst_idx=8, opcode=547
[Debug]     select_inst: inst_idx=9, opcode=524
[Debug]     select_inst: inst_idx=10, opcode=770
[Debug]       bi loop: bi=4, blocks.len=7
[Debug]       bi loop: bb accessed, pushing MACH_LABEL for bb.id=4
[Debug]       bi loop: block_instrs.len=17, data=000001E98AD76810, start=11, len=3
[Debug]     select_inst: inst_idx=11, opcode=513
[Debug]     select_inst: inst_idx=12, opcode=771
[Debug]     select_inst: inst_idx=13, opcode=769
[Debug]       bi loop: bi=5, blocks.len=7
[Debug]       bi loop: bb accessed, pushing MACH_LABEL for bb.id=5
[Debug]       bi loop: block_instrs.len=17, data=000001E98AD76810, start=14, len=1
[Debug]     select_inst: inst_idx=14, opcode=769
[Debug]       bi loop: bi=6, blocks.len=7
[Debug]       bi loop: bb accessed, pushing MACH_LABEL for bb.id=6
[Debug]       bi loop: block_instrs.len=17, data=000001E98AD76810, start=15, len=2
[Debug]     select_inst: inst_idx=15, opcode=547
[Debug]     select_inst: inst_idx=16, opcode=772
[Debug]   running compute_liveness
[Debug]   running graph_coloring_alloc
[Debug]   running insert_spill_code
[Debug]   running emit_function_binary
[Debug]   emit_function_binary done, pushing compiled info
[Debug]   freeing local resources
[Debug]     freeing cs_regs
[Debug]     freeing avail_gprs
[Debug]     freeing alloc_res.allocs
[Debug]     freeing intervals.data
[Debug]     freeing mach_insts.data
[Debug]     freeing final_insts.data
[Debug]     freeing emitter.code.data
[Debug]     freeing emitter.labels.keys
[Debug]     freeing emitter.labels.values
[Debug]     freeing emitter.fixups.data
[Debug]   freeing local resources done
[Debug] compile_native_binary: compiling function free
[Debug]   running select_all
[Debug]     select_all: starting actual_max_vreg loop
[Debug]     select_all: starting actual_max_label loop
[Debug]     select_all: creating InstructionSelector
[Debug]     select_all: getting fn_name
[Debug]     select_all: bi loop starting
[Debug]       bi loop: bi=0, blocks.len=7
[Debug]       bi loop: bb accessed, pushing MACH_LABEL for bb.id=0
[Debug]       bi loop: block_instrs.len=15, data=000001E98ADD41F0, start=0, len=4
[Debug]     select_inst: inst_idx=0, opcode=262
[Debug]     select_inst: inst_idx=1, opcode=547
[Debug]     select_inst: inst_idx=2, opcode=524
[Debug]     select_inst: inst_idx=3, opcode=770
[Debug]       bi loop: bi=1, blocks.len=7
[Debug]       bi loop: bb accessed, pushing MACH_LABEL for bb.id=1
[Debug]       bi loop: block_instrs.len=15, data=000001E98ADD41F0, start=4, len=1
[Debug]     select_inst: inst_idx=4, opcode=772
[Debug]       bi loop: bi=2, blocks.len=7
[Debug]       bi loop: bb accessed, pushing MACH_LABEL for bb.id=2
[Debug]       bi loop: block_instrs.len=15, data=000001E98ADD41F0, start=5, len=1
[Debug]     select_inst: inst_idx=5, opcode=769
[Debug]       bi loop: bi=3, blocks.len=7
[Debug]       bi loop: bb accessed, pushing MACH_LABEL for bb.id=3
[Debug]       bi loop: block_instrs.len=15, data=000001E98ADD41F0, start=6, len=4
[Debug]     select_inst: inst_idx=6, opcode=547
[Debug]     select_inst: inst_idx=7, opcode=525
[Debug]     select_inst: inst_idx=8, opcode=530
[Debug]     select_inst: inst_idx=9, opcode=770
[Debug]       bi loop: bi=4, blocks.len=7
[Debug]       bi loop: bb accessed, pushing MACH_LABEL for bb.id=4
[Debug]       bi loop: block_instrs.len=15, data=000001E98ADD41F0, start=10, len=3
[Debug]     select_inst: inst_idx=10, opcode=547
[Debug]     select_inst: inst_idx=11, opcode=771
[Debug]     select_inst: inst_idx=12, opcode=769
[Debug]       bi loop: bi=5, blocks.len=7
[Debug]       bi loop: bb accessed, pushing MACH_LABEL for bb.id=5
[Debug]       bi loop: block_instrs.len=15, data=000001E98ADD41F0, start=13, len=1
[Debug]     select_inst: inst_idx=13, opcode=769
[Debug]       bi loop: bi=6, blocks.len=7
[Debug]       bi loop: bb accessed, pushing MACH_LABEL for bb.id=6
[Debug]       bi loop: block_instrs.len=15, data=000001E98ADD41F0, start=14, len=1
[Debug]     select_inst: inst_idx=14, opcode=772
[Debug]   running compute_liveness
[Debug]   running graph_coloring_alloc
[Debug]   running insert_spill_code
[Debug]   running emit_function_binary
[Debug]   emit_function_binary done, pushing compiled info
[Debug]   freeing local resources
[Debug]     freeing cs_regs
[Debug]     freeing avail_gprs
[Debug]     freeing alloc_res.allocs
[Debug]     freeing intervals.data
[Debug]     freeing mach_insts.data
[Debug]     freeing final_insts.data
[Debug]     freeing emitter.code.data
[Debug]     freeing emitter.labels.keys
[Debug]     freeing emitter.labels.values
[Debug]     freeing emitter.fixups.data
[Debug]   freeing local resources done
[Debug] compile_native_binary: compiling function ax_set_program_name
[Debug]   running select_all
[Debug]     select_all: starting actual_max_vreg loop
[Debug]     select_all: starting actual_max_label loop
[Debug]     select_all: creating InstructionSelector
[Debug]     select_all: getting fn_name
[Debug]     select_all: bi loop starting
[Debug]       bi loop: bi=0, blocks.len=1
[Debug]       bi loop: bb accessed, pushing MACH_LABEL for bb.id=0
[Debug]       bi loop: block_instrs.len=2, data=000001E98ADD4430, start=0, len=2
[Debug]     select_inst: inst_idx=0, opcode=262
[Debug]     select_inst: inst_idx=1, opcode=772
[Debug]   running compute_liveness
[Debug]   running graph_coloring_alloc
[Debug]   running insert_spill_code
[Debug]   running emit_function_binary
[Debug]   emit_function_binary done, pushing compiled info
[Debug]   freeing local resources
[Debug]     freeing cs_regs
[Debug]     freeing avail_gprs
[Debug]     freeing alloc_res.allocs
[Debug]     freeing intervals.data
[Debug]     freeing mach_insts.data
[Debug]     freeing final_insts.data
[Debug]     freeing emitter.code.data
[Debug]     freeing emitter.labels.keys
[Debug]     freeing emitter.labels.values
[Debug]   freeing local resources done
[Debug] compile_native_binary: compiling function main
[Debug]   running select_all
[Debug]     select_all: starting actual_max_vreg loop
[Debug]     select_all: starting actual_max_label loop
[Debug]     select_all: creating InstructionSelector
[Debug]     select_all: getting fn_name
[Debug]     select_all: bi loop starting
[Debug]       bi loop: bi=0, blocks.len=10
[Debug]       bi loop: bb accessed, pushing MACH_LABEL for bb.id=0
[Debug]       bi loop: block_instrs.len=54, data=000001E98ADCB1C0, start=0, len=7
[Debug]       bi loop: handling is_main
[Debug]     select_inst: inst_idx=0, opcode=513
[Debug]     select_inst: inst_idx=1, opcode=547
[Debug]     select_inst: inst_idx=2, opcode=771
[Debug]     select_inst: inst_idx=3, opcode=547
[Debug]     select_inst: inst_idx=4, opcode=547
[Debug]     select_inst: inst_idx=5, opcode=524
[Debug]     select_inst: inst_idx=6, opcode=770
[Debug]       bi loop: bi=1, blocks.len=10
[Debug]       bi loop: bb accessed, pushing MACH_LABEL for bb.id=1
[Debug]       bi loop: block_instrs.len=54, data=000001E98ADCB1C0, start=7, len=2
[Debug]     select_inst: inst_idx=7, opcode=513
[Debug]     select_inst: inst_idx=8, opcode=772
[Debug]       bi loop: bi=2, blocks.len=10
[Debug]       bi loop: bb accessed, pushing MACH_LABEL for bb.id=2
[Debug]       bi loop: block_instrs.len=54, data=000001E98ADCB1C0, start=9, len=1
[Debug]     select_inst: inst_idx=9, opcode=769
[Debug]       bi loop: bi=3, blocks.len=10
[Debug]       bi loop: bb accessed, pushing MACH_LABEL for bb.id=3
[Debug]       bi loop: block_instrs.len=54, data=000001E98ADCB1C0, start=10, len=23
[Debug]     select_inst: inst_idx=10, opcode=513
[Debug]     select_inst: inst_idx=11, opcode=270
[Debug]     select_inst: inst_idx=12, opcode=547
[Debug]     select_inst: inst_idx=13, opcode=513
[Debug]     select_inst: inst_idx=14, opcode=547
[Debug]     select_inst: inst_idx=15, opcode=516
[Debug]     select_inst: inst_idx=16, opcode=547
[Debug]     select_inst: inst_idx=17, opcode=265
[Debug]     select_inst: inst_idx=18, opcode=547
[Debug]     select_inst: inst_idx=19, opcode=513
[Debug]     select_inst: inst_idx=20, opcode=547
[Debug]     select_inst: inst_idx=21, opcode=0
[Debug]     select_inst: inst_idx=22, opcode=547
[Debug]     select_inst: inst_idx=23, opcode=513
[Debug]     select_inst: inst_idx=24, opcode=547
[Debug]     select_inst: inst_idx=25, opcode=533
[Debug]     select_inst: inst_idx=26, opcode=0
[Debug]     select_inst: inst_idx=27, opcode=547
[Debug]     select_inst: inst_idx=28, opcode=265
[Debug]     select_inst: inst_idx=29, opcode=269
[Debug]     select_inst: inst_idx=30, opcode=513
[Debug]     select_inst: inst_idx=31, opcode=525
[Debug]     select_inst: inst_idx=32, opcode=770
[Debug]       bi loop: bi=4, blocks.len=10
[Debug]       bi loop: bb accessed, pushing MACH_LABEL for bb.id=4
[Debug]       bi loop: block_instrs.len=54, data=000001E98ADCB1C0, start=33, len=2
[Debug]     select_inst: inst_idx=33, opcode=513
[Debug]     select_inst: inst_idx=34, opcode=772
[Debug]       bi loop: bi=5, blocks.len=10
[Debug]       bi loop: bb accessed, pushing MACH_LABEL for bb.id=5
[Debug]       bi loop: block_instrs.len=54, data=000001E98ADCB1C0, start=35, len=1
[Debug]     select_inst: inst_idx=35, opcode=769
[Debug]       bi loop: bi=6, blocks.len=10
[Debug]       bi loop: bb accessed, pushing MACH_LABEL for bb.id=6
[Debug]       bi loop: block_instrs.len=54, data=000001E98ADCB1C0, start=36, len=13
[Debug]     select_inst: inst_idx=36, opcode=513
[Debug]     select_inst: inst_idx=37, opcode=771
[Debug]     select_inst: inst_idx=38, opcode=513
[Debug]     select_inst: inst_idx=39, opcode=771
[Debug]     select_inst: inst_idx=40, opcode=513
[Debug]     select_inst: inst_idx=41, opcode=771
[Debug]     select_inst: inst_idx=42, opcode=547
[Debug]     select_inst: inst_idx=43, opcode=771
[Debug]     select_inst: inst_idx=44, opcode=265
[Debug]     select_inst: inst_idx=45, opcode=269
[Debug]     select_inst: inst_idx=46, opcode=513
[Debug]     select_inst: inst_idx=47, opcode=525
[Debug]     select_inst: inst_idx=48, opcode=770
[Debug]       bi loop: bi=7, blocks.len=10
[Debug]       bi loop: bb accessed, pushing MACH_LABEL for bb.id=7
[Debug]       bi loop: block_instrs.len=54, data=000001E98ADCB1C0, start=49, len=2
[Debug]     select_inst: inst_idx=49, opcode=513
[Debug]     select_inst: inst_idx=50, opcode=772
[Debug]       bi loop: bi=8, blocks.len=10
[Debug]       bi loop: bb accessed, pushing MACH_LABEL for bb.id=8
[Debug]       bi loop: block_instrs.len=54, data=000001E98ADCB1C0, start=51, len=1
[Debug]     select_inst: inst_idx=51, opcode=769
[Debug]       bi loop: bi=9, blocks.len=10
[Debug]       bi loop: bb accessed, pushing MACH_LABEL for bb.id=9
[Debug]       bi loop: block_instrs.len=54, data=000001E98ADCB1C0, start=52, len=2
[Debug]     select_inst: inst_idx=52, opcode=513
[Debug]     select_inst: inst_idx=53, opcode=772
[Debug]   running compute_liveness
[Debug]   running graph_coloring_alloc
[Debug]   running insert_spill_code
[Debug]   running emit_function_binary
[Debug]   emit_function_binary done, pushing compiled info
[Debug]   freeing local resources
[Debug]     freeing cs_regs
[Debug]     freeing avail_gprs
[Debug]     freeing alloc_res.allocs
[Debug]     freeing intervals.data
[Debug]     freeing mach_insts.data
[Debug]     freeing final_insts.data
[Debug]     freeing emitter.code.data
[Debug]     freeing emitter.labels.keys
[Debug]     freeing emitter.labels.values
[Debug]     freeing emitter.fixups.data
[Debug]   freeing local resources done
[Debug] compile_native_binary: compiling loop finished, populating symbols starting
[Debug] compile_native_binary: populating symbols done
[Debug] compile_native_binary: populating relocs done, writing object file starting
[Debug] compile_native_binary: writing object file done, success=1
[Debug] compile_native_binary: starting cleanup
[Debug] compile_native_binary: freeing all_code
[Debug] compile_native_binary: freeing rdata_buf
[Debug] compile_native_binary: freeing str_keys
[Debug] compile_native_binary: freeing str_offsets
[Debug] compile_native_binary: freeing info.relocs for func 6
[Debug] compile_native_binary: freeing info.relocs for func 7
[Debug] compile_native_binary: freeing info.relocs for func 8
[Debug] compile_native_binary: freeing info.relocs for func 9
[Debug] compile_native_binary: freeing info.relocs for func 10
[Debug] compile_native_binary: freeing info.relocs for func 11
[Debug] compile_native_binary: freeing info.relocs for func 12
[Debug] compile_native_binary: freeing info.relocs for func 13
[Debug] compile_native_binary: freeing info.relocs for func 14
[Debug] compile_native_binary: freeing info.relocs for func 15
[Debug] compile_native_binary: freeing info.relocs for func 16
[Debug] compile_native_binary: freeing info.relocs for func 17
[Debug] compile_native_binary: freeing info.relocs for func 18
[Debug] compile_native_binary: freeing info.relocs for func 19
[Debug] compile_native_binary: freeing info.relocs for func 20
[Debug] compile_native_binary: freeing info.relocs for func 21
[Debug] compile_native_binary: freeing info.relocs for func 22
[Debug] compile_native_binary: freeing info.relocs for func 23
[Debug] compile_native_binary: freeing info.relocs for func 24
[Debug] compile_native_binary: freeing info.relocs for func 29
[Debug] compile_native_binary: freeing info.relocs for func 31
[Debug] compile_native_binary: freeing info.relocs for func 32
[Debug] compile_native_binary: freeing info.relocs for func 36
[Debug] compile_native_binary: freeing info.relocs for func 37
[Debug] compile_native_binary: freeing info.relocs for func 38
[Debug] compile_native_binary: freeing info.relocs for func 41
[Debug] compile_native_binary: freeing info.relocs for func 42
[Debug] compile_native_binary: freeing info.relocs for func 43
[Debug] compile_native_binary: freeing info.relocs for func 46
[Debug] compile_native_binary: freeing info.relocs for func 47
[Debug] compile_native_binary: freeing info.relocs for func 48
[Debug] compile_native_binary: freeing info.relocs for func 49
[Debug] compile_native_binary: freeing info.relocs for func 50
[Debug] compile_native_binary: freeing info.relocs for func 51
[Debug] compile_native_binary: freeing info.relocs for func 52
[Debug] compile_native_binary: freeing info.relocs for func 54
[Debug] compile_native_binary: freeing func_infos
[Debug] compile_native_binary: freeing coff_syms
[Debug] compile_native_binary: freeing coff_relocs
[Debug] compile_native_binary: cleanup done
