=== RUN   TestStage1LexerCorpus
[COMPILER] Lexing...
[COMPILER] Parsing...
    lexer_bootstrap_test.go:41: failed to compile self-hosted lexer: parse errors: [{0 1000 {3130 0 0} expected expression, got 'if' } {0 1000 {3133 0 0} expected newline, got identifier } {0 1000 {3147 0 0} expected newline, got '{' } {0 1000 {3147 0 0} expected expression, got '{' } {0 1000 {3149 0 0} expected expression, got integer literal } {0 1000 {3199 0 0} expected expression, got ERROR } {0 1000 {3200 0 0} expected newline, got identifier } {0 1000 {3314 0 0} expected expression, got ERROR } {0 1000 {3315 0 0} expected expression, got identifier } {0 1000 {3391 0 0} expected expression, got ERROR } {0 1000 {3392 0 0} expected expression, got identifier } {0 1000 {3845 0 0} expected expression, got 'if' } {0 1000 {3848 0 0} expected newline, got identifier } {0 1000 {3862 0 0} expected newline, got '{' } {0 1000 {3862 0 0} expected expression, got '{' } {0 1000 {3864 0 0} expected expression, got integer literal } {0 1000 {3914 0 0} expected expression, got ERROR } {0 1000 {3915 0 0} expected newline, got identifier } {0 1000 {4023 0 0} expected expression, got ERROR } {0 1000 {4024 0 0} expected expression, got identifier } {0 1000 {4100 0 0} expected expression, got ERROR } {0 1000 {4101 0 0} expected expression, got identifier } {0 1000 {4787 0 0} expected expression, got INDENT } {0 1000 {4796 0 0} expected ',', got identifier } {0 1000 {4964 0 0} expected expression, got DEDENT } {0 1000 {5194 0 0} expected expression, got INDENT } {0 1000 {5203 0 0} expected ',', got identifier } {0 1000 {5299 0 0} expected expression, got DEDENT } {0 1000 {5360 0 0} expected INDENT, got 'return' } {0 1000 {5392 0 0} expected INDENT, got 'return' } {0 1000 {5426 0 0} expected INDENT, got 'return' } {0 1000 {5463 0 0} expected INDENT, got 'return' } {0 1000 {5500 0 0} expected INDENT, got 'return' } {0 1000 {5537 0 0} expected INDENT, got 'return' } {0 1000 {5573 0 0} expected INDENT, got 'return' } {0 1000 {5608 0 0} expected INDENT, got 'return' } {0 1000 {5645 0 0} expected INDENT, got 'return' } {0 1000 {5683 0 0} expected INDENT, got 'return' } {0 1000 {5717 0 0} expected INDENT, got 'return' } {0 1000 {5749 0 0} expected INDENT, got 'return' } {0 1000 {5785 0 0} expected INDENT, got 'return' } {0 1000 {5820 0 0} expected INDENT, got 'return' } {0 1000 {5855 0 0} expected INDENT, got 'return' } {0 1000 {5890 0 0} expected INDENT, got 'return' } {0 1000 {5928 0 0} expected INDENT, got 'return' } {0 1000 {5972 0 0} expected INDENT, got 'return' } {0 1000 {6011 0 0} expected INDENT, got 'return' } {0 1000 {6045 0 0} expected INDENT, got 'return' } {0 1000 {6080 0 0} expected INDENT, got 'return' } {0 1000 {6115 0 0} expected INDENT, got 'return' } {0 1000 {6148 0 0} expected INDENT, got 'return' } {0 1000 {6181 0 0} expected INDENT, got 'return' } {0 1000 {6213 0 0} expected INDENT, got 'return' } {0 1000 {6248 0 0} expected INDENT, got 'return' } {0 1000 {6284 0 0} expected INDENT, got 'return' } {0 1000 {6320 0 0} expected INDENT, got 'return' } {0 1000 {6358 0 0} expected INDENT, got 'return' } {0 1000 {6396 0 0} expected INDENT, got 'return' } {0 1000 {6433 0 0} expected INDENT, got 'return' } {0 1000 {6468 0 0} expected INDENT, got 'return' } {0 1000 {6505 0 0} expected INDENT, got 'return' } {0 1000 {6543 0 0} expected INDENT, got 'return' } {0 1000 {6635 0 0} expected expression, got '&' } {0 1000 {6637 0 0} expected ')', got identifier } {0 1000 {6637 0 0} expected newline, got identifier } {0 1000 {6645 0 0} expected newline, got ')' } {0 1000 {6645 0 0} expected expression, got ')' } {0 1000 {6647 0 0} expected expression, got '|' } {0 1000 {6752 0 0} expected identifier, got '(' } {0 1000 {6752 0 0} expected ':', got '(' } {0 1000 {6752 0 0} expected type expression, got '(' } {0 1000 {6752 0 0} expected ',', got '(' } {0 1000 {6755 0 0} expected ':', got '>=' } {0 1000 {6755 0 0} expected type expression, got '>=' } {0 1000 {6755 0 0} expected ',', got '>=' } {0 1000 {6755 0 0} expected identifier, got '>=' } {0 1000 {6755 0 0} expected ':', got '>=' } {0 1000 {6755 0 0} expected type expression, got '>=' } {0 1000 {6755 0 0} expected ',', got '>=' } {0 1000 {6758 0 0} expected identifier, got integer literal } {0 1000 {6758 0 0} expected ':', got integer literal } {0 1000 {6758 0 0} expected type expression, got integer literal } {0 1000 {6758 0 0} expected ',', got integer literal } {0 1000 {6761 0 0} expected identifier, got '&' } {0 1000 {6761 0 0} expected ':', got '&' } {0 1000 {6761 0 0} expected type expression, got '&' } {0 1000 {6761 0 0} expected ',', got '&' } {0 1000 {6762 0 0} expected identifier, got '&' } {0 1000 {6762 0 0} expected ':', got '&' } {0 1000 {6762 0 0} expected type expression, got '&' } {0 1000 {6762 0 0} expected ',', got '&' } {0 1000 {6766 0 0} expected ':', got '<=' } {0 1000 {6766 0 0} expected type expression, got '<=' } {0 1000 {6766 0 0} expected ',', got '<=' } {0 1000 {6766 0 0} expected identifier, got '<=' } {0 1000 {6766 0 0} expected ':', got '<=' } {0 1000 {6766 0 0} expected type expression, got '<=' } {0 1000 {6766 0 0} expected ',', got '<=' } {0 1000 {6769 0 0} expected identifier, got integer literal } {0 1000 {6769 0 0} expected ':', got integer literal } {0 1000 {6769 0 0} expected type expression, got integer literal } {0 1000 {6769 0 0} expected ',', got integer literal } {0 1000 {6771 0 0} expected identifier, got ')' } {0 1000 {6771 0 0} expected ':', got ')' } {0 1000 {6771 0 0} expected type expression, got ')' } {0 1000 {6771 0 0} expected ',', got ')' } {0 1000 {6772 0 0} expected identifier, got DEDENT } {0 1000 {6772 0 0} expected ':', got DEDENT } {0 1000 {6772 0 0} expected type expression, got DEDENT } {0 1000 {6772 0 0} expected ',', got DEDENT } {0 1000 {6774 0 0} expected identifier, got 'pub' } {0 1000 {6774 0 0} expected ':', got 'pub' } {0 1000 {6774 0 0} expected type expression, got 'pub' } {0 1000 {6774 0 0} expected ',', got 'pub' } {0 1000 {6778 0 0} expected identifier, got 'fn' } {0 1000 {6778 0 0} expected ':', got 'fn' } {0 1000 {6781 0 0} expected '(', got identifier } {0 1000 {6791 0 0} expected ',', got '(' } {0 1000 {6791 0 0} expected type expression, got '(' } {0 1000 {6791 0 0} expected ',', got '(' } {0 1000 {6792 0 0} expected type expression, got 'mut' } {0 1000 {6792 0 0} expected ',', got 'mut' } {0 1000 {6800 0 0} expected ',', got ':' } {0 1000 {6800 0 0} expected type expression, got ':' } {0 1000 {6800 0 0} expected ',', got ':' } {0 1000 {6808 0 0} expected ',', got ':' } {0 1000 {6808 0 0} expected identifier, got ':' } {0 1000 {6809 0 0} expected type expression, got INDENT } {0 1000 {6809 0 0} expected ',', got INDENT } {0 1000 {6809 0 0} expected identifier, got INDENT } {0 1000 {6809 0 0} expected ':', got INDENT } {0 1000 {6809 0 0} expected type expression, got INDENT } {0 1000 {6809 0 0} expected ',', got INDENT } {0 1000 {6814 0 0} expected identifier, got 'let' } {0 1000 {6814 0 0} expected ':', got 'let' } {0 1000 {6814 0 0} expected type expression, got 'let' } {0 1000 {6814 0 0} expected ',', got 'let' } {0 1000 {6824 0 0} expected ':', got '=' } {0 1000 {6824 0 0} expected type expression, got '=' } {0 1000 {6824 0 0} expected ',', got '=' } {0 1000 {6824 0 0} expected identifier, got '=' } {0 1000 {6824 0 0} expected ':', got '=' } {0 1000 {6824 0 0} expected type expression, got '=' } {0 1000 {6824 0 0} expected ',', got '=' } {0 1000 {6830 0 0} expected ':', got '.' } {0 1000 {6830 0 0} expected type expression, got '.' } {0 1000 {6830 0 0} expected ',', got '.' } {0 1000 {6830 0 0} expected identifier, got '.' } {0 1000 {6830 0 0} expected ':', got '.' } {0 1000 {6830 0 0} expected type expression, got '.' } {0 1000 {6830 0 0} expected ',', got '.' } {0 1000 {6839 0 0} expected ':', got identifier } {0 1000 {6843 0 0} expected ',', got '.' } {0 1000 {6843 0 0} expected identifier, got '.' } {0 1000 {6843 0 0} expected ':', got '.' } {0 1000 {6843 0 0} expected type expression, got '.' } {0 1000 {6843 0 0} expected ',', got '.' } {0 1000 {6848 0 0} expected ':', got '=' } {0 1000 {6848 0 0} expected type expression, got '=' } {0 1000 {6848 0 0} expected ',', got '=' } {0 1000 {6848 0 0} expected identifier, got '=' } {0 1000 {6848 0 0} expected ':', got '=' } {0 1000 {6848 0 0} expected type expression, got '=' } {0 1000 {6848 0 0} expected ',', got '=' } {0 1000 {6854 0 0} expected ':', got '.' } {0 1000 {6854 0 0} expected type expression, got '.' } {0 1000 {6854 0 0} expected ',', got '.' } {0 1000 {6854 0 0} expected identifier, got '.' } {0 1000 {6854 0 0} expected ':', got '.' } {0 1000 {6854 0 0} expected type expression, got '.' } {0 1000 {6854 0 0} expected ',', got '.' } {0 1000 {6859 0 0} expected ':', got '+' } {0 1000 {6859 0 0} expected type expression, got '+' } {0 1000 {6859 0 0} expected ',', got '+' } {0 1000 {6859 0 0} expected identifier, got '+' } {0 1000 {6859 0 0} expected ':', got '+' } {0 1000 {6859 0 0} expected type expression, got '+' } {0 1000 {6859 0 0} expected ',', got '+' } {0 1000 {6861 0 0} expected identifier, got integer literal } {0 1000 {6861 0 0} expected ':', got integer literal } {0 1000 {6861 0 0} expected type expression, got integer literal } {0 1000 {6861 0 0} expected ',', got integer literal } {0 1000 {6867 0 0} expected identifier, got 'while' } {0 1000 {6867 0 0} expected ':', got 'while' } {0 1000 {6867 0 0} expected type expression, got 'while' } {0 1000 {6867 0 0} expected ',', got 'while' } {0 1000 {6877 0 0} expected ':', got '.' } {0 1000 {6877 0 0} expected type expression, got '.' } {0 1000 {6877 0 0} expected ',', got '.' } {0 1000 {6877 0 0} expected identifier, got '.' } {0 1000 {6877 0 0} expected ':', got '.' } {0 1000 {6877 0 0} expected type expression, got '.' } {0 1000 {6877 0 0} expected ',', got '.' } {0 1000 {6882 0 0} expected ':', got '<' } {0 1000 {6882 0 0} expected type expression, got '<' } {0 1000 {6882 0 0} expected ',', got '<' } {0 1000 {6882 0 0} expected identifier, got '<' } {0 1000 {6882 0 0} expected ':', got '<' } {0 1000 {6882 0 0} expected type expression, got '<' } {0 1000 {6882 0 0} expected ',', got '<' } {0 1000 {6888 0 0} expected ':', got '.' } {0 1000 {6888 0 0} expected type expression, got '.' } {0 1000 {6888 0 0} expected ',', got '.' } {0 1000 {6888 0 0} expected identifier, got '.' } {0 1000 {6888 0 0} expected ':', got '.' } {0 1000 {6888 0 0} expected type expression, got '.' } {0 1000 {6888 0 0} expected ',', got '.' } {0 1000 {6893 0 0} expected type expression, got INDENT } {0 1000 {6893 0 0} expected ',', got INDENT } {0 1000 {6893 0 0} expected identifier, got INDENT } {0 1000 {6893 0 0} expected ':', got INDENT } {0 1000 {6893 0 0} expected type expression, got INDENT } {0 1000 {6893 0 0} expected ',', got INDENT } {0 1000 {6902 0 0} expected identifier, got 'let' } {0 1000 {6902 0 0} expected ':', got 'let' } {0 1000 {6902 0 0} expected type expression, got 'let' } {0 1000 {6902 0 0} expected ',', got 'let' } {0 1000 {6908 0 0} expected ':', got '=' } {0 1000 {6908 0 0} expected type expression, got '=' } {0 1000 {6908 0 0} expected ',', got '=' } {0 1000 {6908 0 0} expected identifier, got '=' } {0 1000 {6908 0 0} expected ':', got '=' } {0 1000 {6908 0 0} expected type expression, got '=' } {0 1000 {6908 0 0} expected ',', got '=' } {0 1000 {6914 0 0} expected ':', got '.' } {0 1000 {6914 0 0} expected type expression, got '.' } {0 1000 {6914 0 0} expected ',', got '.' } {0 1000 {6914 0 0} expected identifier, got '.' } {0 1000 {6914 0 0} expected ':', got '.' } {0 1000 {6914 0 0} expected type expression, got '.' } {0 1000 {6914 0 0} expected ',', got '.' } {0 1000 {6918 0 0} expected ':', got '[' } {0 1000 {6923 0 0} expected ']', got '.' } {0 1000 {6923 0 0} expected ',', got '.' } {0 1000 {6923 0 0} expected identifier, got '.' } {0 1000 {6923 0 0} expected ':', got '.' } {0 1000 {6923 0 0} expected type expression, got '.' } {0 1000 {6923 0 0} expected ',', got '.' } {0 1000 {6927 0 0} expected ':', got ']' } {0 1000 {6927 0 0} expected type expression, got ']' } {0 1000 {6927 0 0} expected ',', got ']' } {0 1000 {6927 0 0} expected identifier, got ']' } {0 1000 {6927 0 0} expected ':', got ']' } {0 1000 {6927 0 0} expected type expression, got ']' } {0 1000 {6927 0 0} expected ',', got ']' } {0 1000 {6929 0 0} expected identifier, got 'as' } {0 1000 {6929 0 0} expected ':', got 'as' } {0 1000 {6929 0 0} expected type expression, got 'as' } {0 1000 {6929 0 0} expected ',', got 'as' } {0 1000 {6943 0 0} expected ':', got 'if' } {0 1000 {6943 0 0} expected type expression, got 'if' } {0 1000 {6943 0 0} expected ',', got 'if' } {0 1000 {6943 0 0} expected identifier, got 'if' } {0 1000 {6943 0 0} expected ':', got 'if' } {0 1000 {6943 0 0} expected type expression, got 'if' } {0 1000 {6943 0 0} expected ',', got 'if' } {0 1000 {6963 0 0} expected ':', got '(' } {0 1000 {6963 0 0} expected type expression, got '(' } {0 1000 {6963 0 0} expected ',', got '(' } {0 1000 {6963 0 0} expected identifier, got '(' } {0 1000 {6963 0 0} expected ':', got '(' } {0 1000 {6963 0 0} expected type expression, got '(' } {0 1000 {6963 0 0} expected ',', got '(' } {0 1000 {6965 0 0} expected ':', got ')' } {0 1000 {6965 0 0} expected type expression, got ')' } {0 1000 {6965 0 0} expected ',', got ')' } {0 1000 {6965 0 0} expected identifier, got ')' } {0 1000 {6965 0 0} expected ':', got ')' } {0 1000 {6965 0 0} expected type expression, got ')' } {0 1000 {6965 0 0} expected ',', got ')' } {0 1000 {6966 0 0} expected identifier, got ':' } {0 1000 {6967 0 0} expected type expression, got INDENT } {0 1000 {6967 0 0} expected ',', got INDENT } {0 1000 {6967 0 0} expected identifier, got INDENT } {0 1000 {6967 0 0} expected ':', got INDENT } {0 1000 {6967 0 0} expected type expression, got INDENT } {0 1000 {6967 0 0} expected ',', got INDENT } {0 1000 {6984 0 0} expected ':', got '.' } {0 1000 {6984 0 0} expected type expression, got '.' } {0 1000 {6984 0 0} expected ',', got '.' } {0 1000 {6984 0 0} expected identifier, got '.' } {0 1000 {6984 0 0} expected ':', got '.' } {0 1000 {6984 0 0} expected type expression, got '.' } {0 1000 {6984 0 0} expected ',', got '.' } {0 1000 {6989 0 0} expected ':', got '=' } {0 1000 {6989 0 0} expected type expression, got '=' } {0 1000 {6989 0 0} expected ',', got '=' } {0 1000 {6989 0 0} expected identifier, got '=' } {0 1000 {6989 0 0} expected ':', got '=' } {0 1000 {6989 0 0} expected type expression, got '=' } {0 1000 {6989 0 0} expected ',', got '=' } {0 1000 {6995 0 0} expected ':', got '.' } {0 1000 {6995 0 0} expected type expression, got '.' } {0 1000 {6995 0 0} expected ',', got '.' } {0 1000 {6995 0 0} expected identifier, got '.' } {0 1000 {6995 0 0} expected ':', got '.' } {0 1000 {6995 0 0} expected type expression, got '.' } {0 1000 {6995 0 0} expected ',', got '.' } {0 1000 {7000 0 0} expected ':', got '+' } {0 1000 {7000 0 0} expected type expression, got '+' } {0 1000 {7000 0 0} expected ',', got '+' } {0 1000 {7000 0 0} expected identifier, got '+' } {0 1000 {7000 0 0} expected ':', got '+' } {0 1000 {7000 0 0} expected type expression, got '+' } {0 1000 {7000 0 0} expected ',', got '+' } {0 1000 {7002 0 0} expected identifier, got integer literal } {0 1000 {7002 0 0} expected ':', got integer literal } {0 1000 {7002 0 0} expected type expression, got integer literal } {0 1000 {7002 0 0} expected ',', got integer literal } {0 1000 {7003 0 0} expected identifier, got DEDENT } {0 1000 {7003 0 0} expected ':', got DEDENT } {0 1000 {7003 0 0} expected type expression, got DEDENT } {0 1000 {7003 0 0} expected ',', got DEDENT } {0 1000 {7012 0 0} expected identifier, got 'else' } {0 1000 {7012 0 0} expected ':', got 'else' } {0 1000 {7012 0 0} expected type expression, got 'else' } {0 1000 {7012 0 0} expected ',', got 'else' } {0 1000 {7016 0 0} expected identifier, got ':' } {0 1000 {7017 0 0} expected type expression, got INDENT } {0 1000 {7017 0 0} expected ',', got INDENT } {0 1000 {7017 0 0} expected identifier, got INDENT } {0 1000 {7017 0 0} expected ':', got INDENT } {0 1000 {7017 0 0} expected type expression, got INDENT } {0 1000 {7017 0 0} expected ',', got INDENT } {0 1000 {7035 0 0} expected ':', got DEDENT } {0 1000 {7035 0 0} expected type expression, got DEDENT } {0 1000 {7035 0 0} expected ',', got DEDENT } {0 1000 {7035 0 0} expected identifier, got DEDENT } {0 1000 {7035 0 0} expected ':', got DEDENT } {0 1000 {7035 0 0} expected type expression, got DEDENT } {0 1000 {7035 0 0} expected ',', got DEDENT } {0 1000 {7035 0 0} expected identifier, got DEDENT } {0 1000 {7035 0 0} expected ':', got DEDENT } {0 1000 {7035 0 0} expected type expression, got DEDENT } {0 1000 {7035 0 0} expected ',', got DEDENT } {0 1000 {7040 0 0} expected identifier, got 'let' } {0 1000 {7040 0 0} expected ':', got 'let' } {0 1000 {7040 0 0} expected type expression, got 'let' } {0 1000 {7040 0 0} expected ',', got 'let' } {0 1000 {7049 0 0} expected ':', got '=' } {0 1000 {7049 0 0} expected type expression, got '=' } {0 1000 {7049 0 0} expected ',', got '=' } {0 1000 {7049 0 0} expected identifier, got '=' } {0 1000 {7049 0 0} expected ':', got '=' } {0 1000 {7049 0 0} expected type expression, got '=' } {0 1000 {7049 0 0} expected ',', got '=' } {0 1000 {7054 0 0} expected ':', got '.' } {0 1000 {7054 0 0} expected type expression, got '.' } {0 1000 {7054 0 0} expected ',', got '.' } {0 1000 {7054 0 0} expected identifier, got '.' } {0 1000 {7054 0 0} expected ':', got '.' } {0 1000 {7054 0 0} expected type expression, got '.' } {0 1000 {7054 0 0} expected ',', got '.' } {0 1000 {7061 0 0} expected ':', got '.' } {0 1000 {7061 0 0} expected type expression, got '.' } {0 1000 {7061 0 0} expected ',', got '.' } {0 1000 {7061 0 0} expected identifier, got '.' } {0 1000 {7061 0 0} expected ':', got '.' } {0 1000 {7061 0 0} expected type expression, got '.' } {0 1000 {7061 0 0} expected ',', got '.' } {0 1000 {7067 0 0} expected ':', got '(' } {0 1000 {7067 0 0} expected type expression, got '(' } {0 1000 {7067 0 0} expected ',', got '(' } {0 1000 {7067 0 0} expected identifier, got '(' } {0 1000 {7067 0 0} expected ':', got '(' } {0 1000 {7067 0 0} expected type expression, got '(' } {0 1000 {7067 0 0} expected ',', got '(' } {0 1000 {7072 0 0} expected ':', got '.' } {0 1000 {7072 0 0} expected type expression, got '.' } {0 1000 {7072 0 0} expected ',', got '.' } {0 1000 {7072 0 0} expected identifier, got '.' } {0 1000 {7072 0 0} expected ':', got '.' } {0 1000 {7072 0 0} expected type expression, got '.' } {0 1000 {7072 0 0} expected ',', got '.' } {0 1000 {7076 0 0} expected ':', got ',' } {0 1000 {7076 0 0} expected type expression, got ',' } {0 1000 {7083 0 0} expected ':', got ',' } {0 1000 {7083 0 0} expected type expression, got ',' } {0 1000 {7089 0 0} expected ':', got '.' } {0 1000 {7089 0 0} expected type expression, got '.' } {0 1000 {7089 0 0} expected ',', got '.' } {0 1000 {7089 0 0} expected identifier, got '.' } {0 1000 {7089 0 0} expected ':', got '.' } {0 1000 {7089 0 0} expected type expression, got '.' } {0 1000 {7089 0 0} expected ',', got '.' } {0 1000 {7093 0 0} expected ':', got ')' } {0 1000 {7093 0 0} expected type expression, got ')' } {0 1000 {7093 0 0} expected ',', got ')' } {0 1000 {7093 0 0} expected identifier, got ')' } {0 1000 {7093 0 0} expected ':', got ')' } {0 1000 {7093 0 0} expected type expression, got ')' } {0 1000 {7093 0 0} expected ',', got ')' } {0 1000 {7099 0 0} expected identifier, got 'let' } {0 1000 {7099 0 0} expected ':', got 'let' } {0 1000 {7099 0 0} expected type expression, got 'let' } {0 1000 {7099 0 0} expected ',', got 'let' } {0 1000 {7108 0 0} expected ':', got '=' } {0 1000 {7108 0 0} expected type expression, got '=' } {0 1000 {7108 0 0} expected ',', got '=' } {0 1000 {7108 0 0} expected identifier, got '=' } {0 1000 {7108 0 0} expected ':', got '=' } {0 1000 {7108 0 0} expected type expression, got '=' } {0 1000 {7108 0 0} expected ',', got '=' } {0 1000 {7124 0 0} expected ':', got '(' } {0 1000 {7124 0 0} expected type expression, got '(' } {0 1000 {7124 0 0} expected ',', got '(' } {0 1000 {7124 0 0} expected identifier, got '(' } {0 1000 {7124 0 0} expected ':', got '(' } {0 1000 {7124 0 0} expected type expression, got '(' } {0 1000 {7124 0 0} expected ',', got '(' } {0 1000 {7129 0 0} expected ':', got ')' } {0 1000 {7129 0 0} expected type expression, got ')' } {0 1000 {7129 0 0} expected ',', got ')' } {0 1000 {7129 0 0} expected identifier, got ')' } {0 1000 {7129 0 0} expected ':', got ')' } {0 1000 {7129 0 0} expected type expression, got ')' } {0 1000 {7129 0 0} expected ',', got ')' } {0 1000 {7139 0 0} expected ':', got '.' } {0 1000 {7139 0 0} expected type expression, got '.' } {0 1000 {7139 0 0} expected ',', got '.' } {0 1000 {7139 0 0} expected identifier, got '.' } {0 1000 {7139 0 0} expected ':', got '.' } {0 1000 {7139 0 0} expected type expression, got '.' } {0 1000 {7139 0 0} expected ',', got '.' } {0 1000 {7144 0 0} expected ':', got '(' } {0 1000 {7144 0 0} expected type expression, got '(' } {0 1000 {7144 0 0} expected ',', got '(' } {0 1000 {7144 0 0} expected identifier, got '(' } {0 1000 {7144 0 0} expected ':', got '(' } {0 1000 {7144 0 0} expected type expression, got '(' } {0 1000 {7144 0 0} expected ',', got '(' } {0 1000 {7149 0 0} expected ':', got ',' } {0 1000 {7149 0 0} expected type expression, got ',' } {0 1000 {7156 0 0} expected ':', got ',' } {0 1000 {7156 0 0} expected type expression, got ',' } {0 1000 {7162 0 0} expected ':', got '.' } {0 1000 {7162 0 0} expected type expression, got '.' } {0 1000 {7162 0 0} expected ',', got '.' } {0 1000 {7162 0 0} expected identifier, got '.' } {0 1000 {7162 0 0} expected ':', got '.' } {0 1000 {7162 0 0} expected type expression, got '.' } {0 1000 {7162 0 0} expected ',', got '.' } {0 1000 {7167 0 0} expected ':', got '-' } {0 1000 {7167 0 0} expected type expression, got '-' } {0 1000 {7167 0 0} expected ',', got '-' } {0 1000 {7167 0 0} expected identifier, got '-' } {0 1000 {7167 0 0} expected ':', got '-' } {0 1000 {7167 0 0} expected type expression, got '-' } {0 1000 {7167 0 0} expected ',', got '-' } {0 1000 {7174 0 0} expected ':', got ')' } {0 1000 {7174 0 0} expected type expression, got ')' } {0 1000 {7174 0 0} expected ',', got ')' } {0 1000 {7174 0 0} expected identifier, got ')' } {0 1000 {7174 0 0} expected ':', got ')' } {0 1000 {7174 0 0} expected type expression, got ')' } {0 1000 {7174 0 0} expected ',', got ')' } {0 1000 {7175 0 0} expected identifier, got DEDENT } {0 1000 {7175 0 0} expected ':', got DEDENT } {0 1000 {7175 0 0} expected type expression, got DEDENT } {0 1000 {7175 0 0} expected ',', got DEDENT } {0 1000 {7177 0 0} expected identifier, got 'fn' } {0 1000 {7177 0 0} expected ':', got 'fn' } {0 1000 {7180 0 0} expected '(', got identifier } {0 1000 {7192 0 0} expected ',', got '(' } {0 1000 {7192 0 0} expected type expression, got '(' } {0 1000 {7192 0 0} expected ',', got '(' } {0 1000 {7194 0 0} expected ',', got ':' } {0 1000 {7194 0 0} expected type expression, got ':' } {0 1000 {7194 0 0} expected ',', got ':' } {0 1000 {7207 0 0} expected ',', got ':' } {0 1000 {7207 0 0} expected identifier, got ':' } {0 1000 {7208 0 0} expected type expression, got INDENT } {0 1000 {7208 0 0} expected ',', got INDENT } {0 1000 {7208 0 0} expected identifier, got INDENT } {0 1000 {7208 0 0} expected ':', got INDENT } {0 1000 {7208 0 0} expected type expression, got INDENT } {0 1000 {7208 0 0} expected ',', got INDENT } {0 1000 {7213 0 0} expected identifier, got 'return' } {0 1000 {7213 0 0} expected ':', got 'return' } {0 1000 {7213 0 0} expected type expression, got 'return' } {0 1000 {7213 0 0} expected ',', got 'return' } {0 1000 {7222 0 0} expected ':', got '>=' } {0 1000 {7222 0 0} expected type expression, got '>=' } {0 1000 {7222 0 0} expected ',', got '>=' } {0 1000 {7222 0 0} expected identifier, got '>=' } {0 1000 {7222 0 0} expected ':', got '>=' } {0 1000 {7222 0 0} expected type expression, got '>=' } {0 1000 {7222 0 0} expected ',', got '>=' } {0 1000 {7225 0 0} expected identifier, got integer literal } {0 1000 {7225 0 0} expected ':', got integer literal } {0 1000 {7225 0 0} expected type expression, got integer literal } {0 1000 {7225 0 0} expected ',', got integer literal } {0 1000 {7228 0 0} expected identifier, got '&' } {0 1000 {7228 0 0} expected ':', got '&' } {0 1000 {7228 0 0} expected type expression, got '&' } {0 1000 {7228 0 0} expected ',', got '&' } {0 1000 {7229 0 0} expected identifier, got '&' } {0 1000 {7229 0 0} expected ':', got '&' } {0 1000 {7229 0 0} expected type expression, got '&' } {0 1000 {7229 0 0} expected ',', got '&' } {0 1000 {7233 0 0} expected ':', got '<=' } {0 1000 {7233 0 0} expected type expression, got '<=' } {0 1000 {7233 0 0} expected ',', got '<=' } {0 1000 {7233 0 0} expected identifier, got '<=' } {0 1000 {7233 0 0} expected ':', got '<=' } {0 1000 {7233 0 0} expected type expression, got '<=' } {0 1000 {7233 0 0} expected ',', got '<=' } {0 1000 {7236 0 0} expected identifier, got integer literal } {0 1000 {7236 0 0} expected ':', got integer literal } {0 1000 {7236 0 0} expected type expression, got integer literal } {0 1000 {7236 0 0} expected ',', got integer literal } {0 1000 {7238 0 0} expected identifier, got DEDENT } {0 1000 {7238 0 0} expected ':', got DEDENT } {0 1000 {7238 0 0} expected type expression, got DEDENT } {0 1000 {7238 0 0} expected ',', got DEDENT } {0 1000 {7240 0 0} expected identifier, got 'fn' } {0 1000 {7240 0 0} expected ':', got 'fn' } {0 1000 {7243 0 0} expected '(', got identifier } {0 1000 {7255 0 0} expected ',', got '(' } {0 1000 {7255 0 0} expected type expression, got '(' } {0 1000 {7255 0 0} expected ',', got '(' } {0 1000 {7257 0 0} expected ',', got ':' } {0 1000 {7257 0 0} expected type expression, got ':' } {0 1000 {7257 0 0} expected ',', got ':' } {0 1000 {7270 0 0} expected ',', got ':' } {0 1000 {7270 0 0} expected identifier, got ':' } {0 1000 {7271 0 0} expected type expression, got INDENT } {0 1000 {7271 0 0} expected ',', got INDENT } {0 1000 {7271 0 0} expected identifier, got INDENT } {0 1000 {7271 0 0} expected ':', got INDENT } {0 1000 {7271 0 0} expected type expression, got INDENT } {0 1000 {7271 0 0} expected ',', got INDENT } {0 1000 {7276 0 0} expected identifier, got 'return' } {0 1000 {7276 0 0} expected ':', got 'return' } {0 1000 {7276 0 0} expected type expression, got 'return' } {0 1000 {7276 0 0} expected ',', got 'return' } {0 1000 {7295 0 0} expected ':', got '(' } {0 1000 {7295 0 0} expected type expression, got '(' } {0 1000 {7295 0 0} expected ',', got '(' } {0 1000 {7295 0 0} expected identifier, got '(' } {0 1000 {7295 0 0} expected ':', got '(' } {0 1000 {7295 0 0} expected type expression, got '(' } {0 1000 {7295 0 0} expected ',', got '(' } {0 1000 {7297 0 0} expected ':', got ')' } {0 1000 {7297 0 0} expected type expression, got ')' } {0 1000 {7297 0 0} expected ',', got ')' } {0 1000 {7297 0 0} expected identifier, got ')' } {0 1000 {7297 0 0} expected ':', got ')' } {0 1000 {7297 0 0} expected type expression, got ')' } {0 1000 {7297 0 0} expected ',', got ')' } {0 1000 {7302 0 0} expected identifier, got '(' } {0 1000 {7302 0 0} expected ':', got '(' } {0 1000 {7302 0 0} expected type expression, got '(' } {0 1000 {7302 0 0} expected ',', got '(' } {0 1000 {7305 0 0} expected ':', got '>=' } {0 1000 {7305 0 0} expected type expression, got '>=' } {0 1000 {7305 0 0} expected ',', got '>=' } {0 1000 {7305 0 0} expected identifier, got '>=' } {0 1000 {7305 0 0} expected ':', got '>=' } {0 1000 {7305 0 0} expected type expression, got '>=' } {0 1000 {7305 0 0} expected ',', got '>=' } {0 1000 {7308 0 0} expected identifier, got integer literal } {0 1000 {7308 0 0} expected ':', got integer literal } {0 1000 {7308 0 0} expected type expression, got integer literal } {0 1000 {7308 0 0} expected ',', got integer literal } {0 1000 {7311 0 0} expected identifier, got '&' } {0 1000 {7311 0 0} expected ':', got '&' } {0 1000 {7311 0 0} expected type expression, got '&' } {0 1000 {7311 0 0} expected ',', got '&' } {0 1000 {7312 0 0} expected identifier, got '&' } {0 1000 {7312 0 0} expected ':', got '&' } {0 1000 {7312 0 0} expected type expression, got '&' } {0 1000 {7312 0 0} expected ',', got '&' } {0 1000 {7316 0 0} expected ':', got '<=' } {0 1000 {7316 0 0} expected type expression, got '<=' } {0 1000 {7316 0 0} expected ',', got '<=' } {0 1000 {7316 0 0} expected identifier, got '<=' } {0 1000 {7316 0 0} expected ':', got '<=' } {0 1000 {7316 0 0} expected type expression, got '<=' } {0 1000 {7316 0 0} expected ',', got '<=' } {0 1000 {7319 0 0} expected identifier, got integer literal } {0 1000 {7319 0 0} expected ':', got integer literal } {0 1000 {7319 0 0} expected type expression, got integer literal } {0 1000 {7319 0 0} expected ',', got integer literal } {0 1000 {7322 0 0} expected identifier, got ')' } {0 1000 {7322 0 0} expected ':', got ')' } {0 1000 {7322 0 0} expected type expression, got ')' } {0 1000 {7322 0 0} expected ',', got ')' } {0 1000 {7327 0 0} expected identifier, got '(' } {0 1000 {7327 0 0} expected ':', got '(' } {0 1000 {7327 0 0} expected type expression, got '(' } {0 1000 {7327 0 0} expected ',', got '(' } {0 1000 {7330 0 0} expected ':', got '>=' } {0 1000 {7330 0 0} expected type expression, got '>=' } {0 1000 {7330 0 0} expected ',', got '>=' } {0 1000 {7330 0 0} expected identifier, got '>=' } {0 1000 {7330 0 0} expected ':', got '>=' } {0 1000 {7330 0 0} expected type expression, got '>=' } {0 1000 {7330 0 0} expected ',', got '>=' } {0 1000 {7333 0 0} expected identifier, got integer literal } {0 1000 {7333 0 0} expected ':', got integer literal } {0 1000 {7333 0 0} expected type expression, got integer literal } {0 1000 {7333 0 0} expected ',', got integer literal } {0 1000 {7336 0 0} expected identifier, got '&' } {0 1000 {7336 0 0} expected ':', got '&' } {0 1000 {7336 0 0} expected type expression, got '&' } {0 1000 {7336 0 0} expected ',', got '&' } {0 1000 {7337 0 0} expected identifier, got '&' } {0 1000 {7337 0 0} expected ':', got '&' } {0 1000 {7337 0 0} expected type expression, got '&' } {0 1000 {7337 0 0} expected ',', got '&' } {0 1000 {7341 0 0} expected ':', got '<=' } {0 1000 {7341 0 0} expected type expression, got '<=' } {0 1000 {7341 0 0} expected ',', got '<=' } {0 1000 {7341 0 0} expected identifier, got '<=' } {0 1000 {7341 0 0} expected ':', got '<=' } {0 1000 {7341 0 0} expected type expression, got '<=' } {0 1000 {7341 0 0} expected ',', got '<=' } {0 1000 {7344 0 0} expected identifier, got integer literal } {0 1000 {7344 0 0} expected ':', got integer literal } {0 1000 {7344 0 0} expected type expression, got integer literal } {0 1000 {7344 0 0} expected ',', got integer literal } {0 1000 {7346 0 0} expected identifier, got ')' } {0 1000 {7346 0 0} expected ':', got ')' } {0 1000 {7346 0 0} expected type expression, got ')' } {0 1000 {7346 0 0} expected ',', got ')' } {0 1000 {7347 0 0} expected identifier, got DEDENT } {0 1000 {7347 0 0} expected ':', got DEDENT } {0 1000 {7347 0 0} expected type expression, got DEDENT } {0 1000 {7347 0 0} expected ',', got DEDENT } {0 1000 {7349 0 0} expected identifier, got 'fn' } {0 1000 {7349 0 0} expected ':', got 'fn' } {0 1000 {7352 0 0} expected '(', got identifier } {0 1000 {7364 0 0} expected ',', got '(' } {0 1000 {7364 0 0} expected type expression, got '(' } {0 1000 {7364 0 0} expected ',', got '(' } {0 1000 {7366 0 0} expected ',', got ':' } {0 1000 {7366 0 0} expected type expression, got ':' } {0 1000 {7366 0 0} expected ',', got ':' } {0 1000 {7379 0 0} expected ',', got ':' } {0 1000 {7379 0 0} expected identifier, got ':' } {0 1000 {7380 0 0} expected type expression, got INDENT } {0 1000 {7380 0 0} expected ',', got INDENT } {0 1000 {7380 0 0} expected identifier, got INDENT } {0 1000 {7380 0 0} expected ':', got INDENT } {0 1000 {7380 0 0} expected type expression, got INDENT } {0 1000 {7380 0 0} expected ',', got INDENT } {0 1000 {7385 0 0} expected identifier, got 'return' } {0 1000 {7385 0 0} expected ':', got 'return' } {0 1000 {7385 0 0} expected type expression, got 'return' } {0 1000 {7385 0 0} expected ',', got 'return' } {0 1000 {7394 0 0} expected ':', got '>=' } {0 1000 {7394 0 0} expected type expression, got '>=' } {0 1000 {7394 0 0} expected ',', got '>=' } {0 1000 {7394 0 0} expected identifier, got '>=' } {0 1000 {7394 0 0} expected ':', got '>=' } {0 1000 {7394 0 0} expected type expression, got '>=' } {0 1000 {7394 0 0} expected ',', got '>=' } {0 1000 {7397 0 0} expected identifier, got integer literal } {0 1000 {7397 0 0} expected ':', got integer literal } {0 1000 {7397 0 0} expected type expression, got integer literal } {0 1000 {7397 0 0} expected ',', got integer literal } {0 1000 {7400 0 0} expected identifier, got '&' } {0 1000 {7400 0 0} expected ':', got '&' } {0 1000 {7400 0 0} expected type expression, got '&' } {0 1000 {7400 0 0} expected ',', got '&' } {0 1000 {7401 0 0} expected identifier, got '&' } {0 1000 {7401 0 0} expected ':', got '&' } {0 1000 {7401 0 0} expected type expression, got '&' } {0 1000 {7401 0 0} expected ',', got '&' } {0 1000 {7405 0 0} expected ':', got '<=' } {0 1000 {7405 0 0} expected type expression, got '<=' } {0 1000 {7405 0 0} expected ',', got '<=' } {0 1000 {7405 0 0} expected identifier, got '<=' } {0 1000 {7405 0 0} expected ':', got '<=' } {0 1000 {7405 0 0} expected type expression, got '<=' } {0 1000 {7405 0 0} expected ',', got '<=' } {0 1000 {7408 0 0} expected identifier, got integer literal } {0 1000 {7408 0 0} expected ':', got integer literal } {0 1000 {7408 0 0} expected type expression, got integer literal } {0 1000 {7408 0 0} expected ',', got integer literal } {0 1000 {7410 0 0} expected identifier, got DEDENT } {0 1000 {7410 0 0} expected ':', got DEDENT } {0 1000 {7410 0 0} expected type expression, got DEDENT } {0 1000 {7410 0 0} expected ',', got DEDENT } {0 1000 {7412 0 0} expected identifier, got 'fn' } {0 1000 {7412 0 0} expected ':', got 'fn' } {0 1000 {7415 0 0} expected '(', got identifier } {0 1000 {7427 0 0} expected ',', got '(' } {0 1000 {7427 0 0} expected type expression, got '(' } {0 1000 {7427 0 0} expected ',', got '(' } {0 1000 {7429 0 0} expected ',', got ':' } {0 1000 {7429 0 0} expected type expression, got ':' } {0 1000 {7429 0 0} expected ',', got ':' } {0 1000 {7442 0 0} expected ',', got ':' } {0 1000 {7442 0 0} expected identifier, got ':' } {0 1000 {7443 0 0} expected type expression, got INDENT } {0 1000 {7443 0 0} expected ',', got INDENT } {0 1000 {7443 0 0} expected identifier, got INDENT } {0 1000 {7443 0 0} expected ':', got INDENT } {0 1000 {7443 0 0} expected type expression, got INDENT } {0 1000 {7443 0 0} expected ',', got INDENT } {0 1000 {7448 0 0} expected identifier, got 'return' } {0 1000 {7448 0 0} expected ':', got 'return' } {0 1000 {7448 0 0} expected type expression, got 'return' } {0 1000 {7448 0 0} expected ',', got 'return' } {0 1000 {7457 0 0} expected ':', got '==' } {0 1000 {7457 0 0} expected type expression, got '==' } {0 1000 {7457 0 0} expected ',', got '==' } {0 1000 {7457 0 0} expected identifier, got '==' } {0 1000 {7457 0 0} expected ':', got '==' } {0 1000 {7457 0 0} expected type expression, got '==' } {0 1000 {7457 0 0} expected ',', got '==' } {0 1000 {7460 0 0} expected identifier, got integer literal } {0 1000 {7460 0 0} expected ':', got integer literal } {0 1000 {7460 0 0} expected type expression, got integer literal } {0 1000 {7460 0 0} expected ',', got integer literal } {0 1000 {7468 0 0} expected ':', got '==' } {0 1000 {7468 0 0} expected type expression, got '==' } {0 1000 {7468 0 0} expected ',', got '==' } {0 1000 {7468 0 0} expected identifier, got '==' } {0 1000 {7468 0 0} expected ':', got '==' } {0 1000 {7468 0 0} expected type expression, got '==' } {0 1000 {7468 0 0} expected ',', got '==' } {0 1000 {7471 0 0} expected identifier, got integer literal } {0 1000 {7471 0 0} expected ':', got integer literal } {0 1000 {7471 0 0} expected type expression, got integer literal } {0 1000 {7471 0 0} expected ',', got integer literal } {0 1000 {7473 0 0} expected identifier, got DEDENT } {0 1000 {7473 0 0} expected ':', got DEDENT } {0 1000 {7473 0 0} expected type expression, got DEDENT } {0 1000 {7473 0 0} expected ',', got DEDENT } {0 1000 {7475 0 0} expected identifier, got 'pub' } {0 1000 {7475 0 0} expected ':', got 'pub' } {0 1000 {7475 0 0} expected type expression, got 'pub' } {0 1000 {7475 0 0} expected ',', got 'pub' } {0 1000 {7479 0 0} expected identifier, got 'fn' } {0 1000 {7479 0 0} expected ':', got 'fn' } {0 1000 {7482 0 0} expected '(', got identifier } {0 1000 {7497 0 0} expected ',', got '(' } {0 1000 {7497 0 0} expected type expression, got '(' } {0 1000 {7497 0 0} expected ',', got '(' } {0 1000 {7498 0 0} expected type expression, got 'mut' } {0 1000 {7498 0 0} expected ',', got 'mut' } {0 1000 {7506 0 0} expected ',', got ':' } {0 1000 {7506 0 0} expected type expression, got ':' } {0 1000 {7506 0 0} expected ',', got ':' } {0 1000 {7514 0 0} expected ',', got ':' } {0 1000 {7514 0 0} expected identifier, got ':' } {0 1000 {7515 0 0} expected type expression, got INDENT } {0 1000 {7515 0 0} expected ',', got INDENT } {0 1000 {7515 0 0} expected identifier, got INDENT } {0 1000 {7515 0 0} expected ':', got INDENT } {0 1000 {7515 0 0} expected type expression, got INDENT } {0 1000 {7515 0 0} expected ',', got INDENT } {0 1000 {7520 0 0} expected identifier, got 'while' } {0 1000 {7520 0 0} expected ':', got 'while' } {0 1000 {7520 0 0} expected type expression, got 'while' } {0 1000 {7520 0 0} expected ',', got 'while' } {0 1000 {7530 0 0} expected ':', got '.' } {0 1000 {7530 0 0} expected type expression, got '.' } {0 1000 {7530 0 0} expected ',', got '.' } {0 1000 {7530 0 0} expected identifier, got '.' } {0 1000 {7530 0 0} expected ':', got '.' } {0 1000 {7530 0 0} expected type expression, got '.' } {0 1000 {7530 0 0} expected ',', got '.' } {0 1000 {7535 0 0} expected ':', got '<' } {0 1000 {7535 0 0} expected type expression, got '<' } {0 1000 {7535 0 0} expected ',', got '<' } {0 1000 {7535 0 0} expected identifier, got '<' } {0 1000 {7535 0 0} expected ':', got '<' } {0 1000 {7535 0 0} expected type expression, got '<' } {0 1000 {7535 0 0} expected ',', got '<' } {0 1000 {7541 0 0} expected ':', got '.' } {0 1000 {7541 0 0} expected type expression, got '.' } {0 1000 {7541 0 0} expected ',', got '.' } {0 1000 {7541 0 0} expected identifier, got '.' } {0 1000 {7541 0 0} expected ':', got '.' } {0 1000 {7541 0 0} expected type expression, got '.' } {0 1000 {7541 0 0} expected ',', got '.' } {0 1000 {7546 0 0} expected type expression, got INDENT } {0 1000 {7546 0 0} expected ',', got INDENT } {0 1000 {7546 0 0} expected identifier, got INDENT } {0 1000 {7546 0 0} expected ':', got INDENT } {0 1000 {7546 0 0} expected type expression, got INDENT } {0 1000 {7546 0 0} expected ',', got INDENT } {0 1000 {7555 0 0} expected identifier, got 'let' } {0 1000 {7555 0 0} expected ':', got 'let' } {0 1000 {7555 0 0} expected type expression, got 'let' } {0 1000 {7555 0 0} expected ',', got 'let' } {0 1000 {7561 0 0} expected ':', got '=' } {0 1000 {7561 0 0} expected type expression, got '=' } {0 1000 {7561 0 0} expected ',', got '=' } {0 1000 {7561 0 0} expected identifier, got '=' } {0 1000 {7561 0 0} expected ':', got '=' } {0 1000 {7561 0 0} expected type expression, got '=' } {0 1000 {7561 0 0} expected ',', got '=' } {0 1000 {7567 0 0} expected ':', got '.' } {0 1000 {7567 0 0} expected type expression, got '.' } {0 1000 {7567 0 0} expected ',', got '.' } {0 1000 {7567 0 0} expected identifier, got '.' } {0 1000 {7567 0 0} expected ':', got '.' } {0 1000 {7567 0 0} expected type expression, got '.' } {0 1000 {7567 0 0} expected ',', got '.' } {0 1000 {7571 0 0} expected ':', got '[' } {0 1000 {7576 0 0} expected ']', got '.' } {0 1000 {7576 0 0} expected ',', got '.' } {0 1000 {7576 0 0} expected identifier, got '.' } {0 1000 {7576 0 0} expected ':', got '.' } {0 1000 {7576 0 0} expected type expression, got '.' } {0 1000 {7576 0 0} expected ',', got '.' } {0 1000 {7580 0 0} expected ':', got ']' } {0 1000 {7580 0 0} expected type expression, got ']' } {0 1000 {7580 0 0} expected ',', got ']' } {0 1000 {7580 0 0} expected identifier, got ']' } {0 1000 {7580 0 0} expected ':', got ']' } {0 1000 {7580 0 0} expected type expression, got ']' } {0 1000 {7580 0 0} expected ',', got ']' } {0 1000 {7582 0 0} expected identifier, got 'as' } {0 1000 {7582 0 0} expected ':', got 'as' } {0 1000 {7582 0 0} expected type expression, got 'as' } {0 1000 {7582 0 0} expected ',', got 'as' } {0 1000 {7596 0 0} expected ':', got 'if' } {0 1000 {7596 0 0} expected type expression, got 'if' } {0 1000 {7596 0 0} expected ',', got 'if' } {0 1000 {7596 0 0} expected identifier, got 'if' } {0 1000 {7596 0 0} expected ':', got 'if' } {0 1000 {7596 0 0} expected type expression, got 'if' } {0 1000 {7596 0 0} expected ',', got 'if' } {0 1000 {7611 0 0} expected ':', got '(' } {0 1000 {7611 0 0} expected type expression, got '(' } {0 1000 {7611 0 0} expected ',', got '(' } {0 1000 {7611 0 0} expected identifier, got '(' } {0 1000 {7611 0 0} expected ':', got '(' } {0 1000 {7611 0 0} expected type expression, got '(' } {0 1000 {7611 0 0} expected ',', got '(' } {0 1000 {7613 0 0} expected ':', got ')' } {0 1000 {7613 0 0} expected type expression, got ')' } {0 1000 {7613 0 0} expected ',', got ')' } {0 1000 {7613 0 0} expected identifier, got ')' } {0 1000 {7613 0 0} expected ':', got ')' } {0 1000 {7613 0 0} expected type expression, got ')' } {0 1000 {7613 0 0} expected ',', got ')' } {0 1000 {7620 0 0} expected ':', got '==' } {0 1000 {7620 0 0} expected type expression, got '==' } {0 1000 {7620 0 0} expected ',', got '==' } {0 1000 {7620 0 0} expected identifier, got '==' } {0 1000 {7620 0 0} expected ':', got '==' } {0 1000 {7620 0 0} expected type expression, got '==' } {0 1000 {7620 0 0} expected ',', got '==' } {0 1000 {7623 0 0} expected identifier, got integer literal } {0 1000 {7623 0 0} expected ':', got integer literal } {0 1000 {7623 0 0} expected type expression, got integer literal } {0 1000 {7623 0 0} expected ',', got integer literal } {0 1000 {7625 0 0} expected identifier, got ':' } {0 1000 {7626 0 0} expected type expression, got INDENT } {0 1000 {7626 0 0} expected ',', got INDENT } {0 1000 {7626 0 0} expected identifier, got INDENT } {0 1000 {7626 0 0} expected ':', got INDENT } {0 1000 {7626 0 0} expected type expression, got INDENT } {0 1000 {7626 0 0} expected ',', got INDENT } {0 1000 {7643 0 0} expected ':', got '.' } {0 1000 {7643 0 0} expected type expression, got '.' } {0 1000 {7643 0 0} expected ',', got '.' } {0 1000 {7643 0 0} expected identifier, got '.' } {0 1000 {7643 0 0} expected ':', got '.' } {0 1000 {7643 0 0} expected type expression, got '.' } {0 1000 {7643 0 0} expected ',', got '.' } {0 1000 {7648 0 0} expected ':', got '=' } {0 1000 {7648 0 0} expected type expression, got '=' } {0 1000 {7648 0 0} expected ',', got '=' } {0 1000 {7648 0 0} expected identifier, got '=' } {0 1000 {7648 0 0} expected ':', got '=' } {0 1000 {7648 0 0} expected type expression, got '=' } {0 1000 {7648 0 0} expected ',', got '=' } {0 1000 {7654 0 0} expected ':', got '.' } {0 1000 {7654 0 0} expected type expression, got '.' } {0 1000 {7654 0 0} expected ',', got '.' } {0 1000 {7654 0 0} expected identifier, got '.' } {0 1000 {7654 0 0} expected ':', got '.' } {0 1000 {7654 0 0} expected type expression, got '.' } {0 1000 {7654 0 0} expected ',', got '.' } {0 1000 {7659 0 0} expected ':', got '+' } {0 1000 {7659 0 0} expected type expression, got '+' } {0 1000 {7659 0 0} expected ',', got '+' } {0 1000 {7659 0 0} expected identifier, got '+' } {0 1000 {7659 0 0} expected ':', got '+' } {0 1000 {7659 0 0} expected type expression, got '+' } {0 1000 {7659 0 0} expected ',', got '+' } {0 1000 {7661 0 0} expected identifier, got integer literal } {0 1000 {7661 0 0} expected ':', got integer literal } {0 1000 {7661 0 0} expected type expression, got integer literal } {0 1000 {7661 0 0} expected ',', got integer literal } {0 1000 {7662 0 0} expected identifier, got DEDENT } {0 1000 {7662 0 0} expected ':', got DEDENT } {0 1000 {7662 0 0} expected type expression, got DEDENT } {0 1000 {7662 0 0} expected ',', got DEDENT } {0 1000 {7671 0 0} expected identifier, got 'else' } {0 1000 {7671 0 0} expected ':', got 'else' } {0 1000 {7671 0 0} expected type expression, got 'else' } {0 1000 {7671 0 0} expected ',', got 'else' } {0 1000 {7675 0 0} expected identifier, got ':' } {0 1000 {7676 0 0} expected type expression, got INDENT } {0 1000 {7676 0 0} expected ',', got INDENT } {0 1000 {7676 0 0} expected identifier, got INDENT } {0 1000 {7676 0 0} expected ':', got INDENT } {0 1000 {7676 0 0} expected type expression, got INDENT } {0 1000 {7676 0 0} expected ',', got INDENT } {0 1000 {7694 0 0} expected ':', got DEDENT } {0 1000 {7694 0 0} expected type expression, got DEDENT } {0 1000 {7694 0 0} expected ',', got DEDENT } {0 1000 {7694 0 0} expected identifier, got DEDENT } {0 1000 {7694 0 0} expected ':', got DEDENT } {0 1000 {7694 0 0} expected type expression, got DEDENT } {0 1000 {7694 0 0} expected ',', got DEDENT } {0 1000 {7694 0 0} expected identifier, got DEDENT } {0 1000 {7694 0 0} expected ':', got DEDENT } {0 1000 {7694 0 0} expected type expression, got DEDENT } {0 1000 {7694 0 0} expected ',', got DEDENT } {0 1000 {7694 0 0} expected identifier, got DEDENT } {0 1000 {7694 0 0} expected ':', got DEDENT } {0 1000 {7694 0 0} expected type expression, got DEDENT } {0 1000 {7694 0 0} expected ',', got DEDENT } {0 1000 {7696 0 0} expected identifier, got 'pub' } {0 1000 {7696 0 0} expected ':', got 'pub' } {0 1000 {7696 0 0} expected type expression, got 'pub' } {0 1000 {7696 0 0} expected ',', got 'pub' } {0 1000 {7700 0 0} expected identifier, got 'fn' } {0 1000 {7700 0 0} expected ':', got 'fn' } {0 1000 {7703 0 0} expected '(', got identifier } {0 1000 {7718 0 0} expected ',', got '(' } {0 1000 {7718 0 0} expected type expression, got '(' } {0 1000 {7718 0 0} expected ',', got '(' } {0 1000 {7719 0 0} expected type expression, got 'mut' } {0 1000 {7719 0 0} expected ',', got 'mut' } {0 1000 {7727 0 0} expected ',', got ':' } {0 1000 {7727 0 0} expected type expression, got ':' } {0 1000 {7727 0 0} expected ',', got ':' } {0 1000 {7735 0 0} expected ',', got ':' } {0 1000 {7735 0 0} expected identifier, got ':' } {0 1000 {7736 0 0} expected type expression, got INDENT } {0 1000 {7736 0 0} expected ',', got INDENT } {0 1000 {7736 0 0} expected identifier, got INDENT } {0 1000 {7736 0 0} expected ':', got INDENT } {0 1000 {7736 0 0} expected type expression, got INDENT } {0 1000 {7736 0 0} expected ',', got INDENT } {0 1000 {7741 0 0} expected identifier, got 'while' } {0 1000 {7741 0 0} expected ':', got 'while' } {0 1000 {7741 0 0} expected type expression, got 'while' } {0 1000 {7741 0 0} expected ',', got 'while' } {0 1000 {7751 0 0} expected ':', got '.' } {0 1000 {7751 0 0} expected type expression, got '.' } {0 1000 {7751 0 0} expected ',', got '.' } {0 1000 {7751 0 0} expected identifier, got '.' } {0 1000 {7751 0 0} expected ':', got '.' } {0 1000 {7751 0 0} expected type expression, got '.' } {0 1000 {7751 0 0} expected ',', got '.' } {0 1000 {7756 0 0} expected ':', got '<' } {0 1000 {7756 0 0} expected type expression, got '<' } {0 1000 {7756 0 0} expected ',', got '<' } {0 1000 {7756 0 0} expected identifier, got '<' } {0 1000 {7756 0 0} expected ':', got '<' } {0 1000 {7756 0 0} expected type expression, got '<' } {0 1000 {7756 0 0} expected ',', got '<' } {0 1000 {7762 0 0} expected ':', got '.' } {0 1000 {7762 0 0} expected type expression, got '.' } {0 1000 {7762 0 0} expected ',', got '.' } {0 1000 {7762 0 0} expected identifier, got '.' } {0 1000 {7762 0 0} expected ':', got '.' } {0 1000 {7762 0 0} expected type expression, got '.' } {0 1000 {7762 0 0} expected ',', got '.' } {0 1000 {7767 0 0} expected type expression, got INDENT } {0 1000 {7767 0 0} expected ',', got INDENT } {0 1000 {7767 0 0} expected identifier, got INDENT } {0 1000 {7767 0 0} expected ':', got INDENT } {0 1000 {7767 0 0} expected type expression, got INDENT } {0 1000 {7767 0 0} expected ',', got INDENT } {0 1000 {7776 0 0} expected identifier, got 'let' } {0 1000 {7776 0 0} expected ':', got 'let' } {0 1000 {7776 0 0} expected type expression, got 'let' } {0 1000 {7776 0 0} expected ',', got 'let' } {0 1000 {7782 0 0} expected ':', got '=' } {0 1000 {7782 0 0} expected type expression, got '=' } {0 1000 {7782 0 0} expected ',', got '=' } {0 1000 {7782 0 0} expected identifier, got '=' } {0 1000 {7782 0 0} expected ':', got '=' } {0 1000 {7782 0 0} expected type expression, got '=' } {0 1000 {7782 0 0} expected ',', got '=' } {0 1000 {7788 0 0} expected ':', got '.' } {0 1000 {7788 0 0} expected type expression, got '.' } {0 1000 {7788 0 0} expected ',', got '.' } {0 1000 {7788 0 0} expected identifier, got '.' } {0 1000 {7788 0 0} expected ':', got '.' } {0 1000 {7788 0 0} expected type expression, got '.' } {0 1000 {7788 0 0} expected ',', got '.' } {0 1000 {7792 0 0} expected ':', got '[' } {0 1000 {7797 0 0} expected ']', got '.' } {0 1000 {7797 0 0} expected ',', got '.' } {0 1000 {7797 0 0} expected identifier, got '.' } {0 1000 {7797 0 0} expected ':', got '.' } {0 1000 {7797 0 0} expected type expression, got '.' } {0 1000 {7797 0 0} expected ',', got '.' } {0 1000 {7801 0 0} expected ':', got ']' } {0 1000 {7801 0 0} expected type expression, got ']' } {0 1000 {7801 0 0} expected ',', got ']' } {0 1000 {7801 0 0} expected identifier, got ']' } {0 1000 {7801 0 0} expected ':', got ']' } {0 1000 {7801 0 0} expected type expression, got ']' } {0 1000 {7801 0 0} expected ',', got ']' } {0 1000 {7803 0 0} expected identifier, got 'as' } {0 1000 {7803 0 0} expected ':', got 'as' } {0 1000 {7803 0 0} expected type expression, got 'as' } {0 1000 {7803 0 0} expected ',', got 'as' } {0 1000 {7817 0 0} expected ':', got 'if' } {0 1000 {7817 0 0} expected type expression, got 'if' } {0 1000 {7817 0 0} expected ',', got 'if' } {0 1000 {7817 0 0} expected identifier, got 'if' } {0 1000 {7817 0 0} expected ':', got 'if' } {0 1000 {7817 0 0} expected type expression, got 'if' } {0 1000 {7817 0 0} expected ',', got 'if' } {0 1000 {7832 0 0} expected ':', got '(' } {0 1000 {7832 0 0} expected type expression, got '(' } {0 1000 {7832 0 0} expected ',', got '(' } {0 1000 {7832 0 0} expected identifier, got '(' } {0 1000 {7832 0 0} expected ':', got '(' } {0 1000 {7832 0 0} expected type expression, got '(' } {0 1000 {7832 0 0} expected ',', got '(' } {0 1000 {7834 0 0} expected ':', got ')' } {0 1000 {7834 0 0} expected type expression, got ')' } {0 1000 {7834 0 0} expected ',', got ')' } {0 1000 {7834 0 0} expected identifier, got ')' } {0 1000 {7834 0 0} expected ':', got ')' } {0 1000 {7834 0 0} expected type expression, got ')' } {0 1000 {7834 0 0} expected ',', got ')' } {0 1000 {7841 0 0} expected ':', got '==' } {0 1000 {7841 0 0} expected type expression, got '==' } {0 1000 {7841 0 0} expected ',', got '==' } {0 1000 {7841 0 0} expected identifier, got '==' } {0 1000 {7841 0 0} expected ':', got '==' } {0 1000 {7841 0 0} expected type expression, got '==' } {0 1000 {7841 0 0} expected ',', got '==' } {0 1000 {7844 0 0} expected identifier, got integer literal } {0 1000 {7844 0 0} expected ':', got integer literal } {0 1000 {7844 0 0} expected type expression, got integer literal } {0 1000 {7844 0 0} expected ',', got integer literal } {0 1000 {7846 0 0} expected identifier, got ':' } {0 1000 {7847 0 0} expected type expression, got INDENT } {0 1000 {7847 0 0} expected ',', got INDENT } {0 1000 {7847 0 0} expected identifier, got INDENT } {0 1000 {7847 0 0} expected ':', got INDENT } {0 1000 {7847 0 0} expected type expression, got INDENT } {0 1000 {7847 0 0} expected ',', got INDENT } {0 1000 {7864 0 0} expected ':', got '.' } {0 1000 {7864 0 0} expected type expression, got '.' } {0 1000 {7864 0 0} expected ',', got '.' } {0 1000 {7864 0 0} expected identifier, got '.' } {0 1000 {7864 0 0} expected ':', got '.' } {0 1000 {7864 0 0} expected type expression, got '.' } {0 1000 {7864 0 0} expected ',', got '.' } {0 1000 {7869 0 0} expected ':', got '=' } {0 1000 {7869 0 0} expected type expression, got '=' } {0 1000 {7869 0 0} expected ',', got '=' } {0 1000 {7869 0 0} expected identifier, got '=' } {0 1000 {7869 0 0} expected ':', got '=' } {0 1000 {7869 0 0} expected type expression, got '=' } {0 1000 {7869 0 0} expected ',', got '=' } {0 1000 {7875 0 0} expected ':', got '.' } {0 1000 {7875 0 0} expected type expression, got '.' } {0 1000 {7875 0 0} expected ',', got '.' } {0 1000 {7875 0 0} expected identifier, got '.' } {0 1000 {7875 0 0} expected ':', got '.' } {0 1000 {7875 0 0} expected type expression, got '.' } {0 1000 {7875 0 0} expected ',', got '.' } {0 1000 {7880 0 0} expected ':', got '+' } {0 1000 {7880 0 0} expected type expression, got '+' } {0 1000 {7880 0 0} expected ',', got '+' } {0 1000 {7880 0 0} expected identifier, got '+' } {0 1000 {7880 0 0} expected ':', got '+' } {0 1000 {7880 0 0} expected type expression, got '+' } {0 1000 {7880 0 0} expected ',', got '+' } {0 1000 {7882 0 0} expected identifier, got integer literal } {0 1000 {7882 0 0} expected ':', got integer literal } {0 1000 {7882 0 0} expected type expression, got integer literal } {0 1000 {7882 0 0} expected ',', got integer literal } {0 1000 {7883 0 0} expected identifier, got DEDENT } {0 1000 {7883 0 0} expected ':', got DEDENT } {0 1000 {7883 0 0} expected type expression, got DEDENT } {0 1000 {7883 0 0} expected ',', got DEDENT } {0 1000 {7892 0 0} expected identifier, got 'else' } {0 1000 {7892 0 0} expected ':', got 'else' } {0 1000 {7892 0 0} expected type expression, got 'else' } {0 1000 {7892 0 0} expected ',', got 'else' } {0 1000 {7896 0 0} expected identifier, got ':' } {0 1000 {7897 0 0} expected type expression, got INDENT } {0 1000 {7897 0 0} expected ',', got INDENT } {0 1000 {7897 0 0} expected identifier, got INDENT } {0 1000 {7897 0 0} expected ':', got INDENT } {0 1000 {7897 0 0} expected type expression, got INDENT } {0 1000 {7897 0 0} expected ',', got INDENT } {0 1000 {7915 0 0} expected ':', got DEDENT } {0 1000 {7915 0 0} expected type expression, got DEDENT } {0 1000 {7915 0 0} expected ',', got DEDENT } {0 1000 {7915 0 0} expected identifier, got DEDENT } {0 1000 {7915 0 0} expected ':', got DEDENT } {0 1000 {7915 0 0} expected type expression, got DEDENT } {0 1000 {7915 0 0} expected ',', got DEDENT } {0 1000 {7915 0 0} expected identifier, got DEDENT } {0 1000 {7915 0 0} expected ':', got DEDENT } {0 1000 {7915 0 0} expected type expression, got DEDENT } {0 1000 {7915 0 0} expected ',', got DEDENT } {0 1000 {7915 0 0} expected identifier, got DEDENT } {0 1000 {7915 0 0} expected ':', got DEDENT } {0 1000 {7915 0 0} expected type expression, got DEDENT } {0 1000 {7915 0 0} expected ',', got DEDENT } {0 1000 {7917 0 0} expected identifier, got 'pub' } {0 1000 {7917 0 0} expected ':', got 'pub' } {0 1000 {7917 0 0} expected type expression, got 'pub' } {0 1000 {7917 0 0} expected ',', got 'pub' } {0 1000 {7921 0 0} expected identifier, got 'fn' } {0 1000 {7921 0 0} expected ':', got 'fn' } {0 1000 {7924 0 0} expected '(', got identifier } {0 1000 {7939 0 0} expected ',', got '(' } {0 1000 {7939 0 0} expected type expression, got '(' } {0 1000 {7939 0 0} expected ',', got '(' } {0 1000 {7940 0 0} expected type expression, got 'mut' } {0 1000 {7940 0 0} expected ',', got 'mut' } {0 1000 {7948 0 0} expected ',', got ':' } {0 1000 {7948 0 0} expected type expression, got ':' } {0 1000 {7948 0 0} expected ',', got ':' } {0 1000 {7956 0 0} expected ',', got ':' } {0 1000 {7956 0 0} expected identifier, got ':' } {0 1000 {7957 0 0} expected type expression, got INDENT } {0 1000 {7957 0 0} expected ',', got INDENT } {0 1000 {7957 0 0} expected identifier, got INDENT } {0 1000 {7957 0 0} expected ':', got INDENT } {0 1000 {7957 0 0} expected type expression, got INDENT } {0 1000 {7957 0 0} expected ',', got INDENT } {0 1000 {7962 0 0} expected identifier, got 'while' } {0 1000 {7962 0 0} expected ':', got 'while' } {0 1000 {7962 0 0} expected type expression, got 'while' } {0 1000 {7962 0 0} expected ',', got 'while' } {0 1000 {7972 0 0} expected ':', got '.' } {0 1000 {7972 0 0} expected type expression, got '.' } {0 1000 {7972 0 0} expected ',', got '.' } {0 1000 {7972 0 0} expected identifier, got '.' } {0 1000 {7972 0 0} expected ':', got '.' } {0 1000 {7972 0 0} expected type expression, got '.' } {0 1000 {7972 0 0} expected ',', got '.' } {0 1000 {7977 0 0} expected ':', got '<' } {0 1000 {7977 0 0} expected type expression, got '<' } {0 1000 {7977 0 0} expected ',', got '<' } {0 1000 {7977 0 0} expected identifier, got '<' } {0 1000 {7977 0 0} expected ':', got '<' } {0 1000 {7977 0 0} expected type expression, got '<' } {0 1000 {7977 0 0} expected ',', got '<' } {0 1000 {7983 0 0} expected ':', got '.' } {0 1000 {7983 0 0} expected type expression, got '.' } {0 1000 {7983 0 0} expected ',', got '.' } {0 1000 {7983 0 0} expected identifier, got '.' } {0 1000 {7983 0 0} expected ':', got '.' } {0 1000 {7983 0 0} expected type expression, got '.' } {0 1000 {7983 0 0} expected ',', got '.' } {0 1000 {7988 0 0} expected type expression, got INDENT } {0 1000 {7988 0 0} expected ',', got INDENT } {0 1000 {7988 0 0} expected identifier, got INDENT } {0 1000 {7988 0 0} expected ':', got INDENT } {0 1000 {7988 0 0} expected type expression, got INDENT } {0 1000 {7988 0 0} expected ',', got INDENT } {0 1000 {7997 0 0} expected identifier, got 'let' } {0 1000 {7997 0 0} expected ':', got 'let' } {0 1000 {7997 0 0} expected type expression, got 'let' } {0 1000 {7997 0 0} expected ',', got 'let' } {0 1000 {8003 0 0} expected ':', got '=' } {0 1000 {8003 0 0} expected type expression, got '=' } {0 1000 {8003 0 0} expected ',', got '=' } {0 1000 {8003 0 0} expected identifier, got '=' } {0 1000 {8003 0 0} expected ':', got '=' } {0 1000 {8003 0 0} expected type expression, got '=' } {0 1000 {8003 0 0} expected ',', got '=' } {0 1000 {8009 0 0} expected ':', got '.' } {0 1000 {8009 0 0} expected type expression, got '.' } {0 1000 {8009 0 0} expected ',', got '.' } {0 1000 {8009 0 0} expected identifier, got '.' } {0 1000 {8009 0 0} expected ':', got '.' } {0 1000 {8009 0 0} expected type expression, got '.' } {0 1000 {8009 0 0} expected ',', got '.' } {0 1000 {8013 0 0} expected ':', got '[' } {0 1000 {8018 0 0} expected ']', got '.' } {0 1000 {8018 0 0} expected ',', got '.' } {0 1000 {8018 0 0} expected identifier, got '.' } {0 1000 {8018 0 0} expected ':', got '.' } {0 1000 {8018 0 0} expected type expression, got '.' } {0 1000 {8018 0 0} expected ',', got '.' } {0 1000 {8022 0 0} expected ':', got ']' } {0 1000 {8022 0 0} expected type expression, got ']' } {0 1000 {8022 0 0} expected ',', got ']' } {0 1000 {8022 0 0} expected identifier, got ']' } {0 1000 {8022 0 0} expected ':', got ']' } {0 1000 {8022 0 0} expected type expression, got ']' } {0 1000 {8022 0 0} expected ',', got ']' } {0 1000 {8024 0 0} expected identifier, got 'as' } {0 1000 {8024 0 0} expected ':', got 'as' } {0 1000 {8024 0 0} expected type expression, got 'as' } {0 1000 {8024 0 0} expected ',', got 'as' } {0 1000 {8038 0 0} expected ':', got 'if' } {0 1000 {8038 0 0} expected type expression, got 'if' } {0 1000 {8038 0 0} expected ',', got 'if' } {0 1000 {8038 0 0} expected identifier, got 'if' } {0 1000 {8038 0 0} expected ':', got 'if' } {0 1000 {8038 0 0} expected type expression, got 'if' } {0 1000 {8038 0 0} expected ',', got 'if' } {0 1000 {8053 0 0} expected ':', got '(' } {0 1000 {8053 0 0} expected type expression, got '(' } {0 1000 {8053 0 0} expected ',', got '(' } {0 1000 {8053 0 0} expected identifier, got '(' } {0 1000 {8053 0 0} expected ':', got '(' } {0 1000 {8053 0 0} expected type expression, got '(' } {0 1000 {8053 0 0} expected ',', got '(' } {0 1000 {8055 0 0} expected ':', got ')' } {0 1000 {8055 0 0} expected type expression, got ')' } {0 1000 {8055 0 0} expected ',', got ')' } {0 1000 {8055 0 0} expected identifier, got ')' } {0 1000 {8055 0 0} expected ':', got ')' } {0 1000 {8055 0 0} expected type expression, got ')' } {0 1000 {8055 0 0} expected ',', got ')' } {0 1000 {8062 0 0} expected ':', got '==' } {0 1000 {8062 0 0} expected type expression, got '==' } {0 1000 {8062 0 0} expected ',', got '==' } {0 1000 {8062 0 0} expected identifier, got '==' } {0 1000 {8062 0 0} expected ':', got '==' } {0 1000 {8062 0 0} expected type expression, got '==' } {0 1000 {8062 0 0} expected ',', got '==' } {0 1000 {8065 0 0} expected identifier, got integer literal } {0 1000 {8065 0 0} expected ':', got integer literal } {0 1000 {8065 0 0} expected type expression, got integer literal } {0 1000 {8065 0 0} expected ',', got integer literal } {0 1000 {8067 0 0} expected identifier, got ':' } {0 1000 {8068 0 0} expected type expression, got INDENT } {0 1000 {8068 0 0} expected ',', got INDENT } {0 1000 {8068 0 0} expected identifier, got INDENT } {0 1000 {8068 0 0} expected ':', got INDENT } {0 1000 {8068 0 0} expected type expression, got INDENT } {0 1000 {8068 0 0} expected ',', got INDENT } {0 1000 {8085 0 0} expected ':', got '.' } {0 1000 {8085 0 0} expected type expression, got '.' } {0 1000 {8085 0 0} expected ',', got '.' } {0 1000 {8085 0 0} expected identifier, got '.' } {0 1000 {8085 0 0} expected ':', got '.' } {0 1000 {8085 0 0} expected type expression, got '.' } {0 1000 {8085 0 0} expected ',', got '.' } {0 1000 {8090 0 0} expected ':', got '=' } {0 1000 {8090 0 0} expected type expression, got '=' } {0 1000 {8090 0 0} expected ',', got '=' } {0 1000 {8090 0 0} expected identifier, got '=' } {0 1000 {8090 0 0} expected ':', got '=' } {0 1000 {8090 0 0} expected type expression, got '=' } {0 1000 {8090 0 0} expected ',', got '=' } {0 1000 {8096 0 0} expected ':', got '.' } {0 1000 {8096 0 0} expected type expression, got '.' } {0 1000 {8096 0 0} expected ',', got '.' } {0 1000 {8096 0 0} expected identifier, got '.' } {0 1000 {8096 0 0} expected ':', got '.' } {0 1000 {8096 0 0} expected type expression, got '.' } {0 1000 {8096 0 0} expected ',', got '.' } {0 1000 {8101 0 0} expected ':', got '+' } {0 1000 {8101 0 0} expected type expression, got '+' } {0 1000 {8101 0 0} expected ',', got '+' } {0 1000 {8101 0 0} expected identifier, got '+' } {0 1000 {8101 0 0} expected ':', got '+' } {0 1000 {8101 0 0} expected type expression, got '+' } {0 1000 {8101 0 0} expected ',', got '+' } {0 1000 {8103 0 0} expected identifier, got integer literal } {0 1000 {8103 0 0} expected ':', got integer literal } {0 1000 {8103 0 0} expected type expression, got integer literal } {0 1000 {8103 0 0} expected ',', got integer literal } {0 1000 {8104 0 0} expected identifier, got DEDENT } {0 1000 {8104 0 0} expected ':', got DEDENT } {0 1000 {8104 0 0} expected type expression, got DEDENT } {0 1000 {8104 0 0} expected ',', got DEDENT } {0 1000 {8113 0 0} expected identifier, got 'else' } {0 1000 {8113 0 0} expected ':', got 'else' } {0 1000 {8113 0 0} expected type expression, got 'else' } {0 1000 {8113 0 0} expected ',', got 'else' } {0 1000 {8117 0 0} expected identifier, got ':' } {0 1000 {8118 0 0} expected type expression, got INDENT } {0 1000 {8118 0 0} expected ',', got INDENT } {0 1000 {8118 0 0} expected identifier, got INDENT } {0 1000 {8118 0 0} expected ':', got INDENT } {0 1000 {8118 0 0} expected type expression, got INDENT } {0 1000 {8118 0 0} expected ',', got INDENT } {0 1000 {8136 0 0} expected ':', got DEDENT } {0 1000 {8136 0 0} expected type expression, got DEDENT } {0 1000 {8136 0 0} expected ',', got DEDENT } {0 1000 {8136 0 0} expected identifier, got DEDENT } {0 1000 {8136 0 0} expected ':', got DEDENT } {0 1000 {8136 0 0} expected type expression, got DEDENT } {0 1000 {8136 0 0} expected ',', got DEDENT } {0 1000 {8136 0 0} expected identifier, got DEDENT } {0 1000 {8136 0 0} expected ':', got DEDENT } {0 1000 {8136 0 0} expected type expression, got DEDENT } {0 1000 {8136 0 0} expected ',', got DEDENT } {0 1000 {8136 0 0} expected identifier, got DEDENT } {0 1000 {8136 0 0} expected ':', got DEDENT } {0 1000 {8136 0 0} expected type expression, got DEDENT } {0 1000 {8136 0 0} expected ',', got DEDENT } {0 1000 {8138 0 0} expected identifier, got 'pub' } {0 1000 {8138 0 0} expected ':', got 'pub' } {0 1000 {8138 0 0} expected type expression, got 'pub' } {0 1000 {8138 0 0} expected ',', got 'pub' } {0 1000 {8142 0 0} expected identifier, got 'fn' } {0 1000 {8142 0 0} expected ':', got 'fn' } {0 1000 {8145 0 0} expected '(', got identifier } {0 1000 {8160 0 0} expected ',', got '(' } {0 1000 {8160 0 0} expected type expression, got '(' } {0 1000 {8160 0 0} expected ',', got '(' } {0 1000 {8161 0 0} expected type expression, got 'mut' } {0 1000 {8161 0 0} expected ',', got 'mut' } {0 1000 {8169 0 0} expected ',', got ':' } {0 1000 {8169 0 0} expected type expression, got ':' } {0 1000 {8169 0 0} expected ',', got ':' } {0 1000 {8177 0 0} expected ',', got ':' } {0 1000 {8177 0 0} expected identifier, got ':' } {0 1000 {8178 0 0} expected type expression, got INDENT } {0 1000 {8178 0 0} expected ',', got INDENT } {0 1000 {8178 0 0} expected identifier, got INDENT } {0 1000 {8178 0 0} expected ':', got INDENT } {0 1000 {8178 0 0} expected type expression, got INDENT } {0 1000 {8178 0 0} expected ',', got INDENT } {0 1000 {8183 0 0} expected identifier, got 'while' } {0 1000 {8183 0 0} expected ':', got 'while' } {0 1000 {8183 0 0} expected type expression, got 'while' } {0 1000 {8183 0 0} expected ',', got 'while' } {0 1000 {8193 0 0} expected ':', got '.' } {0 1000 {8193 0 0} expected type expression, got '.' } {0 1000 {8193 0 0} expected ',', got '.' } {0 1000 {8193 0 0} expected identifier, got '.' } {0 1000 {8193 0 0} expected ':', got '.' } {0 1000 {8193 0 0} expected type expression, got '.' } {0 1000 {8193 0 0} expected ',', got '.' } {0 1000 {8198 0 0} expected ':', got '<' } {0 1000 {8198 0 0} expected type expression, got '<' } {0 1000 {8198 0 0} expected ',', got '<' } {0 1000 {8198 0 0} expected identifier, got '<' } {0 1000 {8198 0 0} expected ':', got '<' } {0 1000 {8198 0 0} expected type expression, got '<' } {0 1000 {8198 0 0} expected ',', got '<' } {0 1000 {8204 0 0} expected ':', got '.' } {0 1000 {8204 0 0} expected type expression, got '.' } {0 1000 {8204 0 0} expected ',', got '.' } {0 1000 {8204 0 0} expected identifier, got '.' } {0 1000 {8204 0 0} expected ':', got '.' } {0 1000 {8204 0 0} expected type expression, got '.' } {0 1000 {8204 0 0} expected ',', got '.' } {0 1000 {8209 0 0} expected type expression, got INDENT } {0 1000 {8209 0 0} expected ',', got INDENT } {0 1000 {8209 0 0} expected identifier, got INDENT } {0 1000 {8209 0 0} expected ':', got INDENT } {0 1000 {8209 0 0} expected type expression, got INDENT } {0 1000 {8209 0 0} expected ',', got INDENT } {0 1000 {8218 0 0} expected identifier, got 'let' } {0 1000 {8218 0 0} expected ':', got 'let' } {0 1000 {8218 0 0} expected type expression, got 'let' } {0 1000 {8218 0 0} expected ',', got 'let' } {0 1000 {8224 0 0} expected ':', got '=' } {0 1000 {8224 0 0} expected type expression, got '=' } {0 1000 {8224 0 0} expected ',', got '=' } {0 1000 {8224 0 0} expected identifier, got '=' } {0 1000 {8224 0 0} expected ':', got '=' } {0 1000 {8224 0 0} expected type expression, got '=' } {0 1000 {8224 0 0} expected ',', got '=' } {0 1000 {8230 0 0} expected ':', got '.' } {0 1000 {8230 0 0} expected type expression, got '.' } {0 1000 {8230 0 0} expected ',', got '.' } {0 1000 {8230 0 0} expected identifier, got '.' } {0 1000 {8230 0 0} expected ':', got '.' } {0 1000 {8230 0 0} expected type expression, got '.' } {0 1000 {8230 0 0} expected ',', got '.' } {0 1000 {8234 0 0} expected ':', got '[' } {0 1000 {8239 0 0} expected ']', got '.' } {0 1000 {8239 0 0} expected ',', got '.' } {0 1000 {8239 0 0} expected identifier, got '.' } {0 1000 {8239 0 0} expected ':', got '.' } {0 1000 {8239 0 0} expected type expression, got '.' } {0 1000 {8239 0 0} expected ',', got '.' } {0 1000 {8243 0 0} expected ':', got ']' } {0 1000 {8243 0 0} expected type expression, got ']' } {0 1000 {8243 0 0} expected ',', got ']' } {0 1000 {8243 0 0} expected identifier, got ']' } {0 1000 {8243 0 0} expected ':', got ']' } {0 1000 {8243 0 0} expected type expression, got ']' } {0 1000 {8243 0 0} expected ',', got ']' } {0 1000 {8245 0 0} expected identifier, got 'as' } {0 1000 {8245 0 0} expected ':', got 'as' } {0 1000 {8245 0 0} expected type expression, got 'as' } {0 1000 {8245 0 0} expected ',', got 'as' } {0 1000 {8259 0 0} expected ':', got 'if' } {0 1000 {8259 0 0} expected type expression, got 'if' } {0 1000 {8259 0 0} expected ',', got 'if' } {0 1000 {8259 0 0} expected identifier, got 'if' } {0 1000 {8259 0 0} expected ':', got 'if' } {0 1000 {8259 0 0} expected type expression, got 'if' } {0 1000 {8259 0 0} expected ',', got 'if' } {0 1000 {8274 0 0} expected ':', got '(' } {0 1000 {8274 0 0} expected type expression, got '(' } {0 1000 {8274 0 0} expected ',', got '(' } {0 1000 {8274 0 0} expected identifier, got '(' } {0 1000 {8274 0 0} expected ':', got '(' } {0 1000 {8274 0 0} expected type expression, got '(' } {0 1000 {8274 0 0} expected ',', got '(' } {0 1000 {8276 0 0} expected ':', got ')' } {0 1000 {8276 0 0} expected type expression, got ')' } {0 1000 {8276 0 0} expected ',', got ')' } {0 1000 {8276 0 0} expected identifier, got ')' } {0 1000 {8276 0 0} expected ':', got ')' } {0 1000 {8276 0 0} expected type expression, got ')' } {0 1000 {8276 0 0} expected ',', got ')' } {0 1000 {8283 0 0} expected ':', got '==' } {0 1000 {8283 0 0} expected type expression, got '==' } {0 1000 {8283 0 0} expected ',', got '==' } {0 1000 {8283 0 0} expected identifier, got '==' } {0 1000 {8283 0 0} expected ':', got '==' } {0 1000 {8283 0 0} expected type expression, got '==' } {0 1000 {8283 0 0} expected ',', got '==' } {0 1000 {8286 0 0} expected identifier, got integer literal } {0 1000 {8286 0 0} expected ':', got integer literal } {0 1000 {8286 0 0} expected type expression, got integer literal } {0 1000 {8286 0 0} expected ',', got integer literal } {0 1000 {8288 0 0} expected identifier, got ':' } {0 1000 {8289 0 0} expected type expression, got INDENT } {0 1000 {8289 0 0} expected ',', got INDENT } {0 1000 {8289 0 0} expected identifier, got INDENT } {0 1000 {8289 0 0} expected ':', got INDENT } {0 1000 {8289 0 0} expected type expression, got INDENT } {0 1000 {8289 0 0} expected ',', got INDENT } {0 1000 {8306 0 0} expected ':', got '.' } {0 1000 {8306 0 0} expected type expression, got '.' } {0 1000 {8306 0 0} expected ',', got '.' } {0 1000 {8306 0 0} expected identifier, got '.' } {0 1000 {8306 0 0} expected ':', got '.' } {0 1000 {8306 0 0} expected type expression, got '.' } {0 1000 {8306 0 0} expected ',', got '.' } {0 1000 {8311 0 0} expected ':', got '=' } {0 1000 {8311 0 0} expected type expression, got '=' } {0 1000 {8311 0 0} expected ',', got '=' } {0 1000 {8311 0 0} expected identifier, got '=' } {0 1000 {8311 0 0} expected ':', got '=' } {0 1000 {8311 0 0} expected type expression, got '=' } {0 1000 {8311 0 0} expected ',', got '=' } {0 1000 {8317 0 0} expected ':', got '.' } {0 1000 {8317 0 0} expected type expression, got '.' } {0 1000 {8317 0 0} expected ',', got '.' } {0 1000 {8317 0 0} expected identifier, got '.' } {0 1000 {8317 0 0} expected ':', got '.' } {0 1000 {8317 0 0} expected type expression, got '.' } {0 1000 {8317 0 0} expected ',', got '.' } {0 1000 {8322 0 0} expected ':', got '+' } {0 1000 {8322 0 0} expected type expression, got '+' } {0 1000 {8322 0 0} expected ',', got '+' } {0 1000 {8322 0 0} expected identifier, got '+' } {0 1000 {8322 0 0} expected ':', got '+' } {0 1000 {8322 0 0} expected type expression, got '+' } {0 1000 {8322 0 0} expected ',', got '+' } {0 1000 {8324 0 0} expected identifier, got integer literal } {0 1000 {8324 0 0} expected ':', got integer literal } {0 1000 {8324 0 0} expected type expression, got integer literal } {0 1000 {8324 0 0} expected ',', got integer literal } {0 1000 {8325 0 0} expected identifier, got DEDENT } {0 1000 {8325 0 0} expected ':', got DEDENT } {0 1000 {8325 0 0} expected type expression, got DEDENT } {0 1000 {8325 0 0} expected ',', got DEDENT } {0 1000 {8334 0 0} expected identifier, got 'else' } {0 1000 {8334 0 0} expected ':', got 'else' } {0 1000 {8334 0 0} expected type expression, got 'else' } {0 1000 {8334 0 0} expected ',', got 'else' } {0 1000 {8338 0 0} expected identifier, got ':' } {0 1000 {8339 0 0} expected type expression, got INDENT } {0 1000 {8339 0 0} expected ',', got INDENT } {0 1000 {8339 0 0} expected identifier, got INDENT } {0 1000 {8339 0 0} expected ':', got INDENT } {0 1000 {8339 0 0} expected type expression, got INDENT } {0 1000 {8339 0 0} expected ',', got INDENT } {0 1000 {8357 0 0} expected ':', got DEDENT } {0 1000 {8357 0 0} expected type expression, got DEDENT } {0 1000 {8357 0 0} expected ',', got DEDENT } {0 1000 {8357 0 0} expected identifier, got DEDENT } {0 1000 {8357 0 0} expected ':', got DEDENT } {0 1000 {8357 0 0} expected type expression, got DEDENT } {0 1000 {8357 0 0} expected ',', got DEDENT } {0 1000 {8357 0 0} expected identifier, got DEDENT } {0 1000 {8357 0 0} expected ':', got DEDENT } {0 1000 {8357 0 0} expected type expression, got DEDENT } {0 1000 {8357 0 0} expected ',', got DEDENT } {0 1000 {8357 0 0} expected identifier, got DEDENT } {0 1000 {8357 0 0} expected ':', got DEDENT } {0 1000 {8357 0 0} expected type expression, got DEDENT } {0 1000 {8357 0 0} expected ',', got DEDENT } {0 1000 {8359 0 0} expected identifier, got 'pub' } {0 1000 {8359 0 0} expected ':', got 'pub' } {0 1000 {8359 0 0} expected type expression, got 'pub' } {0 1000 {8359 0 0} expected ',', got 'pub' } {0 1000 {8363 0 0} expected identifier, got 'fn' } {0 1000 {8363 0 0} expected ':', got 'fn' } {0 1000 {8366 0 0} expected '(', got identifier } {0 1000 {8377 0 0} expected ',', got '(' } {0 1000 {8377 0 0} expected type expression, got '(' } {0 1000 {8377 0 0} expected ',', got '(' } {0 1000 {8378 0 0} expected type expression, got 'mut' } {0 1000 {8378 0 0} expected ',', got 'mut' } {0 1000 {8386 0 0} expected ',', got ':' } {0 1000 {8386 0 0} expected type expression, got ':' } {0 1000 {8386 0 0} expected ',', got ':' } {0 1000 {8394 0 0} expected ',', got ':' } {0 1000 {8394 0 0} expected identifier, got ':' } {0 1000 {8395 0 0} expected type expression, got INDENT } {0 1000 {8395 0 0} expected ',', got INDENT } {0 1000 {8395 0 0} expected identifier, got INDENT } {0 1000 {8395 0 0} expected ':', got INDENT } {0 1000 {8395 0 0} expected type expression, got INDENT } {0 1000 {8395 0 0} expected ',', got INDENT } {0 1000 {8400 0 0} expected identifier, got 'let' } {0 1000 {8400 0 0} expected ':', got 'let' } {0 1000 {8400 0 0} expected type expression, got 'let' } {0 1000 {8400 0 0} expected ',', got 'let' } {0 1000 {8410 0 0} expected ':', got '=' } {0 1000 {8410 0 0} expected type expression, got '=' } {0 1000 {8410 0 0} expected ',', got '=' } {0 1000 {8410 0 0} expected identifier, got '=' } {0 1000 {8410 0 0} expected ':', got '=' } {0 1000 {8410 0 0} expected type expression, got '=' } {0 1000 {8410 0 0} expected ',', got '=' } {0 1000 {8416 0 0} expected ':', got '.' } {0 1000 {8416 0 0} expected type expression, got '.' } {0 1000 {8416 0 0} expected ',', got '.' } {0 1000 {8416 0 0} expected identifier, got '.' } {0 1000 {8416 0 0} expected ':', got '.' } {0 1000 {8416 0 0} expected type expression, got '.' } {0 1000 {8416 0 0} expected ',', got '.' } {0 1000 {8425 0 0} expected ':', got 'let' } {0 1000 {8425 0 0} expected type expression, got 'let' } {0 1000 {8425 0 0} expected ',', got 'let' } {0 1000 {8425 0 0} expected identifier, got 'let' } {0 1000 {8425 0 0} expected ':', got 'let' } {0 1000 {8425 0 0} expected type expression, got 'let' } {0 1000 {8425 0 0} expected ',', got 'let' } {0 1000 {8431 0 0} expected ':', got '=' } {0 1000 {8431 0 0} expected type expression, got '=' } {0 1000 {8431 0 0} expected ',', got '=' } {0 1000 {8431 0 0} expected identifier, got '=' } {0 1000 {8431 0 0} expected ':', got '=' } {0 1000 {8431 0 0} expected type expression, got '=' } {0 1000 {8431 0 0} expected ',', got '=' } {0 1000 {8437 0 0} expected ':', got '.' } {0 1000 {8437 0 0} expected type expression, got '.' } {0 1000 {8437 0 0} expected ',', got '.' } {0 1000 {8437 0 0} expected identifier, got '.' } {0 1000 {8437 0 0} expected ':', got '.' } {0 1000 {8437 0 0} expected type expression, got '.' } {0 1000 {8437 0 0} expected ',', got '.' } {0 1000 {8441 0 0} expected ':', got '[' } {0 1000 {8446 0 0} expected ']', got '.' } {0 1000 {8446 0 0} expected ',', got '.' } {0 1000 {8446 0 0} expected identifier, got '.' } {0 1000 {8446 0 0} expected ':', got '.' } {0 1000 {8446 0 0} expected type expression, got '.' } {0 1000 {8446 0 0} expected ',', got '.' } {0 1000 {8450 0 0} expected ':', got ']' } {0 1000 {8450 0 0} expected type expression, got ']' } {0 1000 {8450 0 0} expected ',', got ']' } {0 1000 {8450 0 0} expected identifier, got ']' } {0 1000 {8450 0 0} expected ':', got ']' } {0 1000 {8450 0 0} expected type expression, got ']' } {0 1000 {8450 0 0} expected ',', got ']' } {0 1000 {8452 0 0} expected identifier, got 'as' } {0 1000 {8452 0 0} expected ':', got 'as' } {0 1000 {8452 0 0} expected type expression, got 'as' } {0 1000 {8452 0 0} expected ',', got 'as' } {0 1000 {8463 0 0} expected ':', got 'if' } {0 1000 {8463 0 0} expected type expression, got 'if' } {0 1000 {8463 0 0} expected ',', got 'if' } {0 1000 {8463 0 0} expected identifier, got 'if' } {0 1000 {8463 0 0} expected ':', got 'if' } {0 1000 {8463 0 0} expected type expression, got 'if' } {0 1000 {8463 0 0} expected ',', got 'if' } {0 1000 {8468 0 0} expected ':', got '==' } {0 1000 {8468 0 0} expected type expression, got '==' } {0 1000 {8468 0 0} expected ',', got '==' } {0 1000 {8468 0 0} expected identifier, got '==' } {0 1000 {8468 0 0} expected ':', got '==' } {0 1000 {8468 0 0} expected type expression, got '==' } {0 1000 {8468 0 0} expected ',', got '==' } {0 1000 {8471 0 0} expected identifier, got integer literal } {0 1000 {8471 0 0} expected ':', got integer literal } {0 1000 {8471 0 0} expected type expression, got integer literal } {0 1000 {8471 0 0} expected ',', got integer literal } {0 1000 {8474 0 0} expected identifier, got '&' } {0 1000 {8474 0 0} expected ':', got '&' } {0 1000 {8474 0 0} expected type expression, got '&' } {0 1000 {8474 0 0} expected ',', got '&' } {0 1000 {8475 0 0} expected identifier, got '&' } {0 1000 {8475 0 0} expected ':', got '&' } {0 1000 {8475 0 0} expected type expression, got '&' } {0 1000 {8475 0 0} expected ',', got '&' } {0 1000 {8481 0 0} expected ':', got '.' } {0 1000 {8481 0 0} expected type expression, got '.' } {0 1000 {8481 0 0} expected ',', got '.' } {0 1000 {8481 0 0} expected identifier, got '.' } {0 1000 {8481 0 0} expected ':', got '.' } {0 1000 {8481 0 0} expected type expression, got '.' } {0 1000 {8481 0 0} expected ',', got '.' } {0 1000 {8486 0 0} expected ':', got '+' } {0 1000 {8486 0 0} expected type expression, got '+' } {0 1000 {8486 0 0} expected ',', got '+' } {0 1000 {8486 0 0} expected identifier, got '+' } {0 1000 {8486 0 0} expected ':', got '+' } {0 1000 {8486 0 0} expected type expression, got '+' } {0 1000 {8486 0 0} expected ',', got '+' } {0 1000 {8488 0 0} expected identifier, got integer literal } {0 1000 {8488 0 0} expected ':', got integer literal } {0 1000 {8488 0 0} expected type expression, got integer literal } {0 1000 {8488 0 0} expected ',', got integer literal } {0 1000 {8490 0 0} expected identifier, got '<' } {0 1000 {8490 0 0} expected ':', got '<' } {0 1000 {8490 0 0} expected type expression, got '<' } {0 1000 {8490 0 0} expected ',', got '<' } {0 1000 {8496 0 0} expected ':', got '.' } {0 1000 {8496 0 0} expected type expression, got '.' } {0 1000 {8496 0 0} expected ',', got '.' } {0 1000 {8496 0 0} expected identifier, got '.' } {0 1000 {8496 0 0} expected ':', got '.' } {0 1000 {8496 0 0} expected type expression, got '.' } {0 1000 {8496 0 0} expected ',', got '.' } {0 1000 {8508 0 0} expected type expression, got INDENT } {0 1000 {8508 0 0} expected ',', got INDENT } {0 1000 {8508 0 0} expected identifier, got INDENT } {0 1000 {8508 0 0} expected ':', got INDENT } {0 1000 {8508 0 0} expected type expression, got INDENT } {0 1000 {8508 0 0} expected ',', got INDENT } {0 1000 {8517 0 0} expected identifier, got 'let' } {0 1000 {8517 0 0} expected ':', got 'let' } {0 1000 {8517 0 0} expected type expression, got 'let' } {0 1000 {8517 0 0} expected ',', got 'let' } {0 1000 {8526 0 0} expected ':', got '=' } {0 1000 {8526 0 0} expected type expression, got '=' } {0 1000 {8526 0 0} expected ',', got '=' } {0 1000 {8526 0 0} expected identifier, got '=' } {0 1000 {8526 0 0} expected ':', got '=' } {0 1000 {8526 0 0} expected type expression, got '=' } {0 1000 {8526 0 0} expected ',', got '=' } {0 1000 {8532 0 0} expected ':', got '.' } {0 1000 {8532 0 0} expected type expression, got '.' } {0 1000 {8532 0 0} expected ',', got '.' } {0 1000 {8532 0 0} expected identifier, got '.' } {0 1000 {8532 0 0} expected ':', got '.' } {0 1000 {8532 0 0} expected type expression, got '.' } {0 1000 {8532 0 0} expected ',', got '.' } {0 1000 {8536 0 0} expected ':', got '[' } {0 1000 {8541 0 0} expected ']', got '.' } {0 1000 {8541 0 0} expected ',', got '.' } {0 1000 {8541 0 0} expected identifier, got '.' } {0 1000 {8541 0 0} expected ':', got '.' } {0 1000 {8541 0 0} expected type expression, got '.' } {0 1000 {8541 0 0} expected ',', got '.' } {0 1000 {8546 0 0} expected ':', got '+' } {0 1000 {8546 0 0} expected type expression, got '+' } {0 1000 {8546 0 0} expected ',', got '+' } {0 1000 {8546 0 0} expected identifier, got '+' } {0 1000 {8546 0 0} expected ':', got '+' } {0 1000 {8546 0 0} expected type expression, got '+' } {0 1000 {8546 0 0} expected ',', got '+' } {0 1000 {8548 0 0} expected identifier, got integer literal } {0 1000 {8548 0 0} expected ':', got integer literal } {0 1000 {8548 0 0} expected type expression, got integer literal } {0 1000 {8548 0 0} expected ',', got integer literal } {0 1000 {8549 0 0} expected identifier, got ']' } {0 1000 {8549 0 0} expected ':', got ']' } {0 1000 {8549 0 0} expected type expression, got ']' } {0 1000 {8549 0 0} expected ',', got ']' } {0 1000 {8551 0 0} expected identifier, got 'as' } {0 1000 {8551 0 0} expected ':', got 'as' } {0 1000 {8551 0 0} expected type expression, got 'as' } {0 1000 {8551 0 0} expected ',', got 'as' } {0 1000 {8565 0 0} expected ':', got 'if' } {0 1000 {8565 0 0} expected type expression, got 'if' } {0 1000 {8565 0 0} expected ',', got 'if' } {0 1000 {8565 0 0} expected identifier, got 'if' } {0 1000 {8565 0 0} expected ':', got 'if' } {0 1000 {8565 0 0} expected type expression, got 'if' } {0 1000 {8565 0 0} expected ',', got 'if' } {0 1000 {8573 0 0} expected ':', got '==' } {0 1000 {8573 0 0} expected type expression, got '==' } {0 1000 {8573 0 0} expected ',', got '==' } {0 1000 {8573 0 0} expected identifier, got '==' } {0 1000 {8573 0 0} expected ':', got '==' } {0 1000 {8573 0 0} expected type expression, got '==' } {0 1000 {8573 0 0} expected ',', got '==' } {0 1000 {8576 0 0} expected identifier, got integer literal } {0 1000 {8576 0 0} expected ':', got integer literal } {0 1000 {8576 0 0} expected type expression, got integer literal } {0 1000 {8576 0 0} expected ',', got integer literal } {0 1000 {8588 0 0} expected ':', got '==' } {0 1000 {8588 0 0} expected type expression, got '==' } {0 1000 {8588 0 0} expected ',', got '==' } {0 1000 {8588 0 0} expected identifier, got '==' } {0 1000 {8588 0 0} expected ':', got '==' } {0 1000 {8588 0 0} expected type expression, got '==' } {0 1000 {8588 0 0} expected ',', got '==' } {0 1000 {8591 0 0} expected identifier, got integer literal } {0 1000 {8591 0 0} expected ':', got integer literal } {0 1000 {8591 0 0} expected type expression, got integer literal } {0 1000 {8591 0 0} expected ',', got integer literal } {0 1000 {8593 0 0} expected identifier, got ':' } {0 1000 {8606 0 0} expected type expression, got INDENT } {0 1000 {8606 0 0} expected ',', got INDENT } {0 1000 {8606 0 0} expected identifier, got INDENT } {0 1000 {8606 0 0} expected ':', got INDENT } {0 1000 {8606 0 0} expected type expression, got INDENT } {0 1000 {8606 0 0} expected ',', got INDENT } {0 1000 {8623 0 0} expected ':', got '.' } {0 1000 {8623 0 0} expected type expression, got '.' } {0 1000 {8623 0 0} expected ',', got '.' } {0 1000 {8623 0 0} expected identifier, got '.' } {0 1000 {8623 0 0} expected ':', got '.' } {0 1000 {8623 0 0} expected type expression, got '.' } {0 1000 {8623 0 0} expected ',', got '.' } {0 1000 {8628 0 0} expected ':', got '=' } {0 1000 {8628 0 0} expected type expression, got '=' } {0 1000 {8628 0 0} expected ',', got '=' } {0 1000 {8628 0 0} expected identifier, got '=' } {0 1000 {8628 0 0} expected ':', got '=' } {0 1000 {8628 0 0} expected type expression, got '=' } {0 1000 {8628 0 0} expected ',', got '=' } {0 1000 {8634 0 0} expected ':', got '.' } {0 1000 {8634 0 0} expected type expression, got '.' } {0 1000 {8634 0 0} expected ',', got '.' } {0 1000 {8634 0 0} expected identifier, got '.' } {0 1000 {8634 0 0} expected ':', got '.' } {0 1000 {8634 0 0} expected type expression, got '.' } {0 1000 {8634 0 0} expected ',', got '.' } {0 1000 {8639 0 0} expected ':', got '+' } {0 1000 {8639 0 0} expected type expression, got '+' } {0 1000 {8639 0 0} expected ',', got '+' } {0 1000 {8639 0 0} expected identifier, got '+' } {0 1000 {8639 0 0} expected ':', got '+' } {0 1000 {8639 0 0} expected type expression, got '+' } {0 1000 {8639 0 0} expected ',', got '+' } {0 1000 {8641 0 0} expected identifier, got integer literal } {0 1000 {8641 0 0} expected ':', got integer literal } {0 1000 {8641 0 0} expected type expression, got integer literal } {0 1000 {8641 0 0} expected ',', got integer literal } {0 1000 {8659 0 0} expected ':', got '.' } {0 1000 {8659 0 0} expected type expression, got '.' } {0 1000 {8659 0 0} expected ',', got '.' } {0 1000 {8659 0 0} expected identifier, got '.' } {0 1000 {8659 0 0} expected ':', got '.' } {0 1000 {8659 0 0} expected type expression, got '.' } {0 1000 {8659 0 0} expected ',', got '.' } {0 1000 {8675 0 0} expected ':', got '(' } {0 1000 {8675 0 0} expected type expression, got '(' } {0 1000 {8675 0 0} expected ',', got '(' } {0 1000 {8675 0 0} expected identifier, got '(' } {0 1000 {8675 0 0} expected ':', got '(' } {0 1000 {8675 0 0} expected type expression, got '(' } {0 1000 {8675 0 0} expected ',', got '(' } {0 1000 {8676 0 0} expected identifier, got ')' } {0 1000 {8676 0 0} expected ':', got ')' } {0 1000 {8676 0 0} expected type expression, got ')' } {0 1000 {8676 0 0} expected ',', got ')' } {0 1000 {8694 0 0} expected ':', got '.' } {0 1000 {8694 0 0} expected type expression, got '.' } {0 1000 {8694 0 0} expected ',', got '.' } {0 1000 {8694 0 0} expected identifier, got '.' } {0 1000 {8694 0 0} expected ':', got '.' } {0 1000 {8694 0 0} expected type expression, got '.' } {0 1000 {8694 0 0} expected ',', got '.' } {0 1000 {8699 0 0} expected ':', got '(' } {0 1000 {8699 0 0} expected type expression, got '(' } {0 1000 {8699 0 0} expected ',', got '(' } {0 1000 {8699 0 0} expected identifier, got '(' } {0 1000 {8699 0 0} expected ':', got '(' } {0 1000 {8699 0 0} expected type expression, got '(' } {0 1000 {8699 0 0} expected ',', got '(' } {0 1000 {8710 0 0} expected ':', got ',' } {0 1000 {8710 0 0} expected type expression, got ',' } {0 1000 {8717 0 0} expected ':', got ',' } {0 1000 {8717 0 0} expected type expression, got ',' } {0 1000 {8723 0 0} expected ':', got '.' } {0 1000 {8723 0 0} expected type expression, got '.' } {0 1000 {8723 0 0} expected ',', got '.' } {0 1000 {8723 0 0} expected identifier, got '.' } {0 1000 {8723 0 0} expected ':', got '.' } {0 1000 {8723 0 0} expected type expression, got '.' } {0 1000 {8723 0 0} expected ',', got '.' } {0 1000 {8728 0 0} expected ':', got '-' } {0 1000 {8728 0 0} expected type expression, got '-' } {0 1000 {8728 0 0} expected ',', got '-' } {0 1000 {8728 0 0} expected identifier, got '-' } {0 1000 {8728 0 0} expected ':', got '-' } {0 1000 {8728 0 0} expected type expression, got '-' } {0 1000 {8728 0 0} expected ',', got '-' } {0 1000 {8735 0 0} expected ':', got ')' } {0 1000 {8735 0 0} expected type expression, got ')' } {0 1000 {8735 0 0} expected ',', got ')' } {0 1000 {8735 0 0} expected identifier, got ')' } {0 1000 {8735 0 0} expected ':', got ')' } {0 1000 {8735 0 0} expected type expression, got ')' } {0 1000 {8735 0 0} expected ',', got ')' } {0 1000 {8749 0 0} expected identifier, got 'return' } {0 1000 {8749 0 0} expected ':', got 'return' } {0 1000 {8749 0 0} expected type expression, got 'return' } {0 1000 {8749 0 0} expected ',', got 'return' } {0 1000 {8755 0 0} expected identifier, got DEDENT } {0 1000 {8755 0 0} expected ':', got DEDENT } {0 1000 {8755 0 0} expected type expression, got DEDENT } {0 1000 {8755 0 0} expected ',', got DEDENT } {0 1000 {8764 0 0} expected identifier, got 'elif' } {0 1000 {8764 0 0} expected ':', got 'elif' } {0 1000 {8764 0 0} expected type expression, got 'elif' } {0 1000 {8764 0 0} expected ',', got 'elif' } {0 1000 {8774 0 0} expected ':', got '==' } {0 1000 {8774 0 0} expected type expression, got '==' } {0 1000 {8774 0 0} expected ',', got '==' } {0 1000 {8774 0 0} expected identifier, got '==' } {0 1000 {8774 0 0} expected ':', got '==' } {0 1000 {8774 0 0} expected type expression, got '==' } {0 1000 {8774 0 0} expected ',', got '==' } {0 1000 {8777 0 0} expected identifier, got integer literal } {0 1000 {8777 0 0} expected ':', got integer literal } {0 1000 {8777 0 0} expected type expression, got integer literal } {0 1000 {8777 0 0} expected ',', got integer literal } {0 1000 {8789 0 0} expected ':', got '==' } {0 1000 {8789 0 0} expected type expression, got '==' } {0 1000 {8789 0 0} expected ',', got '==' } {0 1000 {8789 0 0} expected identifier, got '==' } {0 1000 {8789 0 0} expected ':', got '==' } {0 1000 {8789 0 0} expected type expression, got '==' } {0 1000 {8789 0 0} expected ',', got '==' } {0 1000 {8792 0 0} expected identifier, got integer literal } {0 1000 {8792 0 0} expected ':', got integer literal } {0 1000 {8792 0 0} expected type expression, got integer literal } {0 1000 {8792 0 0} expected ',', got integer literal } {0 1000 {8794 0 0} expected identifier, got ':' } {0 1000 {8807 0 0} expected type expression, got INDENT } {0 1000 {8807 0 0} expected ',', got INDENT } {0 1000 {8807 0 0} expected identifier, got INDENT } {0 1000 {8807 0 0} expected ':', got INDENT } {0 1000 {8807 0 0} expected type expression, got INDENT } {0 1000 {8807 0 0} expected ',', got INDENT } {0 1000 {8824 0 0} expected ':', got '.' } {0 1000 {8824 0 0} expected type expression, got '.' } {0 1000 {8824 0 0} expected ',', got '.' } {0 1000 {8824 0 0} expected identifier, got '.' } {0 1000 {8824 0 0} expected ':', got '.' } {0 1000 {8824 0 0} expected type expression, got '.' } {0 1000 {8824 0 0} expected ',', got '.' } {0 1000 {8829 0 0} expected ':', got '=' } {0 1000 {8829 0 0} expected type expression, got '=' } {0 1000 {8829 0 0} expected ',', got '=' } {0 1000 {8829 0 0} expected identifier, got '=' } {0 1000 {8829 0 0} expected ':', got '=' } {0 1000 {8829 0 0} expected type expression, got '=' } {0 1000 {8829 0 0} expected ',', got '=' } {0 1000 {8835 0 0} expected ':', got '.' } {0 1000 {8835 0 0} expected type expression, got '.' } {0 1000 {8835 0 0} expected ',', got '.' } {0 1000 {8835 0 0} expected identifier, got '.' } {0 1000 {8835 0 0} expected ':', got '.' } {0 1000 {8835 0 0} expected type expression, got '.' } {0 1000 {8835 0 0} expected ',', got '.' } {0 1000 {8840 0 0} expected ':', got '+' } {0 1000 {8840 0 0} expected type expression, got '+' } {0 1000 {8840 0 0} expected ',', got '+' } {0 1000 {8840 0 0} expected identifier, got '+' } {0 1000 {8840 0 0} expected ':', got '+' } {0 1000 {8840 0 0} expected type expression, got '+' } {0 1000 {8840 0 0} expected ',', got '+' } {0 1000 {8842 0 0} expected identifier, got integer literal } {0 1000 {8842 0 0} expected ':', got integer literal } {0 1000 {8842 0 0} expected type expression, got integer literal } {0 1000 {8842 0 0} expected ',', got integer literal } {0 1000 {8860 0 0} expected ':', got '.' } {0 1000 {8860 0 0} expected type expression, got '.' } {0 1000 {8860 0 0} expected ',', got '.' } {0 1000 {8860 0 0} expected identifier, got '.' } {0 1000 {8860 0 0} expected ':', got '.' } {0 1000 {8860 0 0} expected type expression, got '.' } {0 1000 {8860 0 0} expected ',', got '.' } {0 1000 {8876 0 0} expected ':', got '(' } {0 1000 {8876 0 0} expected type expression, got '(' } {0 1000 {8876 0 0} expected ',', got '(' } {0 1000 {8876 0 0} expected identifier, got '(' } {0 1000 {8876 0 0} expected ':', got '(' } {0 1000 {8876 0 0} expected type expression, got '(' } {0 1000 {8876 0 0} expected ',', got '(' } {0 1000 {8877 0 0} expected identifier, got ')' } {0 1000 {8877 0 0} expected ':', got ')' } {0 1000 {8877 0 0} expected type expression, got ')' } {0 1000 {8877 0 0} expected ',', got ')' } {0 1000 {8895 0 0} expected ':', got '.' } {0 1000 {8895 0 0} expected type expression, got '.' } {0 1000 {8895 0 0} expected ',', got '.' } {0 1000 {8895 0 0} expected identifier, got '.' } {0 1000 {8895 0 0} expected ':', got '.' } {0 1000 {8895 0 0} expected type expression, got '.' } {0 1000 {8895 0 0} expected ',', got '.' } {0 1000 {8900 0 0} expected ':', got '(' } {0 1000 {8900 0 0} expected type expression, got '(' } {0 1000 {8900 0 0} expected ',', got '(' } {0 1000 {8900 0 0} expected identifier, got '(' } {0 1000 {8900 0 0} expected ':', got '(' } {0 1000 {8900 0 0} expected type expression, got '(' } {0 1000 {8900 0 0} expected ',', got '(' } {0 1000 {8911 0 0} expected ':', got ',' } {0 1000 {8911 0 0} expected type expression, got ',' } {0 1000 {8918 0 0} expected ':', got ',' } {0 1000 {8918 0 0} expected type expression, got ',' } {0 1000 {8924 0 0} expected ':', got '.' } {0 1000 {8924 0 0} expected type expression, got '.' } {0 1000 {8924 0 0} expected ',', got '.' } {0 1000 {8924 0 0} expected identifier, got '.' } {0 1000 {8924 0 0} expected ':', got '.' } {0 1000 {8924 0 0} expected type expression, got '.' } {0 1000 {8924 0 0} expected ',', got '.' } {0 1000 {8929 0 0} expected ':', got '-' } {0 1000 {8929 0 0} expected type expression, got '-' } {0 1000 {8929 0 0} expected ',', got '-' } {0 1000 {8929 0 0} expected identifier, got '-' } {0 1000 {8929 0 0} expected ':', got '-' } {0 1000 {8929 0 0} expected type expression, got '-' } {0 1000 {8929 0 0} expected ',', got '-' } {0 1000 {8936 0 0} expected ':', got ')' } {0 1000 {8936 0 0} expected type expression, got ')' } {0 1000 {8936 0 0} expected ',', got ')' } {0 1000 {8936 0 0} expected identifier, got ')' } {0 1000 {8936 0 0} expected ':', got ')' } {0 1000 {8936 0 0} expected type expression, got ')' } {0 1000 {8936 0 0} expected ',', got ')' } {0 1000 {8950 0 0} expected identifier, got 'return' } {0 1000 {8950 0 0} expected ':', got 'return' } {0 1000 {8950 0 0} expected type expression, got 'return' } {0 1000 {8950 0 0} expected ',', got 'return' } {0 1000 {8956 0 0} expected identifier, got DEDENT } {0 1000 {8956 0 0} expected ':', got DEDENT } {0 1000 {8956 0 0} expected type expression, got DEDENT } {0 1000 {8956 0 0} expected ',', got DEDENT } {0 1000 {8965 0 0} expected identifier, got 'elif' } {0 1000 {8965 0 0} expected ':', got 'elif' } {0 1000 {8965 0 0} expected type expression, got 'elif' } {0 1000 {8965 0 0} expected ',', got 'elif' } {0 1000 {8975 0 0} expected ':', got '==' } {0 1000 {8975 0 0} expected type expression, got '==' } {0 1000 {8975 0 0} expected ',', got '==' } {0 1000 {8975 0 0} expected identifier, got '==' } {0 1000 {8975 0 0} expected ':', got '==' } {0 1000 {8975 0 0} expected type expression, got '==' } {0 1000 {8975 0 0} expected ',', got '==' } {0 1000 {8978 0 0} expected identifier, got integer literal } {0 1000 {8978 0 0} expected ':', got integer literal } {0 1000 {8978 0 0} expected type expression, got integer literal } {0 1000 {8978 0 0} expected ',', got integer literal } {0 1000 {8989 0 0} expected ':', got '==' } {0 1000 {8989 0 0} expected type expression, got '==' } {0 1000 {8989 0 0} expected ',', got '==' } {0 1000 {8989 0 0} expected identifier, got '==' } {0 1000 {8989 0 0} expected ':', got '==' } {0 1000 {8989 0 0} expected type expression, got '==' } {0 1000 {8989 0 0} expected ',', got '==' } {0 1000 {8992 0 0} expected identifier, got integer literal } {0 1000 {8992 0 0} expected ':', got integer literal } {0 1000 {8992 0 0} expected type expression, got integer literal } {0 1000 {8992 0 0} expected ',', got integer literal } {0 1000 {8994 0 0} expected identifier, got ':' } {0 1000 {9007 0 0} expected type expression, got INDENT } {0 1000 {9007 0 0} expected ',', got INDENT } {0 1000 {9007 0 0} expected identifier, got INDENT } {0 1000 {9007 0 0} expected ':', got INDENT } {0 1000 {9007 0 0} expected type expression, got INDENT } {0 1000 {9007 0 0} expected ',', got INDENT } {0 1000 {9024 0 0} expected ':', got '.' } {0 1000 {9024 0 0} expected type expression, got '.' } {0 1000 {9024 0 0} expected ',', got '.' } {0 1000 {9024 0 0} expected identifier, got '.' } {0 1000 {9024 0 0} expected ':', got '.' } {0 1000 {9024 0 0} expected type expression, got '.' } {0 1000 {9024 0 0} expected ',', got '.' } {0 1000 {9029 0 0} expected ':', got '=' } {0 1000 {9029 0 0} expected type expression, got '=' } {0 1000 {9029 0 0} expected ',', got '=' } {0 1000 {9029 0 0} expected identifier, got '=' } {0 1000 {9029 0 0} expected ':', got '=' } {0 1000 {9029 0 0} expected type expression, got '=' } {0 1000 {9029 0 0} expected ',', got '=' } {0 1000 {9035 0 0} expected ':', got '.' } {0 1000 {9035 0 0} expected type expression, got '.' } {0 1000 {9035 0 0} expected ',', got '.' } {0 1000 {9035 0 0} expected identifier, got '.' } {0 1000 {9035 0 0} expected ':', got '.' } {0 1000 {9035 0 0} expected type expression, got '.' } {0 1000 {9035 0 0} expected ',', got '.' } {0 1000 {9040 0 0} expected ':', got '+' } {0 1000 {9040 0 0} expected type expression, got '+' } {0 1000 {9040 0 0} expected ',', got '+' } {0 1000 {9040 0 0} expected identifier, got '+' } {0 1000 {9040 0 0} expected ':', got '+' } {0 1000 {9040 0 0} expected type expression, got '+' } {0 1000 {9040 0 0} expected ',', got '+' } {0 1000 {9042 0 0} expected identifier, got integer literal } {0 1000 {9042 0 0} expected ':', got integer literal } {0 1000 {9042 0 0} expected type expression, got integer literal } {0 1000 {9042 0 0} expected ',', got integer literal } {0 1000 {9060 0 0} expected ':', got '.' } {0 1000 {9060 0 0} expected type expression, got '.' } {0 1000 {9060 0 0} expected ',', got '.' } {0 1000 {9060 0 0} expected identifier, got '.' } {0 1000 {9060 0 0} expected ':', got '.' } {0 1000 {9060 0 0} expected type expression, got '.' } {0 1000 {9060 0 0} expected ',', got '.' } {0 1000 {9076 0 0} expected ':', got '(' } {0 1000 {9076 0 0} expected type expression, got '(' } {0 1000 {9076 0 0} expected ',', got '(' } {0 1000 {9076 0 0} expected identifier, got '(' } {0 1000 {9076 0 0} expected ':', got '(' } {0 1000 {9076 0 0} expected type expression, got '(' } {0 1000 {9076 0 0} expected ',', got '(' } {0 1000 {9077 0 0} expected identifier, got ')' } {0 1000 {9077 0 0} expected ':', got ')' } {0 1000 {9077 0 0} expected type expression, got ')' } {0 1000 {9077 0 0} expected ',', got ')' } {0 1000 {9095 0 0} expected ':', got '.' } {0 1000 {9095 0 0} expected type expression, got '.' } {0 1000 {9095 0 0} expected ',', got '.' } {0 1000 {9095 0 0} expected identifier, got '.' } {0 1000 {9095 0 0} expected ':', got '.' } {0 1000 {9095 0 0} expected type expression, got '.' } {0 1000 {9095 0 0} expected ',', got '.' } {0 1000 {9100 0 0} expected ':', got '(' } {0 1000 {9100 0 0} expected type expression, got '(' } {0 1000 {9100 0 0} expected ',', got '(' } {0 1000 {9100 0 0} expected identifier, got '(' } {0 1000 {9100 0 0} expected ':', got '(' } {0 1000 {9100 0 0} expected type expression, got '(' } {0 1000 {9100 0 0} expected ',', got '(' } {0 1000 {9111 0 0} expected ':', got ',' } {0 1000 {9111 0 0} expected type expression, got ',' } {0 1000 {9118 0 0} expected ':', got ',' } {0 1000 {9118 0 0} expected type expression, got ',' } {0 1000 {9124 0 0} expected ':', got '.' } {0 1000 {9124 0 0} expected type expression, got '.' } {0 1000 {9124 0 0} expected ',', got '.' } {0 1000 {9124 0 0} expected identifier, got '.' } {0 1000 {9124 0 0} expected ':', got '.' } {0 1000 {9124 0 0} expected type expression, got '.' } {0 1000 {9124 0 0} expected ',', got '.' } {0 1000 {9129 0 0} expected ':', got '-' } {0 1000 {9129 0 0} expected type expression, got '-' } {0 1000 {9129 0 0} expected ',', got '-' } {0 1000 {9129 0 0} expected identifier, got '-' } {0 1000 {9129 0 0} expected ':', got '-' } {0 1000 {9129 0 0} expected type expression, got '-' } {0 1000 {9129 0 0} expected ',', got '-' } {0 1000 {9136 0 0} expected ':', got ')' } {0 1000 {9136 0 0} expected type expression, got ')' } {0 1000 {9136 0 0} expected ',', got ')' } {0 1000 {9136 0 0} expected identifier, got ')' } {0 1000 {9136 0 0} expected ':', got ')' } {0 1000 {9136 0 0} expected type expression, got ')' } {0 1000 {9136 0 0} expected ',', got ')' } {0 1000 {9150 0 0} expected identifier, got 'return' } {0 1000 {9150 0 0} expected ':', got 'return' } {0 1000 {9150 0 0} expected type expression, got 'return' } {0 1000 {9150 0 0} expected ',', got 'return' } {0 1000 {9156 0 0} expected identifier, got DEDENT } {0 1000 {9156 0 0} expected ':', got DEDENT } {0 1000 {9156 0 0} expected type expression, got DEDENT } {0 1000 {9156 0 0} expected ',', got DEDENT } {0 1000 {9156 0 0} expected identifier, got DEDENT } {0 1000 {9156 0 0} expected ':', got DEDENT } {0 1000 {9156 0 0} expected type expression, got DEDENT } {0 1000 {9156 0 0} expected ',', got DEDENT } {0 1000 {9166 0 0} expected ':', got '.' } {0 1000 {9166 0 0} expected type expression, got '.' } {0 1000 {9166 0 0} expected ',', got '.' } {0 1000 {9166 0 0} expected identifier, got '.' } {0 1000 {9166 0 0} expected ':', got '.' } {0 1000 {9166 0 0} expected type expression, got '.' } {0 1000 {9166 0 0} expected ',', got '.' } {0 1000 {9182 0 0} expected ':', got '(' } {0 1000 {9182 0 0} expected type expression, got '(' } {0 1000 {9182 0 0} expected ',', got '(' } {0 1000 {9182 0 0} expected identifier, got '(' } {0 1000 {9182 0 0} expected ':', got '(' } {0 1000 {9182 0 0} expected type expression, got '(' } {0 1000 {9182 0 0} expected ',', got '(' } {0 1000 {9183 0 0} expected identifier, got ')' } {0 1000 {9183 0 0} expected ':', got ')' } {0 1000 {9183 0 0} expected type expression, got ')' } {0 1000 {9183 0 0} expected ',', got ')' } {0 1000 {9246 0 0} expected identifier, got 'if' } {0 1000 {9246 0 0} expected ':', got 'if' } {0 1000 {9246 0 0} expected type expression, got 'if' } {0 1000 {9246 0 0} expected ',', got 'if' } {0 1000 {9253 0 0} expected ':', got '.' } {0 1000 {9253 0 0} expected type expression, got '.' } {0 1000 {9253 0 0} expected ',', got '.' } {0 1000 {9253 0 0} expected identifier, got '.' } {0 1000 {9253 0 0} expected ':', got '.' } {0 1000 {9253 0 0} expected type expression, got '.' } {0 1000 {9253 0 0} expected ',', got '.' } {0 1000 {9258 0 0} expected ':', got '<' } {0 1000 {9258 0 0} expected type expression, got '<' } {0 1000 {9258 0 0} expected ',', got '<' } {0 1000 {9258 0 0} expected identifier, got '<' } {0 1000 {9258 0 0} expected ':', got '<' } {0 1000 {9258 0 0} expected type expression, got '<' } {0 1000 {9258 0 0} expected ',', got '<' } {0 1000 {9264 0 0} expected ':', got '.' } {0 1000 {9264 0 0} expected type expression, got '.' } {0 1000 {9264 0 0} expected ',', got '.' } {0 1000 {9264 0 0} expected identifier, got '.' } {0 1000 {9264 0 0} expected ':', got '.' } {0 1000 {9264 0 0} expected type expression, got '.' } {0 1000 {9264 0 0} expected ',', got '.' } {0 1000 {9269 0 0} expected ':', got '&' } {0 1000 {9269 0 0} expected type expression, got '&' } {0 1000 {9269 0 0} expected ',', got '&' } {0 1000 {9269 0 0} expected identifier, got '&' } {0 1000 {9269 0 0} expected ':', got '&' } {0 1000 {9269 0 0} expected type expression, got '&' } {0 1000 {9269 0 0} expected ',', got '&' } {0 1000 {9270 0 0} expected identifier, got '&' } {0 1000 {9270 0 0} expected ':', got '&' } {0 1000 {9270 0 0} expected type expression, got '&' } {0 1000 {9270 0 0} expected ',', got '&' } {0 1000 {9276 0 0} expected ':', got '.' } {0 1000 {9276 0 0} expected type expression, got '.' } {0 1000 {9276 0 0} expected ',', got '.' } {0 1000 {9276 0 0} expected identifier, got '.' } {0 1000 {9276 0 0} expected ':', got '.' } {0 1000 {9276 0 0} expected type expression, got '.' } {0 1000 {9276 0 0} expected ',', got '.' } {0 1000 {9280 0 0} expected ':', got '[' } {0 1000 {9285 0 0} expected ']', got '.' } {0 1000 {9285 0 0} expected ',', got '.' } {0 1000 {9285 0 0} expected identifier, got '.' } {0 1000 {9285 0 0} expected ':', got '.' } {0 1000 {9285 0 0} expected type expression, got '.' } {0 1000 {9285 0 0} expected ',', got '.' } {0 1000 {9289 0 0} expected ':', got ']' } {0 1000 {9289 0 0} expected type expression, got ']' } {0 1000 {9289 0 0} expected ',', got ']' } {0 1000 {9289 0 0} expected identifier, got ']' } {0 1000 {9289 0 0} expected ':', got ']' } {0 1000 {9289 0 0} expected type expression, got ']' } {0 1000 {9289 0 0} expected ',', got ']' } {0 1000 {9291 0 0} expected identifier, got 'as' } {0 1000 {9291 0 0} expected ':', got 'as' } {0 1000 {9291 0 0} expected type expression, got 'as' } {0 1000 {9291 0 0} expected ',', got 'as' } {0 1000 {9297 0 0} expected ':', got '==' } {0 1000 {9297 0 0} expected type expression, got '==' } {0 1000 {9297 0 0} expected ',', got '==' } {0 1000 {9297 0 0} expected identifier, got '==' } {0 1000 {9297 0 0} expected ':', got '==' } {0 1000 {9297 0 0} expected type expression, got '==' } {0 1000 {9297 0 0} expected ',', got '==' } {0 1000 {9300 0 0} expected identifier, got integer literal } {0 1000 {9300 0 0} expected ':', got integer literal } {0 1000 {9300 0 0} expected type expression, got integer literal } {0 1000 {9300 0 0} expected ',', got integer literal } {0 1000 {9302 0 0} expected identifier, got ':' } {0 1000 {9310 0 0} expected type expression, got INDENT } {0 1000 {9310 0 0} expected ',', got INDENT } {0 1000 {9310 0 0} expected identifier, got INDENT } {0 1000 {9310 0 0} expected ':', got INDENT } {0 1000 {9310 0 0} expected type expression, got INDENT } {0 1000 {9310 0 0} expected ',', got INDENT } {0 1000 {9319 0 0} expected identifier, got 'if' } {0 1000 {9319 0 0} expected ':', got 'if' } {0 1000 {9319 0 0} expected type expression, got 'if' } {0 1000 {9319 0 0} expected ',', got 'if' } {0 1000 {9326 0 0} expected ':', got '.' } {0 1000 {9326 0 0} expected type expression, got '.' } {0 1000 {9326 0 0} expected ',', got '.' } {0 1000 {9326 0 0} expected identifier, got '.' } {0 1000 {9326 0 0} expected ':', got '.' } {0 1000 {9326 0 0} expected type expression, got '.' } {0 1000 {9326 0 0} expected ',', got '.' } {0 1000 {9331 0 0} expected ':', got '+' } {0 1000 {9331 0 0} expected type expression, got '+' } {0 1000 {9331 0 0} expected ',', got '+' } {0 1000 {9331 0 0} expected identifier, got '+' } {0 1000 {9331 0 0} expected ':', got '+' } {0 1000 {9331 0 0} expected type expression, got '+' } {0 1000 {9331 0 0} expected ',', got '+' } {0 1000 {9333 0 0} expected identifier, got integer literal } {0 1000 {9333 0 0} expected ':', got integer literal } {0 1000 {9333 0 0} expected type expression, got integer literal } {0 1000 {9333 0 0} expected ',', got integer literal } {0 1000 {9335 0 0} expected identifier, got '<' } {0 1000 {9335 0 0} expected ':', got '<' } {0 1000 {9335 0 0} expected type expression, got '<' } {0 1000 {9335 0 0} expected ',', got '<' } {0 1000 {9341 0 0} expected ':', got '.' } {0 1000 {9341 0 0} expected type expression, got '.' } {0 1000 {9341 0 0} expected ',', got '.' } {0 1000 {9341 0 0} expected identifier, got '.' } {0 1000 {9341 0 0} expected ':', got '.' } {0 1000 {9341 0 0} expected type expression, got '.' } {0 1000 {9341 0 0} expected ',', got '.' } {0 1000 {9346 0 0} expected type expression, got INDENT } {0 1000 {9346 0 0} expected ',', got INDENT } {0 1000 {9346 0 0} expected identifier, got INDENT } {0 1000 {9346 0 0} expected ':', got INDENT } {0 1000 {9346 0 0} expected type expression, got INDENT } {0 1000 {9346 0 0} expected ',', got INDENT } {0 1000 {9359 0 0} expected identifier, got 'let' } {0 1000 {9359 0 0} expected ':', got 'let' } {0 1000 {9359 0 0} expected type expression, got 'let' } {0 1000 {9359 0 0} expected ',', got 'let' } {0 1000 {9368 0 0} expected ':', got '=' } {0 1000 {9368 0 0} expected type expression, got '=' } {0 1000 {9368 0 0} expected ',', got '=' } {0 1000 {9368 0 0} expected identifier, got '=' } {0 1000 {9368 0 0} expected ':', got '=' } {0 1000 {9368 0 0} expected type expression, got '=' } {0 1000 {9368 0 0} expected ',', got '=' } {0 1000 {9374 0 0} expected ':', got '.' } {0 1000 {9374 0 0} expected type expression, got '.' } {0 1000 {9374 0 0} expected ',', got '.' } {0 1000 {9374 0 0} expected identifier, got '.' } {0 1000 {9374 0 0} expected ':', got '.' } {0 1000 {9374 0 0} expected type expression, got '.' } {0 1000 {9374 0 0} expected ',', got '.' } {0 1000 {9378 0 0} expected ':', got '[' } {0 1000 {9383 0 0} expected ']', got '.' } {0 1000 {9383 0 0} expected ',', got '.' } {0 1000 {9383 0 0} expected identifier, got '.' } {0 1000 {9383 0 0} expected ':', got '.' } {0 1000 {9383 0 0} expected type expression, got '.' } {0 1000 {9383 0 0} expected ',', got '.' } {0 1000 {9388 0 0} expected ':', got '+' } {0 1000 {9388 0 0} expected type expression, got '+' } {0 1000 {9388 0 0} expected ',', got '+' } {0 1000 {9388 0 0} expected identifier, got '+' } {0 1000 {9388 0 0} expected ':', got '+' } {0 1000 {9388 0 0} expected type expression, got '+' } {0 1000 {9388 0 0} expected ',', got '+' } {0 1000 {9390 0 0} expected identifier, got integer literal } {0 1000 {9390 0 0} expected ':', got integer literal } {0 1000 {9390 0 0} expected type expression, got integer literal } {0 1000 {9390 0 0} expected ',', got integer literal } {0 1000 {9391 0 0} expected identifier, got ']' } {0 1000 {9391 0 0} expected ':', got ']' } {0 1000 {9391 0 0} expected type expression, got ']' } {0 1000 {9391 0 0} expected ',', got ']' } {0 1000 {9393 0 0} expected identifier, got 'as' } {0 1000 {9393 0 0} expected ':', got 'as' } {0 1000 {9393 0 0} expected type expression, got 'as' } {0 1000 {9393 0 0} expected ',', got 'as' } {0 1000 {9411 0 0} expected ':', got 'if' } {0 1000 {9411 0 0} expected type expression, got 'if' } {0 1000 {9411 0 0} expected ',', got 'if' } {0 1000 {9411 0 0} expected identifier, got 'if' } {0 1000 {9411 0 0} expected ':', got 'if' } {0 1000 {9411 0 0} expected type expression, got 'if' } {0 1000 {9411 0 0} expected ',', got 'if' } {0 1000 {9426 0 0} expected ':', got '(' } {0 1000 {9426 0 0} expected type expression, got '(' } {0 1000 {9426 0 0} expected ',', got '(' } {0 1000 {9426 0 0} expected identifier, got '(' } {0 1000 {9426 0 0} expected ':', got '(' } {0 1000 {9426 0 0} expected type expression, got '(' } {0 1000 {9426 0 0} expected ',', got '(' } {0 1000 {9431 0 0} expected ':', got ')' } {0 1000 {9431 0 0} expected type expression, got ')' } {0 1000 {9431 0 0} expected ',', got ')' } {0 1000 {9431 0 0} expected identifier, got ')' } {0 1000 {9431 0 0} expected ':', got ')' } {0 1000 {9431 0 0} expected type expression, got ')' } {0 1000 {9431 0 0} expected ',', got ')' } {0 1000 {9432 0 0} expected identifier, got ':' } {0 1000 {9433 0 0} expected type expression, got INDENT } {0 1000 {9433 0 0} expected ',', got INDENT } {0 1000 {9433 0 0} expected identifier, got INDENT } {0 1000 {9433 0 0} expected ':', got INDENT } {0 1000 {9433 0 0} expected type expression, got INDENT } {0 1000 {9433 0 0} expected ',', got INDENT } {0 1000 {9454 0 0} expected ':', got '.' } {0 1000 {9454 0 0} expected type expression, got '.' } {0 1000 {9454 0 0} expected ',', got '.' } {0 1000 {9454 0 0} expected identifier, got '.' } {0 1000 {9454 0 0} expected ':', got '.' } {0 1000 {9454 0 0} expected type expression, got '.' } {0 1000 {9454 0 0} expected ',', got '.' } {0 1000 {9459 0 0} expected ':', got '=' } {0 1000 {9459 0 0} expected type expression, got '=' } {0 1000 {9459 0 0} expected ',', got '=' } {0 1000 {9459 0 0} expected identifier, got '=' } {0 1000 {9459 0 0} expected ':', got '=' } {0 1000 {9459 0 0} expected type expression, got '=' } {0 1000 {9459 0 0} expected ',', got '=' } {0 1000 {9465 0 0} expected ':', got '.' } {0 1000 {9465 0 0} expected type expression, got '.' } {0 1000 {9465 0 0} expected ',', got '.' } {0 1000 {9465 0 0} expected identifier, got '.' } {0 1000 {9465 0 0} expected ':', got '.' } {0 1000 {9465 0 0} expected type expression, got '.' } {0 1000 {9465 0 0} expected ',', got '.' } {0 1000 {9470 0 0} expected ':', got '+' } {0 1000 {9470 0 0} expected type expression, got '+' } {0 1000 {9470 0 0} expected ',', got '+' } {0 1000 {9470 0 0} expected identifier, got '+' } {0 1000 {9470 0 0} expected ':', got '+' } {0 1000 {9470 0 0} expected type expression, got '+' } {0 1000 {9470 0 0} expected ',', got '+' } {0 1000 {9472 0 0} expected identifier, got integer literal } {0 1000 {9472 0 0} expected ':', got integer literal } {0 1000 {9472 0 0} expected type expression, got integer literal } {0 1000 {9472 0 0} expected ',', got integer literal } {0 1000 {9509 0 0} expected ':', got '.' } {0 1000 {9509 0 0} expected type expression, got '.' } {0 1000 {9509 0 0} expected ',', got '.' } {0 1000 {9509 0 0} expected identifier, got '.' } {0 1000 {9509 0 0} expected ':', got '.' } {0 1000 {9509 0 0} expected type expression, got '.' } {0 1000 {9509 0 0} expected ',', got '.' } {0 1000 {9525 0 0} expected ':', got '(' } {0 1000 {9525 0 0} expected type expression, got '(' } {0 1000 {9525 0 0} expected ',', got '(' } {0 1000 {9525 0 0} expected identifier, got '(' } {0 1000 {9525 0 0} expected ':', got '(' } {0 1000 {9525 0 0} expected type expression, got '(' } {0 1000 {9525 0 0} expected ',', got '(' } {0 1000 {9526 0 0} expected identifier, got ')' } {0 1000 {9526 0 0} expected ':', got ')' } {0 1000 {9526 0 0} expected type expression, got ')' } {0 1000 {9526 0 0} expected ',', got ')' } {0 1000 {9581 0 0} expected identifier, got 'if' } {0 1000 {9581 0 0} expected ':', got 'if' } {0 1000 {9581 0 0} expected type expression, got 'if' } {0 1000 {9581 0 0} expected ',', got 'if' } {0 1000 {9588 0 0} expected ':', got '.' } {0 1000 {9588 0 0} expected type expression, got '.' } {0 1000 {9588 0 0} expected ',', got '.' } {0 1000 {9588 0 0} expected identifier, got '.' } {0 1000 {9588 0 0} expected ':', got '.' } {0 1000 {9588 0 0} expected type expression, got '.' } {0 1000 {9588 0 0} expected ',', got '.' } {0 1000 {9593 0 0} expected ':', got '<' } {0 1000 {9593 0 0} expected type expression, got '<' } {0 1000 {9593 0 0} expected ',', got '<' } {0 1000 {9593 0 0} expected identifier, got '<' } {0 1000 {9593 0 0} expected ':', got '<' } {0 1000 {9593 0 0} expected type expression, got '<' } {0 1000 {9593 0 0} expected ',', got '<' } {0 1000 {9599 0 0} expected ':', got '.' } {0 1000 {9599 0 0} expected type expression, got '.' } {0 1000 {9599 0 0} expected ',', got '.' } {0 1000 {9599 0 0} expected identifier, got '.' } {0 1000 {9599 0 0} expected ':', got '.' } {0 1000 {9599 0 0} expected type expression, got '.' } {0 1000 {9599 0 0} expected ',', got '.' } {0 1000 {9604 0 0} expected type expression, got INDENT } {0 1000 {9604 0 0} expected ',', got INDENT } {0 1000 {9604 0 0} expected identifier, got INDENT } {0 1000 {9604 0 0} expected ':', got INDENT } {0 1000 {9604 0 0} expected type expression, got INDENT } {0 1000 {9604 0 0} expected ',', got INDENT } {0 1000 {9625 0 0} expected identifier, got 'let' } {0 1000 {9625 0 0} expected ':', got 'let' } {0 1000 {9625 0 0} expected type expression, got 'let' } {0 1000 {9625 0 0} expected ',', got 'let' } {0 1000 {9633 0 0} expected ':', got '=' } {0 1000 {9633 0 0} expected type expression, got '=' } {0 1000 {9633 0 0} expected ',', got '=' } {0 1000 {9633 0 0} expected identifier, got '=' } {0 1000 {9633 0 0} expected ':', got '=' } {0 1000 {9633 0 0} expected type expression, got '=' } {0 1000 {9633 0 0} expected ',', got '=' } {0 1000 {9639 0 0} expected ':', got '.' } {0 1000 {9639 0 0} expected type expression, got '.' } {0 1000 {9639 0 0} expected ',', got '.' } {0 1000 {9639 0 0} expected identifier, got '.' } {0 1000 {9639 0 0} expected ':', got '.' } {0 1000 {9639 0 0} expected type expression, got '.' } {0 1000 {9639 0 0} expected ',', got '.' } {0 1000 {9643 0 0} expected ':', got '[' } {0 1000 {9648 0 0} expected ']', got '.' } {0 1000 {9648 0 0} expected ',', got '.' } {0 1000 {9648 0 0} expected identifier, got '.' } {0 1000 {9648 0 0} expected ':', got '.' } {0 1000 {9648 0 0} expected type expression, got '.' } {0 1000 {9648 0 0} expected ',', got '.' } {0 1000 {9652 0 0} expected ':', got ']' } {0 1000 {9652 0 0} expected type expression, got ']' } {0 1000 {9652 0 0} expected ',', got ']' } {0 1000 {9652 0 0} expected identifier, got ']' } {0 1000 {9652 0 0} expected ':', got ']' } {0 1000 {9652 0 0} expected type expression, got ']' } {0 1000 {9652 0 0} expected ',', got ']' } {0 1000 {9654 0 0} expected identifier, got 'as' } {0 1000 {9654 0 0} expected ':', got 'as' } {0 1000 {9654 0 0} expected type expression, got 'as' } {0 1000 {9654 0 0} expected ',', got 'as' } {0 1000 {9680 0 0} expected ':', got 'if' } {0 1000 {9680 0 0} expected type expression, got 'if' } {0 1000 {9680 0 0} expected ',', got 'if' } {0 1000 {9680 0 0} expected identifier, got 'if' } {0 1000 {9680 0 0} expected ':', got 'if' } {0 1000 {9680 0 0} expected type expression, got 'if' } {0 1000 {9680 0 0} expected ',', got 'if' } {0 1000 {9687 0 0} expected ':', got '==' } {0 1000 {9687 0 0} expected type expression, got '==' } {0 1000 {9687 0 0} expected ',', got '==' } {0 1000 {9687 0 0} expected identifier, got '==' } {0 1000 {9687 0 0} expected ':', got '==' } {0 1000 {9687 0 0} expected type expression, got '==' } {0 1000 {9687 0 0} expected ',', got '==' } {0 1000 {9690 0 0} expected identifier, got integer literal } {0 1000 {9690 0 0} expected ':', got integer literal } {0 1000 {9690 0 0} expected type expression, got integer literal } {0 1000 {9690 0 0} expected ',', got integer literal } {0 1000 {9701 0 0} expected ':', got '==' } {0 1000 {9701 0 0} expected type expression, got '==' } {0 1000 {9701 0 0} expected ',', got '==' } {0 1000 {9701 0 0} expected identifier, got '==' } {0 1000 {9701 0 0} expected ':', got '==' } {0 1000 {9701 0 0} expected type expression, got '==' } {0 1000 {9701 0 0} expected ',', got '==' } {0 1000 {9704 0 0} expected identifier, got integer literal } {0 1000 {9704 0 0} expected ':', got integer literal } {0 1000 {9704 0 0} expected type expression, got integer literal } {0 1000 {9704 0 0} expected ',', got integer literal } {0 1000 {9706 0 0} expected identifier, got ':' } {0 1000 {9719 0 0} expected type expression, got INDENT } {0 1000 {9719 0 0} expected ',', got INDENT } {0 1000 {9719 0 0} expected identifier, got INDENT } {0 1000 {9719 0 0} expected ':', got INDENT } {0 1000 {9719 0 0} expected type expression, got INDENT } {0 1000 {9719 0 0} expected ',', got INDENT } {0 1000 {9748 0 0} expected ':', got '.' } {0 1000 {9748 0 0} expected type expression, got '.' } {0 1000 {9748 0 0} expected ',', got '.' } {0 1000 {9748 0 0} expected identifier, got '.' } {0 1000 {9748 0 0} expected ':', got '.' } {0 1000 {9748 0 0} expected type expression, got '.' } {0 1000 {9748 0 0} expected ',', got '.' } {0 1000 {9753 0 0} expected ':', got '=' } {0 1000 {9753 0 0} expected type expression, got '=' } {0 1000 {9753 0 0} expected ',', got '=' } {0 1000 {9753 0 0} expected identifier, got '=' } {0 1000 {9753 0 0} expected ':', got '=' } {0 1000 {9753 0 0} expected type expression, got '=' } {0 1000 {9753 0 0} expected ',', got '=' } {0 1000 {9759 0 0} expected ':', got '.' } {0 1000 {9759 0 0} expected type expression, got '.' } {0 1000 {9759 0 0} expected ',', got '.' } {0 1000 {9759 0 0} expected identifier, got '.' } {0 1000 {9759 0 0} expected ':', got '.' } {0 1000 {9759 0 0} expected type expression, got '.' } {0 1000 {9759 0 0} expected ',', got '.' } {0 1000 {9764 0 0} expected ':', got '+' } {0 1000 {9764 0 0} expected type expression, got '+' } {0 1000 {9764 0 0} expected ',', got '+' } {0 1000 {9764 0 0} expected identifier, got '+' } {0 1000 {9764 0 0} expected ':', got '+' } {0 1000 {9764 0 0} expected type expression, got '+' } {0 1000 {9764 0 0} expected ',', got '+' } {0 1000 {9766 0 0} expected identifier, got integer literal } {0 1000 {9766 0 0} expected ':', got integer literal } {0 1000 {9766 0 0} expected type expression, got integer literal } {0 1000 {9766 0 0} expected ',', got integer literal } {0 1000 {9792 0 0} expected identifier, got 'if' } {0 1000 {9792 0 0} expected ':', got 'if' } {0 1000 {9792 0 0} expected type expression, got 'if' } {0 1000 {9792 0 0} expected ',', got 'if' } {0 1000 {9799 0 0} expected ':', got '.' } {0 1000 {9799 0 0} expected type expression, got '.' } {0 1000 {9799 0 0} expected ',', got '.' } {0 1000 {9799 0 0} expected identifier, got '.' } {0 1000 {9799 0 0} expected ':', got '.' } {0 1000 {9799 0 0} expected type expression, got '.' } {0 1000 {9799 0 0} expected ',', got '.' } {0 1000 {9804 0 0} expected ':', got '<' } {0 1000 {9804 0 0} expected type expression, got '<' } {0 1000 {9804 0 0} expected ',', got '<' } {0 1000 {9804 0 0} expected identifier, got '<' } {0 1000 {9804 0 0} expected ':', got '<' } {0 1000 {9804 0 0} expected type expression, got '<' } {0 1000 {9804 0 0} expected ',', got '<' } {0 1000 {9810 0 0} expected ':', got '.' } {0 1000 {9810 0 0} expected type expression, got '.' } {0 1000 {9810 0 0} expected ',', got '.' } {0 1000 {9810 0 0} expected identifier, got '.' } {0 1000 {9810 0 0} expected ':', got '.' } {0 1000 {9810 0 0} expected type expression, got '.' } {0 1000 {9810 0 0} expected ',', got '.' } {0 1000 {9815 0 0} expected type expression, got INDENT } {0 1000 {9815 0 0} expected ',', got INDENT } {0 1000 {9815 0 0} expected identifier, got INDENT } {0 1000 {9815 0 0} expected ':', got INDENT } {0 1000 {9815 0 0} expected type expression, got INDENT } {0 1000 {9815 0 0} expected ',', got INDENT } {0 1000 {9844 0 0} expected identifier, got 'let' } {0 1000 {9844 0 0} expected ':', got 'let' } {0 1000 {9844 0 0} expected type expression, got 'let' } {0 1000 {9844 0 0} expected ',', got 'let' } {0 1000 {9853 0 0} expected ':', got '=' } {0 1000 {9853 0 0} expected type expression, got '=' } {0 1000 {9853 0 0} expected ',', got '=' } {0 1000 {9853 0 0} expected identifier, got '=' } {0 1000 {9853 0 0} expected ':', got '=' } {0 1000 {9853 0 0} expected type expression, got '=' } {0 1000 {9853 0 0} expected ',', got '=' } {0 1000 {9859 0 0} expected ':', got '.' } {0 1000 {9859 0 0} expected type expression, got '.' } {0 1000 {9859 0 0} expected ',', got '.' } {0 1000 {9859 0 0} expected identifier, got '.' } {0 1000 {9859 0 0} expected ':', got '.' } {0 1000 {9859 0 0} expected type expression, got '.' } {0 1000 {9859 0 0} expected ',', got '.' } {0 1000 {9863 0 0} expected ':', got '[' } {0 1000 {9868 0 0} expected ']', got '.' } {0 1000 {9868 0 0} expected ',', got '.' } {0 1000 {9868 0 0} expected identifier, got '.' } {0 1000 {9868 0 0} expected ':', got '.' } {0 1000 {9868 0 0} expected type expression, got '.' } {0 1000 {9868 0 0} expected ',', got '.' } {0 1000 {9872 0 0} expected ':', got ']' } {0 1000 {9872 0 0} expected type expression, got ']' } {0 1000 {9872 0 0} expected ',', got ']' } {0 1000 {9872 0 0} expected identifier, got ']' } {0 1000 {9872 0 0} expected ':', got ']' } {0 1000 {9872 0 0} expected type expression, got ']' } {0 1000 {9872 0 0} expected ',', got ']' } {0 1000 {9874 0 0} expected identifier, got 'as' } {0 1000 {9874 0 0} expected ':', got 'as' } {0 1000 {9874 0 0} expected type expression, got 'as' } {0 1000 {9874 0 0} expected ',', got 'as' } {0 1000 {9908 0 0} expected ':', got 'if' } {0 1000 {9908 0 0} expected type expression, got 'if' } {0 1000 {9908 0 0} expected ',', got 'if' } {0 1000 {9908 0 0} expected identifier, got 'if' } {0 1000 {9908 0 0} expected ':', got 'if' } {0 1000 {9908 0 0} expected type expression, got 'if' } {0 1000 {9908 0 0} expected ',', got 'if' } {0 1000 {9916 0 0} expected ':', got '==' } {0 1000 {9916 0 0} expected type expression, got '==' } {0 1000 {9916 0 0} expected ',', got '==' } {0 1000 {9916 0 0} expected identifier, got '==' } {0 1000 {9916 0 0} expected ':', got '==' } {0 1000 {9916 0 0} expected type expression, got '==' } {0 1000 {9916 0 0} expected ',', got '==' } {0 1000 {9919 0 0} expected identifier, got integer literal } {0 1000 {9919 0 0} expected ':', got integer literal } {0 1000 {9919 0 0} expected type expression, got integer literal } {0 1000 {9919 0 0} expected ',', got integer literal } {0 1000 {9930 0 0} expected ':', got '==' } {0 1000 {9930 0 0} expected type expression, got '==' } {0 1000 {9930 0 0} expected ',', got '==' } {0 1000 {9930 0 0} expected identifier, got '==' } {0 1000 {9930 0 0} expected ':', got '==' } {0 1000 {9930 0 0} expected type expression, got '==' } {0 1000 {9930 0 0} expected ',', got '==' } {0 1000 {9933 0 0} expected identifier, got integer literal } {0 1000 {9933 0 0} expected ':', got integer literal } {0 1000 {9933 0 0} expected type expression, got integer literal } {0 1000 {9933 0 0} expected ',', got integer literal } {0 1000 {9935 0 0} expected identifier, got ':' } {0 1000 {9948 0 0} expected type expression, got INDENT } {0 1000 {9948 0 0} expected ',', got INDENT } {0 1000 {9948 0 0} expected identifier, got INDENT } {0 1000 {9948 0 0} expected ':', got INDENT } {0 1000 {9948 0 0} expected type expression, got INDENT } {0 1000 {9948 0 0} expected ',', got INDENT } {0 1000 {9985 0 0} expected ':', got '.' } {0 1000 {9985 0 0} expected type expression, got '.' } {0 1000 {9985 0 0} expected ',', got '.' } {0 1000 {9985 0 0} expected identifier, got '.' } {0 1000 {9985 0 0} expected ':', got '.' } {0 1000 {9985 0 0} expected type expression, got '.' } {0 1000 {9985 0 0} expected ',', got '.' } {0 1000 {9990 0 0} expected ':', got '=' } {0 1000 {9990 0 0} expected type expression, got '=' } {0 1000 {9990 0 0} expected ',', got '=' } {0 1000 {9990 0 0} expected identifier, got '=' } {0 1000 {9990 0 0} expected ':', got '=' } {0 1000 {9990 0 0} expected type expression, got '=' } {0 1000 {9990 0 0} expected ',', got '=' } {0 1000 {9996 0 0} expected ':', got '.' } {0 1000 {9996 0 0} expected type expression, got '.' } {0 1000 {9996 0 0} expected ',', got '.' } {0 1000 {9996 0 0} expected identifier, got '.' } {0 1000 {9996 0 0} expected ':', got '.' } {0 1000 {9996 0 0} expected type expression, got '.' } {0 1000 {9996 0 0} expected ',', got '.' } {0 1000 {10001 0 0} expected ':', got '+' } {0 1000 {10001 0 0} expected type expression, got '+' } {0 1000 {10001 0 0} expected ',', got '+' } {0 1000 {10001 0 0} expected identifier, got '+' } {0 1000 {10001 0 0} expected ':', got '+' } {0 1000 {10001 0 0} expected type expression, got '+' } {0 1000 {10001 0 0} expected ',', got '+' } {0 1000 {10003 0 0} expected identifier, got integer literal } {0 1000 {10003 0 0} expected ':', got integer literal } {0 1000 {10003 0 0} expected type expression, got integer literal } {0 1000 {10003 0 0} expected ',', got integer literal } {0 1000 {10004 0 0} expected identifier, got DEDENT } {0 1000 {10004 0 0} expected ':', got DEDENT } {0 1000 {10004 0 0} expected type expression, got DEDENT } {0 1000 {10004 0 0} expected ',', got DEDENT } {0 1000 {10004 0 0} expected identifier, got DEDENT } {0 1000 {10004 0 0} expected ':', got DEDENT } {0 1000 {10004 0 0} expected type expression, got DEDENT } {0 1000 {10004 0 0} expected ',', got DEDENT } {0 1000 {10033 0 0} expected ':', got '.' } {0 1000 {10033 0 0} expected type expression, got '.' } {0 1000 {10033 0 0} expected ',', got '.' } {0 1000 {10033 0 0} expected identifier, got '.' } {0 1000 {10033 0 0} expected ':', got '.' } {0 1000 {10033 0 0} expected type expression, got '.' } {0 1000 {10033 0 0} expected ',', got '.' } {0 1000 {10049 0 0} expected ':', got '(' } {0 1000 {10049 0 0} expected type expression, got '(' } {0 1000 {10049 0 0} expected ',', got '(' } {0 1000 {10049 0 0} expected identifier, got '(' } {0 1000 {10049 0 0} expected ':', got '(' } {0 1000 {10049 0 0} expected type expression, got '(' } {0 1000 {10049 0 0} expected ',', got '(' } {0 1000 {10050 0 0} expected identifier, got ')' } {0 1000 {10050 0 0} expected ':', got ')' } {0 1000 {10050 0 0} expected type expression, got ')' } {0 1000 {10050 0 0} expected ',', got ')' } {0 1000 {10051 0 0} expected identifier, got DEDENT } {0 1000 {10051 0 0} expected ':', got DEDENT } {0 1000 {10051 0 0} expected type expression, got DEDENT } {0 1000 {10051 0 0} expected ',', got DEDENT } {0 1000 {10051 0 0} expected identifier, got DEDENT } {0 1000 {10051 0 0} expected ':', got DEDENT } {0 1000 {10051 0 0} expected type expression, got DEDENT } {0 1000 {10051 0 0} expected ',', got DEDENT } {0 1000 {10072 0 0} expected ':', got '.' } {0 1000 {10072 0 0} expected type expression, got '.' } {0 1000 {10072 0 0} expected ',', got '.' } {0 1000 {10072 0 0} expected identifier, got '.' } {0 1000 {10072 0 0} expected ':', got '.' } {0 1000 {10072 0 0} expected type expression, got '.' } {0 1000 {10072 0 0} expected ',', got '.' } {0 1000 {10077 0 0} expected ':', got '(' } {0 1000 {10077 0 0} expected type expression, got '(' } {0 1000 {10077 0 0} expected ',', got '(' } {0 1000 {10077 0 0} expected identifier, got '(' } {0 1000 {10077 0 0} expected ':', got '(' } {0 1000 {10077 0 0} expected type expression, got '(' } {0 1000 {10077 0 0} expected ',', got '(' } {0 1000 {10090 0 0} expected ':', got ',' } {0 1000 {10090 0 0} expected type expression, got ',' } {0 1000 {10097 0 0} expected ':', got ',' } {0 1000 {10097 0 0} expected type expression, got ',' } {0 1000 {10103 0 0} expected ':', got '.' } {0 1000 {10103 0 0} expected type expression, got '.' } {0 1000 {10103 0 0} expected ',', got '.' } {0 1000 {10103 0 0} expected identifier, got '.' } {0 1000 {10103 0 0} expected ':', got '.' } {0 1000 {10103 0 0} expected type expression, got '.' } {0 1000 {10103 0 0} expected ',', got '.' } {0 1000 {10108 0 0} expected ':', got '-' } {0 1000 {10108 0 0} expected type expression, got '-' } {0 1000 {10108 0 0} expected ',', got '-' } {0 1000 {10108 0 0} expected identifier, got '-' } {0 1000 {10108 0 0} expected ':', got '-' } {0 1000 {10108 0 0} expected type expression, got '-' } {0 1000 {10108 0 0} expected ',', got '-' } {0 1000 {10115 0 0} expected ':', got ')' } {0 1000 {10115 0 0} expected type expression, got ')' } {0 1000 {10115 0 0} expected ',', got ')' } {0 1000 {10115 0 0} expected identifier, got ')' } {0 1000 {10115 0 0} expected ':', got ')' } {0 1000 {10115 0 0} expected type expression, got ')' } {0 1000 {10115 0 0} expected ',', got ')' } {0 1000 {10133 0 0} expected identifier, got 'return' } {0 1000 {10133 0 0} expected ':', got 'return' } {0 1000 {10133 0 0} expected type expression, got 'return' } {0 1000 {10133 0 0} expected ',', got 'return' } {0 1000 {10139 0 0} expected identifier, got DEDENT } {0 1000 {10139 0 0} expected ':', got DEDENT } {0 1000 {10139 0 0} expected type expression, got DEDENT } {0 1000 {10139 0 0} expected ',', got DEDENT } {0 1000 {10139 0 0} expected identifier, got DEDENT } {0 1000 {10139 0 0} expected ':', got DEDENT } {0 1000 {10139 0 0} expected type expression, got DEDENT } {0 1000 {10139 0 0} expected ',', got DEDENT } {0 1000 {10139 0 0} expected identifier, got DEDENT } {0 1000 {10139 0 0} expected ':', got DEDENT } {0 1000 {10139 0 0} expected type expression, got DEDENT } {0 1000 {10139 0 0} expected ',', got DEDENT } {0 1000 {10149 0 0} expected ':', got '.' } {0 1000 {10149 0 0} expected type expression, got '.' } {0 1000 {10149 0 0} expected ',', got '.' } {0 1000 {10149 0 0} expected identifier, got '.' } {0 1000 {10149 0 0} expected ':', got '.' } {0 1000 {10149 0 0} expected type expression, got '.' } {0 1000 {10149 0 0} expected ',', got '.' } {0 1000 {10154 0 0} expected ':', got '(' } {0 1000 {10154 0 0} expected type expression, got '(' } {0 1000 {10154 0 0} expected ',', got '(' } {0 1000 {10154 0 0} expected identifier, got '(' } {0 1000 {10154 0 0} expected ':', got '(' } {0 1000 {10154 0 0} expected type expression, got '(' } {0 1000 {10154 0 0} expected ',', got '(' } {0 1000 {10165 0 0} expected ':', got ',' } {0 1000 {10165 0 0} expected type expression, got ',' } {0 1000 {10172 0 0} expected ':', got ',' } {0 1000 {10172 0 0} expected type expression, got ',' } {0 1000 {10178 0 0} expected ':', got '.' } {0 1000 {10178 0 0} expected type expression, got '.' } {0 1000 {10178 0 0} expected ',', got '.' } {0 1000 {10178 0 0} expected identifier, got '.' } {0 1000 {10178 0 0} expected ':', got '.' } {0 1000 {10178 0 0} expected type expression, got '.' } {0 1000 {10178 0 0} expected ',', got '.' } {0 1000 {10183 0 0} expected ':', got '-' } {0 1000 {10183 0 0} expected type expression, got '-' } {0 1000 {10183 0 0} expected ',', got '-' } {0 1000 {10183 0 0} expected identifier, got '-' } {0 1000 {10183 0 0} expected ':', got '-' } {0 1000 {10183 0 0} expected type expression, got '-' } {0 1000 {10183 0 0} expected ',', got '-' } {0 1000 {10190 0 0} expected ':', got ')' } {0 1000 {10190 0 0} expected type expression, got ')' } {0 1000 {10190 0 0} expected ',', got ')' } {0 1000 {10190 0 0} expected identifier, got ')' } {0 1000 {10190 0 0} expected ':', got ')' } {0 1000 {10190 0 0} expected type expression, got ')' } {0 1000 {10190 0 0} expected ',', got ')' } {0 1000 {10191 0 0} expected identifier, got DEDENT } {0 1000 {10191 0 0} expected ':', got DEDENT } {0 1000 {10191 0 0} expected type expression, got DEDENT } {0 1000 {10191 0 0} expected ',', got DEDENT } {0 1000 {10193 0 0} expected identifier, got 'pub' } {0 1000 {10193 0 0} expected ':', got 'pub' } {0 1000 {10193 0 0} expected type expression, got 'pub' } {0 1000 {10193 0 0} expected ',', got 'pub' } {0 1000 {10197 0 0} expected identifier, got 'fn' } {0 1000 {10197 0 0} expected ':', got 'fn' } {0 1000 {10200 0 0} expected '(', got identifier } {0 1000 {10211 0 0} expected ',', got '(' } {0 1000 {10211 0 0} expected type expression, got '(' } {0 1000 {10211 0 0} expected ',', got '(' } {0 1000 {10212 0 0} expected type expression, got 'mut' } {0 1000 {10212 0 0} expected ',', got 'mut' } {0 1000 {10220 0 0} expected ',', got ':' } {0 1000 {10220 0 0} expected type expression, got ':' } {0 1000 {10220 0 0} expected ',', got ':' } {0 1000 {10228 0 0} expected ',', got ':' } {0 1000 {10228 0 0} expected identifier, got ':' } {0 1000 {10229 0 0} expected type expression, got INDENT } {0 1000 {10229 0 0} expected ',', got INDENT } {0 1000 {10229 0 0} expected identifier, got INDENT } {0 1000 {10229 0 0} expected ':', got INDENT } {0 1000 {10229 0 0} expected type expression, got INDENT } {0 1000 {10229 0 0} expected ',', got INDENT } {0 1000 {10234 0 0} expected identifier, got 'let' } {0 1000 {10234 0 0} expected ':', got 'let' } {0 1000 {10234 0 0} expected type expression, got 'let' } {0 1000 {10234 0 0} expected ',', got 'let' } {0 1000 {10244 0 0} expected ':', got '=' } {0 1000 {10244 0 0} expected type expression, got '=' } {0 1000 {10244 0 0} expected ',', got '=' } {0 1000 {10244 0 0} expected identifier, got '=' } {0 1000 {10244 0 0} expected ':', got '=' } {0 1000 {10244 0 0} expected type expression, got '=' } {0 1000 {10244 0 0} expected ',', got '=' } {0 1000 {10250 0 0} expected ':', got '.' } {0 1000 {10250 0 0} expected type expression, got '.' } {0 1000 {10250 0 0} expected ',', got '.' } {0 1000 {10250 0 0} expected identifier, got '.' } {0 1000 {10250 0 0} expected ':', got '.' } {0 1000 {10250 0 0} expected type expression, got '.' } {0 1000 {10250 0 0} expected ',', got '.' } {0 1000 {10259 0 0} expected ':', got identifier } {0 1000 {10263 0 0} expected ',', got '.' } {0 1000 {10263 0 0} expected identifier, got '.' } {0 1000 {10263 0 0} expected ':', got '.' } {0 1000 {10263 0 0} expected type expression, got '.' } {0 1000 {10263 0 0} expected ',', got '.' } {0 1000 {10268 0 0} expected ':', got '=' } {0 1000 {10268 0 0} expected type expression, got '=' } {0 1000 {10268 0 0} expected ',', got '=' } {0 1000 {10268 0 0} expected identifier, got '=' } {0 1000 {10268 0 0} expected ':', got '=' } {0 1000 {10268 0 0} expected type expression, got '=' } {0 1000 {10268 0 0} expected ',', got '=' } {0 1000 {10274 0 0} expected ':', got '.' } {0 1000 {10274 0 0} expected type expression, got '.' } {0 1000 {10274 0 0} expected ',', got '.' } {0 1000 {10274 0 0} expected identifier, got '.' } {0 1000 {10274 0 0} expected ':', got '.' } {0 1000 {10274 0 0} expected type expression, got '.' } {0 1000 {10274 0 0} expected ',', got '.' } {0 1000 {10279 0 0} expected ':', got '+' } {0 1000 {10279 0 0} expected type expression, got '+' } {0 1000 {10279 0 0} expected ',', got '+' } {0 1000 {10279 0 0} expected identifier, got '+' } {0 1000 {10279 0 0} expected ':', got '+' } {0 1000 {10279 0 0} expected type expression, got '+' } {0 1000 {10279 0 0} expected ',', got '+' } {0 1000 {10281 0 0} expected identifier, got integer literal } {0 1000 {10281 0 0} expected ':', got integer literal } {0 1000 {10281 0 0} expected type expression, got integer literal } {0 1000 {10281 0 0} expected ',', got integer literal } {0 1000 {10307 0 0} expected identifier, got 'while' } {0 1000 {10307 0 0} expected ':', got 'while' } {0 1000 {10307 0 0} expected type expression, got 'while' } {0 1000 {10307 0 0} expected ',', got 'while' } {0 1000 {10317 0 0} expected ':', got '.' } {0 1000 {10317 0 0} expected type expression, got '.' } {0 1000 {10317 0 0} expected ',', got '.' } {0 1000 {10317 0 0} expected identifier, got '.' } {0 1000 {10317 0 0} expected ':', got '.' } {0 1000 {10317 0 0} expected type expression, got '.' } {0 1000 {10317 0 0} expected ',', got '.' } {0 1000 {10322 0 0} expected ':', got '<' } {0 1000 {10322 0 0} expected type expression, got '<' } {0 1000 {10322 0 0} expected ',', got '<' } {0 1000 {10322 0 0} expected identifier, got '<' } {0 1000 {10322 0 0} expected ':', got '<' } {0 1000 {10322 0 0} expected type expression, got '<' } {0 1000 {10322 0 0} expected ',', got '<' } {0 1000 {10328 0 0} expected ':', got '.' } {0 1000 {10328 0 0} expected type expression, got '.' } {0 1000 {10328 0 0} expected ',', got '.' } {0 1000 {10328 0 0} expected identifier, got '.' } {0 1000 {10328 0 0} expected ':', got '.' } {0 1000 {10328 0 0} expected type expression, got '.' } {0 1000 {10328 0 0} expected ',', got '.' } {0 1000 {10333 0 0} expected type expression, got INDENT } {0 1000 {10333 0 0} expected ',', got INDENT } {0 1000 {10333 0 0} expected identifier, got INDENT } {0 1000 {10333 0 0} expected ':', got INDENT } {0 1000 {10333 0 0} expected type expression, got INDENT } {0 1000 {10333 0 0} expected ',', got INDENT } {0 1000 {10342 0 0} expected identifier, got 'let' } {0 1000 {10342 0 0} expected ':', got 'let' } {0 1000 {10342 0 0} expected type expression, got 'let' } {0 1000 {10342 0 0} expected ',', got 'let' } {0 1000 {10348 0 0} expected ':', got '=' } {0 1000 {10348 0 0} expected type expression, got '=' } {0 1000 {10348 0 0} expected ',', got '=' } {0 1000 {10348 0 0} expected identifier, got '=' } {0 1000 {10348 0 0} expected ':', got '=' } {0 1000 {10348 0 0} expected type expression, got '=' } {0 1000 {10348 0 0} expected ',', got '=' } {0 1000 {10354 0 0} expected ':', got '.' } {0 1000 {10354 0 0} expected type expression, got '.' } {0 1000 {10354 0 0} expected ',', got '.' } {0 1000 {10354 0 0} expected identifier, got '.' } {0 1000 {10354 0 0} expected ':', got '.' } {0 1000 {10354 0 0} expected type expression, got '.' } {0 1000 {10354 0 0} expected ',', got '.' } {0 1000 {10358 0 0} expected ':', got '[' } {0 1000 {10363 0 0} expected ']', got '.' } {0 1000 {10363 0 0} expected ',', got '.' } {0 1000 {10363 0 0} expected identifier, got '.' } {0 1000 {10363 0 0} expected ':', got '.' } {0 1000 {10363 0 0} expected type expression, got '.' } {0 1000 {10363 0 0} expected ',', got '.' } {0 1000 {10367 0 0} expected ':', got ']' } {0 1000 {10367 0 0} expected type expression, got ']' } {0 1000 {10367 0 0} expected ',', got ']' } {0 1000 {10367 0 0} expected identifier, got ']' } {0 1000 {10367 0 0} expected ':', got ']' } {0 1000 {10367 0 0} expected type expression, got ']' } {0 1000 {10367 0 0} expected ',', got ']' } {0 1000 {10369 0 0} expected identifier, got 'as' } {0 1000 {10369 0 0} expected ':', got 'as' } {0 1000 {10369 0 0} expected type expression, got 'as' } {0 1000 {10369 0 0} expected ',', got 'as' } {0 1000 {10383 0 0} expected ':', got 'if' } {0 1000 {10383 0 0} expected type expression, got 'if' } {0 1000 {10383 0 0} expected ',', got 'if' } {0 1000 {10383 0 0} expected identifier, got 'if' } {0 1000 {10383 0 0} expected ':', got 'if' } {0 1000 {10383 0 0} expected type expression, got 'if' } {0 1000 {10383 0 0} expected ',', got 'if' } {0 1000 {10388 0 0} expected ':', got '==' } {0 1000 {10388 0 0} expected type expression, got '==' } {0 1000 {10388 0 0} expected ',', got '==' } {0 1000 {10388 0 0} expected identifier, got '==' } {0 1000 {10388 0 0} expected ':', got '==' } {0 1000 {10388 0 0} expected type expression, got '==' } {0 1000 {10388 0 0} expected ',', got '==' } {0 1000 {10391 0 0} expected identifier, got integer literal } {0 1000 {10391 0 0} expected ':', got integer literal } {0 1000 {10391 0 0} expected type expression, got integer literal } {0 1000 {10391 0 0} expected ',', got integer literal } {0 1000 {10393 0 0} expected identifier, got ':' } {0 1000 {10401 0 0} expected type expression, got INDENT } {0 1000 {10401 0 0} expected ',', got INDENT } {0 1000 {10401 0 0} expected identifier, got INDENT } {0 1000 {10401 0 0} expected ':', got INDENT } {0 1000 {10401 0 0} expected type expression, got INDENT } {0 1000 {10401 0 0} expected ',', got INDENT } {0 1000 {10418 0 0} expected ':', got '.' } {0 1000 {10418 0 0} expected type expression, got '.' } {0 1000 {10418 0 0} expected ',', got '.' } {0 1000 {10418 0 0} expected identifier, got '.' } {0 1000 {10418 0 0} expected ':', got '.' } {0 1000 {10418 0 0} expected type expression, got '.' } {0 1000 {10418 0 0} expected ',', got '.' } {0 1000 {10423 0 0} expected ':', got '=' } {0 1000 {10423 0 0} expected type expression, got '=' } {0 1000 {10423 0 0} expected ',', got '=' } {0 1000 {10423 0 0} expected identifier, got '=' } {0 1000 {10423 0 0} expected ':', got '=' } {0 1000 {10423 0 0} expected type expression, got '=' } {0 1000 {10423 0 0} expected ',', got '=' } {0 1000 {10429 0 0} expected ':', got '.' } {0 1000 {10429 0 0} expected type expression, got '.' } {0 1000 {10429 0 0} expected ',', got '.' } {0 1000 {10429 0 0} expected identifier, got '.' } {0 1000 {10429 0 0} expected ':', got '.' } {0 1000 {10429 0 0} expected type expression, got '.' } {0 1000 {10429 0 0} expected ',', got '.' } {0 1000 {10434 0 0} expected ':', got '+' } {0 1000 {10434 0 0} expected type expression, got '+' } {0 1000 {10434 0 0} expected ',', got '+' } {0 1000 {10434 0 0} expected identifier, got '+' } {0 1000 {10434 0 0} expected ':', got '+' } {0 1000 {10434 0 0} expected type expression, got '+' } {0 1000 {10434 0 0} expected ',', got '+' } {0 1000 {10436 0 0} expected identifier, got integer literal } {0 1000 {10436 0 0} expected ':', got integer literal } {0 1000 {10436 0 0} expected type expression, got integer literal } {0 1000 {10436 0 0} expected ',', got integer literal } {0 1000 {10474 0 0} expected ':', got '.' } {0 1000 {10474 0 0} expected type expression, got '.' } {0 1000 {10474 0 0} expected ',', got '.' } {0 1000 {10474 0 0} expected identifier, got '.' } {0 1000 {10474 0 0} expected ':', got '.' } {0 1000 {10474 0 0} expected type expression, got '.' } {0 1000 {10474 0 0} expected ',', got '.' } {0 1000 {10479 0 0} expected ':', got '(' } {0 1000 {10479 0 0} expected type expression, got '(' } {0 1000 {10479 0 0} expected ',', got '(' } {0 1000 {10479 0 0} expected identifier, got '(' } {0 1000 {10479 0 0} expected ':', got '(' } {0 1000 {10479 0 0} expected type expression, got '(' } {0 1000 {10479 0 0} expected ',', got '(' } {0 1000 {10493 0 0} expected ':', got ',' } {0 1000 {10493 0 0} expected type expression, got ',' } {0 1000 {10500 0 0} expected ':', got ',' } {0 1000 {10500 0 0} expected type expression, got ',' } {0 1000 {10506 0 0} expected ':', got '.' } {0 1000 {10506 0 0} expected type expression, got '.' } {0 1000 {10506 0 0} expected ',', got '.' } {0 1000 {10506 0 0} expected identifier, got '.' } {0 1000 {10506 0 0} expected ':', got '.' } {0 1000 {10506 0 0} expected type expression, got '.' } {0 1000 {10506 0 0} expected ',', got '.' } {0 1000 {10511 0 0} expected ':', got '-' } {0 1000 {10511 0 0} expected type expression, got '-' } {0 1000 {10511 0 0} expected ',', got '-' } {0 1000 {10511 0 0} expected identifier, got '-' } {0 1000 {10511 0 0} expected ':', got '-' } {0 1000 {10511 0 0} expected type expression, got '-' } {0 1000 {10511 0 0} expected ',', got '-' } {0 1000 {10518 0 0} expected ':', got ')' } {0 1000 {10518 0 0} expected type expression, got ')' } {0 1000 {10518 0 0} expected ',', got ')' } {0 1000 {10518 0 0} expected identifier, got ')' } {0 1000 {10518 0 0} expected ':', got ')' } {0 1000 {10518 0 0} expected type expression, got ')' } {0 1000 {10518 0 0} expected ',', got ')' } {0 1000 {10532 0 0} expected identifier, got 'return' } {0 1000 {10532 0 0} expected ':', got 'return' } {0 1000 {10532 0 0} expected type expression, got 'return' } {0 1000 {10532 0 0} expected ',', got 'return' } {0 1000 {10538 0 0} expected identifier, got DEDENT } {0 1000 {10538 0 0} expected ':', got DEDENT } {0 1000 {10538 0 0} expected type expression, got DEDENT } {0 1000 {10538 0 0} expected ',', got DEDENT } {0 1000 {10547 0 0} expected identifier, got 'if' } {0 1000 {10547 0 0} expected ':', got 'if' } {0 1000 {10547 0 0} expected type expression, got 'if' } {0 1000 {10547 0 0} expected ',', got 'if' } {0 1000 {10552 0 0} expected ':', got '==' } {0 1000 {10552 0 0} expected type expression, got '==' } {0 1000 {10552 0 0} expected ',', got '==' } {0 1000 {10552 0 0} expected identifier, got '==' } {0 1000 {10552 0 0} expected ':', got '==' } {0 1000 {10552 0 0} expected type expression, got '==' } {0 1000 {10552 0 0} expected ',', got '==' } {0 1000 {10555 0 0} expected identifier, got integer literal } {0 1000 {10555 0 0} expected ':', got integer literal } {0 1000 {10555 0 0} expected type expression, got integer literal } {0 1000 {10555 0 0} expected ',', got integer literal } {0 1000 {10557 0 0} expected identifier, got ':' } {0 1000 {10565 0 0} expected type expression, got INDENT } {0 1000 {10565 0 0} expected ',', got INDENT } {0 1000 {10565 0 0} expected identifier, got INDENT } {0 1000 {10565 0 0} expected ':', got INDENT } {0 1000 {10565 0 0} expected type expression, got INDENT } {0 1000 {10565 0 0} expected ',', got INDENT } {0 1000 {10582 0 0} expected ':', got '.' } {0 1000 {10582 0 0} expected type expression, got '.' } {0 1000 {10582 0 0} expected ',', got '.' } {0 1000 {10582 0 0} expected identifier, got '.' } {0 1000 {10582 0 0} expected ':', got '.' } {0 1000 {10582 0 0} expected type expression, got '.' } {0 1000 {10582 0 0} expected ',', got '.' } {0 1000 {10587 0 0} expected ':', got '=' } {0 1000 {10587 0 0} expected type expression, got '=' } {0 1000 {10587 0 0} expected ',', got '=' } {0 1000 {10587 0 0} expected identifier, got '=' } {0 1000 {10587 0 0} expected ':', got '=' } {0 1000 {10587 0 0} expected type expression, got '=' } {0 1000 {10587 0 0} expected ',', got '=' } {0 1000 {10593 0 0} expected ':', got '.' } {0 1000 {10593 0 0} expected type expression, got '.' } {0 1000 {10593 0 0} expected ',', got '.' } {0 1000 {10593 0 0} expected identifier, got '.' } {0 1000 {10593 0 0} expected ':', got '.' } {0 1000 {10593 0 0} expected type expression, got '.' } {0 1000 {10593 0 0} expected ',', got '.' } {0 1000 {10598 0 0} expected ':', got '+' } {0 1000 {10598 0 0} expected type expression, got '+' } {0 1000 {10598 0 0} expected ',', got '+' } {0 1000 {10598 0 0} expected identifier, got '+' } {0 1000 {10598 0 0} expected ':', got '+' } {0 1000 {10598 0 0} expected type expression, got '+' } {0 1000 {10598 0 0} expected ',', got '+' } {0 1000 {10600 0 0} expected identifier, got integer literal } {0 1000 {10600 0 0} expected ':', got integer literal } {0 1000 {10600 0 0} expected type expression, got integer literal } {0 1000 {10600 0 0} expected ',', got integer literal } {0 1000 {10632 0 0} expected identifier, got 'if' } {0 1000 {10632 0 0} expected ':', got 'if' } {0 1000 {10632 0 0} expected type expression, got 'if' } {0 1000 {10632 0 0} expected ',', got 'if' } {0 1000 {10639 0 0} expected ':', got '.' } {0 1000 {10639 0 0} expected type expression, got '.' } {0 1000 {10639 0 0} expected ',', got '.' } {0 1000 {10639 0 0} expected identifier, got '.' } {0 1000 {10639 0 0} expected ':', got '.' } {0 1000 {10639 0 0} expected type expression, got '.' } {0 1000 {10639 0 0} expected ',', got '.' } {0 1000 {10644 0 0} expected ':', got '<' } {0 1000 {10644 0 0} expected type expression, got '<' } {0 1000 {10644 0 0} expected ',', got '<' } {0 1000 {10644 0 0} expected identifier, got '<' } {0 1000 {10644 0 0} expected ':', got '<' } {0 1000 {10644 0 0} expected type expression, got '<' } {0 1000 {10644 0 0} expected ',', got '<' } {0 1000 {10650 0 0} expected ':', got '.' } {0 1000 {10650 0 0} expected type expression, got '.' } {0 1000 {10650 0 0} expected ',', got '.' } {0 1000 {10650 0 0} expected identifier, got '.' } {0 1000 {10650 0 0} expected ':', got '.' } {0 1000 {10650 0 0} expected type expression, got '.' } {0 1000 {10650 0 0} expected ',', got '.' } {0 1000 {10655 0 0} expected type expression, got INDENT } {0 1000 {10655 0 0} expected ',', got INDENT } {0 1000 {10655 0 0} expected identifier, got INDENT } {0 1000 {10655 0 0} expected ':', got INDENT } {0 1000 {10655 0 0} expected type expression, got INDENT } {0 1000 {10655 0 0} expected ',', got INDENT } {0 1000 {10676 0 0} expected ':', got '.' } {0 1000 {10676 0 0} expected type expression, got '.' } {0 1000 {10676 0 0} expected ',', got '.' } {0 1000 {10676 0 0} expected identifier, got '.' } {0 1000 {10676 0 0} expected ':', got '.' } {0 1000 {10676 0 0} expected type expression, got '.' } {0 1000 {10676 0 0} expected ',', got '.' } {0 1000 {10681 0 0} expected ':', got '=' } {0 1000 {10681 0 0} expected type expression, got '=' } {0 1000 {10681 0 0} expected ',', got '=' } {0 1000 {10681 0 0} expected identifier, got '=' } {0 1000 {10681 0 0} expected ':', got '=' } {0 1000 {10681 0 0} expected type expression, got '=' } {0 1000 {10681 0 0} expected ',', got '=' } {0 1000 {10687 0 0} expected ':', got '.' } {0 1000 {10687 0 0} expected type expression, got '.' } {0 1000 {10687 0 0} expected ',', got '.' } {0 1000 {10687 0 0} expected identifier, got '.' } {0 1000 {10687 0 0} expected ':', got '.' } {0 1000 {10687 0 0} expected type expression, got '.' } {0 1000 {10687 0 0} expected ',', got '.' } {0 1000 {10692 0 0} expected ':', got '+' } {0 1000 {10692 0 0} expected type expression, got '+' } {0 1000 {10692 0 0} expected ',', got '+' } {0 1000 {10692 0 0} expected identifier, got '+' } {0 1000 {10692 0 0} expected ':', got '+' } {0 1000 {10692 0 0} expected type expression, got '+' } {0 1000 {10692 0 0} expected ',', got '+' } {0 1000 {10694 0 0} expected identifier, got integer literal } {0 1000 {10694 0 0} expected ':', got integer literal } {0 1000 {10694 0 0} expected type expression, got integer literal } {0 1000 {10694 0 0} expected ',', got integer literal } {0 1000 {10716 0 0} expected identifier, got DEDENT } {0 1000 {10716 0 0} expected ':', got DEDENT } {0 1000 {10716 0 0} expected type expression, got DEDENT } {0 1000 {10716 0 0} expected ',', got DEDENT } {0 1000 {10737 0 0} expected ':', got DEDENT } {0 1000 {10737 0 0} expected type expression, got DEDENT } {0 1000 {10737 0 0} expected ',', got DEDENT } {0 1000 {10737 0 0} expected identifier, got DEDENT } {0 1000 {10737 0 0} expected ':', got DEDENT } {0 1000 {10737 0 0} expected type expression, got DEDENT } {0 1000 {10737 0 0} expected ',', got DEDENT } {0 1000 {10746 0 0} expected identifier, got 'if' } {0 1000 {10746 0 0} expected ':', got 'if' } {0 1000 {10746 0 0} expected type expression, got 'if' } {0 1000 {10746 0 0} expected ',', got 'if' } {0 1000 {10751 0 0} expected ':', got '==' } {0 1000 {10751 0 0} expected type expression, got '==' } {0 1000 {10751 0 0} expected ',', got '==' } {0 1000 {10751 0 0} expected identifier, got '==' } {0 1000 {10751 0 0} expected ':', got '==' } {0 1000 {10751 0 0} expected type expression, got '==' } {0 1000 {10751 0 0} expected ',', got '==' } {0 1000 {10754 0 0} expected identifier, got integer literal } {0 1000 {10754 0 0} expected ':', got integer literal } {0 1000 {10754 0 0} expected type expression, got integer literal } {0 1000 {10754 0 0} expected ',', got integer literal } {0 1000 {10756 0 0} expected identifier, got ':' } {0 1000 {10765 0 0} expected type expression, got INDENT } {0 1000 {10765 0 0} expected ',', got INDENT } {0 1000 {10765 0 0} expected identifier, got INDENT } {0 1000 {10765 0 0} expected ':', got INDENT } {0 1000 {10765 0 0} expected type expression, got INDENT } {0 1000 {10765 0 0} expected ',', got INDENT } {0 1000 {10817 0 0} expected ':', got '.' } {0 1000 {10817 0 0} expected type expression, got '.' } {0 1000 {10817 0 0} expected ',', got '.' } {0 1000 {10817 0 0} expected identifier, got '.' } {0 1000 {10817 0 0} expected ':', got '.' } {0 1000 {10817 0 0} expected type expression, got '.' } {0 1000 {10817 0 0} expected ',', got '.' } {0 1000 {10822 0 0} expected ':', got '(' } {0 1000 {10822 0 0} expected type expression, got '(' } {0 1000 {10822 0 0} expected ',', got '(' } {0 1000 {10822 0 0} expected identifier, got '(' } {0 1000 {10822 0 0} expected ':', got '(' } {0 1000 {10822 0 0} expected type expression, got '(' } {0 1000 {10822 0 0} expected ',', got '(' } {0 1000 {10836 0 0} expected ':', got ',' } {0 1000 {10836 0 0} expected type expression, got ',' } {0 1000 {10843 0 0} expected ':', got ',' } {0 1000 {10843 0 0} expected type expression, got ',' } {0 1000 {10849 0 0} expected ':', got '.' } {0 1000 {10849 0 0} expected type expression, got '.' } {0 1000 {10849 0 0} expected ',', got '.' } {0 1000 {10849 0 0} expected identifier, got '.' } {0 1000 {10849 0 0} expected ':', got '.' } {0 1000 {10849 0 0} expected type expression, got '.' } {0 1000 {10849 0 0} expected ',', got '.' } {0 1000 {10854 0 0} expected ':', got '-' } {0 1000 {10854 0 0} expected type expression, got '-' } {0 1000 {10854 0 0} expected ',', got '-' } {0 1000 {10854 0 0} expected identifier, got '-' } {0 1000 {10854 0 0} expected ':', got '-' } {0 1000 {10854 0 0} expected type expression, got '-' } {0 1000 {10854 0 0} expected ',', got '-' } {0 1000 {10861 0 0} expected ':', got ')' } {0 1000 {10861 0 0} expected type expression, got ')' } {0 1000 {10861 0 0} expected ',', got ')' } {0 1000 {10861 0 0} expected identifier, got ')' } {0 1000 {10861 0 0} expected ':', got ')' } {0 1000 {10861 0 0} expected type expression, got ')' } {0 1000 {10861 0 0} expected ',', got ')' } {0 1000 {10875 0 0} expected identifier, got 'return' } {0 1000 {10875 0 0} expected ':', got 'return' } {0 1000 {10875 0 0} expected type expression, got 'return' } {0 1000 {10875 0 0} expected ',', got 'return' } {0 1000 {10881 0 0} expected identifier, got DEDENT } {0 1000 {10881 0 0} expected ':', got DEDENT } {0 1000 {10881 0 0} expected type expression, got DEDENT } {0 1000 {10881 0 0} expected ',', got DEDENT } {0 1000 {10894 0 0} expected ':', got '.' } {0 1000 {10894 0 0} expected type expression, got '.' } {0 1000 {10894 0 0} expected ',', got '.' } {0 1000 {10894 0 0} expected identifier, got '.' } {0 1000 {10894 0 0} expected ':', got '.' } {0 1000 {10894 0 0} expected type expression, got '.' } {0 1000 {10894 0 0} expected ',', got '.' } {0 1000 {10899 0 0} expected ':', got '=' } {0 1000 {10899 0 0} expected type expression, got '=' } {0 1000 {10899 0 0} expected ',', got '=' } {0 1000 {10899 0 0} expected identifier, got '=' } {0 1000 {10899 0 0} expected ':', got '=' } {0 1000 {10899 0 0} expected type expression, got '=' } {0 1000 {10899 0 0} expected ',', got '=' } {0 1000 {10905 0 0} expected ':', got '.' } {0 1000 {10905 0 0} expected type expression, got '.' } {0 1000 {10905 0 0} expected ',', got '.' } {0 1000 {10905 0 0} expected identifier, got '.' } {0 1000 {10905 0 0} expected ':', got '.' } {0 1000 {10905 0 0} expected type expression, got '.' } {0 1000 {10905 0 0} expected ',', got '.' } {0 1000 {10910 0 0} expected ':', got '+' } {0 1000 {10910 0 0} expected type expression, got '+' } {0 1000 {10910 0 0} expected ',', got '+' } {0 1000 {10910 0 0} expected identifier, got '+' } {0 1000 {10910 0 0} expected ':', got '+' } {0 1000 {10910 0 0} expected type expression, got '+' } {0 1000 {10910 0 0} expected ',', got '+' } {0 1000 {10912 0 0} expected identifier, got integer literal } {0 1000 {10912 0 0} expected ':', got integer literal } {0 1000 {10912 0 0} expected type expression, got integer literal } {0 1000 {10912 0 0} expected ',', got integer literal } {0 1000 {10913 0 0} expected identifier, got DEDENT } {0 1000 {10913 0 0} expected ':', got DEDENT } {0 1000 {10913 0 0} expected type expression, got DEDENT } {0 1000 {10913 0 0} expected ',', got DEDENT } {0 1000 {10923 0 0} expected ':', got '.' } {0 1000 {10923 0 0} expected type expression, got '.' } {0 1000 {10923 0 0} expected ',', got '.' } {0 1000 {10923 0 0} expected identifier, got '.' } {0 1000 {10923 0 0} expected ':', got '.' } {0 1000 {10923 0 0} expected type expression, got '.' } {0 1000 {10923 0 0} expected ',', got '.' } {0 1000 {10928 0 0} expected ':', got '(' } {0 1000 {10928 0 0} expected type expression, got '(' } {0 1000 {10928 0 0} expected ',', got '(' } {0 1000 {10928 0 0} expected identifier, got '(' } {0 1000 {10928 0 0} expected ':', got '(' } {0 1000 {10928 0 0} expected type expression, got '(' } {0 1000 {10928 0 0} expected ',', got '(' } {0 1000 {10942 0 0} expected ':', got ',' } {0 1000 {10942 0 0} expected type expression, got ',' } {0 1000 {10949 0 0} expected ':', got ',' } {0 1000 {10949 0 0} expected type expression, got ',' } {0 1000 {10955 0 0} expected ':', got '.' } {0 1000 {10955 0 0} expected type expression, got '.' } {0 1000 {10955 0 0} expected ',', got '.' } {0 1000 {10955 0 0} expected identifier, got '.' } {0 1000 {10955 0 0} expected ':', got '.' } {0 1000 {10955 0 0} expected type expression, got '.' } {0 1000 {10955 0 0} expected ',', got '.' } {0 1000 {10960 0 0} expected ':', got '-' } {0 1000 {10960 0 0} expected type expression, got '-' } {0 1000 {10960 0 0} expected ',', got '-' } {0 1000 {10960 0 0} expected identifier, got '-' } {0 1000 {10960 0 0} expected ':', got '-' } {0 1000 {10960 0 0} expected type expression, got '-' } {0 1000 {10960 0 0} expected ',', got '-' } {0 1000 {10967 0 0} expected ':', got ')' } {0 1000 {10967 0 0} expected type expression, got ')' } {0 1000 {10967 0 0} expected ',', got ')' } {0 1000 {10967 0 0} expected identifier, got ')' } {0 1000 {10967 0 0} expected ':', got ')' } {0 1000 {10967 0 0} expected type expression, got ')' } {0 1000 {10967 0 0} expected ',', got ')' } {0 1000 {10968 0 0} expected identifier, got DEDENT } {0 1000 {10968 0 0} expected ':', got DEDENT } {0 1000 {10968 0 0} expected type expression, got DEDENT } {0 1000 {10968 0 0} expected ',', got DEDENT } {0 1000 {10970 0 0} expected identifier, got 'pub' } {0 1000 {10970 0 0} expected ':', got 'pub' } {0 1000 {10970 0 0} expected type expression, got 'pub' } {0 1000 {10970 0 0} expected ',', got 'pub' } {0 1000 {10974 0 0} expected identifier, got 'fn' } {0 1000 {10974 0 0} expected ':', got 'fn' } {0 1000 {10977 0 0} expected '(', got identifier } {0 1000 {10986 0 0} expected ',', got '(' } {0 1000 {10986 0 0} expected type expression, got '(' } {0 1000 {10986 0 0} expected ',', got '(' } {0 1000 {10987 0 0} expected type expression, got 'mut' } {0 1000 {10987 0 0} expected ',', got 'mut' } {0 1000 {10995 0 0} expected ',', got ':' } {0 1000 {10995 0 0} expected type expression, got ':' } {0 1000 {10995 0 0} expected ',', got ':' } {0 1000 {11003 0 0} expected ',', got ':' } {0 1000 {11003 0 0} expected identifier, got ':' } {0 1000 {11004 0 0} expected type expression, got INDENT } {0 1000 {11004 0 0} expected ',', got INDENT } {0 1000 {11004 0 0} expected identifier, got INDENT } {0 1000 {11004 0 0} expected ':', got INDENT } {0 1000 {11004 0 0} expected type expression, got INDENT } {0 1000 {11004 0 0} expected ',', got INDENT } {0 1000 {11009 0 0} expected identifier, got 'let' } {0 1000 {11009 0 0} expected ':', got 'let' } {0 1000 {11009 0 0} expected type expression, got 'let' } {0 1000 {11009 0 0} expected ',', got 'let' } {0 1000 {11019 0 0} expected ':', got '=' } {0 1000 {11019 0 0} expected type expression, got '=' } {0 1000 {11019 0 0} expected ',', got '=' } {0 1000 {11019 0 0} expected identifier, got '=' } {0 1000 {11019 0 0} expected ':', got '=' } {0 1000 {11019 0 0} expected type expression, got '=' } {0 1000 {11019 0 0} expected ',', got '=' } {0 1000 {11025 0 0} expected ':', got '.' } {0 1000 {11025 0 0} expected type expression, got '.' } {0 1000 {11025 0 0} expected ',', got '.' } {0 1000 {11025 0 0} expected identifier, got '.' } {0 1000 {11025 0 0} expected ':', got '.' } {0 1000 {11025 0 0} expected type expression, got '.' } {0 1000 {11025 0 0} expected ',', got '.' } {0 1000 {11034 0 0} expected ':', got identifier } {0 1000 {11038 0 0} expected ',', got '.' } {0 1000 {11038 0 0} expected identifier, got '.' } {0 1000 {11038 0 0} expected ':', got '.' } {0 1000 {11038 0 0} expected type expression, got '.' } {0 1000 {11038 0 0} expected ',', got '.' } {0 1000 {11043 0 0} expected ':', got '=' } {0 1000 {11043 0 0} expected type expression, got '=' } {0 1000 {11043 0 0} expected ',', got '=' } {0 1000 {11043 0 0} expected identifier, got '=' } {0 1000 {11043 0 0} expected ':', got '=' } {0 1000 {11043 0 0} expected type expression, got '=' } {0 1000 {11043 0 0} expected ',', got '=' } {0 1000 {11049 0 0} expected ':', got '.' } {0 1000 {11049 0 0} expected type expression, got '.' } {0 1000 {11049 0 0} expected ',', got '.' } {0 1000 {11049 0 0} expected identifier, got '.' } {0 1000 {11049 0 0} expected ':', got '.' } {0 1000 {11049 0 0} expected type expression, got '.' } {0 1000 {11049 0 0} expected ',', got '.' } {0 1000 {11054 0 0} expected ':', got '+' } {0 1000 {11054 0 0} expected type expression, got '+' } {0 1000 {11054 0 0} expected ',', got '+' } {0 1000 {11054 0 0} expected identifier, got '+' } {0 1000 {11054 0 0} expected ':', got '+' } {0 1000 {11054 0 0} expected type expression, got '+' } {0 1000 {11054 0 0} expected ',', got '+' } {0 1000 {11056 0 0} expected identifier, got integer literal } {0 1000 {11056 0 0} expected ':', got integer literal } {0 1000 {11056 0 0} expected type expression, got integer literal } {0 1000 {11056 0 0} expected ',', got integer literal } {0 1000 {11083 0 0} expected identifier, got 'if' } {0 1000 {11083 0 0} expected ':', got 'if' } {0 1000 {11083 0 0} expected type expression, got 'if' } {0 1000 {11083 0 0} expected ',', got 'if' } {0 1000 {11090 0 0} expected ':', got '.' } {0 1000 {11090 0 0} expected type expression, got '.' } {0 1000 {11090 0 0} expected ',', got '.' } {0 1000 {11090 0 0} expected identifier, got '.' } {0 1000 {11090 0 0} expected ':', got '.' } {0 1000 {11090 0 0} expected type expression, got '.' } {0 1000 {11090 0 0} expected ',', got '.' } {0 1000 {11095 0 0} expected ':', got '<' } {0 1000 {11095 0 0} expected type expression, got '<' } {0 1000 {11095 0 0} expected ',', got '<' } {0 1000 {11095 0 0} expected identifier, got '<' } {0 1000 {11095 0 0} expected ':', got '<' } {0 1000 {11095 0 0} expected type expression, got '<' } {0 1000 {11095 0 0} expected ',', got '<' } {0 1000 {11101 0 0} expected ':', got '.' } {0 1000 {11101 0 0} expected type expression, got '.' } {0 1000 {11101 0 0} expected ',', got '.' } {0 1000 {11101 0 0} expected identifier, got '.' } {0 1000 {11101 0 0} expected ':', got '.' } {0 1000 {11101 0 0} expected type expression, got '.' } {0 1000 {11101 0 0} expected ',', got '.' } {0 1000 {11106 0 0} expected type expression, got INDENT } {0 1000 {11106 0 0} expected ',', got INDENT } {0 1000 {11106 0 0} expected identifier, got INDENT } {0 1000 {11106 0 0} expected ':', got INDENT } {0 1000 {11106 0 0} expected type expression, got INDENT } {0 1000 {11106 0 0} expected ',', got INDENT } {0 1000 {11115 0 0} expected identifier, got 'let' } {0 1000 {11115 0 0} expected ':', got 'let' } {0 1000 {11115 0 0} expected type expression, got 'let' } {0 1000 {11115 0 0} expected ',', got 'let' } {0 1000 {11121 0 0} expected ':', got '=' } {0 1000 {11121 0 0} expected type expression, got '=' } {0 1000 {11121 0 0} expected ',', got '=' } {0 1000 {11121 0 0} expected identifier, got '=' } {0 1000 {11121 0 0} expected ':', got '=' } {0 1000 {11121 0 0} expected type expression, got '=' } {0 1000 {11121 0 0} expected ',', got '=' } {0 1000 {11127 0 0} expected ':', got '.' } {0 1000 {11127 0 0} expected type expression, got '.' } {0 1000 {11127 0 0} expected ',', got '.' } {0 1000 {11127 0 0} expected identifier, got '.' } {0 1000 {11127 0 0} expected ':', got '.' } {0 1000 {11127 0 0} expected type expression, got '.' } {0 1000 {11127 0 0} expected ',', got '.' } {0 1000 {11131 0 0} expected ':', got '[' } {0 1000 {11136 0 0} expected ']', got '.' } {0 1000 {11136 0 0} expected ',', got '.' } {0 1000 {11136 0 0} expected identifier, got '.' } {0 1000 {11136 0 0} expected ':', got '.' } {0 1000 {11136 0 0} expected type expression, got '.' } {0 1000 {11136 0 0} expected ',', got '.' } {0 1000 {11140 0 0} expected ':', got ']' } {0 1000 {11140 0 0} expected type expression, got ']' } {0 1000 {11140 0 0} expected ',', got ']' } {0 1000 {11140 0 0} expected identifier, got ']' } {0 1000 {11140 0 0} expected ':', got ']' } {0 1000 {11140 0 0} expected type expression, got ']' } {0 1000 {11140 0 0} expected ',', got ']' } {0 1000 {11142 0 0} expected identifier, got 'as' } {0 1000 {11142 0 0} expected ':', got 'as' } {0 1000 {11142 0 0} expected type expression, got 'as' } {0 1000 {11142 0 0} expected ',', got 'as' } {0 1000 {11156 0 0} expected ':', got 'if' } {0 1000 {11156 0 0} expected type expression, got 'if' } {0 1000 {11156 0 0} expected ',', got 'if' } {0 1000 {11156 0 0} expected identifier, got 'if' } {0 1000 {11156 0 0} expected ':', got 'if' } {0 1000 {11156 0 0} expected type expression, got 'if' } {0 1000 {11156 0 0} expected ',', got 'if' } {0 1000 {11161 0 0} expected ':', got '==' } {0 1000 {11161 0 0} expected type expression, got '==' } {0 1000 {11161 0 0} expected ',', got '==' } {0 1000 {11161 0 0} expected identifier, got '==' } {0 1000 {11161 0 0} expected ':', got '==' } {0 1000 {11161 0 0} expected type expression, got '==' } {0 1000 {11161 0 0} expected ',', got '==' } {0 1000 {11164 0 0} expected identifier, got integer literal } {0 1000 {11164 0 0} expected ':', got integer literal } {0 1000 {11164 0 0} expected type expression, got integer literal } {0 1000 {11164 0 0} expected ',', got integer literal } {0 1000 {11166 0 0} expected identifier, got ':' } {0 1000 {11174 0 0} expected type expression, got INDENT } {0 1000 {11174 0 0} expected ',', got INDENT } {0 1000 {11174 0 0} expected identifier, got INDENT } {0 1000 {11174 0 0} expected ':', got INDENT } {0 1000 {11174 0 0} expected type expression, got INDENT } {0 1000 {11174 0 0} expected ',', got INDENT } {0 1000 {11191 0 0} expected ':', got '.' } {0 1000 {11191 0 0} expected type expression, got '.' } {0 1000 {11191 0 0} expected ',', got '.' } {0 1000 {11191 0 0} expected identifier, got '.' } {0 1000 {11191 0 0} expected ':', got '.' } {0 1000 {11191 0 0} expected type expression, got '.' } {0 1000 {11191 0 0} expected ',', got '.' } {0 1000 {11196 0 0} expected ':', got '=' } {0 1000 {11196 0 0} expected type expression, got '=' } {0 1000 {11196 0 0} expected ',', got '=' } {0 1000 {11196 0 0} expected identifier, got '=' } {0 1000 {11196 0 0} expected ':', got '=' } {0 1000 {11196 0 0} expected type expression, got '=' } {0 1000 {11196 0 0} expected ',', got '=' } {0 1000 {11202 0 0} expected ':', got '.' } {0 1000 {11202 0 0} expected type expression, got '.' } {0 1000 {11202 0 0} expected ',', got '.' } {0 1000 {11202 0 0} expected identifier, got '.' } {0 1000 {11202 0 0} expected ':', got '.' } {0 1000 {11202 0 0} expected type expression, got '.' } {0 1000 {11202 0 0} expected ',', got '.' } {0 1000 {11207 0 0} expected ':', got '+' } {0 1000 {11207 0 0} expected type expression, got '+' } {0 1000 {11207 0 0} expected ',', got '+' } {0 1000 {11207 0 0} expected identifier, got '+' } {0 1000 {11207 0 0} expected ':', got '+' } {0 1000 {11207 0 0} expected type expression, got '+' } {0 1000 {11207 0 0} expected ',', got '+' } {0 1000 {11209 0 0} expected identifier, got integer literal } {0 1000 {11209 0 0} expected ':', got integer literal } {0 1000 {11209 0 0} expected type expression, got integer literal } {0 1000 {11209 0 0} expected ',', got integer literal } {0 1000 {11241 0 0} expected identifier, got 'if' } {0 1000 {11241 0 0} expected ':', got 'if' } {0 1000 {11241 0 0} expected type expression, got 'if' } {0 1000 {11241 0 0} expected ',', got 'if' } {0 1000 {11248 0 0} expected ':', got '.' } {0 1000 {11248 0 0} expected type expression, got '.' } {0 1000 {11248 0 0} expected ',', got '.' } {0 1000 {11248 0 0} expected identifier, got '.' } {0 1000 {11248 0 0} expected ':', got '.' } {0 1000 {11248 0 0} expected type expression, got '.' } {0 1000 {11248 0 0} expected ',', got '.' } {0 1000 {11253 0 0} expected ':', got '<' } {0 1000 {11253 0 0} expected type expression, got '<' } {0 1000 {11253 0 0} expected ',', got '<' } {0 1000 {11253 0 0} expected identifier, got '<' } {0 1000 {11253 0 0} expected ':', got '<' } {0 1000 {11253 0 0} expected type expression, got '<' } {0 1000 {11253 0 0} expected ',', got '<' } {0 1000 {11259 0 0} expected ':', got '.' } {0 1000 {11259 0 0} expected type expression, got '.' } {0 1000 {11259 0 0} expected ',', got '.' } {0 1000 {11259 0 0} expected identifier, got '.' } {0 1000 {11259 0 0} expected ':', got '.' } {0 1000 {11259 0 0} expected type expression, got '.' } {0 1000 {11259 0 0} expected ',', got '.' } {0 1000 {11264 0 0} expected type expression, got INDENT } {0 1000 {11264 0 0} expected ',', got INDENT } {0 1000 {11264 0 0} expected identifier, got INDENT } {0 1000 {11264 0 0} expected ':', got INDENT } {0 1000 {11264 0 0} expected type expression, got INDENT } {0 1000 {11264 0 0} expected ',', got INDENT } {0 1000 {11285 0 0} expected ':', got '.' } {0 1000 {11285 0 0} expected type expression, got '.' } {0 1000 {11285 0 0} expected ',', got '.' } {0 1000 {11285 0 0} expected identifier, got '.' } {0 1000 {11285 0 0} expected ':', got '.' } {0 1000 {11285 0 0} expected type expression, got '.' } {0 1000 {11285 0 0} expected ',', got '.' } {0 1000 {11290 0 0} expected ':', got '=' } {0 1000 {11290 0 0} expected type expression, got '=' } {0 1000 {11290 0 0} expected ',', got '=' } {0 1000 {11290 0 0} expected identifier, got '=' } {0 1000 {11290 0 0} expected ':', got '=' } {0 1000 {11290 0 0} expected type expression, got '=' } {0 1000 {11290 0 0} expected ',', got '=' } {0 1000 {11296 0 0} expected ':', got '.' } {0 1000 {11296 0 0} expected type expression, got '.' } {0 1000 {11296 0 0} expected ',', got '.' } {0 1000 {11296 0 0} expected identifier, got '.' } {0 1000 {11296 0 0} expected ':', got '.' } {0 1000 {11296 0 0} expected type expression, got '.' } {0 1000 {11296 0 0} expected ',', got '.' } {0 1000 {11301 0 0} expected ':', got '+' } {0 1000 {11301 0 0} expected type expression, got '+' } {0 1000 {11301 0 0} expected ',', got '+' } {0 1000 {11301 0 0} expected identifier, got '+' } {0 1000 {11301 0 0} expected ':', got '+' } {0 1000 {11301 0 0} expected type expression, got '+' } {0 1000 {11301 0 0} expected ',', got '+' } {0 1000 {11303 0 0} expected identifier, got integer literal } {0 1000 {11303 0 0} expected ':', got integer literal } {0 1000 {11303 0 0} expected type expression, got integer literal } {0 1000 {11303 0 0} expected ',', got integer literal } {0 1000 {11325 0 0} expected identifier, got DEDENT } {0 1000 {11325 0 0} expected ':', got DEDENT } {0 1000 {11325 0 0} expected type expression, got DEDENT } {0 1000 {11325 0 0} expected ',', got DEDENT } {0 1000 {11325 0 0} expected identifier, got DEDENT } {0 1000 {11325 0 0} expected ':', got DEDENT } {0 1000 {11325 0 0} expected type expression, got DEDENT } {0 1000 {11325 0 0} expected ',', got DEDENT } {0 1000 {11334 0 0} expected identifier, got 'elif' } {0 1000 {11334 0 0} expected ':', got 'elif' } {0 1000 {11334 0 0} expected type expression, got 'elif' } {0 1000 {11334 0 0} expected ',', got 'elif' } {0 1000 {11341 0 0} expected ':', got '!=' } {0 1000 {11341 0 0} expected type expression, got '!=' } {0 1000 {11341 0 0} expected ',', got '!=' } {0 1000 {11341 0 0} expected identifier, got '!=' } {0 1000 {11341 0 0} expected ':', got '!=' } {0 1000 {11341 0 0} expected type expression, got '!=' } {0 1000 {11341 0 0} expected ',', got '!=' } {0 1000 {11344 0 0} expected identifier, got integer literal } {0 1000 {11344 0 0} expected ':', got integer literal } {0 1000 {11344 0 0} expected type expression, got integer literal } {0 1000 {11344 0 0} expected ',', got integer literal } {0 1000 {11346 0 0} expected identifier, got ':' } {0 1000 {11355 0 0} expected type expression, got INDENT } {0 1000 {11355 0 0} expected ',', got INDENT } {0 1000 {11355 0 0} expected identifier, got INDENT } {0 1000 {11355 0 0} expected ':', got INDENT } {0 1000 {11355 0 0} expected type expression, got INDENT } {0 1000 {11355 0 0} expected ',', got INDENT } {0 1000 {11372 0 0} expected ':', got '.' } {0 1000 {11372 0 0} expected type expression, got '.' } {0 1000 {11372 0 0} expected ',', got '.' } {0 1000 {11372 0 0} expected identifier, got '.' } {0 1000 {11372 0 0} expected ':', got '.' } {0 1000 {11372 0 0} expected type expression, got '.' } {0 1000 {11372 0 0} expected ',', got '.' } {0 1000 {11377 0 0} expected ':', got '=' } {0 1000 {11377 0 0} expected type expression, got '=' } {0 1000 {11377 0 0} expected ',', got '=' } {0 1000 {11377 0 0} expected identifier, got '=' } {0 1000 {11377 0 0} expected ':', got '=' } {0 1000 {11377 0 0} expected type expression, got '=' } {0 1000 {11377 0 0} expected ',', got '=' } {0 1000 {11383 0 0} expected ':', got '.' } {0 1000 {11383 0 0} expected type expression, got '.' } {0 1000 {11383 0 0} expected ',', got '.' } {0 1000 {11383 0 0} expected identifier, got '.' } {0 1000 {11383 0 0} expected ':', got '.' } {0 1000 {11383 0 0} expected type expression, got '.' } {0 1000 {11383 0 0} expected ',', got '.' } {0 1000 {11388 0 0} expected ':', got '+' } {0 1000 {11388 0 0} expected type expression, got '+' } {0 1000 {11388 0 0} expected ',', got '+' } {0 1000 {11388 0 0} expected identifier, got '+' } {0 1000 {11388 0 0} expected ':', got '+' } {0 1000 {11388 0 0} expected type expression, got '+' } {0 1000 {11388 0 0} expected ',', got '+' } {0 1000 {11390 0 0} expected identifier, got integer literal } {0 1000 {11390 0 0} expected ':', got integer literal } {0 1000 {11390 0 0} expected type expression, got integer literal } {0 1000 {11390 0 0} expected ',', got integer literal } {0 1000 {11391 0 0} expected identifier, got DEDENT } {0 1000 {11391 0 0} expected ':', got DEDENT } {0 1000 {11391 0 0} expected type expression, got DEDENT } {0 1000 {11391 0 0} expected ',', got DEDENT } {0 1000 {11391 0 0} expected identifier, got DEDENT } {0 1000 {11391 0 0} expected ':', got DEDENT } {0 1000 {11391 0 0} expected type expression, got DEDENT } {0 1000 {11391 0 0} expected ',', got DEDENT } {0 1000 {11397 0 0} expected identifier, got 'if' } {0 1000 {11397 0 0} expected ':', got 'if' } {0 1000 {11397 0 0} expected type expression, got 'if' } {0 1000 {11397 0 0} expected ',', got 'if' } {0 1000 {11404 0 0} expected ':', got '.' } {0 1000 {11404 0 0} expected type expression, got '.' } {0 1000 {11404 0 0} expected ',', got '.' } {0 1000 {11404 0 0} expected identifier, got '.' } {0 1000 {11404 0 0} expected ':', got '.' } {0 1000 {11404 0 0} expected type expression, got '.' } {0 1000 {11404 0 0} expected ',', got '.' } {0 1000 {11409 0 0} expected ':', got '<' } {0 1000 {11409 0 0} expected type expression, got '<' } {0 1000 {11409 0 0} expected ',', got '<' } {0 1000 {11409 0 0} expected identifier, got '<' } {0 1000 {11409 0 0} expected ':', got '<' } {0 1000 {11409 0 0} expected type expression, got '<' } {0 1000 {11409 0 0} expected ',', got '<' } {0 1000 {11415 0 0} expected ':', got '.' } {0 1000 {11415 0 0} expected type expression, got '.' } {0 1000 {11415 0 0} expected ',', got '.' } {0 1000 {11415 0 0} expected identifier, got '.' } {0 1000 {11415 0 0} expected ':', got '.' } {0 1000 {11415 0 0} expected type expression, got '.' } {0 1000 {11415 0 0} expected ',', got '.' } {0 1000 {11420 0 0} expected ':', got '&' } {0 1000 {11420 0 0} expected type expression, got '&' } {0 1000 {11420 0 0} expected ',', got '&' } {0 1000 {11420 0 0} expected identifier, got '&' } {0 1000 {11420 0 0} expected ':', got '&' } {0 1000 {11420 0 0} expected type expression, got '&' } {0 1000 {11420 0 0} expected ',', got '&' } {0 1000 {11421 0 0} expected identifier, got '&' } {0 1000 {11421 0 0} expected ':', got '&' } {0 1000 {11421 0 0} expected type expression, got '&' } {0 1000 {11421 0 0} expected ',', got '&' } {0 1000 {11427 0 0} expected ':', got '.' } {0 1000 {11427 0 0} expected type expression, got '.' } {0 1000 {11427 0 0} expected ',', got '.' } {0 1000 {11427 0 0} expected identifier, got '.' } {0 1000 {11427 0 0} expected ':', got '.' } {0 1000 {11427 0 0} expected type expression, got '.' } {0 1000 {11427 0 0} expected ',', got '.' } {0 1000 {11431 0 0} expected ':', got '[' } {0 1000 {11436 0 0} expected ']', got '.' } {0 1000 {11436 0 0} expected ',', got '.' } {0 1000 {11436 0 0} expected identifier, got '.' } {0 1000 {11436 0 0} expected ':', got '.' } {0 1000 {11436 0 0} expected type expression, got '.' } {0 1000 {11436 0 0} expected ',', got '.' } {0 1000 {11440 0 0} expected ':', got ']' } {0 1000 {11440 0 0} expected type expression, got ']' } {0 1000 {11440 0 0} expected ',', got ']' } {0 1000 {11440 0 0} expected identifier, got ']' } {0 1000 {11440 0 0} expected ':', got ']' } {0 1000 {11440 0 0} expected type expression, got ']' } {0 1000 {11440 0 0} expected ',', got ']' } {0 1000 {11442 0 0} expected identifier, got 'as' } {0 1000 {11442 0 0} expected ':', got 'as' } {0 1000 {11442 0 0} expected type expression, got 'as' } {0 1000 {11442 0 0} expected ',', got 'as' } {0 1000 {11448 0 0} expected ':', got '==' } {0 1000 {11448 0 0} expected type expression, got '==' } {0 1000 {11448 0 0} expected ',', got '==' } {0 1000 {11448 0 0} expected identifier, got '==' } {0 1000 {11448 0 0} expected ':', got '==' } {0 1000 {11448 0 0} expected type expression, got '==' } {0 1000 {11448 0 0} expected ',', got '==' } {0 1000 {11451 0 0} expected identifier, got integer literal } {0 1000 {11451 0 0} expected ':', got integer literal } {0 1000 {11451 0 0} expected type expression, got integer literal } {0 1000 {11451 0 0} expected ',', got integer literal } {0 1000 {11453 0 0} expected identifier, got ':' } {0 1000 {11454 0 0} expected type expression, got INDENT } {0 1000 {11454 0 0} expected ',', got INDENT } {0 1000 {11454 0 0} expected identifier, got INDENT } {0 1000 {11454 0 0} expected ':', got INDENT } {0 1000 {11454 0 0} expected type expression, got INDENT } {0 1000 {11454 0 0} expected ',', got INDENT } {0 1000 {11467 0 0} expected ':', got '.' } {0 1000 {11467 0 0} expected type expression, got '.' } {0 1000 {11467 0 0} expected ',', got '.' } {0 1000 {11467 0 0} expected identifier, got '.' } {0 1000 {11467 0 0} expected ':', got '.' } {0 1000 {11467 0 0} expected type expression, got '.' } {0 1000 {11467 0 0} expected ',', got '.' } {0 1000 {11472 0 0} expected ':', got '=' } {0 1000 {11472 0 0} expected type expression, got '=' } {0 1000 {11472 0 0} expected ',', got '=' } {0 1000 {11472 0 0} expected identifier, got '=' } {0 1000 {11472 0 0} expected ':', got '=' } {0 1000 {11472 0 0} expected type expression, got '=' } {0 1000 {11472 0 0} expected ',', got '=' } {0 1000 {11478 0 0} expected ':', got '.' } {0 1000 {11478 0 0} expected type expression, got '.' } {0 1000 {11478 0 0} expected ',', got '.' } {0 1000 {11478 0 0} expected identifier, got '.' } {0 1000 {11478 0 0} expected ':', got '.' } {0 1000 {11478 0 0} expected type expression, got '.' } {0 1000 {11478 0 0} expected ',', got '.' } {0 1000 {11483 0 0} expected ':', got '+' } {0 1000 {11483 0 0} expected type expression, got '+' } {0 1000 {11483 0 0} expected ',', got '+' } {0 1000 {11483 0 0} expected identifier, got '+' } {0 1000 {11483 0 0} expected ':', got '+' } {0 1000 {11483 0 0} expected type expression, got '+' } {0 1000 {11483 0 0} expected ',', got '+' } {0 1000 {11485 0 0} expected identifier, got integer literal } {0 1000 {11485 0 0} expected ':', got integer literal } {0 1000 {11485 0 0} expected type expression, got integer literal } {0 1000 {11485 0 0} expected ',', got integer literal } {0 1000 {11486 0 0} expected identifier, got DEDENT } {0 1000 {11486 0 0} expected ':', got DEDENT } {0 1000 {11486 0 0} expected type expression, got DEDENT } {0 1000 {11486 0 0} expected ',', got DEDENT } {0 1000 {11495 0 0} expected ':', got '.' } {0 1000 {11495 0 0} expected type expression, got '.' } {0 1000 {11495 0 0} expected ',', got '.' } {0 1000 {11495 0 0} expected identifier, got '.' } {0 1000 {11495 0 0} expected ':', got '.' } {0 1000 {11495 0 0} expected type expression, got '.' } {0 1000 {11495 0 0} expected ',', got '.' } {0 1000 {11500 0 0} expected ':', got '(' } {0 1000 {11500 0 0} expected type expression, got '(' } {0 1000 {11500 0 0} expected ',', got '(' } {0 1000 {11500 0 0} expected identifier, got '(' } {0 1000 {11500 0 0} expected ':', got '(' } {0 1000 {11500 0 0} expected type expression, got '(' } {0 1000 {11500 0 0} expected ',', got '(' } {0 1000 {11512 0 0} expected ':', got ',' } {0 1000 {11512 0 0} expected type expression, got ',' } {0 1000 {11519 0 0} expected ':', got ',' } {0 1000 {11519 0 0} expected type expression, got ',' } {0 1000 {11525 0 0} expected ':', got '.' } {0 1000 {11525 0 0} expected type expression, got '.' } {0 1000 {11525 0 0} expected ',', got '.' } {0 1000 {11525 0 0} expected identifier, got '.' } {0 1000 {11525 0 0} expected ':', got '.' } {0 1000 {11525 0 0} expected type expression, got '.' } {0 1000 {11525 0 0} expected ',', got '.' } {0 1000 {11530 0 0} expected ':', got '-' } {0 1000 {11530 0 0} expected type expression, got '-' } {0 1000 {11530 0 0} expected ',', got '-' } {0 1000 {11530 0 0} expected identifier, got '-' } {0 1000 {11530 0 0} expected ':', got '-' } {0 1000 {11530 0 0} expected type expression, got '-' } {0 1000 {11530 0 0} expected ',', got '-' } {0 1000 {11537 0 0} expected ':', got ')' } {0 1000 {11537 0 0} expected type expression, got ')' } {0 1000 {11537 0 0} expected ',', got ')' } {0 1000 {11537 0 0} expected identifier, got ')' } {0 1000 {11537 0 0} expected ':', got ')' } {0 1000 {11537 0 0} expected type expression, got ')' } {0 1000 {11537 0 0} expected ',', got ')' } {0 1000 {11538 0 0} expected identifier, got DEDENT } {0 1000 {11538 0 0} expected ':', got DEDENT } {0 1000 {11538 0 0} expected type expression, got DEDENT } {0 1000 {11538 0 0} expected ',', got DEDENT } {0 1000 {11540 0 0} expected identifier, got 'pub' } {0 1000 {11540 0 0} expected ':', got 'pub' } {0 1000 {11540 0 0} expected type expression, got 'pub' } {0 1000 {11540 0 0} expected ',', got 'pub' } {0 1000 {11544 0 0} expected identifier, got 'fn' } {0 1000 {11544 0 0} expected ':', got 'fn' } {0 1000 {11547 0 0} expected '(', got identifier } {0 1000 {11564 0 0} expected ',', got '(' } {0 1000 {11564 0 0} expected type expression, got '(' } {0 1000 {11564 0 0} expected ',', got '(' } {0 1000 {11565 0 0} expected type expression, got 'mut' } {0 1000 {11565 0 0} expected ',', got 'mut' } {0 1000 {11573 0 0} expected ',', got ':' } {0 1000 {11573 0 0} expected type expression, got ':' } {0 1000 {11573 0 0} expected ',', got ':' } {0 1000 {11581 0 0} expected ',', got ':' } {0 1000 {11581 0 0} expected identifier, got ':' } {0 1000 {11582 0 0} expected type expression, got INDENT } {0 1000 {11582 0 0} expected ',', got INDENT } {0 1000 {11582 0 0} expected identifier, got INDENT } {0 1000 {11582 0 0} expected ':', got INDENT } {0 1000 {11582 0 0} expected type expression, got INDENT } {0 1000 {11582 0 0} expected ',', got INDENT } {0 1000 {11591 0 0} expected ':', got '.' } {0 1000 {11591 0 0} expected type expression, got '.' } {0 1000 {11591 0 0} expected ',', got '.' } {0 1000 {11591 0 0} expected identifier, got '.' } {0 1000 {11591 0 0} expected ':', got '.' } {0 1000 {11591 0 0} expected type expression, got '.' } {0 1000 {11591 0 0} expected ',', got '.' } {0 1000 {11596 0 0} expected ':', got '=' } {0 1000 {11596 0 0} expected type expression, got '=' } {0 1000 {11596 0 0} expected ',', got '=' } {0 1000 {11596 0 0} expected identifier, got '=' } {0 1000 {11596 0 0} expected ':', got '=' } {0 1000 {11596 0 0} expected type expression, got '=' } {0 1000 {11596 0 0} expected ',', got '=' } {0 1000 {11602 0 0} expected ':', got '.' } {0 1000 {11602 0 0} expected type expression, got '.' } {0 1000 {11602 0 0} expected ',', got '.' } {0 1000 {11602 0 0} expected identifier, got '.' } {0 1000 {11602 0 0} expected ':', got '.' } {0 1000 {11602 0 0} expected type expression, got '.' } {0 1000 {11602 0 0} expected ',', got '.' } {0 1000 {11607 0 0} expected ':', got '+' } {0 1000 {11607 0 0} expected type expression, got '+' } {0 1000 {11607 0 0} expected ',', got '+' } {0 1000 {11607 0 0} expected identifier, got '+' } {0 1000 {11607 0 0} expected ':', got '+' } {0 1000 {11607 0 0} expected type expression, got '+' } {0 1000 {11607 0 0} expected ',', got '+' } {0 1000 {11609 0 0} expected identifier, got integer literal } {0 1000 {11609 0 0} expected ':', got integer literal } {0 1000 {11609 0 0} expected type expression, got integer literal } {0 1000 {11609 0 0} expected ',', got integer literal } {0 1000 {11626 0 0} expected identifier, got 'while' } {0 1000 {11626 0 0} expected ':', got 'while' } {0 1000 {11626 0 0} expected type expression, got 'while' } {0 1000 {11626 0 0} expected ',', got 'while' } {0 1000 {11636 0 0} expected ':', got '.' } {0 1000 {11636 0 0} expected type expression, got '.' } {0 1000 {11636 0 0} expected ',', got '.' } {0 1000 {11636 0 0} expected identifier, got '.' } {0 1000 {11636 0 0} expected ':', got '.' } {0 1000 {11636 0 0} expected type expression, got '.' } {0 1000 {11636 0 0} expected ',', got '.' } {0 1000 {11641 0 0} expected ':', got '<' } {0 1000 {11641 0 0} expected type expression, got '<' } {0 1000 {11641 0 0} expected ',', got '<' } {0 1000 {11641 0 0} expected identifier, got '<' } {0 1000 {11641 0 0} expected ':', got '<' } {0 1000 {11641 0 0} expected type expression, got '<' } {0 1000 {11641 0 0} expected ',', got '<' } {0 1000 {11647 0 0} expected ':', got '.' } {0 1000 {11647 0 0} expected type expression, got '.' } {0 1000 {11647 0 0} expected ',', got '.' } {0 1000 {11647 0 0} expected identifier, got '.' } {0 1000 {11647 0 0} expected ':', got '.' } {0 1000 {11647 0 0} expected type expression, got '.' } {0 1000 {11647 0 0} expected ',', got '.' } {0 1000 {11652 0 0} expected ':', got '&' } {0 1000 {11652 0 0} expected type expression, got '&' } {0 1000 {11652 0 0} expected ',', got '&' } {0 1000 {11652 0 0} expected identifier, got '&' } {0 1000 {11652 0 0} expected ':', got '&' } {0 1000 {11652 0 0} expected type expression, got '&' } {0 1000 {11652 0 0} expected ',', got '&' } {0 1000 {11653 0 0} expected identifier, got '&' } {0 1000 {11653 0 0} expected ':', got '&' } {0 1000 {11653 0 0} expected type expression, got '&' } {0 1000 {11653 0 0} expected ',', got '&' } {0 1000 {11659 0 0} expected ':', got '.' } {0 1000 {11659 0 0} expected type expression, got '.' } {0 1000 {11659 0 0} expected ',', got '.' } {0 1000 {11659 0 0} expected identifier, got '.' } {0 1000 {11659 0 0} expected ':', got '.' } {0 1000 {11659 0 0} expected type expression, got '.' } {0 1000 {11659 0 0} expected ',', got '.' } {0 1000 {11663 0 0} expected ':', got '[' } {0 1000 {11668 0 0} expected ']', got '.' } {0 1000 {11668 0 0} expected ',', got '.' } {0 1000 {11668 0 0} expected identifier, got '.' } {0 1000 {11668 0 0} expected ':', got '.' } {0 1000 {11668 0 0} expected type expression, got '.' } {0 1000 {11668 0 0} expected ',', got '.' } {0 1000 {11672 0 0} expected ':', got ']' } {0 1000 {11672 0 0} expected type expression, got ']' } {0 1000 {11672 0 0} expected ',', got ']' } {0 1000 {11672 0 0} expected identifier, got ']' } {0 1000 {11672 0 0} expected ':', got ']' } {0 1000 {11672 0 0} expected type expression, got ']' } {0 1000 {11672 0 0} expected ',', got ']' } {0 1000 {11674 0 0} expected identifier, got 'as' } {0 1000 {11674 0 0} expected ':', got 'as' } {0 1000 {11674 0 0} expected type expression, got 'as' } {0 1000 {11674 0 0} expected ',', got 'as' } {0 1000 {11680 0 0} expected ':', got '!=' } {0 1000 {11680 0 0} expected type expression, got '!=' } {0 1000 {11680 0 0} expected ',', got '!=' } {0 1000 {11680 0 0} expected identifier, got '!=' } {0 1000 {11680 0 0} expected ':', got '!=' } {0 1000 {11680 0 0} expected type expression, got '!=' } {0 1000 {11680 0 0} expected ',', got '!=' } {0 1000 {11683 0 0} expected identifier, got integer literal } {0 1000 {11683 0 0} expected ':', got integer literal } {0 1000 {11683 0 0} expected type expression, got integer literal } {0 1000 {11683 0 0} expected ',', got integer literal } {0 1000 {11685 0 0} expected identifier, got ':' } {0 1000 {11694 0 0} expected type expression, got INDENT } {0 1000 {11694 0 0} expected ',', got INDENT } {0 1000 {11694 0 0} expected identifier, got INDENT } {0 1000 {11694 0 0} expected ':', got INDENT } {0 1000 {11694 0 0} expected type expression, got INDENT } {0 1000 {11694 0 0} expected ',', got INDENT } {0 1000 {11707 0 0} expected ':', got '.' } {0 1000 {11707 0 0} expected type expression, got '.' } {0 1000 {11707 0 0} expected ',', got '.' } {0 1000 {11707 0 0} expected identifier, got '.' } {0 1000 {11707 0 0} expected ':', got '.' } {0 1000 {11707 0 0} expected type expression, got '.' } {0 1000 {11707 0 0} expected ',', got '.' } {0 1000 {11712 0 0} expected ':', got '=' } {0 1000 {11712 0 0} expected type expression, got '=' } {0 1000 {11712 0 0} expected ',', got '=' } {0 1000 {11712 0 0} expected identifier, got '=' } {0 1000 {11712 0 0} expected ':', got '=' } {0 1000 {11712 0 0} expected type expression, got '=' } {0 1000 {11712 0 0} expected ',', got '=' } {0 1000 {11718 0 0} expected ':', got '.' } {0 1000 {11718 0 0} expected type expression, got '.' } {0 1000 {11718 0 0} expected ',', got '.' } {0 1000 {11718 0 0} expected identifier, got '.' } {0 1000 {11718 0 0} expected ':', got '.' } {0 1000 {11718 0 0} expected type expression, got '.' } {0 1000 {11718 0 0} expected ',', got '.' } {0 1000 {11723 0 0} expected ':', got '+' } {0 1000 {11723 0 0} expected type expression, got '+' } {0 1000 {11723 0 0} expected ',', got '+' } {0 1000 {11723 0 0} expected identifier, got '+' } {0 1000 {11723 0 0} expected ':', got '+' } {0 1000 {11723 0 0} expected type expression, got '+' } {0 1000 {11723 0 0} expected ',', got '+' } {0 1000 {11725 0 0} expected identifier, got integer literal } {0 1000 {11725 0 0} expected ':', got integer literal } {0 1000 {11725 0 0} expected type expression, got integer literal } {0 1000 {11725 0 0} expected ',', got integer literal } {0 1000 {11726 0 0} expected identifier, got DEDENT } {0 1000 {11726 0 0} expected ':', got DEDENT } {0 1000 {11726 0 0} expected type expression, got DEDENT } {0 1000 {11726 0 0} expected ',', got DEDENT } {0 1000 {11726 0 0} expected identifier, got DEDENT } {0 1000 {11726 0 0} expected ':', got DEDENT } {0 1000 {11726 0 0} expected type expression, got DEDENT } {0 1000 {11726 0 0} expected ',', got DEDENT } {0 1000 {11728 0 0} expected identifier, got 'pub' } {0 1000 {11728 0 0} expected ':', got 'pub' } {0 1000 {11728 0 0} expected type expression, got 'pub' } {0 1000 {11728 0 0} expected ',', got 'pub' } {0 1000 {11732 0 0} expected identifier, got 'fn' } {0 1000 {11732 0 0} expected ':', got 'fn' } {0 1000 {11735 0 0} expected '(', got identifier } {0 1000 {11757 0 0} expected ',', got '(' } {0 1000 {11757 0 0} expected type expression, got '(' } {0 1000 {11757 0 0} expected ',', got '(' } {0 1000 {11758 0 0} expected type expression, got 'mut' } {0 1000 {11758 0 0} expected ',', got 'mut' } {0 1000 {11766 0 0} expected ',', got ':' } {0 1000 {11766 0 0} expected type expression, got ':' } {0 1000 {11766 0 0} expected ',', got ':' } {0 1000 {11774 0 0} expected ',', got ':' } {0 1000 {11774 0 0} expected identifier, got ':' } {0 1000 {11775 0 0} expected type expression, got INDENT } {0 1000 {11775 0 0} expected ',', got INDENT } {0 1000 {11775 0 0} expected identifier, got INDENT } {0 1000 {11775 0 0} expected ':', got INDENT } {0 1000 {11775 0 0} expected type expression, got INDENT } {0 1000 {11775 0 0} expected ',', got INDENT } {0 1000 {11780 0 0} expected identifier, got 'let' } {0 1000 {11780 0 0} expected ':', got 'let' } {0 1000 {11780 0 0} expected type expression, got 'let' } {0 1000 {11780 0 0} expected ',', got 'let' } {0 1000 {11790 0 0} expected ':', got '=' } {0 1000 {11790 0 0} expected type expression, got '=' } {0 1000 {11790 0 0} expected ',', got '=' } {0 1000 {11790 0 0} expected identifier, got '=' } {0 1000 {11790 0 0} expected ':', got '=' } {0 1000 {11790 0 0} expected type expression, got '=' } {0 1000 {11790 0 0} expected ',', got '=' } {0 1000 {11796 0 0} expected ':', got '.' } {0 1000 {11796 0 0} expected type expression, got '.' } {0 1000 {11796 0 0} expected ',', got '.' } {0 1000 {11796 0 0} expected identifier, got '.' } {0 1000 {11796 0 0} expected ':', got '.' } {0 1000 {11796 0 0} expected type expression, got '.' } {0 1000 {11796 0 0} expected ',', got '.' } {0 1000 {11805 0 0} expected ':', got 'let' } {0 1000 {11805 0 0} expected type expression, got 'let' } {0 1000 {11805 0 0} expected ',', got 'let' } {0 1000 {11805 0 0} expected identifier, got 'let' } {0 1000 {11805 0 0} expected ':', got 'let' } {0 1000 {11805 0 0} expected type expression, got 'let' } {0 1000 {11805 0 0} expected ',', got 'let' } {0 1000 {11811 0 0} expected ':', got '=' } {0 1000 {11811 0 0} expected type expression, got '=' } {0 1000 {11811 0 0} expected ',', got '=' } {0 1000 {11811 0 0} expected identifier, got '=' } {0 1000 {11811 0 0} expected ':', got '=' } {0 1000 {11811 0 0} expected type expression, got '=' } {0 1000 {11811 0 0} expected ',', got '=' } {0 1000 {11817 0 0} expected ':', got '.' } {0 1000 {11817 0 0} expected type expression, got '.' } {0 1000 {11817 0 0} expected ',', got '.' } {0 1000 {11817 0 0} expected identifier, got '.' } {0 1000 {11817 0 0} expected ':', got '.' } {0 1000 {11817 0 0} expected type expression, got '.' } {0 1000 {11817 0 0} expected ',', got '.' } {0 1000 {11821 0 0} expected ':', got '[' } {0 1000 {11826 0 0} expected ']', got '.' } {0 1000 {11826 0 0} expected ',', got '.' } {0 1000 {11826 0 0} expected identifier, got '.' } {0 1000 {11826 0 0} expected ':', got '.' } {0 1000 {11826 0 0} expected type expression, got '.' } {0 1000 {11826 0 0} expected ',', got '.' } {0 1000 {11830 0 0} expected ':', got ']' } {0 1000 {11830 0 0} expected type expression, got ']' } {0 1000 {11830 0 0} expected ',', got ']' } {0 1000 {11830 0 0} expected identifier, got ']' } {0 1000 {11830 0 0} expected ':', got ']' } {0 1000 {11830 0 0} expected type expression, got ']' } {0 1000 {11830 0 0} expected ',', got ']' } {0 1000 {11832 0 0} expected identifier, got 'as' } {0 1000 {11832 0 0} expected ':', got 'as' } {0 1000 {11832 0 0} expected type expression, got 'as' } {0 1000 {11832 0 0} expected ',', got 'as' } {0 1000 {11843 0 0} expected ':', got 'if' } {0 1000 {11843 0 0} expected type expression, got 'if' } {0 1000 {11843 0 0} expected ',', got 'if' } {0 1000 {11843 0 0} expected identifier, got 'if' } {0 1000 {11843 0 0} expected ':', got 'if' } {0 1000 {11843 0 0} expected type expression, got 'if' } {0 1000 {11843 0 0} expected ',', got 'if' } {0 1000 {11850 0 0} expected ':', got '.' } {0 1000 {11850 0 0} expected type expression, got '.' } {0 1000 {11850 0 0} expected ',', got '.' } {0 1000 {11850 0 0} expected identifier, got '.' } {0 1000 {11850 0 0} expected ':', got '.' } {0 1000 {11850 0 0} expected type expression, got '.' } {0 1000 {11850 0 0} expected ',', got '.' } {0 1000 {11855 0 0} expected ':', got '+' } {0 1000 {11855 0 0} expected type expression, got '+' } {0 1000 {11855 0 0} expected ',', got '+' } {0 1000 {11855 0 0} expected identifier, got '+' } {0 1000 {11855 0 0} expected ':', got '+' } {0 1000 {11855 0 0} expected type expression, got '+' } {0 1000 {11855 0 0} expected ',', got '+' } {0 1000 {11857 0 0} expected identifier, got integer literal } {0 1000 {11857 0 0} expected ':', got integer literal } {0 1000 {11857 0 0} expected type expression, got integer literal } {0 1000 {11857 0 0} expected ',', got integer literal } {0 1000 {11859 0 0} expected identifier, got '<' } {0 1000 {11859 0 0} expected ':', got '<' } {0 1000 {11859 0 0} expected type expression, got '<' } {0 1000 {11859 0 0} expected ',', got '<' } {0 1000 {11865 0 0} expected ':', got '.' } {0 1000 {11865 0 0} expected type expression, got '.' } {0 1000 {11865 0 0} expected ',', got '.' } {0 1000 {11865 0 0} expected identifier, got '.' } {0 1000 {11865 0 0} expected ':', got '.' } {0 1000 {11865 0 0} expected type expression, got '.' } {0 1000 {11865 0 0} expected ',', got '.' } {0 1000 {11870 0 0} expected type expression, got INDENT } {0 1000 {11870 0 0} expected ',', got INDENT } {0 1000 {11870 0 0} expected identifier, got INDENT } {0 1000 {11870 0 0} expected ':', got INDENT } {0 1000 {11870 0 0} expected type expression, got INDENT } {0 1000 {11870 0 0} expected ',', got INDENT } {0 1000 {11879 0 0} expected identifier, got 'let' } {0 1000 {11879 0 0} expected ':', got 'let' } {0 1000 {11879 0 0} expected type expression, got 'let' } {0 1000 {11879 0 0} expected ',', got 'let' } {0 1000 {11888 0 0} expected ':', got '=' } {0 1000 {11888 0 0} expected type expression, got '=' } {0 1000 {11888 0 0} expected ',', got '=' } {0 1000 {11888 0 0} expected identifier, got '=' } {0 1000 {11888 0 0} expected ':', got '=' } {0 1000 {11888 0 0} expected type expression, got '=' } {0 1000 {11888 0 0} expected ',', got '=' } {0 1000 {11894 0 0} expected ':', got '.' } {0 1000 {11894 0 0} expected type expression, got '.' } {0 1000 {11894 0 0} expected ',', got '.' } {0 1000 {11894 0 0} expected identifier, got '.' } {0 1000 {11894 0 0} expected ':', got '.' } {0 1000 {11894 0 0} expected type expression, got '.' } {0 1000 {11894 0 0} expected ',', got '.' } {0 1000 {11898 0 0} expected ':', got '[' } {0 1000 {11903 0 0} expected ']', got '.' } {0 1000 {11903 0 0} expected ',', got '.' } {0 1000 {11903 0 0} expected identifier, got '.' } {0 1000 {11903 0 0} expected ':', got '.' } {0 1000 {11903 0 0} expected type expression, got '.' } {0 1000 {11903 0 0} expected ',', got '.' } {0 1000 {11908 0 0} expected ':', got '+' } {0 1000 {11908 0 0} expected type expression, got '+' } {0 1000 {11908 0 0} expected ',', got '+' } {0 1000 {11908 0 0} expected identifier, got '+' } {0 1000 {11908 0 0} expected ':', got '+' } {0 1000 {11908 0 0} expected type expression, got '+' } {0 1000 {11908 0 0} expected ',', got '+' } {0 1000 {11910 0 0} expected identifier, got integer literal } {0 1000 {11910 0 0} expected ':', got integer literal } {0 1000 {11910 0 0} expected type expression, got integer literal } {0 1000 {11910 0 0} expected ',', got integer literal } {0 1000 {11911 0 0} expected identifier, got ']' } {0 1000 {11911 0 0} expected ':', got ']' } {0 1000 {11911 0 0} expected type expression, got ']' } {0 1000 {11911 0 0} expected ',', got ']' } {0 1000 {11913 0 0} expected identifier, got 'as' } {0 1000 {11913 0 0} expected ':', got 'as' } {0 1000 {11913 0 0} expected type expression, got 'as' } {0 1000 {11913 0 0} expected ',', got 'as' } {0 1000 {11927 0 0} expected ':', got 'if' } {0 1000 {11927 0 0} expected type expression, got 'if' } {0 1000 {11927 0 0} expected ',', got 'if' } {0 1000 {11927 0 0} expected identifier, got 'if' } {0 1000 {11927 0 0} expected ':', got 'if' } {0 1000 {11927 0 0} expected type expression, got 'if' } {0 1000 {11927 0 0} expected ',', got 'if' } {0 1000 {11932 0 0} expected ':', got '==' } {0 1000 {11932 0 0} expected type expression, got '==' } {0 1000 {11932 0 0} expected ',', got '==' } {0 1000 {11932 0 0} expected identifier, got '==' } {0 1000 {11932 0 0} expected ':', got '==' } {0 1000 {11932 0 0} expected type expression, got '==' } {0 1000 {11932 0 0} expected ',', got '==' } {0 1000 {11935 0 0} expected identifier, got integer literal } {0 1000 {11935 0 0} expected ':', got integer literal } {0 1000 {11935 0 0} expected type expression, got integer literal } {0 1000 {11935 0 0} expected ',', got integer literal } {0 1000 {11938 0 0} expected identifier, got '&' } {0 1000 {11938 0 0} expected ':', got '&' } {0 1000 {11938 0 0} expected type expression, got '&' } {0 1000 {11938 0 0} expected ',', got '&' } {0 1000 {11939 0 0} expected identifier, got '&' } {0 1000 {11939 0 0} expected ':', got '&' } {0 1000 {11939 0 0} expected type expression, got '&' } {0 1000 {11939 0 0} expected ',', got '&' } {0 1000 {11946 0 0} expected ':', got '==' } {0 1000 {11946 0 0} expected type expression, got '==' } {0 1000 {11946 0 0} expected ',', got '==' } {0 1000 {11946 0 0} expected identifier, got '==' } {0 1000 {11946 0 0} expected ':', got '==' } {0 1000 {11946 0 0} expected type expression, got '==' } {0 1000 {11946 0 0} expected ',', got '==' } {0 1000 {11949 0 0} expected identifier, got integer literal } {0 1000 {11949 0 0} expected ':', got integer literal } {0 1000 {11949 0 0} expected type expression, got integer literal } {0 1000 {11949 0 0} expected ',', got integer literal } {0 1000 {11951 0 0} expected identifier, got ':' } {0 1000 {11952 0 0} expected type expression, got INDENT } {0 1000 {11952 0 0} expected ',', got INDENT } {0 1000 {11952 0 0} expected identifier, got INDENT } {0 1000 {11952 0 0} expected ':', got INDENT } {0 1000 {11952 0 0} expected type expression, got INDENT } {0 1000 {11952 0 0} expected ',', got INDENT } {0 1000 {11969 0 0} expected ':', got '.' } {0 1000 {11969 0 0} expected type expression, got '.' } {0 1000 {11969 0 0} expected ',', got '.' } {0 1000 {11969 0 0} expected identifier, got '.' } {0 1000 {11969 0 0} expected ':', got '.' } {0 1000 {11969 0 0} expected type expression, got '.' } {0 1000 {11969 0 0} expected ',', got '.' } {0 1000 {11974 0 0} expected ':', got '=' } {0 1000 {11974 0 0} expected type expression, got '=' } {0 1000 {11974 0 0} expected ',', got '=' } {0 1000 {11974 0 0} expected identifier, got '=' } {0 1000 {11974 0 0} expected ':', got '=' } {0 1000 {11974 0 0} expected type expression, got '=' } {0 1000 {11974 0 0} expected ',', got '=' } {0 1000 {11980 0 0} expected ':', got '.' } {0 1000 {11980 0 0} expected type expression, got '.' } {0 1000 {11980 0 0} expected ',', got '.' } {0 1000 {11980 0 0} expected identifier, got '.' } {0 1000 {11980 0 0} expected ':', got '.' } {0 1000 {11980 0 0} expected type expression, got '.' } {0 1000 {11980 0 0} expected ',', got '.' } {0 1000 {11985 0 0} expected ':', got '+' } {0 1000 {11985 0 0} expected type expression, got '+' } {0 1000 {11985 0 0} expected ',', got '+' } {0 1000 {11985 0 0} expected identifier, got '+' } {0 1000 {11985 0 0} expected ':', got '+' } {0 1000 {11985 0 0} expected type expression, got '+' } {0 1000 {11985 0 0} expected ',', got '+' } {0 1000 {11987 0 0} expected identifier, got integer literal } {0 1000 {11987 0 0} expected ':', got integer literal } {0 1000 {11987 0 0} expected type expression, got integer literal } {0 1000 {11987 0 0} expected ',', got integer literal } {0 1000 {12005 0 0} expected ':', got '.' } {0 1000 {12005 0 0} expected type expression, got '.' } {0 1000 {12005 0 0} expected ',', got '.' } {0 1000 {12005 0 0} expected identifier, got '.' } {0 1000 {12005 0 0} expected ':', got '.' } {0 1000 {12005 0 0} expected type expression, got '.' } {0 1000 {12005 0 0} expected ',', got '.' } {0 1000 {12010 0 0} expected ':', got '(' } {0 1000 {12010 0 0} expected type expression, got '(' } {0 1000 {12010 0 0} expected ',', got '(' } {0 1000 {12010 0 0} expected identifier, got '(' } {0 1000 {12010 0 0} expected ':', got '(' } {0 1000 {12010 0 0} expected type expression, got '(' } {0 1000 {12010 0 0} expected ',', got '(' } {0 1000 {12019 0 0} expected ':', got ',' } {0 1000 {12019 0 0} expected type expression, got ',' } {0 1000 {12026 0 0} expected ':', got ',' } {0 1000 {12026 0 0} expected type expression, got ',' } {0 1000 {12028 0 0} expected identifier, got integer literal } {0 1000 {12028 0 0} expected ':', got integer literal } {0 1000 {12028 0 0} expected type expression, got integer literal } {0 1000 {12028 0 0} expected ',', got integer literal } {0 1000 {12029 0 0} expected identifier, got ')' } {0 1000 {12029 0 0} expected ':', got ')' } {0 1000 {12029 0 0} expected type expression, got ')' } {0 1000 {12029 0 0} expected ',', got ')' } {0 1000 {12043 0 0} expected identifier, got 'return' } {0 1000 {12043 0 0} expected ':', got 'return' } {0 1000 {12043 0 0} expected type expression, got 'return' } {0 1000 {12043 0 0} expected ',', got 'return' } {0 1000 {12049 0 0} expected identifier, got DEDENT } {0 1000 {12049 0 0} expected ':', got DEDENT } {0 1000 {12049 0 0} expected type expression, got DEDENT } {0 1000 {12049 0 0} expected ',', got DEDENT } {0 1000 {12058 0 0} expected identifier, got 'if' } {0 1000 {12058 0 0} expected ':', got 'if' } {0 1000 {12058 0 0} expected type expression, got 'if' } {0 1000 {12058 0 0} expected ',', got 'if' } {0 1000 {12063 0 0} expected ':', got '==' } {0 1000 {12063 0 0} expected type expression, got '==' } {0 1000 {12063 0 0} expected ',', got '==' } {0 1000 {12063 0 0} expected identifier, got '==' } {0 1000 {12063 0 0} expected ':', got '==' } {0 1000 {12063 0 0} expected type expression, got '==' } {0 1000 {12063 0 0} expected ',', got '==' } {0 1000 {12066 0 0} expected identifier, got integer literal } {0 1000 {12066 0 0} expected ':', got integer literal } {0 1000 {12066 0 0} expected type expression, got integer literal } {0 1000 {12066 0 0} expected ',', got integer literal } {0 1000 {12069 0 0} expected identifier, got '&' } {0 1000 {12069 0 0} expected ':', got '&' } {0 1000 {12069 0 0} expected type expression, got '&' } {0 1000 {12069 0 0} expected ',', got '&' } {0 1000 {12070 0 0} expected identifier, got '&' } {0 1000 {12070 0 0} expected ':', got '&' } {0 1000 {12070 0 0} expected type expression, got '&' } {0 1000 {12070 0 0} expected ',', got '&' } {0 1000 {12077 0 0} expected ':', got '==' } {0 1000 {12077 0 0} expected type expression, got '==' } {0 1000 {12077 0 0} expected ',', got '==' } {0 1000 {12077 0 0} expected identifier, got '==' } {0 1000 {12077 0 0} expected ':', got '==' } {0 1000 {12077 0 0} expected type expression, got '==' } {0 1000 {12077 0 0} expected ',', got '==' } {0 1000 {12080 0 0} expected identifier, got integer literal } {0 1000 {12080 0 0} expected ':', got integer literal } {0 1000 {12080 0 0} expected type expression, got integer literal } {0 1000 {12080 0 0} expected ',', got integer literal } {0 1000 {12082 0 0} expected identifier, got ':' } {0 1000 {12083 0 0} expected type expression, got INDENT } {0 1000 {12083 0 0} expected ',', got INDENT } {0 1000 {12083 0 0} expected identifier, got INDENT } {0 1000 {12083 0 0} expected ':', got INDENT } {0 1000 {12083 0 0} expected type expression, got INDENT } {0 1000 {12083 0 0} expected ',', got INDENT } {0 1000 {12100 0 0} expected ':', got '.' } {0 1000 {12100 0 0} expected type expression, got '.' } {0 1000 {12100 0 0} expected ',', got '.' } {0 1000 {12100 0 0} expected identifier, got '.' } {0 1000 {12100 0 0} expected ':', got '.' } {0 1000 {12100 0 0} expected type expression, got '.' } {0 1000 {12100 0 0} expected ',', got '.' } {0 1000 {12105 0 0} expected ':', got '=' } {0 1000 {12105 0 0} expected type expression, got '=' } {0 1000 {12105 0 0} expected ',', got '=' } {0 1000 {12105 0 0} expected identifier, got '=' } {0 1000 {12105 0 0} expected ':', got '=' } {0 1000 {12105 0 0} expected type expression, got '=' } {0 1000 {12105 0 0} expected ',', got '=' } {0 1000 {12111 0 0} expected ':', got '.' } {0 1000 {12111 0 0} expected type expression, got '.' } {0 1000 {12111 0 0} expected ',', got '.' } {0 1000 {12111 0 0} expected identifier, got '.' } {0 1000 {12111 0 0} expected ':', got '.' } {0 1000 {12111 0 0} expected type expression, got '.' } {0 1000 {12111 0 0} expected ',', got '.' } {0 1000 {12116 0 0} expected ':', got '+' } {0 1000 {12116 0 0} expected type expression, got '+' } {0 1000 {12116 0 0} expected ',', got '+' } {0 1000 {12116 0 0} expected identifier, got '+' } {0 1000 {12116 0 0} expected ':', got '+' } {0 1000 {12116 0 0} expected type expression, got '+' } {0 1000 {12116 0 0} expected ',', got '+' } {0 1000 {12118 0 0} expected identifier, got integer literal } {0 1000 {12118 0 0} expected ':', got integer literal } {0 1000 {12118 0 0} expected type expression, got integer literal } {0 1000 {12118 0 0} expected ',', got integer literal } {0 1000 {12136 0 0} expected ':', got '.' } {0 1000 {12136 0 0} expected type expression, got '.' } {0 1000 {12136 0 0} expected ',', got '.' } {0 1000 {12136 0 0} expected identifier, got '.' } {0 1000 {12136 0 0} expected ':', got '.' } {0 1000 {12136 0 0} expected type expression, got '.' } {0 1000 {12136 0 0} expected ',', got '.' } {0 1000 {12141 0 0} expected ':', got '(' } {0 1000 {12141 0 0} expected type expression, got '(' } {0 1000 {12141 0 0} expected ',', got '(' } {0 1000 {12141 0 0} expected identifier, got '(' } {0 1000 {12141 0 0} expected ':', got '(' } {0 1000 {12141 0 0} expected type expression, got '(' } {0 1000 {12141 0 0} expected ',', got '(' } {0 1000 {12152 0 0} expected ':', got ',' } {0 1000 {12152 0 0} expected type expression, got ',' } {0 1000 {12159 0 0} expected ':', got ',' } {0 1000 {12159 0 0} expected type expression, got ',' } {0 1000 {12161 0 0} expected identifier, got integer literal } {0 1000 {12161 0 0} expected ':', got integer literal } {0 1000 {12161 0 0} expected type expression, got integer literal } {0 1000 {12161 0 0} expected ',', got integer literal } {0 1000 {12162 0 0} expected identifier, got ')' } {0 1000 {12162 0 0} expected ':', got ')' } {0 1000 {12162 0 0} expected type expression, got ')' } {0 1000 {12162 0 0} expected ',', got ')' } {0 1000 {12176 0 0} expected identifier, got 'return' } {0 1000 {12176 0 0} expected ':', got 'return' } {0 1000 {12176 0 0} expected type expression, got 'return' } {0 1000 {12176 0 0} expected ',', got 'return' } {0 1000 {12182 0 0} expected identifier, got DEDENT } {0 1000 {12182 0 0} expected ':', got DEDENT } {0 1000 {12182 0 0} expected type expression, got DEDENT } {0 1000 {12182 0 0} expected ',', got DEDENT } {0 1000 {12191 0 0} expected identifier, got 'if' } {0 1000 {12191 0 0} expected ':', got 'if' } {0 1000 {12191 0 0} expected type expression, got 'if' } {0 1000 {12191 0 0} expected ',', got 'if' } {0 1000 {12196 0 0} expected ':', got '==' } {0 1000 {12196 0 0} expected type expression, got '==' } {0 1000 {12196 0 0} expected ',', got '==' } {0 1000 {12196 0 0} expected identifier, got '==' } {0 1000 {12196 0 0} expected ':', got '==' } {0 1000 {12196 0 0} expected type expression, got '==' } {0 1000 {12196 0 0} expected ',', got '==' } {0 1000 {12199 0 0} expected identifier, got integer literal } {0 1000 {12199 0 0} expected ':', got integer literal } {0 1000 {12199 0 0} expected type expression, got integer literal } {0 1000 {12199 0 0} expected ',', got integer literal } {0 1000 {12202 0 0} expected identifier, got '&' } {0 1000 {12202 0 0} expected ':', got '&' } {0 1000 {12202 0 0} expected type expression, got '&' } {0 1000 {12202 0 0} expected ',', got '&' } {0 1000 {12203 0 0} expected identifier, got '&' } {0 1000 {12203 0 0} expected ':', got '&' } {0 1000 {12203 0 0} expected type expression, got '&' } {0 1000 {12203 0 0} expected ',', got '&' } {0 1000 {12210 0 0} expected ':', got '==' } {0 1000 {12210 0 0} expected type expression, got '==' } {0 1000 {12210 0 0} expected ',', got '==' } {0 1000 {12210 0 0} expected identifier, got '==' } {0 1000 {12210 0 0} expected ':', got '==' } {0 1000 {12210 0 0} expected type expression, got '==' } {0 1000 {12210 0 0} expected ',', got '==' } {0 1000 {12213 0 0} expected identifier, got integer literal } {0 1000 {12213 0 0} expected ':', got integer literal } {0 1000 {12213 0 0} expected type expression, got integer literal } {0 1000 {12213 0 0} expected ',', got integer literal } {0 1000 {12215 0 0} expected identifier, got ':' } {0 1000 {12216 0 0} expected type expression, got INDENT } {0 1000 {12216 0 0} expected ',', got INDENT } {0 1000 {12216 0 0} expected identifier, got INDENT } {0 1000 {12216 0 0} expected ':', got INDENT } {0 1000 {12216 0 0} expected type expression, got INDENT } {0 1000 {12216 0 0} expected ',', got INDENT } {0 1000 {12233 0 0} expected ':', got '.' } {0 1000 {12233 0 0} expected type expression, got '.' } {0 1000 {12233 0 0} expected ',', got '.' } {0 1000 {12233 0 0} expected identifier, got '.' } {0 1000 {12233 0 0} expected ':', got '.' } {0 1000 {12233 0 0} expected type expression, got '.' } {0 1000 {12233 0 0} expected ',', got '.' } {0 1000 {12238 0 0} expected ':', got '=' } {0 1000 {12238 0 0} expected type expression, got '=' } {0 1000 {12238 0 0} expected ',', got '=' } {0 1000 {12238 0 0} expected identifier, got '=' } {0 1000 {12238 0 0} expected ':', got '=' } {0 1000 {12238 0 0} expected type expression, got '=' } {0 1000 {12238 0 0} expected ',', got '=' } {0 1000 {12244 0 0} expected ':', got '.' } {0 1000 {12244 0 0} expected type expression, got '.' } {0 1000 {12244 0 0} expected ',', got '.' } {0 1000 {12244 0 0} expected identifier, got '.' } {0 1000 {12244 0 0} expected ':', got '.' } {0 1000 {12244 0 0} expected type expression, got '.' } {0 1000 {12244 0 0} expected ',', got '.' } {0 1000 {12249 0 0} expected ':', got '+' } {0 1000 {12249 0 0} expected type expression, got '+' } {0 1000 {12249 0 0} expected ',', got '+' } {0 1000 {12249 0 0} expected identifier, got '+' } {0 1000 {12249 0 0} expected ':', got '+' } {0 1000 {12249 0 0} expected type expression, got '+' } {0 1000 {12249 0 0} expected ',', got '+' } {0 1000 {12251 0 0} expected identifier, got integer literal } {0 1000 {12251 0 0} expected ':', got integer literal } {0 1000 {12251 0 0} expected type expression, got integer literal } {0 1000 {12251 0 0} expected ',', got integer literal } {0 1000 {12269 0 0} expected ':', got '.' } {0 1000 {12269 0 0} expected type expression, got '.' } {0 1000 {12269 0 0} expected ',', got '.' } {0 1000 {12269 0 0} expected identifier, got '.' } {0 1000 {12269 0 0} expected ':', got '.' } {0 1000 {12269 0 0} expected type expression, got '.' } {0 1000 {12269 0 0} expected ',', got '.' } {0 1000 {12274 0 0} expected ':', got '(' } {0 1000 {12274 0 0} expected type expression, got '(' } {0 1000 {12274 0 0} expected ',', got '(' } {0 1000 {12274 0 0} expected identifier, got '(' } {0 1000 {12274 0 0} expected ':', got '(' } {0 1000 {12274 0 0} expected type expression, got '(' } {0 1000 {12274 0 0} expected ',', got '(' } {0 1000 {12283 0 0} expected ':', got ',' } {0 1000 {12283 0 0} expected type expression, got ',' } {0 1000 {12290 0 0} expected ':', got ',' } {0 1000 {12290 0 0} expected type expression, got ',' } {0 1000 {12292 0 0} expected identifier, got integer literal } {0 1000 {12292 0 0} expected ':', got integer literal } {0 1000 {12292 0 0} expected type expression, got integer literal } {0 1000 {12292 0 0} expected ',', got integer literal } {0 1000 {12293 0 0} expected identifier, got ')' } {0 1000 {12293 0 0} expected ':', got ')' } {0 1000 {12293 0 0} expected type expression, got ')' } {0 1000 {12293 0 0} expected ',', got ')' } {0 1000 {12307 0 0} expected identifier, got 'return' } {0 1000 {12307 0 0} expected ':', got 'return' } {0 1000 {12307 0 0} expected type expression, got 'return' } {0 1000 {12307 0 0} expected ',', got 'return' } {0 1000 {12313 0 0} expected identifier, got DEDENT } {0 1000 {12313 0 0} expected ':', got DEDENT } {0 1000 {12313 0 0} expected type expression, got DEDENT } {0 1000 {12313 0 0} expected ',', got DEDENT } {0 1000 {12322 0 0} expected identifier, got 'if' } {0 1000 {12322 0 0} expected ':', got 'if' } {0 1000 {12322 0 0} expected type expression, got 'if' } {0 1000 {12322 0 0} expected ',', got 'if' } {0 1000 {12327 0 0} expected ':', got '==' } {0 1000 {12327 0 0} expected type expression, got '==' } {0 1000 {12327 0 0} expected ',', got '==' } {0 1000 {12327 0 0} expected identifier, got '==' } {0 1000 {12327 0 0} expected ':', got '==' } {0 1000 {12327 0 0} expected type expression, got '==' } {0 1000 {12327 0 0} expected ',', got '==' } {0 1000 {12330 0 0} expected identifier, got integer literal } {0 1000 {12330 0 0} expected ':', got integer literal } {0 1000 {12330 0 0} expected type expression, got integer literal } {0 1000 {12330 0 0} expected ',', got integer literal } {0 1000 {12333 0 0} expected identifier, got '&' } {0 1000 {12333 0 0} expected ':', got '&' } {0 1000 {12333 0 0} expected type expression, got '&' } {0 1000 {12333 0 0} expected ',', got '&' } {0 1000 {12334 0 0} expected identifier, got '&' } {0 1000 {12334 0 0} expected ':', got '&' } {0 1000 {12334 0 0} expected type expression, got '&' } {0 1000 {12334 0 0} expected ',', got '&' } {0 1000 {12341 0 0} expected ':', got '==' } {0 1000 {12341 0 0} expected type expression, got '==' } {0 1000 {12341 0 0} expected ',', got '==' } {0 1000 {12341 0 0} expected identifier, got '==' } {0 1000 {12341 0 0} expected ':', got '==' } {0 1000 {12341 0 0} expected type expression, got '==' } {0 1000 {12341 0 0} expected ',', got '==' } {0 1000 {12344 0 0} expected identifier, got integer literal } {0 1000 {12344 0 0} expected ':', got integer literal } {0 1000 {12344 0 0} expected type expression, got integer literal } {0 1000 {12344 0 0} expected ',', got integer literal } {0 1000 {12346 0 0} expected identifier, got ':' } {0 1000 {12347 0 0} expected type expression, got INDENT } {0 1000 {12347 0 0} expected ',', got INDENT } {0 1000 {12347 0 0} expected identifier, got INDENT } {0 1000 {12347 0 0} expected ':', got INDENT } {0 1000 {12347 0 0} expected type expression, got INDENT } {0 1000 {12347 0 0} expected ',', got INDENT } {0 1000 {12364 0 0} expected ':', got '.' } {0 1000 {12364 0 0} expected type expression, got '.' } {0 1000 {12364 0 0} expected ',', got '.' } {0 1000 {12364 0 0} expected identifier, got '.' } {0 1000 {12364 0 0} expected ':', got '.' } {0 1000 {12364 0 0} expected type expression, got '.' } {0 1000 {12364 0 0} expected ',', got '.' } {0 1000 {12369 0 0} expected ':', got '=' } {0 1000 {12369 0 0} expected type expression, got '=' } {0 1000 {12369 0 0} expected ',', got '=' } {0 1000 {12369 0 0} expected identifier, got '=' } {0 1000 {12369 0 0} expected ':', got '=' } {0 1000 {12369 0 0} expected type expression, got '=' } {0 1000 {12369 0 0} expected ',', got '=' } {0 1000 {12375 0 0} expected ':', got '.' } {0 1000 {12375 0 0} expected type expression, got '.' } {0 1000 {12375 0 0} expected ',', got '.' } {0 1000 {12375 0 0} expected identifier, got '.' } {0 1000 {12375 0 0} expected ':', got '.' } {0 1000 {12375 0 0} expected type expression, got '.' } {0 1000 {12375 0 0} expected ',', got '.' } {0 1000 {12380 0 0} expected ':', got '+' } {0 1000 {12380 0 0} expected type expression, got '+' } {0 1000 {12380 0 0} expected ',', got '+' } {0 1000 {12380 0 0} expected identifier, got '+' } {0 1000 {12380 0 0} expected ':', got '+' } {0 1000 {12380 0 0} expected type expression, got '+' } {0 1000 {12380 0 0} expected ',', got '+' } {0 1000 {12382 0 0} expected identifier, got integer literal } {0 1000 {12382 0 0} expected ':', got integer literal } {0 1000 {12382 0 0} expected type expression, got integer literal } {0 1000 {12382 0 0} expected ',', got integer literal } {0 1000 {12400 0 0} expected ':', got '.' } {0 1000 {12400 0 0} expected type expression, got '.' } {0 1000 {12400 0 0} expected ',', got '.' } {0 1000 {12400 0 0} expected identifier, got '.' } {0 1000 {12400 0 0} expected ':', got '.' } {0 1000 {12400 0 0} expected type expression, got '.' } {0 1000 {12400 0 0} expected ',', got '.' } {0 1000 {12405 0 0} expected ':', got '(' } {0 1000 {12405 0 0} expected type expression, got '(' } {0 1000 {12405 0 0} expected ',', got '(' } {0 1000 {12405 0 0} expected identifier, got '(' } {0 1000 {12405 0 0} expected ':', got '(' } {0 1000 {12405 0 0} expected type expression, got '(' } {0 1000 {12405 0 0} expected ',', got '(' } {0 1000 {12414 0 0} expected ':', got ',' } {0 1000 {12414 0 0} expected type expression, got ',' } {0 1000 {12421 0 0} expected ':', got ',' } {0 1000 {12421 0 0} expected type expression, got ',' } {0 1000 {12423 0 0} expected identifier, got integer literal } {0 1000 {12423 0 0} expected ':', got integer literal } {0 1000 {12423 0 0} expected type expression, got integer literal } {0 1000 {12423 0 0} expected ',', got integer literal } {0 1000 {12424 0 0} expected identifier, got ')' } {0 1000 {12424 0 0} expected ':', got ')' } {0 1000 {12424 0 0} expected type expression, got ')' } {0 1000 {12424 0 0} expected ',', got ')' } {0 1000 {12438 0 0} expected identifier, got 'return' } {0 1000 {12438 0 0} expected ':', got 'return' } {0 1000 {12438 0 0} expected type expression, got 'return' } {0 1000 {12438 0 0} expected ',', got 'return' } {0 1000 {12444 0 0} expected identifier, got DEDENT } {0 1000 {12444 0 0} expected ':', got DEDENT } {0 1000 {12444 0 0} expected type expression, got DEDENT } {0 1000 {12444 0 0} expected ',', got DEDENT } {0 1000 {12453 0 0} expected identifier, got 'if' } {0 1000 {12453 0 0} expected ':', got 'if' } {0 1000 {12453 0 0} expected type expression, got 'if' } {0 1000 {12453 0 0} expected ',', got 'if' } {0 1000 {12458 0 0} expected ':', got '==' } {0 1000 {12458 0 0} expected type expression, got '==' } {0 1000 {12458 0 0} expected ',', got '==' } {0 1000 {12458 0 0} expected identifier, got '==' } {0 1000 {12458 0 0} expected ':', got '==' } {0 1000 {12458 0 0} expected type expression, got '==' } {0 1000 {12458 0 0} expected ',', got '==' } {0 1000 {12461 0 0} expected identifier, got integer literal } {0 1000 {12461 0 0} expected ':', got integer literal } {0 1000 {12461 0 0} expected type expression, got integer literal } {0 1000 {12461 0 0} expected ',', got integer literal } {0 1000 {12464 0 0} expected identifier, got '&' } {0 1000 {12464 0 0} expected ':', got '&' } {0 1000 {12464 0 0} expected type expression, got '&' } {0 1000 {12464 0 0} expected ',', got '&' } {0 1000 {12465 0 0} expected identifier, got '&' } {0 1000 {12465 0 0} expected ':', got '&' } {0 1000 {12465 0 0} expected type expression, got '&' } {0 1000 {12465 0 0} expected ',', got '&' } {0 1000 {12472 0 0} expected ':', got '==' } {0 1000 {12472 0 0} expected type expression, got '==' } {0 1000 {12472 0 0} expected ',', got '==' } {0 1000 {12472 0 0} expected identifier, got '==' } {0 1000 {12472 0 0} expected ':', got '==' } {0 1000 {12472 0 0} expected type expression, got '==' } {0 1000 {12472 0 0} expected ',', got '==' } {0 1000 {12475 0 0} expected identifier, got integer literal } {0 1000 {12475 0 0} expected ':', got integer literal } {0 1000 {12475 0 0} expected type expression, got integer literal } {0 1000 {12475 0 0} expected ',', got integer literal } {0 1000 {12477 0 0} expected identifier, got ':' } {0 1000 {12478 0 0} expected type expression, got INDENT } {0 1000 {12478 0 0} expected ',', got INDENT } {0 1000 {12478 0 0} expected identifier, got INDENT } {0 1000 {12478 0 0} expected ':', got INDENT } {0 1000 {12478 0 0} expected type expression, got INDENT } {0 1000 {12478 0 0} expected ',', got INDENT } {0 1000 {12495 0 0} expected ':', got '.' } {0 1000 {12495 0 0} expected type expression, got '.' } {0 1000 {12495 0 0} expected ',', got '.' } {0 1000 {12495 0 0} expected identifier, got '.' } {0 1000 {12495 0 0} expected ':', got '.' } {0 1000 {12495 0 0} expected type expression, got '.' } {0 1000 {12495 0 0} expected ',', got '.' } {0 1000 {12500 0 0} expected ':', got '=' } {0 1000 {12500 0 0} expected type expression, got '=' } {0 1000 {12500 0 0} expected ',', got '=' } {0 1000 {12500 0 0} expected identifier, got '=' } {0 1000 {12500 0 0} expected ':', got '=' } {0 1000 {12500 0 0} expected type expression, got '=' } {0 1000 {12500 0 0} expected ',', got '=' } {0 1000 {12506 0 0} expected ':', got '.' } {0 1000 {12506 0 0} expected type expression, got '.' } {0 1000 {12506 0 0} expected ',', got '.' } {0 1000 {12506 0 0} expected identifier, got '.' } {0 1000 {12506 0 0} expected ':', got '.' } {0 1000 {12506 0 0} expected type expression, got '.' } {0 1000 {12506 0 0} expected ',', got '.' } {0 1000 {12511 0 0} expected ':', got '+' } {0 1000 {12511 0 0} expected type expression, got '+' } {0 1000 {12511 0 0} expected ',', got '+' } {0 1000 {12511 0 0} expected identifier, got '+' } {0 1000 {12511 0 0} expected ':', got '+' } {0 1000 {12511 0 0} expected type expression, got '+' } {0 1000 {12511 0 0} expected ',', got '+' } {0 1000 {12513 0 0} expected identifier, got integer literal } {0 1000 {12513 0 0} expected ':', got integer literal } {0 1000 {12513 0 0} expected type expression, got integer literal } {0 1000 {12513 0 0} expected ',', got integer literal } {0 1000 {12531 0 0} expected ':', got '.' } {0 1000 {12531 0 0} expected type expression, got '.' } {0 1000 {12531 0 0} expected ',', got '.' } {0 1000 {12531 0 0} expected identifier, got '.' } {0 1000 {12531 0 0} expected ':', got '.' } {0 1000 {12531 0 0} expected type expression, got '.' } {0 1000 {12531 0 0} expected ',', got '.' } {0 1000 {12536 0 0} expected ':', got '(' } {0 1000 {12536 0 0} expected type expression, got '(' } {0 1000 {12536 0 0} expected ',', got '(' } {0 1000 {12536 0 0} expected identifier, got '(' } {0 1000 {12536 0 0} expected ':', got '(' } {0 1000 {12536 0 0} expected type expression, got '(' } {0 1000 {12536 0 0} expected ',', got '(' } {0 1000 {12549 0 0} expected ':', got ',' } {0 1000 {12549 0 0} expected type expression, got ',' } {0 1000 {12556 0 0} expected ':', got ',' } {0 1000 {12556 0 0} expected type expression, got ',' } {0 1000 {12558 0 0} expected identifier, got integer literal } {0 1000 {12558 0 0} expected ':', got integer literal } {0 1000 {12558 0 0} expected type expression, got integer literal } {0 1000 {12558 0 0} expected ',', got integer literal } {0 1000 {12559 0 0} expected identifier, got ')' } {0 1000 {12559 0 0} expected ':', got ')' } {0 1000 {12559 0 0} expected type expression, got ')' } {0 1000 {12559 0 0} expected ',', got ')' } {0 1000 {12573 0 0} expected identifier, got 'return' } {0 1000 {12573 0 0} expected ':', got 'return' } {0 1000 {12573 0 0} expected type expression, got 'return' } {0 1000 {12573 0 0} expected ',', got 'return' } {0 1000 {12579 0 0} expected identifier, got DEDENT } {0 1000 {12579 0 0} expected ':', got DEDENT } {0 1000 {12579 0 0} expected type expression, got DEDENT } {0 1000 {12579 0 0} expected ',', got DEDENT } {0 1000 {12588 0 0} expected identifier, got 'if' } {0 1000 {12588 0 0} expected ':', got 'if' } {0 1000 {12588 0 0} expected type expression, got 'if' } {0 1000 {12588 0 0} expected ',', got 'if' } {0 1000 {12593 0 0} expected ':', got '==' } {0 1000 {12593 0 0} expected type expression, got '==' } {0 1000 {12593 0 0} expected ',', got '==' } {0 1000 {12593 0 0} expected identifier, got '==' } {0 1000 {12593 0 0} expected ':', got '==' } {0 1000 {12593 0 0} expected type expression, got '==' } {0 1000 {12593 0 0} expected ',', got '==' } {0 1000 {12596 0 0} expected identifier, got integer literal } {0 1000 {12596 0 0} expected ':', got integer literal } {0 1000 {12596 0 0} expected type expression, got integer literal } {0 1000 {12596 0 0} expected ',', got integer literal } {0 1000 {12599 0 0} expected identifier, got '&' } {0 1000 {12599 0 0} expected ':', got '&' } {0 1000 {12599 0 0} expected type expression, got '&' } {0 1000 {12599 0 0} expected ',', got '&' } {0 1000 {12600 0 0} expected identifier, got '&' } {0 1000 {12600 0 0} expected ':', got '&' } {0 1000 {12600 0 0} expected type expression, got '&' } {0 1000 {12600 0 0} expected ',', got '&' } {0 1000 {12607 0 0} expected ':', got '==' } {0 1000 {12607 0 0} expected type expression, got '==' } {0 1000 {12607 0 0} expected ',', got '==' } {0 1000 {12607 0 0} expected identifier, got '==' } {0 1000 {12607 0 0} expected ':', got '==' } {0 1000 {12607 0 0} expected type expression, got '==' } {0 1000 {12607 0 0} expected ',', got '==' } {0 1000 {12610 0 0} expected identifier, got integer literal } {0 1000 {12610 0 0} expected ':', got integer literal } {0 1000 {12610 0 0} expected type expression, got integer literal } {0 1000 {12610 0 0} expected ',', got integer literal } {0 1000 {12612 0 0} expected identifier, got ':' } {0 1000 {12613 0 0} expected type expression, got INDENT } {0 1000 {12613 0 0} expected ',', got INDENT } {0 1000 {12613 0 0} expected identifier, got INDENT } {0 1000 {12613 0 0} expected ':', got INDENT } {0 1000 {12613 0 0} expected type expression, got INDENT } {0 1000 {12613 0 0} expected ',', got INDENT } {0 1000 {12630 0 0} expected ':', got '.' } {0 1000 {12630 0 0} expected type expression, got '.' } {0 1000 {12630 0 0} expected ',', got '.' } {0 1000 {12630 0 0} expected identifier, got '.' } {0 1000 {12630 0 0} expected ':', got '.' } {0 1000 {12630 0 0} expected type expression, got '.' } {0 1000 {12630 0 0} expected ',', got '.' } {0 1000 {12635 0 0} expected ':', got '=' } {0 1000 {12635 0 0} expected type expression, got '=' } {0 1000 {12635 0 0} expected ',', got '=' } {0 1000 {12635 0 0} expected identifier, got '=' } {0 1000 {12635 0 0} expected ':', got '=' } {0 1000 {12635 0 0} expected type expression, got '=' } {0 1000 {12635 0 0} expected ',', got '=' } {0 1000 {12641 0 0} expected ':', got '.' } {0 1000 {12641 0 0} expected type expression, got '.' } {0 1000 {12641 0 0} expected ',', got '.' } {0 1000 {12641 0 0} expected identifier, got '.' } {0 1000 {12641 0 0} expected ':', got '.' } {0 1000 {12641 0 0} expected type expression, got '.' } {0 1000 {12641 0 0} expected ',', got '.' } {0 1000 {12646 0 0} expected ':', got '+' } {0 1000 {12646 0 0} expected type expression, got '+' } {0 1000 {12646 0 0} expected ',', got '+' } {0 1000 {12646 0 0} expected identifier, got '+' } {0 1000 {12646 0 0} expected ':', got '+' } {0 1000 {12646 0 0} expected type expression, got '+' } {0 1000 {12646 0 0} expected ',', got '+' } {0 1000 {12648 0 0} expected identifier, got integer literal } {0 1000 {12648 0 0} expected ':', got integer literal } {0 1000 {12648 0 0} expected type expression, got integer literal } {0 1000 {12648 0 0} expected ',', got integer literal } {0 1000 {12666 0 0} expected ':', got '.' } {0 1000 {12666 0 0} expected type expression, got '.' } {0 1000 {12666 0 0} expected ',', got '.' } {0 1000 {12666 0 0} expected identifier, got '.' } {0 1000 {12666 0 0} expected ':', got '.' } {0 1000 {12666 0 0} expected type expression, got '.' } {0 1000 {12666 0 0} expected ',', got '.' } {0 1000 {12671 0 0} expected ':', got '(' } {0 1000 {12671 0 0} expected type expression, got '(' } {0 1000 {12671 0 0} expected ',', got '(' } {0 1000 {12671 0 0} expected identifier, got '(' } {0 1000 {12671 0 0} expected ':', got '(' } {0 1000 {12671 0 0} expected type expression, got '(' } {0 1000 {12671 0 0} expected ',', got '(' } {0 1000 {12680 0 0} expected ':', got ',' } {0 1000 {12680 0 0} expected type expression, got ',' } {0 1000 {12687 0 0} expected ':', got ',' } {0 1000 {12687 0 0} expected type expression, got ',' } {0 1000 {12689 0 0} expected identifier, got integer literal } {0 1000 {12689 0 0} expected ':', got integer literal } {0 1000 {12689 0 0} expected type expression, got integer literal } {0 1000 {12689 0 0} expected ',', got integer literal } {0 1000 {12690 0 0} expected identifier, got ')' } {0 1000 {12690 0 0} expected ':', got ')' } {0 1000 {12690 0 0} expected type expression, got ')' } {0 1000 {12690 0 0} expected ',', got ')' } {0 1000 {12704 0 0} expected identifier, got 'return' } {0 1000 {12704 0 0} expected ':', got 'return' } {0 1000 {12704 0 0} expected type expression, got 'return' } {0 1000 {12704 0 0} expected ',', got 'return' } {0 1000 {12710 0 0} expected identifier, got DEDENT } {0 1000 {12710 0 0} expected ':', got DEDENT } {0 1000 {12710 0 0} expected type expression, got DEDENT } {0 1000 {12710 0 0} expected ',', got DEDENT } {0 1000 {12719 0 0} expected identifier, got 'if' } {0 1000 {12719 0 0} expected ':', got 'if' } {0 1000 {12719 0 0} expected type expression, got 'if' } {0 1000 {12719 0 0} expected ',', got 'if' } {0 1000 {12724 0 0} expected ':', got '==' } {0 1000 {12724 0 0} expected type expression, got '==' } {0 1000 {12724 0 0} expected ',', got '==' } {0 1000 {12724 0 0} expected identifier, got '==' } {0 1000 {12724 0 0} expected ':', got '==' } {0 1000 {12724 0 0} expected type expression, got '==' } {0 1000 {12724 0 0} expected ',', got '==' } {0 1000 {12727 0 0} expected identifier, got integer literal } {0 1000 {12727 0 0} expected ':', got integer literal } {0 1000 {12727 0 0} expected type expression, got integer literal } {0 1000 {12727 0 0} expected ',', got integer literal } {0 1000 {12730 0 0} expected identifier, got '&' } {0 1000 {12730 0 0} expected ':', got '&' } {0 1000 {12730 0 0} expected type expression, got '&' } {0 1000 {12730 0 0} expected ',', got '&' } {0 1000 {12731 0 0} expected identifier, got '&' } {0 1000 {12731 0 0} expected ':', got '&' } {0 1000 {12731 0 0} expected type expression, got '&' } {0 1000 {12731 0 0} expected ',', got '&' } {0 1000 {12738 0 0} expected ':', got '==' } {0 1000 {12738 0 0} expected type expression, got '==' } {0 1000 {12738 0 0} expected ',', got '==' } {0 1000 {12738 0 0} expected identifier, got '==' } {0 1000 {12738 0 0} expected ':', got '==' } {0 1000 {12738 0 0} expected type expression, got '==' } {0 1000 {12738 0 0} expected ',', got '==' } {0 1000 {12741 0 0} expected identifier, got integer literal } {0 1000 {12741 0 0} expected ':', got integer literal } {0 1000 {12741 0 0} expected type expression, got integer literal } {0 1000 {12741 0 0} expected ',', got integer literal } {0 1000 {12743 0 0} expected identifier, got ':' } {0 1000 {12744 0 0} expected type expression, got INDENT } {0 1000 {12744 0 0} expected ',', got INDENT } {0 1000 {12744 0 0} expected identifier, got INDENT } {0 1000 {12744 0 0} expected ':', got INDENT } {0 1000 {12744 0 0} expected type expression, got INDENT } {0 1000 {12744 0 0} expected ',', got INDENT } {0 1000 {12761 0 0} expected ':', got '.' } {0 1000 {12761 0 0} expected type expression, got '.' } {0 1000 {12761 0 0} expected ',', got '.' } {0 1000 {12761 0 0} expected identifier, got '.' } {0 1000 {12761 0 0} expected ':', got '.' } {0 1000 {12761 0 0} expected type expression, got '.' } {0 1000 {12761 0 0} expected ',', got '.' } {0 1000 {12766 0 0} expected ':', got '=' } {0 1000 {12766 0 0} expected type expression, got '=' } {0 1000 {12766 0 0} expected ',', got '=' } {0 1000 {12766 0 0} expected identifier, got '=' } {0 1000 {12766 0 0} expected ':', got '=' } {0 1000 {12766 0 0} expected type expression, got '=' } {0 1000 {12766 0 0} expected ',', got '=' } {0 1000 {12772 0 0} expected ':', got '.' } {0 1000 {12772 0 0} expected type expression, got '.' } {0 1000 {12772 0 0} expected ',', got '.' } {0 1000 {12772 0 0} expected identifier, got '.' } {0 1000 {12772 0 0} expected ':', got '.' } {0 1000 {12772 0 0} expected type expression, got '.' } {0 1000 {12772 0 0} expected ',', got '.' } {0 1000 {12777 0 0} expected ':', got '+' } {0 1000 {12777 0 0} expected type expression, got '+' } {0 1000 {12777 0 0} expected ',', got '+' } {0 1000 {12777 0 0} expected identifier, got '+' } {0 1000 {12777 0 0} expected ':', got '+' } {0 1000 {12777 0 0} expected type expression, got '+' } {0 1000 {12777 0 0} expected ',', got '+' } {0 1000 {12779 0 0} expected identifier, got integer literal } {0 1000 {12779 0 0} expected ':', got integer literal } {0 1000 {12779 0 0} expected type expression, got integer literal } {0 1000 {12779 0 0} expected ',', got integer literal } {0 1000 {12797 0 0} expected ':', got '.' } {0 1000 {12797 0 0} expected type expression, got '.' } {0 1000 {12797 0 0} expected ',', got '.' } {0 1000 {12797 0 0} expected identifier, got '.' } {0 1000 {12797 0 0} expected ':', got '.' } {0 1000 {12797 0 0} expected type expression, got '.' } {0 1000 {12797 0 0} expected ',', got '.' } {0 1000 {12802 0 0} expected ':', got '(' } {0 1000 {12802 0 0} expected type expression, got '(' } {0 1000 {12802 0 0} expected ',', got '(' } {0 1000 {12802 0 0} expected identifier, got '(' } {0 1000 {12802 0 0} expected ':', got '(' } {0 1000 {12802 0 0} expected type expression, got '(' } {0 1000 {12802 0 0} expected ',', got '(' } {0 1000 {12811 0 0} expected ':', got ',' } {0 1000 {12811 0 0} expected type expression, got ',' } {0 1000 {12818 0 0} expected ':', got ',' } {0 1000 {12818 0 0} expected type expression, got ',' } {0 1000 {12820 0 0} expected identifier, got integer literal } {0 1000 {12820 0 0} expected ':', got integer literal } {0 1000 {12820 0 0} expected type expression, got integer literal } {0 1000 {12820 0 0} expected ',', got integer literal } {0 1000 {12821 0 0} expected identifier, got ')' } {0 1000 {12821 0 0} expected ':', got ')' } {0 1000 {12821 0 0} expected type expression, got ')' } {0 1000 {12821 0 0} expected ',', got ')' } {0 1000 {12835 0 0} expected identifier, got 'return' } {0 1000 {12835 0 0} expected ':', got 'return' } {0 1000 {12835 0 0} expected type expression, got 'return' } {0 1000 {12835 0 0} expected ',', got 'return' } {0 1000 {12841 0 0} expected identifier, got DEDENT } {0 1000 {12841 0 0} expected ':', got DEDENT } {0 1000 {12841 0 0} expected type expression, got DEDENT } {0 1000 {12841 0 0} expected ',', got DEDENT } {0 1000 {12850 0 0} expected identifier, got 'if' } {0 1000 {12850 0 0} expected ':', got 'if' } {0 1000 {12850 0 0} expected type expression, got 'if' } {0 1000 {12850 0 0} expected ',', got 'if' } {0 1000 {12855 0 0} expected ':', got '==' } {0 1000 {12855 0 0} expected type expression, got '==' } {0 1000 {12855 0 0} expected ',', got '==' } {0 1000 {12855 0 0} expected identifier, got '==' } {0 1000 {12855 0 0} expected ':', got '==' } {0 1000 {12855 0 0} expected type expression, got '==' } {0 1000 {12855 0 0} expected ',', got '==' } {0 1000 {12858 0 0} expected identifier, got integer literal } {0 1000 {12858 0 0} expected ':', got integer literal } {0 1000 {12858 0 0} expected type expression, got integer literal } {0 1000 {12858 0 0} expected ',', got integer literal } {0 1000 {12861 0 0} expected identifier, got '&' } {0 1000 {12861 0 0} expected ':', got '&' } {0 1000 {12861 0 0} expected type expression, got '&' } {0 1000 {12861 0 0} expected ',', got '&' } {0 1000 {12862 0 0} expected identifier, got '&' } {0 1000 {12862 0 0} expected ':', got '&' } {0 1000 {12862 0 0} expected type expression, got '&' } {0 1000 {12862 0 0} expected ',', got '&' } {0 1000 {12869 0 0} expected ':', got '==' } {0 1000 {12869 0 0} expected type expression, got '==' } {0 1000 {12869 0 0} expected ',', got '==' } {0 1000 {12869 0 0} expected identifier, got '==' } {0 1000 {12869 0 0} expected ':', got '==' } {0 1000 {12869 0 0} expected type expression, got '==' } {0 1000 {12869 0 0} expected ',', got '==' } {0 1000 {12872 0 0} expected identifier, got integer literal } {0 1000 {12872 0 0} expected ':', got integer literal } {0 1000 {12872 0 0} expected type expression, got integer literal } {0 1000 {12872 0 0} expected ',', got integer literal } {0 1000 {12874 0 0} expected identifier, got ':' } {0 1000 {12875 0 0} expected type expression, got INDENT } {0 1000 {12875 0 0} expected ',', got INDENT } {0 1000 {12875 0 0} expected identifier, got INDENT } {0 1000 {12875 0 0} expected ':', got INDENT } {0 1000 {12875 0 0} expected type expression, got INDENT } {0 1000 {12875 0 0} expected ',', got INDENT } {0 1000 {12892 0 0} expected ':', got '.' } {0 1000 {12892 0 0} expected type expression, got '.' } {0 1000 {12892 0 0} expected ',', got '.' } {0 1000 {12892 0 0} expected identifier, got '.' } {0 1000 {12892 0 0} expected ':', got '.' } {0 1000 {12892 0 0} expected type expression, got '.' } {0 1000 {12892 0 0} expected ',', got '.' } {0 1000 {12897 0 0} expected ':', got '=' } {0 1000 {12897 0 0} expected type expression, got '=' } {0 1000 {12897 0 0} expected ',', got '=' } {0 1000 {12897 0 0} expected identifier, got '=' } {0 1000 {12897 0 0} expected ':', got '=' } {0 1000 {12897 0 0} expected type expression, got '=' } {0 1000 {12897 0 0} expected ',', got '=' } {0 1000 {12903 0 0} expected ':', got '.' } {0 1000 {12903 0 0} expected type expression, got '.' } {0 1000 {12903 0 0} expected ',', got '.' } {0 1000 {12903 0 0} expected identifier, got '.' } {0 1000 {12903 0 0} expected ':', got '.' } {0 1000 {12903 0 0} expected type expression, got '.' } {0 1000 {12903 0 0} expected ',', got '.' } {0 1000 {12908 0 0} expected ':', got '+' } {0 1000 {12908 0 0} expected type expression, got '+' } {0 1000 {12908 0 0} expected ',', got '+' } {0 1000 {12908 0 0} expected identifier, got '+' } {0 1000 {12908 0 0} expected ':', got '+' } {0 1000 {12908 0 0} expected type expression, got '+' } {0 1000 {12908 0 0} expected ',', got '+' } {0 1000 {12910 0 0} expected identifier, got integer literal } {0 1000 {12910 0 0} expected ':', got integer literal } {0 1000 {12910 0 0} expected type expression, got integer literal } {0 1000 {12910 0 0} expected ',', got integer literal } {0 1000 {12928 0 0} expected ':', got '.' } {0 1000 {12928 0 0} expected type expression, got '.' } {0 1000 {12928 0 0} expected ',', got '.' } {0 1000 {12928 0 0} expected identifier, got '.' } {0 1000 {12928 0 0} expected ':', got '.' } {0 1000 {12928 0 0} expected type expression, got '.' } {0 1000 {12928 0 0} expected ',', got '.' } {0 1000 {12933 0 0} expected ':', got '(' } {0 1000 {12933 0 0} expected type expression, got '(' } {0 1000 {12933 0 0} expected ',', got '(' } {0 1000 {12933 0 0} expected identifier, got '(' } {0 1000 {12933 0 0} expected ':', got '(' } {0 1000 {12933 0 0} expected type expression, got '(' } {0 1000 {12933 0 0} expected ',', got '(' } {0 1000 {12942 0 0} expected ':', got ',' } {0 1000 {12942 0 0} expected type expression, got ',' } {0 1000 {12949 0 0} expected ':', got ',' } {0 1000 {12949 0 0} expected type expression, got ',' } {0 1000 {12951 0 0} expected identifier, got integer literal } {0 1000 {12951 0 0} expected ':', got integer literal } {0 1000 {12951 0 0} expected type expression, got integer literal } {0 1000 {12951 0 0} expected ',', got integer literal } {0 1000 {12952 0 0} expected identifier, got ')' } {0 1000 {12952 0 0} expected ':', got ')' } {0 1000 {12952 0 0} expected type expression, got ')' } {0 1000 {12952 0 0} expected ',', got ')' } {0 1000 {12966 0 0} expected identifier, got 'return' } {0 1000 {12966 0 0} expected ':', got 'return' } {0 1000 {12966 0 0} expected type expression, got 'return' } {0 1000 {12966 0 0} expected ',', got 'return' } {0 1000 {12972 0 0} expected identifier, got DEDENT } {0 1000 {12972 0 0} expected ':', got DEDENT } {0 1000 {12972 0 0} expected type expression, got DEDENT } {0 1000 {12972 0 0} expected ',', got DEDENT } {0 1000 {12981 0 0} expected identifier, got 'if' } {0 1000 {12981 0 0} expected ':', got 'if' } {0 1000 {12981 0 0} expected type expression, got 'if' } {0 1000 {12981 0 0} expected ',', got 'if' } {0 1000 {12986 0 0} expected ':', got '==' } {0 1000 {12986 0 0} expected type expression, got '==' } {0 1000 {12986 0 0} expected ',', got '==' } {0 1000 {12986 0 0} expected identifier, got '==' } {0 1000 {12986 0 0} expected ':', got '==' } {0 1000 {12986 0 0} expected type expression, got '==' } {0 1000 {12986 0 0} expected ',', got '==' } {0 1000 {12989 0 0} expected identifier, got integer literal } {0 1000 {12989 0 0} expected ':', got integer literal } {0 1000 {12989 0 0} expected type expression, got integer literal } {0 1000 {12989 0 0} expected ',', got integer literal } {0 1000 {12992 0 0} expected identifier, got '&' } {0 1000 {12992 0 0} expected ':', got '&' } {0 1000 {12992 0 0} expected type expression, got '&' } {0 1000 {12992 0 0} expected ',', got '&' } {0 1000 {12993 0 0} expected identifier, got '&' } {0 1000 {12993 0 0} expected ':', got '&' } {0 1000 {12993 0 0} expected type expression, got '&' } {0 1000 {12993 0 0} expected ',', got '&' } {0 1000 {13000 0 0} expected ':', got '==' } {0 1000 {13000 0 0} expected type expression, got '==' } {0 1000 {13000 0 0} expected ',', got '==' } {0 1000 {13000 0 0} expected identifier, got '==' } {0 1000 {13000 0 0} expected ':', got '==' } {0 1000 {13000 0 0} expected type expression, got '==' } {0 1000 {13000 0 0} expected ',', got '==' } {0 1000 {13003 0 0} expected identifier, got integer literal } {0 1000 {13003 0 0} expected ':', got integer literal } {0 1000 {13003 0 0} expected type expression, got integer literal } {0 1000 {13003 0 0} expected ',', got integer literal } {0 1000 {13005 0 0} expected identifier, got ':' } {0 1000 {13006 0 0} expected type expression, got INDENT } {0 1000 {13006 0 0} expected ',', got INDENT } {0 1000 {13006 0 0} expected identifier, got INDENT } {0 1000 {13006 0 0} expected ':', got INDENT } {0 1000 {13006 0 0} expected type expression, got INDENT } {0 1000 {13006 0 0} expected ',', got INDENT } {0 1000 {13023 0 0} expected ':', got '.' } {0 1000 {13023 0 0} expected type expression, got '.' } {0 1000 {13023 0 0} expected ',', got '.' } {0 1000 {13023 0 0} expected identifier, got '.' } {0 1000 {13023 0 0} expected ':', got '.' } {0 1000 {13023 0 0} expected type expression, got '.' } {0 1000 {13023 0 0} expected ',', got '.' } {0 1000 {13028 0 0} expected ':', got '=' } {0 1000 {13028 0 0} expected type expression, got '=' } {0 1000 {13028 0 0} expected ',', got '=' } {0 1000 {13028 0 0} expected identifier, got '=' } {0 1000 {13028 0 0} expected ':', got '=' } {0 1000 {13028 0 0} expected type expression, got '=' } {0 1000 {13028 0 0} expected ',', got '=' } {0 1000 {13034 0 0} expected ':', got '.' } {0 1000 {13034 0 0} expected type expression, got '.' } {0 1000 {13034 0 0} expected ',', got '.' } {0 1000 {13034 0 0} expected identifier, got '.' } {0 1000 {13034 0 0} expected ':', got '.' } {0 1000 {13034 0 0} expected type expression, got '.' } {0 1000 {13034 0 0} expected ',', got '.' } {0 1000 {13039 0 0} expected ':', got '+' } {0 1000 {13039 0 0} expected type expression, got '+' } {0 1000 {13039 0 0} expected ',', got '+' } {0 1000 {13039 0 0} expected identifier, got '+' } {0 1000 {13039 0 0} expected ':', got '+' } {0 1000 {13039 0 0} expected type expression, got '+' } {0 1000 {13039 0 0} expected ',', got '+' } {0 1000 {13041 0 0} expected identifier, got integer literal } {0 1000 {13041 0 0} expected ':', got integer literal } {0 1000 {13041 0 0} expected type expression, got integer literal } {0 1000 {13041 0 0} expected ',', got integer literal } {0 1000 {13059 0 0} expected ':', got '.' } {0 1000 {13059 0 0} expected type expression, got '.' } {0 1000 {13059 0 0} expected ',', got '.' } {0 1000 {13059 0 0} expected identifier, got '.' } {0 1000 {13059 0 0} expected ':', got '.' } {0 1000 {13059 0 0} expected type expression, got '.' } {0 1000 {13059 0 0} expected ',', got '.' } {0 1000 {13064 0 0} expected ':', got '(' } {0 1000 {13064 0 0} expected type expression, got '(' } {0 1000 {13064 0 0} expected ',', got '(' } {0 1000 {13064 0 0} expected identifier, got '(' } {0 1000 {13064 0 0} expected ':', got '(' } {0 1000 {13064 0 0} expected type expression, got '(' } {0 1000 {13064 0 0} expected ',', got '(' } {0 1000 {13076 0 0} expected ':', got ',' } {0 1000 {13076 0 0} expected type expression, got ',' } {0 1000 {13083 0 0} expected ':', got ',' } {0 1000 {13083 0 0} expected type expression, got ',' } {0 1000 {13085 0 0} expected identifier, got integer literal } {0 1000 {13085 0 0} expected ':', got integer literal } {0 1000 {13085 0 0} expected type expression, got integer literal } {0 1000 {13085 0 0} expected ',', got integer literal } {0 1000 {13086 0 0} expected identifier, got ')' } {0 1000 {13086 0 0} expected ':', got ')' } {0 1000 {13086 0 0} expected type expression, got ')' } {0 1000 {13086 0 0} expected ',', got ')' } {0 1000 {13100 0 0} expected identifier, got 'return' } {0 1000 {13100 0 0} expected ':', got 'return' } {0 1000 {13100 0 0} expected type expression, got 'return' } {0 1000 {13100 0 0} expected ',', got 'return' } {0 1000 {13106 0 0} expected identifier, got DEDENT } {0 1000 {13106 0 0} expected ':', got DEDENT } {0 1000 {13106 0 0} expected type expression, got DEDENT } {0 1000 {13106 0 0} expected ',', got DEDENT } {0 1000 {13115 0 0} expected identifier, got 'if' } {0 1000 {13115 0 0} expected ':', got 'if' } {0 1000 {13115 0 0} expected type expression, got 'if' } {0 1000 {13115 0 0} expected ',', got 'if' } {0 1000 {13120 0 0} expected ':', got '==' } {0 1000 {13120 0 0} expected type expression, got '==' } {0 1000 {13120 0 0} expected ',', got '==' } {0 1000 {13120 0 0} expected identifier, got '==' } {0 1000 {13120 0 0} expected ':', got '==' } {0 1000 {13120 0 0} expected type expression, got '==' } {0 1000 {13120 0 0} expected ',', got '==' } {0 1000 {13123 0 0} expected identifier, got integer literal } {0 1000 {13123 0 0} expected ':', got integer literal } {0 1000 {13123 0 0} expected type expression, got integer literal } {0 1000 {13123 0 0} expected ',', got integer literal } {0 1000 {13126 0 0} expected identifier, got '&' } {0 1000 {13126 0 0} expected ':', got '&' } {0 1000 {13126 0 0} expected type expression, got '&' } {0 1000 {13126 0 0} expected ',', got '&' } {0 1000 {13127 0 0} expected identifier, got '&' } {0 1000 {13127 0 0} expected ':', got '&' } {0 1000 {13127 0 0} expected type expression, got '&' } {0 1000 {13127 0 0} expected ',', got '&' } {0 1000 {13134 0 0} expected ':', got '==' } {0 1000 {13134 0 0} expected type expression, got '==' } {0 1000 {13134 0 0} expected ',', got '==' } {0 1000 {13134 0 0} expected identifier, got '==' } {0 1000 {13134 0 0} expected ':', got '==' } {0 1000 {13134 0 0} expected type expression, got '==' } {0 1000 {13134 0 0} expected ',', got '==' } {0 1000 {13137 0 0} expected identifier, got integer literal } {0 1000 {13137 0 0} expected ':', got integer literal } {0 1000 {13137 0 0} expected type expression, got integer literal } {0 1000 {13137 0 0} expected ',', got integer literal } {0 1000 {13139 0 0} expected identifier, got ':' } {0 1000 {13140 0 0} expected type expression, got INDENT } {0 1000 {13140 0 0} expected ',', got INDENT } {0 1000 {13140 0 0} expected identifier, got INDENT } {0 1000 {13140 0 0} expected ':', got INDENT } {0 1000 {13140 0 0} expected type expression, got INDENT } {0 1000 {13140 0 0} expected ',', got INDENT } {0 1000 {13157 0 0} expected ':', got '.' } {0 1000 {13157 0 0} expected type expression, got '.' } {0 1000 {13157 0 0} expected ',', got '.' } {0 1000 {13157 0 0} expected identifier, got '.' } {0 1000 {13157 0 0} expected ':', got '.' } {0 1000 {13157 0 0} expected type expression, got '.' } {0 1000 {13157 0 0} expected ',', got '.' } {0 1000 {13162 0 0} expected ':', got '=' } {0 1000 {13162 0 0} expected type expression, got '=' } {0 1000 {13162 0 0} expected ',', got '=' } {0 1000 {13162 0 0} expected identifier, got '=' } {0 1000 {13162 0 0} expected ':', got '=' } {0 1000 {13162 0 0} expected type expression, got '=' } {0 1000 {13162 0 0} expected ',', got '=' } {0 1000 {13168 0 0} expected ':', got '.' } {0 1000 {13168 0 0} expected type expression, got '.' } {0 1000 {13168 0 0} expected ',', got '.' } {0 1000 {13168 0 0} expected identifier, got '.' } {0 1000 {13168 0 0} expected ':', got '.' } {0 1000 {13168 0 0} expected type expression, got '.' } {0 1000 {13168 0 0} expected ',', got '.' } {0 1000 {13173 0 0} expected ':', got '+' } {0 1000 {13173 0 0} expected type expression, got '+' } {0 1000 {13173 0 0} expected ',', got '+' } {0 1000 {13173 0 0} expected identifier, got '+' } {0 1000 {13173 0 0} expected ':', got '+' } {0 1000 {13173 0 0} expected type expression, got '+' } {0 1000 {13173 0 0} expected ',', got '+' } {0 1000 {13175 0 0} expected identifier, got integer literal } {0 1000 {13175 0 0} expected ':', got integer literal } {0 1000 {13175 0 0} expected type expression, got integer literal } {0 1000 {13175 0 0} expected ',', got integer literal } {0 1000 {13193 0 0} expected ':', got '.' } {0 1000 {13193 0 0} expected type expression, got '.' } {0 1000 {13193 0 0} expected ',', got '.' } {0 1000 {13193 0 0} expected identifier, got '.' } {0 1000 {13193 0 0} expected ':', got '.' } {0 1000 {13193 0 0} expected type expression, got '.' } {0 1000 {13193 0 0} expected ',', got '.' } {0 1000 {13198 0 0} expected ':', got '(' } {0 1000 {13198 0 0} expected type expression, got '(' } {0 1000 {13198 0 0} expected ',', got '(' } {0 1000 {13198 0 0} expected identifier, got '(' } {0 1000 {13198 0 0} expected ':', got '(' } {0 1000 {13198 0 0} expected type expression, got '(' } {0 1000 {13198 0 0} expected ',', got '(' } {0 1000 {13209 0 0} expected ':', got ',' } {0 1000 {13209 0 0} expected type expression, got ',' } {0 1000 {13216 0 0} expected ':', got ',' } {0 1000 {13216 0 0} expected type expression, got ',' } {0 1000 {13218 0 0} expected identifier, got integer literal } {0 1000 {13218 0 0} expected ':', got integer literal } {0 1000 {13218 0 0} expected type expression, got integer literal } {0 1000 {13218 0 0} expected ',', got integer literal } {0 1000 {13219 0 0} expected identifier, got ')' } {0 1000 {13219 0 0} expected ':', got ')' } {0 1000 {13219 0 0} expected type expression, got ')' } {0 1000 {13219 0 0} expected ',', got ')' } {0 1000 {13233 0 0} expected identifier, got 'return' } {0 1000 {13233 0 0} expected ':', got 'return' } {0 1000 {13233 0 0} expected type expression, got 'return' } {0 1000 {13233 0 0} expected ',', got 'return' } {0 1000 {13239 0 0} expected identifier, got DEDENT } {0 1000 {13239 0 0} expected ':', got DEDENT } {0 1000 {13239 0 0} expected type expression, got DEDENT } {0 1000 {13239 0 0} expected ',', got DEDENT } {0 1000 {13248 0 0} expected identifier, got 'if' } {0 1000 {13248 0 0} expected ':', got 'if' } {0 1000 {13248 0 0} expected type expression, got 'if' } {0 1000 {13248 0 0} expected ',', got 'if' } {0 1000 {13253 0 0} expected ':', got '==' } {0 1000 {13253 0 0} expected type expression, got '==' } {0 1000 {13253 0 0} expected ',', got '==' } {0 1000 {13253 0 0} expected identifier, got '==' } {0 1000 {13253 0 0} expected ':', got '==' } {0 1000 {13253 0 0} expected type expression, got '==' } {0 1000 {13253 0 0} expected ',', got '==' } {0 1000 {13256 0 0} expected identifier, got integer literal } {0 1000 {13256 0 0} expected ':', got integer literal } {0 1000 {13256 0 0} expected type expression, got integer literal } {0 1000 {13256 0 0} expected ',', got integer literal } {0 1000 {13259 0 0} expected identifier, got '&' } {0 1000 {13259 0 0} expected ':', got '&' } {0 1000 {13259 0 0} expected type expression, got '&' } {0 1000 {13259 0 0} expected ',', got '&' } {0 1000 {13260 0 0} expected identifier, got '&' } {0 1000 {13260 0 0} expected ':', got '&' } {0 1000 {13260 0 0} expected type expression, got '&' } {0 1000 {13260 0 0} expected ',', got '&' } {0 1000 {13267 0 0} expected ':', got '==' } {0 1000 {13267 0 0} expected type expression, got '==' } {0 1000 {13267 0 0} expected ',', got '==' } {0 1000 {13267 0 0} expected identifier, got '==' } {0 1000 {13267 0 0} expected ':', got '==' } {0 1000 {13267 0 0} expected type expression, got '==' } {0 1000 {13267 0 0} expected ',', got '==' } {0 1000 {13270 0 0} expected identifier, got integer literal } {0 1000 {13270 0 0} expected ':', got integer literal } {0 1000 {13270 0 0} expected type expression, got integer literal } {0 1000 {13270 0 0} expected ',', got integer literal } {0 1000 {13272 0 0} expected identifier, got ':' } {0 1000 {13273 0 0} expected type expression, got INDENT } {0 1000 {13273 0 0} expected ',', got INDENT } {0 1000 {13273 0 0} expected identifier, got INDENT } {0 1000 {13273 0 0} expected ':', got INDENT } {0 1000 {13273 0 0} expected type expression, got INDENT } {0 1000 {13273 0 0} expected ',', got INDENT } {0 1000 {13290 0 0} expected ':', got '.' } {0 1000 {13290 0 0} expected type expression, got '.' } {0 1000 {13290 0 0} expected ',', got '.' } {0 1000 {13290 0 0} expected identifier, got '.' } {0 1000 {13290 0 0} expected ':', got '.' } {0 1000 {13290 0 0} expected type expression, got '.' } {0 1000 {13290 0 0} expected ',', got '.' } {0 1000 {13295 0 0} expected ':', got '=' } {0 1000 {13295 0 0} expected type expression, got '=' } {0 1000 {13295 0 0} expected ',', got '=' } {0 1000 {13295 0 0} expected identifier, got '=' } {0 1000 {13295 0 0} expected ':', got '=' } {0 1000 {13295 0 0} expected type expression, got '=' } {0 1000 {13295 0 0} expected ',', got '=' } {0 1000 {13301 0 0} expected ':', got '.' } {0 1000 {13301 0 0} expected type expression, got '.' } {0 1000 {13301 0 0} expected ',', got '.' } {0 1000 {13301 0 0} expected identifier, got '.' } {0 1000 {13301 0 0} expected ':', got '.' } {0 1000 {13301 0 0} expected type expression, got '.' } {0 1000 {13301 0 0} expected ',', got '.' } {0 1000 {13306 0 0} expected ':', got '+' } {0 1000 {13306 0 0} expected type expression, got '+' } {0 1000 {13306 0 0} expected ',', got '+' } {0 1000 {13306 0 0} expected identifier, got '+' } {0 1000 {13306 0 0} expected ':', got '+' } {0 1000 {13306 0 0} expected type expression, got '+' } {0 1000 {13306 0 0} expected ',', got '+' } {0 1000 {13308 0 0} expected identifier, got integer literal } {0 1000 {13308 0 0} expected ':', got integer literal } {0 1000 {13308 0 0} expected type expression, got integer literal } {0 1000 {13308 0 0} expected ',', got integer literal } {0 1000 {13326 0 0} expected ':', got '.' } {0 1000 {13326 0 0} expected type expression, got '.' } {0 1000 {13326 0 0} expected ',', got '.' } {0 1000 {13326 0 0} expected identifier, got '.' } {0 1000 {13326 0 0} expected ':', got '.' } {0 1000 {13326 0 0} expected type expression, got '.' } {0 1000 {13326 0 0} expected ',', got '.' } {0 1000 {13331 0 0} expected ':', got '(' } {0 1000 {13331 0 0} expected type expression, got '(' } {0 1000 {13331 0 0} expected ',', got '(' } {0 1000 {13331 0 0} expected identifier, got '(' } {0 1000 {13331 0 0} expected ':', got '(' } {0 1000 {13331 0 0} expected type expression, got '(' } {0 1000 {13331 0 0} expected ',', got '(' } {0 1000 {13343 0 0} expected ':', got ',' } {0 1000 {13343 0 0} expected type expression, got ',' } {0 1000 {13350 0 0} expected ':', got ',' } {0 1000 {13350 0 0} expected type expression, got ',' } {0 1000 {13352 0 0} expected identifier, got integer literal } {0 1000 {13352 0 0} expected ':', got integer literal } {0 1000 {13352 0 0} expected type expression, got integer literal } {0 1000 {13352 0 0} expected ',', got integer literal } {0 1000 {13353 0 0} expected identifier, got ')' } {0 1000 {13353 0 0} expected ':', got ')' } {0 1000 {13353 0 0} expected type expression, got ')' } {0 1000 {13353 0 0} expected ',', got ')' } {0 1000 {13367 0 0} expected identifier, got 'return' } {0 1000 {13367 0 0} expected ':', got 'return' } {0 1000 {13367 0 0} expected type expression, got 'return' } {0 1000 {13367 0 0} expected ',', got 'return' } {0 1000 {13373 0 0} expected identifier, got DEDENT } {0 1000 {13373 0 0} expected ':', got DEDENT } {0 1000 {13373 0 0} expected type expression, got DEDENT } {0 1000 {13373 0 0} expected ',', got DEDENT } {0 1000 {13382 0 0} expected identifier, got 'if' } {0 1000 {13382 0 0} expected ':', got 'if' } {0 1000 {13382 0 0} expected type expression, got 'if' } {0 1000 {13382 0 0} expected ',', got 'if' } {0 1000 {13387 0 0} expected ':', got '==' } {0 1000 {13387 0 0} expected type expression, got '==' } {0 1000 {13387 0 0} expected ',', got '==' } {0 1000 {13387 0 0} expected identifier, got '==' } {0 1000 {13387 0 0} expected ':', got '==' } {0 1000 {13387 0 0} expected type expression, got '==' } {0 1000 {13387 0 0} expected ',', got '==' } {0 1000 {13390 0 0} expected identifier, got integer literal } {0 1000 {13390 0 0} expected ':', got integer literal } {0 1000 {13390 0 0} expected type expression, got integer literal } {0 1000 {13390 0 0} expected ',', got integer literal } {0 1000 {13393 0 0} expected identifier, got '&' } {0 1000 {13393 0 0} expected ':', got '&' } {0 1000 {13393 0 0} expected type expression, got '&' } {0 1000 {13393 0 0} expected ',', got '&' } {0 1000 {13394 0 0} expected identifier, got '&' } {0 1000 {13394 0 0} expected ':', got '&' } {0 1000 {13394 0 0} expected type expression, got '&' } {0 1000 {13394 0 0} expected ',', got '&' } {0 1000 {13401 0 0} expected ':', got '==' } {0 1000 {13401 0 0} expected type expression, got '==' } {0 1000 {13401 0 0} expected ',', got '==' } {0 1000 {13401 0 0} expected identifier, got '==' } {0 1000 {13401 0 0} expected ':', got '==' } {0 1000 {13401 0 0} expected type expression, got '==' } {0 1000 {13401 0 0} expected ',', got '==' } {0 1000 {13404 0 0} expected identifier, got integer literal } {0 1000 {13404 0 0} expected ':', got integer literal } {0 1000 {13404 0 0} expected type expression, got integer literal } {0 1000 {13404 0 0} expected ',', got integer literal } {0 1000 {13406 0 0} expected identifier, got ':' } {0 1000 {13407 0 0} expected type expression, got INDENT } {0 1000 {13407 0 0} expected ',', got INDENT } {0 1000 {13407 0 0} expected identifier, got INDENT } {0 1000 {13407 0 0} expected ':', got INDENT } {0 1000 {13407 0 0} expected type expression, got INDENT } {0 1000 {13407 0 0} expected ',', got INDENT } {0 1000 {13424 0 0} expected ':', got '.' } {0 1000 {13424 0 0} expected type expression, got '.' } {0 1000 {13424 0 0} expected ',', got '.' } {0 1000 {13424 0 0} expected identifier, got '.' } {0 1000 {13424 0 0} expected ':', got '.' } {0 1000 {13424 0 0} expected type expression, got '.' } {0 1000 {13424 0 0} expected ',', got '.' } {0 1000 {13429 0 0} expected ':', got '=' } {0 1000 {13429 0 0} expected type expression, got '=' } {0 1000 {13429 0 0} expected ',', got '=' } {0 1000 {13429 0 0} expected identifier, got '=' } {0 1000 {13429 0 0} expected ':', got '=' } {0 1000 {13429 0 0} expected type expression, got '=' } {0 1000 {13429 0 0} expected ',', got '=' } {0 1000 {13435 0 0} expected ':', got '.' } {0 1000 {13435 0 0} expected type expression, got '.' } {0 1000 {13435 0 0} expected ',', got '.' } {0 1000 {13435 0 0} expected identifier, got '.' } {0 1000 {13435 0 0} expected ':', got '.' } {0 1000 {13435 0 0} expected type expression, got '.' } {0 1000 {13435 0 0} expected ',', got '.' } {0 1000 {13440 0 0} expected ':', got '+' } {0 1000 {13440 0 0} expected type expression, got '+' } {0 1000 {13440 0 0} expected ',', got '+' } {0 1000 {13440 0 0} expected identifier, got '+' } {0 1000 {13440 0 0} expected ':', got '+' } {0 1000 {13440 0 0} expected type expression, got '+' } {0 1000 {13440 0 0} expected ',', got '+' } {0 1000 {13442 0 0} expected identifier, got integer literal } {0 1000 {13442 0 0} expected ':', got integer literal } {0 1000 {13442 0 0} expected type expression, got integer literal } {0 1000 {13442 0 0} expected ',', got integer literal } {0 1000 {13460 0 0} expected ':', got '.' } {0 1000 {13460 0 0} expected type expression, got '.' } {0 1000 {13460 0 0} expected ',', got '.' } {0 1000 {13460 0 0} expected identifier, got '.' } {0 1000 {13460 0 0} expected ':', got '.' } {0 1000 {13460 0 0} expected type expression, got '.' } {0 1000 {13460 0 0} expected ',', got '.' } {0 1000 {13465 0 0} expected ':', got '(' } {0 1000 {13465 0 0} expected type expression, got '(' } {0 1000 {13465 0 0} expected ',', got '(' } {0 1000 {13465 0 0} expected identifier, got '(' } {0 1000 {13465 0 0} expected ':', got '(' } {0 1000 {13465 0 0} expected type expression, got '(' } {0 1000 {13465 0 0} expected ',', got '(' } {0 1000 {13476 0 0} expected ':', got ',' } {0 1000 {13476 0 0} expected type expression, got ',' } {0 1000 {13483 0 0} expected ':', got ',' } {0 1000 {13483 0 0} expected type expression, got ',' } {0 1000 {13485 0 0} expected identifier, got integer literal } {0 1000 {13485 0 0} expected ':', got integer literal } {0 1000 {13485 0 0} expected type expression, got integer literal } {0 1000 {13485 0 0} expected ',', got integer literal } {0 1000 {13486 0 0} expected identifier, got ')' } {0 1000 {13486 0 0} expected ':', got ')' } {0 1000 {13486 0 0} expected type expression, got ')' } {0 1000 {13486 0 0} expected ',', got ')' } {0 1000 {13500 0 0} expected identifier, got 'return' } {0 1000 {13500 0 0} expected ':', got 'return' } {0 1000 {13500 0 0} expected type expression, got 'return' } {0 1000 {13500 0 0} expected ',', got 'return' } {0 1000 {13506 0 0} expected identifier, got DEDENT } {0 1000 {13506 0 0} expected ':', got DEDENT } {0 1000 {13506 0 0} expected type expression, got DEDENT } {0 1000 {13506 0 0} expected ',', got DEDENT } {0 1000 {13515 0 0} expected identifier, got 'if' } {0 1000 {13515 0 0} expected ':', got 'if' } {0 1000 {13515 0 0} expected type expression, got 'if' } {0 1000 {13515 0 0} expected ',', got 'if' } {0 1000 {13520 0 0} expected ':', got '==' } {0 1000 {13520 0 0} expected type expression, got '==' } {0 1000 {13520 0 0} expected ',', got '==' } {0 1000 {13520 0 0} expected identifier, got '==' } {0 1000 {13520 0 0} expected ':', got '==' } {0 1000 {13520 0 0} expected type expression, got '==' } {0 1000 {13520 0 0} expected ',', got '==' } {0 1000 {13523 0 0} expected identifier, got integer literal } {0 1000 {13523 0 0} expected ':', got integer literal } {0 1000 {13523 0 0} expected type expression, got integer literal } {0 1000 {13523 0 0} expected ',', got integer literal } {0 1000 {13526 0 0} expected identifier, got '&' } {0 1000 {13526 0 0} expected ':', got '&' } {0 1000 {13526 0 0} expected type expression, got '&' } {0 1000 {13526 0 0} expected ',', got '&' } {0 1000 {13527 0 0} expected identifier, got '&' } {0 1000 {13527 0 0} expected ':', got '&' } {0 1000 {13527 0 0} expected type expression, got '&' } {0 1000 {13527 0 0} expected ',', got '&' } {0 1000 {13534 0 0} expected ':', got '==' } {0 1000 {13534 0 0} expected type expression, got '==' } {0 1000 {13534 0 0} expected ',', got '==' } {0 1000 {13534 0 0} expected identifier, got '==' } {0 1000 {13534 0 0} expected ':', got '==' } {0 1000 {13534 0 0} expected type expression, got '==' } {0 1000 {13534 0 0} expected ',', got '==' } {0 1000 {13537 0 0} expected identifier, got integer literal } {0 1000 {13537 0 0} expected ':', got integer literal } {0 1000 {13537 0 0} expected type expression, got integer literal } {0 1000 {13537 0 0} expected ',', got integer literal } {0 1000 {13539 0 0} expected identifier, got ':' } {0 1000 {13540 0 0} expected type expression, got INDENT } {0 1000 {13540 0 0} expected ',', got INDENT } {0 1000 {13540 0 0} expected identifier, got INDENT } {0 1000 {13540 0 0} expected ':', got INDENT } {0 1000 {13540 0 0} expected type expression, got INDENT } {0 1000 {13540 0 0} expected ',', got INDENT } {0 1000 {13557 0 0} expected ':', got '.' } {0 1000 {13557 0 0} expected type expression, got '.' } {0 1000 {13557 0 0} expected ',', got '.' } {0 1000 {13557 0 0} expected identifier, got '.' } {0 1000 {13557 0 0} expected ':', got '.' } {0 1000 {13557 0 0} expected type expression, got '.' } {0 1000 {13557 0 0} expected ',', got '.' } {0 1000 {13562 0 0} expected ':', got '=' } {0 1000 {13562 0 0} expected type expression, got '=' } {0 1000 {13562 0 0} expected ',', got '=' } {0 1000 {13562 0 0} expected identifier, got '=' } {0 1000 {13562 0 0} expected ':', got '=' } {0 1000 {13562 0 0} expected type expression, got '=' } {0 1000 {13562 0 0} expected ',', got '=' } {0 1000 {13568 0 0} expected ':', got '.' } {0 1000 {13568 0 0} expected type expression, got '.' } {0 1000 {13568 0 0} expected ',', got '.' } {0 1000 {13568 0 0} expected identifier, got '.' } {0 1000 {13568 0 0} expected ':', got '.' } {0 1000 {13568 0 0} expected type expression, got '.' } {0 1000 {13568 0 0} expected ',', got '.' } {0 1000 {13573 0 0} expected ':', got '+' } {0 1000 {13573 0 0} expected type expression, got '+' } {0 1000 {13573 0 0} expected ',', got '+' } {0 1000 {13573 0 0} expected identifier, got '+' } {0 1000 {13573 0 0} expected ':', got '+' } {0 1000 {13573 0 0} expected type expression, got '+' } {0 1000 {13573 0 0} expected ',', got '+' } {0 1000 {13575 0 0} expected identifier, got integer literal } {0 1000 {13575 0 0} expected ':', got integer literal } {0 1000 {13575 0 0} expected type expression, got integer literal } {0 1000 {13575 0 0} expected ',', got integer literal } {0 1000 {13593 0 0} expected ':', got '.' } {0 1000 {13593 0 0} expected type expression, got '.' } {0 1000 {13593 0 0} expected ',', got '.' } {0 1000 {13593 0 0} expected identifier, got '.' } {0 1000 {13593 0 0} expected ':', got '.' } {0 1000 {13593 0 0} expected type expression, got '.' } {0 1000 {13593 0 0} expected ',', got '.' } {0 1000 {13598 0 0} expected ':', got '(' } {0 1000 {13598 0 0} expected type expression, got '(' } {0 1000 {13598 0 0} expected ',', got '(' } {0 1000 {13598 0 0} expected identifier, got '(' } {0 1000 {13598 0 0} expected ':', got '(' } {0 1000 {13598 0 0} expected type expression, got '(' } {0 1000 {13598 0 0} expected ',', got '(' } {0 1000 {13610 0 0} expected ':', got ',' } {0 1000 {13610 0 0} expected type expression, got ',' } {0 1000 {13617 0 0} expected ':', got ',' } {0 1000 {13617 0 0} expected type expression, got ',' } {0 1000 {13619 0 0} expected identifier, got integer literal } {0 1000 {13619 0 0} expected ':', got integer literal } {0 1000 {13619 0 0} expected type expression, got integer literal } {0 1000 {13619 0 0} expected ',', got integer literal } {0 1000 {13620 0 0} expected identifier, got ')' } {0 1000 {13620 0 0} expected ':', got ')' } {0 1000 {13620 0 0} expected type expression, got ')' } {0 1000 {13620 0 0} expected ',', got ')' } {0 1000 {13634 0 0} expected identifier, got 'return' } {0 1000 {13634 0 0} expected ':', got 'return' } {0 1000 {13634 0 0} expected type expression, got 'return' } {0 1000 {13634 0 0} expected ',', got 'return' } {0 1000 {13640 0 0} expected identifier, got DEDENT } {0 1000 {13640 0 0} expected ':', got DEDENT } {0 1000 {13640 0 0} expected type expression, got DEDENT } {0 1000 {13640 0 0} expected ',', got DEDENT } {0 1000 {13649 0 0} expected identifier, got 'if' } {0 1000 {13649 0 0} expected ':', got 'if' } {0 1000 {13649 0 0} expected type expression, got 'if' } {0 1000 {13649 0 0} expected ',', got 'if' } {0 1000 {13654 0 0} expected ':', got '==' } {0 1000 {13654 0 0} expected type expression, got '==' } {0 1000 {13654 0 0} expected ',', got '==' } {0 1000 {13654 0 0} expected identifier, got '==' } {0 1000 {13654 0 0} expected ':', got '==' } {0 1000 {13654 0 0} expected type expression, got '==' } {0 1000 {13654 0 0} expected ',', got '==' } {0 1000 {13657 0 0} expected identifier, got integer literal } {0 1000 {13657 0 0} expected ':', got integer literal } {0 1000 {13657 0 0} expected type expression, got integer literal } {0 1000 {13657 0 0} expected ',', got integer literal } {0 1000 {13660 0 0} expected identifier, got '&' } {0 1000 {13660 0 0} expected ':', got '&' } {0 1000 {13660 0 0} expected type expression, got '&' } {0 1000 {13660 0 0} expected ',', got '&' } {0 1000 {13661 0 0} expected identifier, got '&' } {0 1000 {13661 0 0} expected ':', got '&' } {0 1000 {13661 0 0} expected type expression, got '&' } {0 1000 {13661 0 0} expected ',', got '&' } {0 1000 {13668 0 0} expected ':', got '==' } {0 1000 {13668 0 0} expected type expression, got '==' } {0 1000 {13668 0 0} expected ',', got '==' } {0 1000 {13668 0 0} expected identifier, got '==' } {0 1000 {13668 0 0} expected ':', got '==' } {0 1000 {13668 0 0} expected type expression, got '==' } {0 1000 {13668 0 0} expected ',', got '==' } {0 1000 {13671 0 0} expected identifier, got integer literal } {0 1000 {13671 0 0} expected ':', got integer literal } {0 1000 {13671 0 0} expected type expression, got integer literal } {0 1000 {13671 0 0} expected ',', got integer literal } {0 1000 {13673 0 0} expected identifier, got ':' } {0 1000 {13674 0 0} expected type expression, got INDENT } {0 1000 {13674 0 0} expected ',', got INDENT } {0 1000 {13674 0 0} expected identifier, got INDENT } {0 1000 {13674 0 0} expected ':', got INDENT } {0 1000 {13674 0 0} expected type expression, got INDENT } {0 1000 {13674 0 0} expected ',', got INDENT } {0 1000 {13691 0 0} expected ':', got '.' } {0 1000 {13691 0 0} expected type expression, got '.' } {0 1000 {13691 0 0} expected ',', got '.' } {0 1000 {13691 0 0} expected identifier, got '.' } {0 1000 {13691 0 0} expected ':', got '.' } {0 1000 {13691 0 0} expected type expression, got '.' } {0 1000 {13691 0 0} expected ',', got '.' } {0 1000 {13696 0 0} expected ':', got '=' } {0 1000 {13696 0 0} expected type expression, got '=' } {0 1000 {13696 0 0} expected ',', got '=' } {0 1000 {13696 0 0} expected identifier, got '=' } {0 1000 {13696 0 0} expected ':', got '=' } {0 1000 {13696 0 0} expected type expression, got '=' } {0 1000 {13696 0 0} expected ',', got '=' } {0 1000 {13702 0 0} expected ':', got '.' } {0 1000 {13702 0 0} expected type expression, got '.' } {0 1000 {13702 0 0} expected ',', got '.' } {0 1000 {13702 0 0} expected identifier, got '.' } {0 1000 {13702 0 0} expected ':', got '.' } {0 1000 {13702 0 0} expected type expression, got '.' } {0 1000 {13702 0 0} expected ',', got '.' } {0 1000 {13707 0 0} expected ':', got '+' } {0 1000 {13707 0 0} expected type expression, got '+' } {0 1000 {13707 0 0} expected ',', got '+' } {0 1000 {13707 0 0} expected identifier, got '+' } {0 1000 {13707 0 0} expected ':', got '+' } {0 1000 {13707 0 0} expected type expression, got '+' } {0 1000 {13707 0 0} expected ',', got '+' } {0 1000 {13709 0 0} expected identifier, got integer literal } {0 1000 {13709 0 0} expected ':', got integer literal } {0 1000 {13709 0 0} expected type expression, got integer literal } {0 1000 {13709 0 0} expected ',', got integer literal } {0 1000 {13727 0 0} expected ':', got '.' } {0 1000 {13727 0 0} expected type expression, got '.' } {0 1000 {13727 0 0} expected ',', got '.' } {0 1000 {13727 0 0} expected identifier, got '.' } {0 1000 {13727 0 0} expected ':', got '.' } {0 1000 {13727 0 0} expected type expression, got '.' } {0 1000 {13727 0 0} expected ',', got '.' } {0 1000 {13732 0 0} expected ':', got '(' } {0 1000 {13732 0 0} expected type expression, got '(' } {0 1000 {13732 0 0} expected ',', got '(' } {0 1000 {13732 0 0} expected identifier, got '(' } {0 1000 {13732 0 0} expected ':', got '(' } {0 1000 {13732 0 0} expected type expression, got '(' } {0 1000 {13732 0 0} expected ',', got '(' } {0 1000 {13746 0 0} expected ':', got ',' } {0 1000 {13746 0 0} expected type expression, got ',' } {0 1000 {13753 0 0} expected ':', got ',' } {0 1000 {13753 0 0} expected type expression, got ',' } {0 1000 {13755 0 0} expected identifier, got integer literal } {0 1000 {13755 0 0} expected ':', got integer literal } {0 1000 {13755 0 0} expected type expression, got integer literal } {0 1000 {13755 0 0} expected ',', got integer literal } {0 1000 {13756 0 0} expected identifier, got ')' } {0 1000 {13756 0 0} expected ':', got ')' } {0 1000 {13756 0 0} expected type expression, got ')' } {0 1000 {13756 0 0} expected ',', got ')' } {0 1000 {13770 0 0} expected identifier, got 'return' } {0 1000 {13770 0 0} expected ':', got 'return' } {0 1000 {13770 0 0} expected type expression, got 'return' } {0 1000 {13770 0 0} expected ',', got 'return' } {0 1000 {13776 0 0} expected identifier, got DEDENT } {0 1000 {13776 0 0} expected ':', got DEDENT } {0 1000 {13776 0 0} expected type expression, got DEDENT } {0 1000 {13776 0 0} expected ',', got DEDENT } {0 1000 {13785 0 0} expected identifier, got 'if' } {0 1000 {13785 0 0} expected ':', got 'if' } {0 1000 {13785 0 0} expected type expression, got 'if' } {0 1000 {13785 0 0} expected ',', got 'if' } {0 1000 {13790 0 0} expected ':', got '==' } {0 1000 {13790 0 0} expected type expression, got '==' } {0 1000 {13790 0 0} expected ',', got '==' } {0 1000 {13790 0 0} expected identifier, got '==' } {0 1000 {13790 0 0} expected ':', got '==' } {0 1000 {13790 0 0} expected type expression, got '==' } {0 1000 {13790 0 0} expected ',', got '==' } {0 1000 {13793 0 0} expected identifier, got integer literal } {0 1000 {13793 0 0} expected ':', got integer literal } {0 1000 {13793 0 0} expected type expression, got integer literal } {0 1000 {13793 0 0} expected ',', got integer literal } {0 1000 {13796 0 0} expected identifier, got '&' } {0 1000 {13796 0 0} expected ':', got '&' } {0 1000 {13796 0 0} expected type expression, got '&' } {0 1000 {13796 0 0} expected ',', got '&' } {0 1000 {13797 0 0} expected identifier, got '&' } {0 1000 {13797 0 0} expected ':', got '&' } {0 1000 {13797 0 0} expected type expression, got '&' } {0 1000 {13797 0 0} expected ',', got '&' } {0 1000 {13804 0 0} expected ':', got '==' } {0 1000 {13804 0 0} expected type expression, got '==' } {0 1000 {13804 0 0} expected ',', got '==' } {0 1000 {13804 0 0} expected identifier, got '==' } {0 1000 {13804 0 0} expected ':', got '==' } {0 1000 {13804 0 0} expected type expression, got '==' } {0 1000 {13804 0 0} expected ',', got '==' } {0 1000 {13807 0 0} expected identifier, got integer literal } {0 1000 {13807 0 0} expected ':', got integer literal } {0 1000 {13807 0 0} expected type expression, got integer literal } {0 1000 {13807 0 0} expected ',', got integer literal } {0 1000 {13809 0 0} expected identifier, got ':' } {0 1000 {13810 0 0} expected type expression, got INDENT } {0 1000 {13810 0 0} expected ',', got INDENT } {0 1000 {13810 0 0} expected identifier, got INDENT } {0 1000 {13810 0 0} expected ':', got INDENT } {0 1000 {13810 0 0} expected type expression, got INDENT } {0 1000 {13810 0 0} expected ',', got INDENT } {0 1000 {13827 0 0} expected ':', got '.' } {0 1000 {13827 0 0} expected type expression, got '.' } {0 1000 {13827 0 0} expected ',', got '.' } {0 1000 {13827 0 0} expected identifier, got '.' } {0 1000 {13827 0 0} expected ':', got '.' } {0 1000 {13827 0 0} expected type expression, got '.' } {0 1000 {13827 0 0} expected ',', got '.' } {0 1000 {13832 0 0} expected ':', got '=' } {0 1000 {13832 0 0} expected type expression, got '=' } {0 1000 {13832 0 0} expected ',', got '=' } {0 1000 {13832 0 0} expected identifier, got '=' } {0 1000 {13832 0 0} expected ':', got '=' } {0 1000 {13832 0 0} expected type expression, got '=' } {0 1000 {13832 0 0} expected ',', got '=' } {0 1000 {13838 0 0} expected ':', got '.' } {0 1000 {13838 0 0} expected type expression, got '.' } {0 1000 {13838 0 0} expected ',', got '.' } {0 1000 {13838 0 0} expected identifier, got '.' } {0 1000 {13838 0 0} expected ':', got '.' } {0 1000 {13838 0 0} expected type expression, got '.' } {0 1000 {13838 0 0} expected ',', got '.' } {0 1000 {13843 0 0} expected ':', got '+' } {0 1000 {13843 0 0} expected type expression, got '+' } {0 1000 {13843 0 0} expected ',', got '+' } {0 1000 {13843 0 0} expected identifier, got '+' } {0 1000 {13843 0 0} expected ':', got '+' } {0 1000 {13843 0 0} expected type expression, got '+' } {0 1000 {13843 0 0} expected ',', got '+' } {0 1000 {13845 0 0} expected identifier, got integer literal } {0 1000 {13845 0 0} expected ':', got integer literal } {0 1000 {13845 0 0} expected type expression, got integer literal } {0 1000 {13845 0 0} expected ',', got integer literal } {0 1000 {13863 0 0} expected ':', got '.' } {0 1000 {13863 0 0} expected type expression, got '.' } {0 1000 {13863 0 0} expected ',', got '.' } {0 1000 {13863 0 0} expected identifier, got '.' } {0 1000 {13863 0 0} expected ':', got '.' } {0 1000 {13863 0 0} expected type expression, got '.' } {0 1000 {13863 0 0} expected ',', got '.' } {0 1000 {13868 0 0} expected ':', got '(' } {0 1000 {13868 0 0} expected type expression, got '(' } {0 1000 {13868 0 0} expected ',', got '(' } {0 1000 {13868 0 0} expected identifier, got '(' } {0 1000 {13868 0 0} expected ':', got '(' } {0 1000 {13868 0 0} expected type expression, got '(' } {0 1000 {13868 0 0} expected ',', got '(' } {0 1000 {13880 0 0} expected ':', got ',' } {0 1000 {13880 0 0} expected type expression, got ',' } {0 1000 {13887 0 0} expected ':', got ',' } {0 1000 {13887 0 0} expected type expression, got ',' } {0 1000 {13889 0 0} expected identifier, got integer literal } {0 1000 {13889 0 0} expected ':', got integer literal } {0 1000 {13889 0 0} expected type expression, got integer literal } {0 1000 {13889 0 0} expected ',', got integer literal } {0 1000 {13890 0 0} expected identifier, got ')' } {0 1000 {13890 0 0} expected ':', got ')' } {0 1000 {13890 0 0} expected type expression, got ')' } {0 1000 {13890 0 0} expected ',', got ')' } {0 1000 {13904 0 0} expected identifier, got 'return' } {0 1000 {13904 0 0} expected ':', got 'return' } {0 1000 {13904 0 0} expected type expression, got 'return' } {0 1000 {13904 0 0} expected ',', got 'return' } {0 1000 {13910 0 0} expected identifier, got DEDENT } {0 1000 {13910 0 0} expected ':', got DEDENT } {0 1000 {13910 0 0} expected type expression, got DEDENT } {0 1000 {13910 0 0} expected ',', got DEDENT } {0 1000 {13910 0 0} expected identifier, got DEDENT } {0 1000 {13910 0 0} expected ':', got DEDENT } {0 1000 {13910 0 0} expected type expression, got DEDENT } {0 1000 {13910 0 0} expected ',', got DEDENT } {0 1000 {13916 0 0} expected identifier, got 'if' } {0 1000 {13916 0 0} expected ':', got 'if' } {0 1000 {13916 0 0} expected type expression, got 'if' } {0 1000 {13916 0 0} expected ',', got 'if' } {0 1000 {13921 0 0} expected ':', got '==' } {0 1000 {13921 0 0} expected type expression, got '==' } {0 1000 {13921 0 0} expected ',', got '==' } {0 1000 {13921 0 0} expected identifier, got '==' } {0 1000 {13921 0 0} expected ':', got '==' } {0 1000 {13921 0 0} expected type expression, got '==' } {0 1000 {13921 0 0} expected ',', got '==' } {0 1000 {13924 0 0} expected identifier, got integer literal } {0 1000 {13924 0 0} expected ':', got integer literal } {0 1000 {13924 0 0} expected type expression, got integer literal } {0 1000 {13924 0 0} expected ',', got integer literal } {0 1000 {13926 0 0} expected identifier, got ':' } {0 1000 {13934 0 0} expected type expression, got INDENT } {0 1000 {13934 0 0} expected ',', got INDENT } {0 1000 {13934 0 0} expected identifier, got INDENT } {0 1000 {13934 0 0} expected ':', got INDENT } {0 1000 {13934 0 0} expected type expression, got INDENT } {0 1000 {13934 0 0} expected ',', got INDENT } {0 1000 {13947 0 0} expected ':', got '.' } {0 1000 {13947 0 0} expected type expression, got '.' } {0 1000 {13947 0 0} expected ',', got '.' } {0 1000 {13947 0 0} expected identifier, got '.' } {0 1000 {13947 0 0} expected ':', got '.' } {0 1000 {13947 0 0} expected type expression, got '.' } {0 1000 {13947 0 0} expected ',', got '.' } {0 1000 {13952 0 0} expected ':', got '=' } {0 1000 {13952 0 0} expected type expression, got '=' } {0 1000 {13952 0 0} expected ',', got '=' } {0 1000 {13952 0 0} expected identifier, got '=' } {0 1000 {13952 0 0} expected ':', got '=' } {0 1000 {13952 0 0} expected type expression, got '=' } {0 1000 {13952 0 0} expected ',', got '=' } {0 1000 {13958 0 0} expected ':', got '.' } {0 1000 {13958 0 0} expected type expression, got '.' } {0 1000 {13958 0 0} expected ',', got '.' } {0 1000 {13958 0 0} expected identifier, got '.' } {0 1000 {13958 0 0} expected ':', got '.' } {0 1000 {13958 0 0} expected type expression, got '.' } {0 1000 {13958 0 0} expected ',', got '.' } {0 1000 {13963 0 0} expected ':', got '+' } {0 1000 {13963 0 0} expected type expression, got '+' } {0 1000 {13963 0 0} expected ',', got '+' } {0 1000 {13963 0 0} expected identifier, got '+' } {0 1000 {13963 0 0} expected ':', got '+' } {0 1000 {13963 0 0} expected type expression, got '+' } {0 1000 {13963 0 0} expected ',', got '+' } {0 1000 {13965 0 0} expected identifier, got integer literal } {0 1000 {13965 0 0} expected ':', got integer literal } {0 1000 {13965 0 0} expected type expression, got integer literal } {0 1000 {13965 0 0} expected ',', got integer literal } {0 1000 {13979 0 0} expected ':', got '.' } {0 1000 {13979 0 0} expected type expression, got '.' } {0 1000 {13979 0 0} expected ',', got '.' } {0 1000 {13979 0 0} expected identifier, got '.' } {0 1000 {13979 0 0} expected ':', got '.' } {0 1000 {13979 0 0} expected type expression, got '.' } {0 1000 {13979 0 0} expected ',', got '.' } {0 1000 {13984 0 0} expected ':', got '(' } {0 1000 {13984 0 0} expected type expression, got '(' } {0 1000 {13984 0 0} expected ',', got '(' } {0 1000 {13984 0 0} expected identifier, got '(' } {0 1000 {13984 0 0} expected ':', got '(' } {0 1000 {13984 0 0} expected type expression, got '(' } {0 1000 {13984 0 0} expected ',', got '(' } {0 1000 {13992 0 0} expected ':', got ',' } {0 1000 {13992 0 0} expected type expression, got ',' } {0 1000 {13999 0 0} expected ':', got ',' } {0 1000 {13999 0 0} expected type expression, got ',' } {0 1000 {14001 0 0} expected identifier, got integer literal } {0 1000 {14001 0 0} expected ':', got integer literal } {0 1000 {14001 0 0} expected type expression, got integer literal } {0 1000 {14001 0 0} expected ',', got integer literal } {0 1000 {14002 0 0} expected identifier, got ')' } {0 1000 {14002 0 0} expected ':', got ')' } {0 1000 {14002 0 0} expected type expression, got ')' } {0 1000 {14002 0 0} expected ',', got ')' } {0 1000 {14012 0 0} expected identifier, got 'return' } {0 1000 {14012 0 0} expected ':', got 'return' } {0 1000 {14012 0 0} expected type expression, got 'return' } {0 1000 {14012 0 0} expected ',', got 'return' } {0 1000 {14018 0 0} expected identifier, got DEDENT } {0 1000 {14018 0 0} expected ':', got DEDENT } {0 1000 {14018 0 0} expected type expression, got DEDENT } {0 1000 {14018 0 0} expected ',', got DEDENT } {0 1000 {14023 0 0} expected identifier, got 'if' } {0 1000 {14023 0 0} expected ':', got 'if' } {0 1000 {14023 0 0} expected type expression, got 'if' } {0 1000 {14023 0 0} expected ',', got 'if' } {0 1000 {14028 0 0} expected ':', got '==' } {0 1000 {14028 0 0} expected type expression, got '==' } {0 1000 {14028 0 0} expected ',', got '==' } {0 1000 {14028 0 0} expected identifier, got '==' } {0 1000 {14028 0 0} expected ':', got '==' } {0 1000 {14028 0 0} expected type expression, got '==' } {0 1000 {14028 0 0} expected ',', got '==' } {0 1000 {14031 0 0} expected identifier, got integer literal } {0 1000 {14031 0 0} expected ':', got integer literal } {0 1000 {14031 0 0} expected type expression, got integer literal } {0 1000 {14031 0 0} expected ',', got integer literal } {0 1000 {14033 0 0} expected identifier, got ':' } {0 1000 {14041 0 0} expected type expression, got INDENT } {0 1000 {14041 0 0} expected ',', got INDENT } {0 1000 {14041 0 0} expected identifier, got INDENT } {0 1000 {14041 0 0} expected ':', got INDENT } {0 1000 {14041 0 0} expected type expression, got INDENT } {0 1000 {14041 0 0} expected ',', got INDENT } {0 1000 {14054 0 0} expected ':', got '.' } {0 1000 {14054 0 0} expected type expression, got '.' } {0 1000 {14054 0 0} expected ',', got '.' } {0 1000 {14054 0 0} expected identifier, got '.' } {0 1000 {14054 0 0} expected ':', got '.' } {0 1000 {14054 0 0} expected type expression, got '.' } {0 1000 {14054 0 0} expected ',', got '.' } {0 1000 {14059 0 0} expected ':', got '=' } {0 1000 {14059 0 0} expected type expression, got '=' } {0 1000 {14059 0 0} expected ',', got '=' } {0 1000 {14059 0 0} expected identifier, got '=' } {0 1000 {14059 0 0} expected ':', got '=' } {0 1000 {14059 0 0} expected type expression, got '=' } {0 1000 {14059 0 0} expected ',', got '=' } {0 1000 {14065 0 0} expected ':', got '.' } {0 1000 {14065 0 0} expected type expression, got '.' } {0 1000 {14065 0 0} expected ',', got '.' } {0 1000 {14065 0 0} expected identifier, got '.' } {0 1000 {14065 0 0} expected ':', got '.' } {0 1000 {14065 0 0} expected type expression, got '.' } {0 1000 {14065 0 0} expected ',', got '.' } {0 1000 {14070 0 0} expected ':', got '+' } {0 1000 {14070 0 0} expected type expression, got '+' } {0 1000 {14070 0 0} expected ',', got '+' } {0 1000 {14070 0 0} expected identifier, got '+' } {0 1000 {14070 0 0} expected ':', got '+' } {0 1000 {14070 0 0} expected type expression, got '+' } {0 1000 {14070 0 0} expected ',', got '+' } {0 1000 {14072 0 0} expected identifier, got integer literal } {0 1000 {14072 0 0} expected ':', got integer literal } {0 1000 {14072 0 0} expected type expression, got integer literal } {0 1000 {14072 0 0} expected ',', got integer literal } {0 1000 {14086 0 0} expected ':', got '.' } {0 1000 {14086 0 0} expected type expression, got '.' } {0 1000 {14086 0 0} expected ',', got '.' } {0 1000 {14086 0 0} expected identifier, got '.' } {0 1000 {14086 0 0} expected ':', got '.' } {0 1000 {14086 0 0} expected type expression, got '.' } {0 1000 {14086 0 0} expected ',', got '.' } {0 1000 {14091 0 0} expected ':', got '(' } {0 1000 {14091 0 0} expected type expression, got '(' } {0 1000 {14091 0 0} expected ',', got '(' } {0 1000 {14091 0 0} expected identifier, got '(' } {0 1000 {14091 0 0} expected ':', got '(' } {0 1000 {14091 0 0} expected type expression, got '(' } {0 1000 {14091 0 0} expected ',', got '(' } {0 1000 {14100 0 0} expected ':', got ',' } {0 1000 {14100 0 0} expected type expression, got ',' } {0 1000 {14107 0 0} expected ':', got ',' } {0 1000 {14107 0 0} expected type expression, got ',' } {0 1000 {14109 0 0} expected identifier, got integer literal } {0 1000 {14109 0 0} expected ':', got integer literal } {0 1000 {14109 0 0} expected type expression, got integer literal } {0 1000 {14109 0 0} expected ',', got integer literal } {0 1000 {14110 0 0} expected identifier, got ')' } {0 1000 {14110 0 0} expected ':', got ')' } {0 1000 {14110 0 0} expected type expression, got ')' } {0 1000 {14110 0 0} expected ',', got ')' } {0 1000 {14120 0 0} expected identifier, got 'return' } {0 1000 {14120 0 0} expected ':', got 'return' } {0 1000 {14120 0 0} expected type expression, got 'return' } {0 1000 {14120 0 0} expected ',', got 'return' } {0 1000 {14126 0 0} expected identifier, got DEDENT } {0 1000 {14126 0 0} expected ':', got DEDENT } {0 1000 {14126 0 0} expected type expression, got DEDENT } {0 1000 {14126 0 0} expected ',', got DEDENT } {0 1000 {14131 0 0} expected identifier, got 'if' } {0 1000 {14131 0 0} expected ':', got 'if' } {0 1000 {14131 0 0} expected type expression, got 'if' } {0 1000 {14131 0 0} expected ',', got 'if' } {0 1000 {14136 0 0} expected ':', got '==' } {0 1000 {14136 0 0} expected type expression, got '==' } {0 1000 {14136 0 0} expected ',', got '==' } {0 1000 {14136 0 0} expected identifier, got '==' } {0 1000 {14136 0 0} expected ':', got '==' } {0 1000 {14136 0 0} expected type expression, got '==' } {0 1000 {14136 0 0} expected ',', got '==' } {0 1000 {14139 0 0} expected identifier, got integer literal } {0 1000 {14139 0 0} expected ':', got integer literal } {0 1000 {14139 0 0} expected type expression, got integer literal } {0 1000 {14139 0 0} expected ',', got integer literal } {0 1000 {14141 0 0} expected identifier, got ':' } {0 1000 {14149 0 0} expected type expression, got INDENT } {0 1000 {14149 0 0} expected ',', got INDENT } {0 1000 {14149 0 0} expected identifier, got INDENT } {0 1000 {14149 0 0} expected ':', got INDENT } {0 1000 {14149 0 0} expected type expression, got INDENT } {0 1000 {14149 0 0} expected ',', got INDENT } {0 1000 {14162 0 0} expected ':', got '.' } {0 1000 {14162 0 0} expected type expression, got '.' } {0 1000 {14162 0 0} expected ',', got '.' } {0 1000 {14162 0 0} expected identifier, got '.' } {0 1000 {14162 0 0} expected ':', got '.' } {0 1000 {14162 0 0} expected type expression, got '.' } {0 1000 {14162 0 0} expected ',', got '.' } {0 1000 {14167 0 0} expected ':', got '=' } {0 1000 {14167 0 0} expected type expression, got '=' } {0 1000 {14167 0 0} expected ',', got '=' } {0 1000 {14167 0 0} expected identifier, got '=' } {0 1000 {14167 0 0} expected ':', got '=' } {0 1000 {14167 0 0} expected type expression, got '=' } {0 1000 {14167 0 0} expected ',', got '=' } {0 1000 {14173 0 0} expected ':', got '.' } {0 1000 {14173 0 0} expected type expression, got '.' } {0 1000 {14173 0 0} expected ',', got '.' } {0 1000 {14173 0 0} expected identifier, got '.' } {0 1000 {14173 0 0} expected ':', got '.' } {0 1000 {14173 0 0} expected type expression, got '.' } {0 1000 {14173 0 0} expected ',', got '.' } {0 1000 {14178 0 0} expected ':', got '+' } {0 1000 {14178 0 0} expected type expression, got '+' } {0 1000 {14178 0 0} expected ',', got '+' } {0 1000 {14178 0 0} expected identifier, got '+' } {0 1000 {14178 0 0} expected ':', got '+' } {0 1000 {14178 0 0} expected type expression, got '+' } {0 1000 {14178 0 0} expected ',', got '+' } {0 1000 {14180 0 0} expected identifier, got integer literal } {0 1000 {14180 0 0} expected ':', got integer literal } {0 1000 {14180 0 0} expected type expression, got integer literal } {0 1000 {14180 0 0} expected ',', got integer literal } {0 1000 {14194 0 0} expected ':', got '.' } {0 1000 {14194 0 0} expected type expression, got '.' } {0 1000 {14194 0 0} expected ',', got '.' } {0 1000 {14194 0 0} expected identifier, got '.' } {0 1000 {14194 0 0} expected ':', got '.' } {0 1000 {14194 0 0} expected type expression, got '.' } {0 1000 {14194 0 0} expected ',', got '.' } {0 1000 {14199 0 0} expected ':', got '(' } {0 1000 {14199 0 0} expected type expression, got '(' } {0 1000 {14199 0 0} expected ',', got '(' } {0 1000 {14199 0 0} expected identifier, got '(' } {0 1000 {14199 0 0} expected ':', got '(' } {0 1000 {14199 0 0} expected type expression, got '(' } {0 1000 {14199 0 0} expected ',', got '(' } {0 1000 {14207 0 0} expected ':', got ',' } {0 1000 {14207 0 0} expected type expression, got ',' } {0 1000 {14214 0 0} expected ':', got ',' } {0 1000 {14214 0 0} expected type expression, got ',' } {0 1000 {14216 0 0} expected identifier, got integer literal } {0 1000 {14216 0 0} expected ':', got integer literal } {0 1000 {14216 0 0} expected type expression, got integer literal } {0 1000 {14216 0 0} expected ',', got integer literal } {0 1000 {14217 0 0} expected identifier, got ')' } {0 1000 {14217 0 0} expected ':', got ')' } {0 1000 {14217 0 0} expected type expression, got ')' } {0 1000 {14217 0 0} expected ',', got ')' } {0 1000 {14227 0 0} expected identifier, got 'return' } {0 1000 {14227 0 0} expected ':', got 'return' } {0 1000 {14227 0 0} expected type expression, got 'return' } {0 1000 {14227 0 0} expected ',', got 'return' } {0 1000 {14233 0 0} expected identifier, got DEDENT } {0 1000 {14233 0 0} expected ':', got DEDENT } {0 1000 {14233 0 0} expected type expression, got DEDENT } {0 1000 {14233 0 0} expected ',', got DEDENT } {0 1000 {14238 0 0} expected identifier, got 'if' } {0 1000 {14238 0 0} expected ':', got 'if' } {0 1000 {14238 0 0} expected type expression, got 'if' } {0 1000 {14238 0 0} expected ',', got 'if' } {0 1000 {14243 0 0} expected ':', got '==' } {0 1000 {14243 0 0} expected type expression, got '==' } {0 1000 {14243 0 0} expected ',', got '==' } {0 1000 {14243 0 0} expected identifier, got '==' } {0 1000 {14243 0 0} expected ':', got '==' } {0 1000 {14243 0 0} expected type expression, got '==' } {0 1000 {14243 0 0} expected ',', got '==' } {0 1000 {14246 0 0} expected identifier, got integer literal } {0 1000 {14246 0 0} expected ':', got integer literal } {0 1000 {14246 0 0} expected type expression, got integer literal } {0 1000 {14246 0 0} expected ',', got integer literal } {0 1000 {14248 0 0} expected identifier, got ':' } {0 1000 {14256 0 0} expected type expression, got INDENT } {0 1000 {14256 0 0} expected ',', got INDENT } {0 1000 {14256 0 0} expected identifier, got INDENT } {0 1000 {14256 0 0} expected ':', got INDENT } {0 1000 {14256 0 0} expected type expression, got INDENT } {0 1000 {14256 0 0} expected ',', got INDENT } {0 1000 {14269 0 0} expected ':', got '.' } {0 1000 {14269 0 0} expected type expression, got '.' } {0 1000 {14269 0 0} expected ',', got '.' } {0 1000 {14269 0 0} expected identifier, got '.' } {0 1000 {14269 0 0} expected ':', got '.' } {0 1000 {14269 0 0} expected type expression, got '.' } {0 1000 {14269 0 0} expected ',', got '.' } {0 1000 {14274 0 0} expected ':', got '=' } {0 1000 {14274 0 0} expected type expression, got '=' } {0 1000 {14274 0 0} expected ',', got '=' } {0 1000 {14274 0 0} expected identifier, got '=' } {0 1000 {14274 0 0} expected ':', got '=' } {0 1000 {14274 0 0} expected type expression, got '=' } {0 1000 {14274 0 0} expected ',', got '=' } {0 1000 {14280 0 0} expected ':', got '.' } {0 1000 {14280 0 0} expected type expression, got '.' } {0 1000 {14280 0 0} expected ',', got '.' } {0 1000 {14280 0 0} expected identifier, got '.' } {0 1000 {14280 0 0} expected ':', got '.' } {0 1000 {14280 0 0} expected type expression, got '.' } {0 1000 {14280 0 0} expected ',', got '.' } {0 1000 {14285 0 0} expected ':', got '+' } {0 1000 {14285 0 0} expected type expression, got '+' } {0 1000 {14285 0 0} expected ',', got '+' } {0 1000 {14285 0 0} expected identifier, got '+' } {0 1000 {14285 0 0} expected ':', got '+' } {0 1000 {14285 0 0} expected type expression, got '+' } {0 1000 {14285 0 0} expected ',', got '+' } {0 1000 {14287 0 0} expected identifier, got integer literal } {0 1000 {14287 0 0} expected ':', got integer literal } {0 1000 {14287 0 0} expected type expression, got integer literal } {0 1000 {14287 0 0} expected ',', got integer literal } {0 1000 {14301 0 0} expected ':', got '.' } {0 1000 {14301 0 0} expected type expression, got '.' } {0 1000 {14301 0 0} expected ',', got '.' } {0 1000 {14301 0 0} expected identifier, got '.' } {0 1000 {14301 0 0} expected ':', got '.' } {0 1000 {14301 0 0} expected type expression, got '.' } {0 1000 {14301 0 0} expected ',', got '.' } {0 1000 {14306 0 0} expected ':', got '(' } {0 1000 {14306 0 0} expected type expression, got '(' } {0 1000 {14306 0 0} expected ',', got '(' } {0 1000 {14306 0 0} expected identifier, got '(' } {0 1000 {14306 0 0} expected ':', got '(' } {0 1000 {14306 0 0} expected type expression, got '(' } {0 1000 {14306 0 0} expected ',', got '(' } {0 1000 {14315 0 0} expected ':', got ',' } {0 1000 {14315 0 0} expected type expression, got ',' } {0 1000 {14322 0 0} expected ':', got ',' } {0 1000 {14322 0 0} expected type expression, got ',' } {0 1000 {14324 0 0} expected identifier, got integer literal } {0 1000 {14324 0 0} expected ':', got integer literal } {0 1000 {14324 0 0} expected type expression, got integer literal } {0 1000 {14324 0 0} expected ',', got integer literal } {0 1000 {14325 0 0} expected identifier, got ')' } {0 1000 {14325 0 0} expected ':', got ')' } {0 1000 {14325 0 0} expected type expression, got ')' } {0 1000 {14325 0 0} expected ',', got ')' } {0 1000 {14335 0 0} expected identifier, got 'return' } {0 1000 {14335 0 0} expected ':', got 'return' } {0 1000 {14335 0 0} expected type expression, got 'return' } {0 1000 {14335 0 0} expected ',', got 'return' } {0 1000 {14341 0 0} expected identifier, got DEDENT } {0 1000 {14341 0 0} expected ':', got DEDENT } {0 1000 {14341 0 0} expected type expression, got DEDENT } {0 1000 {14341 0 0} expected ',', got DEDENT } {0 1000 {14346 0 0} expected identifier, got 'if' } {0 1000 {14346 0 0} expected ':', got 'if' } {0 1000 {14346 0 0} expected type expression, got 'if' } {0 1000 {14346 0 0} expected ',', got 'if' } {0 1000 {14351 0 0} expected ':', got '==' } {0 1000 {14351 0 0} expected type expression, got '==' } {0 1000 {14351 0 0} expected ',', got '==' } {0 1000 {14351 0 0} expected identifier, got '==' } {0 1000 {14351 0 0} expected ':', got '==' } {0 1000 {14351 0 0} expected type expression, got '==' } {0 1000 {14351 0 0} expected ',', got '==' } {0 1000 {14354 0 0} expected identifier, got integer literal } {0 1000 {14354 0 0} expected ':', got integer literal } {0 1000 {14354 0 0} expected type expression, got integer literal } {0 1000 {14354 0 0} expected ',', got integer literal } {0 1000 {14356 0 0} expected identifier, got ':' } {0 1000 {14364 0 0} expected type expression, got INDENT } {0 1000 {14364 0 0} expected ',', got INDENT } {0 1000 {14364 0 0} expected identifier, got INDENT } {0 1000 {14364 0 0} expected ':', got INDENT } {0 1000 {14364 0 0} expected type expression, got INDENT } {0 1000 {14364 0 0} expected ',', got INDENT } {0 1000 {14377 0 0} expected ':', got '.' } {0 1000 {14377 0 0} expected type expression, got '.' } {0 1000 {14377 0 0} expected ',', got '.' } {0 1000 {14377 0 0} expected identifier, got '.' } {0 1000 {14377 0 0} expected ':', got '.' } {0 1000 {14377 0 0} expected type expression, got '.' } {0 1000 {14377 0 0} expected ',', got '.' } {0 1000 {14382 0 0} expected ':', got '=' } {0 1000 {14382 0 0} expected type expression, got '=' } {0 1000 {14382 0 0} expected ',', got '=' } {0 1000 {14382 0 0} expected identifier, got '=' } {0 1000 {14382 0 0} expected ':', got '=' } {0 1000 {14382 0 0} expected type expression, got '=' } {0 1000 {14382 0 0} expected ',', got '=' } {0 1000 {14388 0 0} expected ':', got '.' } {0 1000 {14388 0 0} expected type expression, got '.' } {0 1000 {14388 0 0} expected ',', got '.' } {0 1000 {14388 0 0} expected identifier, got '.' } {0 1000 {14388 0 0} expected ':', got '.' } {0 1000 {14388 0 0} expected type expression, got '.' } {0 1000 {14388 0 0} expected ',', got '.' } {0 1000 {14393 0 0} expected ':', got '+' } {0 1000 {14393 0 0} expected type expression, got '+' } {0 1000 {14393 0 0} expected ',', got '+' } {0 1000 {14393 0 0} expected identifier, got '+' } {0 1000 {14393 0 0} expected ':', got '+' } {0 1000 {14393 0 0} expected type expression, got '+' } {0 1000 {14393 0 0} expected ',', got '+' } {0 1000 {14395 0 0} expected identifier, got integer literal } {0 1000 {14395 0 0} expected ':', got integer literal } {0 1000 {14395 0 0} expected type expression, got integer literal } {0 1000 {14395 0 0} expected ',', got integer literal } {0 1000 {14409 0 0} expected ':', got '.' } {0 1000 {14409 0 0} expected type expression, got '.' } {0 1000 {14409 0 0} expected ',', got '.' } {0 1000 {14409 0 0} expected identifier, got '.' } {0 1000 {14409 0 0} expected ':', got '.' } {0 1000 {14409 0 0} expected type expression, got '.' } {0 1000 {14409 0 0} expected ',', got '.' } {0 1000 {14414 0 0} expected ':', got '(' } {0 1000 {14414 0 0} expected type expression, got '(' } {0 1000 {14414 0 0} expected ',', got '(' } {0 1000 {14414 0 0} expected identifier, got '(' } {0 1000 {14414 0 0} expected ':', got '(' } {0 1000 {14414 0 0} expected type expression, got '(' } {0 1000 {14414 0 0} expected ',', got '(' } {0 1000 {14425 0 0} expected ':', got ',' } {0 1000 {14425 0 0} expected type expression, got ',' } {0 1000 {14432 0 0} expected ':', got ',' } {0 1000 {14432 0 0} expected type expression, got ',' } {0 1000 {14434 0 0} expected identifier, got integer literal } {0 1000 {14434 0 0} expected ':', got integer literal } {0 1000 {14434 0 0} expected type expression, got integer literal } {0 1000 {14434 0 0} expected ',', got integer literal } {0 1000 {14435 0 0} expected identifier, got ')' } {0 1000 {14435 0 0} expected ':', got ')' } {0 1000 {14435 0 0} expected type expression, got ')' } {0 1000 {14435 0 0} expected ',', got ')' } {0 1000 {14445 0 0} expected identifier, got 'return' } {0 1000 {14445 0 0} expected ':', got 'return' } {0 1000 {14445 0 0} expected type expression, got 'return' } {0 1000 {14445 0 0} expected ',', got 'return' } {0 1000 {14451 0 0} expected identifier, got DEDENT } {0 1000 {14451 0 0} expected ':', got DEDENT } {0 1000 {14451 0 0} expected type expression, got DEDENT } {0 1000 {14451 0 0} expected ',', got DEDENT } {0 1000 {14456 0 0} expected identifier, got 'if' } {0 1000 {14456 0 0} expected ':', got 'if' } {0 1000 {14456 0 0} expected type expression, got 'if' } {0 1000 {14456 0 0} expected ',', got 'if' } {0 1000 {14461 0 0} expected ':', got '==' } {0 1000 {14461 0 0} expected type expression, got '==' } {0 1000 {14461 0 0} expected ',', got '==' } {0 1000 {14461 0 0} expected identifier, got '==' } {0 1000 {14461 0 0} expected ':', got '==' } {0 1000 {14461 0 0} expected type expression, got '==' } {0 1000 {14461 0 0} expected ',', got '==' } {0 1000 {14464 0 0} expected identifier, got integer literal } {0 1000 {14464 0 0} expected ':', got integer literal } {0 1000 {14464 0 0} expected type expression, got integer literal } {0 1000 {14464 0 0} expected ',', got integer literal } {0 1000 {14466 0 0} expected identifier, got ':' } {0 1000 {14474 0 0} expected type expression, got INDENT } {0 1000 {14474 0 0} expected ',', got INDENT } {0 1000 {14474 0 0} expected identifier, got INDENT } {0 1000 {14474 0 0} expected ':', got INDENT } {0 1000 {14474 0 0} expected type expression, got INDENT } {0 1000 {14474 0 0} expected ',', got INDENT } {0 1000 {14487 0 0} expected ':', got '.' } {0 1000 {14487 0 0} expected type expression, got '.' } {0 1000 {14487 0 0} expected ',', got '.' } {0 1000 {14487 0 0} expected identifier, got '.' } {0 1000 {14487 0 0} expected ':', got '.' } {0 1000 {14487 0 0} expected type expression, got '.' } {0 1000 {14487 0 0} expected ',', got '.' } {0 1000 {14492 0 0} expected ':', got '=' } {0 1000 {14492 0 0} expected type expression, got '=' } {0 1000 {14492 0 0} expected ',', got '=' } {0 1000 {14492 0 0} expected identifier, got '=' } {0 1000 {14492 0 0} expected ':', got '=' } {0 1000 {14492 0 0} expected type expression, got '=' } {0 1000 {14492 0 0} expected ',', got '=' } {0 1000 {14498 0 0} expected ':', got '.' } {0 1000 {14498 0 0} expected type expression, got '.' } {0 1000 {14498 0 0} expected ',', got '.' } {0 1000 {14498 0 0} expected identifier, got '.' } {0 1000 {14498 0 0} expected ':', got '.' } {0 1000 {14498 0 0} expected type expression, got '.' } {0 1000 {14498 0 0} expected ',', got '.' } {0 1000 {14503 0 0} expected ':', got '+' } {0 1000 {14503 0 0} expected type expression, got '+' } {0 1000 {14503 0 0} expected ',', got '+' } {0 1000 {14503 0 0} expected identifier, got '+' } {0 1000 {14503 0 0} expected ':', got '+' } {0 1000 {14503 0 0} expected type expression, got '+' } {0 1000 {14503 0 0} expected ',', got '+' } {0 1000 {14505 0 0} expected identifier, got integer literal } {0 1000 {14505 0 0} expected ':', got integer literal } {0 1000 {14505 0 0} expected type expression, got integer literal } {0 1000 {14505 0 0} expected ',', got integer literal } {0 1000 {14519 0 0} expected ':', got '.' } {0 1000 {14519 0 0} expected type expression, got '.' } {0 1000 {14519 0 0} expected ',', got '.' } {0 1000 {14519 0 0} expected identifier, got '.' } {0 1000 {14519 0 0} expected ':', got '.' } {0 1000 {14519 0 0} expected type expression, got '.' } {0 1000 {14519 0 0} expected ',', got '.' } {0 1000 {14524 0 0} expected ':', got '(' } {0 1000 {14524 0 0} expected type expression, got '(' } {0 1000 {14524 0 0} expected ',', got '(' } {0 1000 {14524 0 0} expected identifier, got '(' } {0 1000 {14524 0 0} expected ':', got '(' } {0 1000 {14524 0 0} expected type expression, got '(' } {0 1000 {14524 0 0} expected ',', got '(' } {0 1000 {14530 0 0} expected ':', got ',' } {0 1000 {14530 0 0} expected type expression, got ',' } {0 1000 {14537 0 0} expected ':', got ',' } {0 1000 {14537 0 0} expected type expression, got ',' } {0 1000 {14539 0 0} expected identifier, got integer literal } {0 1000 {14539 0 0} expected ':', got integer literal } {0 1000 {14539 0 0} expected type expression, got integer literal } {0 1000 {14539 0 0} expected ',', got integer literal } {0 1000 {14540 0 0} expected identifier, got ')' } {0 1000 {14540 0 0} expected ':', got ')' } {0 1000 {14540 0 0} expected type expression, got ')' } {0 1000 {14540 0 0} expected ',', got ')' } {0 1000 {14550 0 0} expected identifier, got 'return' } {0 1000 {14550 0 0} expected ':', got 'return' } {0 1000 {14550 0 0} expected type expression, got 'return' } {0 1000 {14550 0 0} expected ',', got 'return' } {0 1000 {14556 0 0} expected identifier, got DEDENT } {0 1000 {14556 0 0} expected ':', got DEDENT } {0 1000 {14556 0 0} expected type expression, got DEDENT } {0 1000 {14556 0 0} expected ',', got DEDENT } {0 1000 {14561 0 0} expected identifier, got 'if' } {0 1000 {14561 0 0} expected ':', got 'if' } {0 1000 {14561 0 0} expected type expression, got 'if' } {0 1000 {14561 0 0} expected ',', got 'if' } {0 1000 {14566 0 0} expected ':', got '==' } {0 1000 {14566 0 0} expected type expression, got '==' } {0 1000 {14566 0 0} expected ',', got '==' } {0 1000 {14566 0 0} expected identifier, got '==' } {0 1000 {14566 0 0} expected ':', got '==' } {0 1000 {14566 0 0} expected type expression, got '==' } {0 1000 {14566 0 0} expected ',', got '==' } {0 1000 {14569 0 0} expected identifier, got integer literal } {0 1000 {14569 0 0} expected ':', got integer literal } {0 1000 {14569 0 0} expected type expression, got integer literal } {0 1000 {14569 0 0} expected ',', got integer literal } {0 1000 {14571 0 0} expected identifier, got ':' } {0 1000 {14579 0 0} expected type expression, got INDENT } {0 1000 {14579 0 0} expected ',', got INDENT } {0 1000 {14579 0 0} expected identifier, got INDENT } {0 1000 {14579 0 0} expected ':', got INDENT } {0 1000 {14579 0 0} expected type expression, got INDENT } {0 1000 {14579 0 0} expected ',', got INDENT } {0 1000 {14592 0 0} expected ':', got '.' } {0 1000 {14592 0 0} expected type expression, got '.' } {0 1000 {14592 0 0} expected ',', got '.' } {0 1000 {14592 0 0} expected identifier, got '.' } {0 1000 {14592 0 0} expected ':', got '.' } {0 1000 {14592 0 0} expected type expression, got '.' } {0 1000 {14592 0 0} expected ',', got '.' } {0 1000 {14597 0 0} expected ':', got '=' } {0 1000 {14597 0 0} expected type expression, got '=' } {0 1000 {14597 0 0} expected ',', got '=' } {0 1000 {14597 0 0} expected identifier, got '=' } {0 1000 {14597 0 0} expected ':', got '=' } {0 1000 {14597 0 0} expected type expression, got '=' } {0 1000 {14597 0 0} expected ',', got '=' } {0 1000 {14603 0 0} expected ':', got '.' } {0 1000 {14603 0 0} expected type expression, got '.' } {0 1000 {14603 0 0} expected ',', got '.' } {0 1000 {14603 0 0} expected identifier, got '.' } {0 1000 {14603 0 0} expected ':', got '.' } {0 1000 {14603 0 0} expected type expression, got '.' } {0 1000 {14603 0 0} expected ',', got '.' } {0 1000 {14608 0 0} expected ':', got '+' } {0 1000 {14608 0 0} expected type expression, got '+' } {0 1000 {14608 0 0} expected ',', got '+' } {0 1000 {14608 0 0} expected identifier, got '+' } {0 1000 {14608 0 0} expected ':', got '+' } {0 1000 {14608 0 0} expected type expression, got '+' } {0 1000 {14608 0 0} expected ',', got '+' } {0 1000 {14610 0 0} expected identifier, got integer literal } {0 1000 {14610 0 0} expected ':', got integer literal } {0 1000 {14610 0 0} expected type expression, got integer literal } {0 1000 {14610 0 0} expected ',', got integer literal } {0 1000 {14624 0 0} expected ':', got '.' } {0 1000 {14624 0 0} expected type expression, got '.' } {0 1000 {14624 0 0} expected ',', got '.' } {0 1000 {14624 0 0} expected identifier, got '.' } {0 1000 {14624 0 0} expected ':', got '.' } {0 1000 {14624 0 0} expected type expression, got '.' } {0 1000 {14624 0 0} expected ',', got '.' } {0 1000 {14629 0 0} expected ':', got '(' } {0 1000 {14629 0 0} expected type expression, got '(' } {0 1000 {14629 0 0} expected ',', got '(' } {0 1000 {14629 0 0} expected identifier, got '(' } {0 1000 {14629 0 0} expected ':', got '(' } {0 1000 {14629 0 0} expected type expression, got '(' } {0 1000 {14629 0 0} expected ',', got '(' } {0 1000 {14635 0 0} expected ':', got ',' } {0 1000 {14635 0 0} expected type expression, got ',' } {0 1000 {14642 0 0} expected ':', got ',' } {0 1000 {14642 0 0} expected type expression, got ',' } {0 1000 {14644 0 0} expected identifier, got integer literal } {0 1000 {14644 0 0} expected ':', got integer literal } {0 1000 {14644 0 0} expected type expression, got integer literal } {0 1000 {14644 0 0} expected ',', got integer literal } {0 1000 {14645 0 0} expected identifier, got ')' } {0 1000 {14645 0 0} expected ':', got ')' } {0 1000 {14645 0 0} expected type expression, got ')' } {0 1000 {14645 0 0} expected ',', got ')' } {0 1000 {14655 0 0} expected identifier, got 'return' } {0 1000 {14655 0 0} expected ':', got 'return' } {0 1000 {14655 0 0} expected type expression, got 'return' } {0 1000 {14655 0 0} expected ',', got 'return' } {0 1000 {14661 0 0} expected identifier, got DEDENT } {0 1000 {14661 0 0} expected ':', got DEDENT } {0 1000 {14661 0 0} expected type expression, got DEDENT } {0 1000 {14661 0 0} expected ',', got DEDENT } {0 1000 {14666 0 0} expected identifier, got 'if' } {0 1000 {14666 0 0} expected ':', got 'if' } {0 1000 {14666 0 0} expected type expression, got 'if' } {0 1000 {14666 0 0} expected ',', got 'if' } {0 1000 {14671 0 0} expected ':', got '==' } {0 1000 {14671 0 0} expected type expression, got '==' } {0 1000 {14671 0 0} expected ',', got '==' } {0 1000 {14671 0 0} expected identifier, got '==' } {0 1000 {14671 0 0} expected ':', got '==' } {0 1000 {14671 0 0} expected type expression, got '==' } {0 1000 {14671 0 0} expected ',', got '==' } {0 1000 {14674 0 0} expected identifier, got integer literal } {0 1000 {14674 0 0} expected ':', got integer literal } {0 1000 {14674 0 0} expected type expression, got integer literal } {0 1000 {14674 0 0} expected ',', got integer literal } {0 1000 {14676 0 0} expected identifier, got ':' } {0 1000 {14684 0 0} expected type expression, got INDENT } {0 1000 {14684 0 0} expected ',', got INDENT } {0 1000 {14684 0 0} expected identifier, got INDENT } {0 1000 {14684 0 0} expected ':', got INDENT } {0 1000 {14684 0 0} expected type expression, got INDENT } {0 1000 {14684 0 0} expected ',', got INDENT } {0 1000 {14697 0 0} expected ':', got '.' } {0 1000 {14697 0 0} expected type expression, got '.' } {0 1000 {14697 0 0} expected ',', got '.' } {0 1000 {14697 0 0} expected identifier, got '.' } {0 1000 {14697 0 0} expected ':', got '.' } {0 1000 {14697 0 0} expected type expression, got '.' } {0 1000 {14697 0 0} expected ',', got '.' } {0 1000 {14702 0 0} expected ':', got '=' } {0 1000 {14702 0 0} expected type expression, got '=' } {0 1000 {14702 0 0} expected ',', got '=' } {0 1000 {14702 0 0} expected identifier, got '=' } {0 1000 {14702 0 0} expected ':', got '=' } {0 1000 {14702 0 0} expected type expression, got '=' } {0 1000 {14702 0 0} expected ',', got '=' } {0 1000 {14708 0 0} expected ':', got '.' } {0 1000 {14708 0 0} expected type expression, got '.' } {0 1000 {14708 0 0} expected ',', got '.' } {0 1000 {14708 0 0} expected identifier, got '.' } {0 1000 {14708 0 0} expected ':', got '.' } {0 1000 {14708 0 0} expected type expression, got '.' } {0 1000 {14708 0 0} expected ',', got '.' } {0 1000 {14713 0 0} expected ':', got '+' } {0 1000 {14713 0 0} expected type expression, got '+' } {0 1000 {14713 0 0} expected ',', got '+' } {0 1000 {14713 0 0} expected identifier, got '+' } {0 1000 {14713 0 0} expected ':', got '+' } {0 1000 {14713 0 0} expected type expression, got '+' } {0 1000 {14713 0 0} expected ',', got '+' } {0 1000 {14715 0 0} expected identifier, got integer literal } {0 1000 {14715 0 0} expected ':', got integer literal } {0 1000 {14715 0 0} expected type expression, got integer literal } {0 1000 {14715 0 0} expected ',', got integer literal } {0 1000 {14729 0 0} expected ':', got '.' } {0 1000 {14729 0 0} expected type expression, got '.' } {0 1000 {14729 0 0} expected ',', got '.' } {0 1000 {14729 0 0} expected identifier, got '.' } {0 1000 {14729 0 0} expected ':', got '.' } {0 1000 {14729 0 0} expected type expression, got '.' } {0 1000 {14729 0 0} expected ',', got '.' } {0 1000 {14734 0 0} expected ':', got '(' } {0 1000 {14734 0 0} expected type expression, got '(' } {0 1000 {14734 0 0} expected ',', got '(' } {0 1000 {14734 0 0} expected identifier, got '(' } {0 1000 {14734 0 0} expected ':', got '(' } {0 1000 {14734 0 0} expected type expression, got '(' } {0 1000 {14734 0 0} expected ',', got '(' } {0 1000 {14740 0 0} expected ':', got ',' } {0 1000 {14740 0 0} expected type expression, got ',' } {0 1000 {14747 0 0} expected ':', got ',' } {0 1000 {14747 0 0} expected type expression, got ',' } {0 1000 {14749 0 0} expected identifier, got integer literal } {0 1000 {14749 0 0} expected ':', got integer literal } {0 1000 {14749 0 0} expected type expression, got integer literal } {0 1000 {14749 0 0} expected ',', got integer literal } {0 1000 {14750 0 0} expected identifier, got ')' } {0 1000 {14750 0 0} expected ':', got ')' } {0 1000 {14750 0 0} expected type expression, got ')' } {0 1000 {14750 0 0} expected ',', got ')' } {0 1000 {14760 0 0} expected identifier, got 'return' } {0 1000 {14760 0 0} expected ':', got 'return' } {0 1000 {14760 0 0} expected type expression, got 'return' } {0 1000 {14760 0 0} expected ',', got 'return' } {0 1000 {14766 0 0} expected identifier, got DEDENT } {0 1000 {14766 0 0} expected ':', got DEDENT } {0 1000 {14766 0 0} expected type expression, got DEDENT } {0 1000 {14766 0 0} expected ',', got DEDENT } {0 1000 {14771 0 0} expected identifier, got 'if' } {0 1000 {14771 0 0} expected ':', got 'if' } {0 1000 {14771 0 0} expected type expression, got 'if' } {0 1000 {14771 0 0} expected ',', got 'if' } {0 1000 {14776 0 0} expected ':', got '==' } {0 1000 {14776 0 0} expected type expression, got '==' } {0 1000 {14776 0 0} expected ',', got '==' } {0 1000 {14776 0 0} expected identifier, got '==' } {0 1000 {14776 0 0} expected ':', got '==' } {0 1000 {14776 0 0} expected type expression, got '==' } {0 1000 {14776 0 0} expected ',', got '==' } {0 1000 {14779 0 0} expected identifier, got integer literal } {0 1000 {14779 0 0} expected ':', got integer literal } {0 1000 {14779 0 0} expected type expression, got integer literal } {0 1000 {14779 0 0} expected ',', got integer literal } {0 1000 {14781 0 0} expected identifier, got ':' } {0 1000 {14789 0 0} expected type expression, got INDENT } {0 1000 {14789 0 0} expected ',', got INDENT } {0 1000 {14789 0 0} expected identifier, got INDENT } {0 1000 {14789 0 0} expected ':', got INDENT } {0 1000 {14789 0 0} expected type expression, got INDENT } {0 1000 {14789 0 0} expected ',', got INDENT } {0 1000 {14802 0 0} expected ':', got '.' } {0 1000 {14802 0 0} expected type expression, got '.' } {0 1000 {14802 0 0} expected ',', got '.' } {0 1000 {14802 0 0} expected identifier, got '.' } {0 1000 {14802 0 0} expected ':', got '.' } {0 1000 {14802 0 0} expected type expression, got '.' } {0 1000 {14802 0 0} expected ',', got '.' } {0 1000 {14807 0 0} expected ':', got '=' } {0 1000 {14807 0 0} expected type expression, got '=' } {0 1000 {14807 0 0} expected ',', got '=' } {0 1000 {14807 0 0} expected identifier, got '=' } {0 1000 {14807 0 0} expected ':', got '=' } {0 1000 {14807 0 0} expected type expression, got '=' } {0 1000 {14807 0 0} expected ',', got '=' } {0 1000 {14813 0 0} expected ':', got '.' } {0 1000 {14813 0 0} expected type expression, got '.' } {0 1000 {14813 0 0} expected ',', got '.' } {0 1000 {14813 0 0} expected identifier, got '.' } {0 1000 {14813 0 0} expected ':', got '.' } {0 1000 {14813 0 0} expected type expression, got '.' } {0 1000 {14813 0 0} expected ',', got '.' } {0 1000 {14818 0 0} expected ':', got '+' } {0 1000 {14818 0 0} expected type expression, got '+' } {0 1000 {14818 0 0} expected ',', got '+' } {0 1000 {14818 0 0} expected identifier, got '+' } {0 1000 {14818 0 0} expected ':', got '+' } {0 1000 {14818 0 0} expected type expression, got '+' } {0 1000 {14818 0 0} expected ',', got '+' } {0 1000 {14820 0 0} expected identifier, got integer literal } {0 1000 {14820 0 0} expected ':', got integer literal } {0 1000 {14820 0 0} expected type expression, got integer literal } {0 1000 {14820 0 0} expected ',', got integer literal } {0 1000 {14834 0 0} expected ':', got '.' } {0 1000 {14834 0 0} expected type expression, got '.' } {0 1000 {14834 0 0} expected ',', got '.' } {0 1000 {14834 0 0} expected identifier, got '.' } {0 1000 {14834 0 0} expected ':', got '.' } {0 1000 {14834 0 0} expected type expression, got '.' } {0 1000 {14834 0 0} expected ',', got '.' } {0 1000 {14839 0 0} expected ':', got '(' } {0 1000 {14839 0 0} expected type expression, got '(' } {0 1000 {14839 0 0} expected ',', got '(' } {0 1000 {14839 0 0} expected identifier, got '(' } {0 1000 {14839 0 0} expected ':', got '(' } {0 1000 {14839 0 0} expected type expression, got '(' } {0 1000 {14839 0 0} expected ',', got '(' } {0 1000 {14846 0 0} expected ':', got ',' } {0 1000 {14846 0 0} expected type expression, got ',' } {0 1000 {14853 0 0} expected ':', got ',' } {0 1000 {14853 0 0} expected type expression, got ',' } {0 1000 {14855 0 0} expected identifier, got integer literal } {0 1000 {14855 0 0} expected ':', got integer literal } {0 1000 {14855 0 0} expected type expression, got integer literal } {0 1000 {14855 0 0} expected ',', got integer literal } {0 1000 {14856 0 0} expected identifier, got ')' } {0 1000 {14856 0 0} expected ':', got ')' } {0 1000 {14856 0 0} expected type expression, got ')' } {0 1000 {14856 0 0} expected ',', got ')' } {0 1000 {14866 0 0} expected identifier, got 'return' } {0 1000 {14866 0 0} expected ':', got 'return' } {0 1000 {14866 0 0} expected type expression, got 'return' } {0 1000 {14866 0 0} expected ',', got 'return' } {0 1000 {14872 0 0} expected identifier, got DEDENT } {0 1000 {14872 0 0} expected ':', got DEDENT } {0 1000 {14872 0 0} expected type expression, got DEDENT } {0 1000 {14872 0 0} expected ',', got DEDENT } {0 1000 {14877 0 0} expected identifier, got 'if' } {0 1000 {14877 0 0} expected ':', got 'if' } {0 1000 {14877 0 0} expected type expression, got 'if' } {0 1000 {14877 0 0} expected ',', got 'if' } {0 1000 {14882 0 0} expected ':', got '==' } {0 1000 {14882 0 0} expected type expression, got '==' } {0 1000 {14882 0 0} expected ',', got '==' } {0 1000 {14882 0 0} expected identifier, got '==' } {0 1000 {14882 0 0} expected ':', got '==' } {0 1000 {14882 0 0} expected type expression, got '==' } {0 1000 {14882 0 0} expected ',', got '==' } {0 1000 {14885 0 0} expected identifier, got integer literal } {0 1000 {14885 0 0} expected ':', got integer literal } {0 1000 {14885 0 0} expected type expression, got integer literal } {0 1000 {14885 0 0} expected ',', got integer literal } {0 1000 {14888 0 0} expected identifier, got ':' } {0 1000 {14896 0 0} expected type expression, got INDENT } {0 1000 {14896 0 0} expected ',', got INDENT } {0 1000 {14896 0 0} expected identifier, got INDENT } {0 1000 {14896 0 0} expected ':', got INDENT } {0 1000 {14896 0 0} expected type expression, got INDENT } {0 1000 {14896 0 0} expected ',', got INDENT } {0 1000 {14909 0 0} expected ':', got '.' } {0 1000 {14909 0 0} expected type expression, got '.' } {0 1000 {14909 0 0} expected ',', got '.' } {0 1000 {14909 0 0} expected identifier, got '.' } {0 1000 {14909 0 0} expected ':', got '.' } {0 1000 {14909 0 0} expected type expression, got '.' } {0 1000 {14909 0 0} expected ',', got '.' } {0 1000 {14914 0 0} expected ':', got '=' } {0 1000 {14914 0 0} expected type expression, got '=' } {0 1000 {14914 0 0} expected ',', got '=' } {0 1000 {14914 0 0} expected identifier, got '=' } {0 1000 {14914 0 0} expected ':', got '=' } {0 1000 {14914 0 0} expected type expression, got '=' } {0 1000 {14914 0 0} expected ',', got '=' } {0 1000 {14920 0 0} expected ':', got '.' } {0 1000 {14920 0 0} expected type expression, got '.' } {0 1000 {14920 0 0} expected ',', got '.' } {0 1000 {14920 0 0} expected identifier, got '.' } {0 1000 {14920 0 0} expected ':', got '.' } {0 1000 {14920 0 0} expected type expression, got '.' } {0 1000 {14920 0 0} expected ',', got '.' } {0 1000 {14925 0 0} expected ':', got '+' } {0 1000 {14925 0 0} expected type expression, got '+' } {0 1000 {14925 0 0} expected ',', got '+' } {0 1000 {14925 0 0} expected identifier, got '+' } {0 1000 {14925 0 0} expected ':', got '+' } {0 1000 {14925 0 0} expected type expression, got '+' } {0 1000 {14925 0 0} expected ',', got '+' } {0 1000 {14927 0 0} expected identifier, got integer literal } {0 1000 {14927 0 0} expected ':', got integer literal } {0 1000 {14927 0 0} expected type expression, got integer literal } {0 1000 {14927 0 0} expected ',', got integer literal } {0 1000 {14941 0 0} expected ':', got '.' } {0 1000 {14941 0 0} expected type expression, got '.' } {0 1000 {14941 0 0} expected ',', got '.' } {0 1000 {14941 0 0} expected identifier, got '.' } {0 1000 {14941 0 0} expected ':', got '.' } {0 1000 {14941 0 0} expected type expression, got '.' } {0 1000 {14941 0 0} expected ',', got '.' } {0 1000 {14946 0 0} expected ':', got '(' } {0 1000 {14946 0 0} expected type expression, got '(' } {0 1000 {14946 0 0} expected ',', got '(' } {0 1000 {14946 0 0} expected identifier, got '(' } {0 1000 {14946 0 0} expected ':', got '(' } {0 1000 {14946 0 0} expected type expression, got '(' } {0 1000 {14946 0 0} expected ',', got '(' } {0 1000 {14954 0 0} expected ':', got ',' } {0 1000 {14954 0 0} expected type expression, got ',' } {0 1000 {14961 0 0} expected ':', got ',' } {0 1000 {14961 0 0} expected type expression, got ',' } {0 1000 {14963 0 0} expected identifier, got integer literal } {0 1000 {14963 0 0} expected ':', got integer literal } {0 1000 {14963 0 0} expected type expression, got integer literal } {0 1000 {14963 0 0} expected ',', got integer literal } {0 1000 {14964 0 0} expected identifier, got ')' } {0 1000 {14964 0 0} expected ':', got ')' } {0 1000 {14964 0 0} expected type expression, got ')' } {0 1000 {14964 0 0} expected ',', got ')' } {0 1000 {14974 0 0} expected identifier, got 'return' } {0 1000 {14974 0 0} expected ':', got 'return' } {0 1000 {14974 0 0} expected type expression, got 'return' } {0 1000 {14974 0 0} expected ',', got 'return' } {0 1000 {14980 0 0} expected identifier, got DEDENT } {0 1000 {14980 0 0} expected ':', got DEDENT } {0 1000 {14980 0 0} expected type expression, got DEDENT } {0 1000 {14980 0 0} expected ',', got DEDENT } {0 1000 {14985 0 0} expected identifier, got 'if' } {0 1000 {14985 0 0} expected ':', got 'if' } {0 1000 {14985 0 0} expected type expression, got 'if' } {0 1000 {14985 0 0} expected ',', got 'if' } {0 1000 {14990 0 0} expected ':', got '==' } {0 1000 {14990 0 0} expected type expression, got '==' } {0 1000 {14990 0 0} expected ',', got '==' } {0 1000 {14990 0 0} expected identifier, got '==' } {0 1000 {14990 0 0} expected ':', got '==' } {0 1000 {14990 0 0} expected type expression, got '==' } {0 1000 {14990 0 0} expected ',', got '==' } {0 1000 {14993 0 0} expected identifier, got integer literal } {0 1000 {14993 0 0} expected ':', got integer literal } {0 1000 {14993 0 0} expected type expression, got integer literal } {0 1000 {14993 0 0} expected ',', got integer literal } {0 1000 {14995 0 0} expected identifier, got ':' } {0 1000 {15003 0 0} expected type expression, got INDENT } {0 1000 {15003 0 0} expected ',', got INDENT } {0 1000 {15003 0 0} expected identifier, got INDENT } {0 1000 {15003 0 0} expected ':', got INDENT } {0 1000 {15003 0 0} expected type expression, got INDENT } {0 1000 {15003 0 0} expected ',', got INDENT } {0 1000 {15016 0 0} expected ':', got '.' } {0 1000 {15016 0 0} expected type expression, got '.' } {0 1000 {15016 0 0} expected ',', got '.' } {0 1000 {15016 0 0} expected identifier, got '.' } {0 1000 {15016 0 0} expected ':', got '.' } {0 1000 {15016 0 0} expected type expression, got '.' } {0 1000 {15016 0 0} expected ',', got '.' } {0 1000 {15021 0 0} expected ':', got '=' } {0 1000 {15021 0 0} expected type expression, got '=' } {0 1000 {15021 0 0} expected ',', got '=' } {0 1000 {15021 0 0} expected identifier, got '=' } {0 1000 {15021 0 0} expected ':', got '=' } {0 1000 {15021 0 0} expected type expression, got '=' } {0 1000 {15021 0 0} expected ',', got '=' } {0 1000 {15027 0 0} expected ':', got '.' } {0 1000 {15027 0 0} expected type expression, got '.' } {0 1000 {15027 0 0} expected ',', got '.' } {0 1000 {15027 0 0} expected identifier, got '.' } {0 1000 {15027 0 0} expected ':', got '.' } {0 1000 {15027 0 0} expected type expression, got '.' } {0 1000 {15027 0 0} expected ',', got '.' } {0 1000 {15032 0 0} expected ':', got '+' } {0 1000 {15032 0 0} expected type expression, got '+' } {0 1000 {15032 0 0} expected ',', got '+' } {0 1000 {15032 0 0} expected identifier, got '+' } {0 1000 {15032 0 0} expected ':', got '+' } {0 1000 {15032 0 0} expected type expression, got '+' } {0 1000 {15032 0 0} expected ',', got '+' } {0 1000 {15034 0 0} expected identifier, got integer literal } {0 1000 {15034 0 0} expected ':', got integer literal } {0 1000 {15034 0 0} expected type expression, got integer literal } {0 1000 {15034 0 0} expected ',', got integer literal } {0 1000 {15048 0 0} expected ':', got '.' } {0 1000 {15048 0 0} expected type expression, got '.' } {0 1000 {15048 0 0} expected ',', got '.' } {0 1000 {15048 0 0} expected identifier, got '.' } {0 1000 {15048 0 0} expected ':', got '.' } {0 1000 {15048 0 0} expected type expression, got '.' } {0 1000 {15048 0 0} expected ',', got '.' } {0 1000 {15053 0 0} expected ':', got '(' } {0 1000 {15053 0 0} expected type expression, got '(' } {0 1000 {15053 0 0} expected ',', got '(' } {0 1000 {15053 0 0} expected identifier, got '(' } {0 1000 {15053 0 0} expected ':', got '(' } {0 1000 {15053 0 0} expected type expression, got '(' } {0 1000 {15053 0 0} expected ',', got '(' } {0 1000 {15062 0 0} expected ':', got ',' } {0 1000 {15062 0 0} expected type expression, got ',' } {0 1000 {15069 0 0} expected ':', got ',' } {0 1000 {15069 0 0} expected type expression, got ',' } {0 1000 {15071 0 0} expected identifier, got integer literal } {0 1000 {15071 0 0} expected ':', got integer literal } {0 1000 {15071 0 0} expected type expression, got integer literal } {0 1000 {15071 0 0} expected ',', got integer literal } {0 1000 {15072 0 0} expected identifier, got ')' } {0 1000 {15072 0 0} expected ':', got ')' } {0 1000 {15072 0 0} expected type expression, got ')' } {0 1000 {15072 0 0} expected ',', got ')' } {0 1000 {15082 0 0} expected identifier, got 'return' } {0 1000 {15082 0 0} expected ':', got 'return' } {0 1000 {15082 0 0} expected type expression, got 'return' } {0 1000 {15082 0 0} expected ',', got 'return' } {0 1000 {15088 0 0} expected identifier, got DEDENT } {0 1000 {15088 0 0} expected ':', got DEDENT } {0 1000 {15088 0 0} expected type expression, got DEDENT } {0 1000 {15088 0 0} expected ',', got DEDENT } {0 1000 {15093 0 0} expected identifier, got 'if' } {0 1000 {15093 0 0} expected ':', got 'if' } {0 1000 {15093 0 0} expected type expression, got 'if' } {0 1000 {15093 0 0} expected ',', got 'if' } {0 1000 {15098 0 0} expected ':', got '==' } {0 1000 {15098 0 0} expected type expression, got '==' } {0 1000 {15098 0 0} expected ',', got '==' } {0 1000 {15098 0 0} expected identifier, got '==' } {0 1000 {15098 0 0} expected ':', got '==' } {0 1000 {15098 0 0} expected type expression, got '==' } {0 1000 {15098 0 0} expected ',', got '==' } {0 1000 {15101 0 0} expected identifier, got integer literal } {0 1000 {15101 0 0} expected ':', got integer literal } {0 1000 {15101 0 0} expected type expression, got integer literal } {0 1000 {15101 0 0} expected ',', got integer literal } {0 1000 {15104 0 0} expected identifier, got ':' } {0 1000 {15112 0 0} expected type expression, got INDENT } {0 1000 {15112 0 0} expected ',', got INDENT } {0 1000 {15112 0 0} expected identifier, got INDENT } {0 1000 {15112 0 0} expected ':', got INDENT } {0 1000 {15112 0 0} expected type expression, got INDENT } {0 1000 {15112 0 0} expected ',', got INDENT } {0 1000 {15125 0 0} expected ':', got '.' } {0 1000 {15125 0 0} expected type expression, got '.' } {0 1000 {15125 0 0} expected ',', got '.' } {0 1000 {15125 0 0} expected identifier, got '.' } {0 1000 {15125 0 0} expected ':', got '.' } {0 1000 {15125 0 0} expected type expression, got '.' } {0 1000 {15125 0 0} expected ',', got '.' } {0 1000 {15130 0 0} expected ':', got '=' } {0 1000 {15130 0 0} expected type expression, got '=' } {0 1000 {15130 0 0} expected ',', got '=' } {0 1000 {15130 0 0} expected identifier, got '=' } {0 1000 {15130 0 0} expected ':', got '=' } {0 1000 {15130 0 0} expected type expression, got '=' } {0 1000 {15130 0 0} expected ',', got '=' } {0 1000 {15136 0 0} expected ':', got '.' } {0 1000 {15136 0 0} expected type expression, got '.' } {0 1000 {15136 0 0} expected ',', got '.' } {0 1000 {15136 0 0} expected identifier, got '.' } {0 1000 {15136 0 0} expected ':', got '.' } {0 1000 {15136 0 0} expected type expression, got '.' } {0 1000 {15136 0 0} expected ',', got '.' } {0 1000 {15141 0 0} expected ':', got '+' } {0 1000 {15141 0 0} expected type expression, got '+' } {0 1000 {15141 0 0} expected ',', got '+' } {0 1000 {15141 0 0} expected identifier, got '+' } {0 1000 {15141 0 0} expected ':', got '+' } {0 1000 {15141 0 0} expected type expression, got '+' } {0 1000 {15141 0 0} expected ',', got '+' } {0 1000 {15143 0 0} expected identifier, got integer literal } {0 1000 {15143 0 0} expected ':', got integer literal } {0 1000 {15143 0 0} expected type expression, got integer literal } {0 1000 {15143 0 0} expected ',', got integer literal } {0 1000 {15157 0 0} expected ':', got '.' } {0 1000 {15157 0 0} expected type expression, got '.' } {0 1000 {15157 0 0} expected ',', got '.' } {0 1000 {15157 0 0} expected identifier, got '.' } {0 1000 {15157 0 0} expected ':', got '.' } {0 1000 {15157 0 0} expected type expression, got '.' } {0 1000 {15157 0 0} expected ',', got '.' } {0 1000 {15162 0 0} expected ':', got '(' } {0 1000 {15162 0 0} expected type expression, got '(' } {0 1000 {15162 0 0} expected ',', got '(' } {0 1000 {15162 0 0} expected identifier, got '(' } {0 1000 {15162 0 0} expected ':', got '(' } {0 1000 {15162 0 0} expected type expression, got '(' } {0 1000 {15162 0 0} expected ',', got '(' } {0 1000 {15171 0 0} expected ':', got ',' } {0 1000 {15171 0 0} expected type expression, got ',' } {0 1000 {15178 0 0} expected ':', got ',' } {0 1000 {15178 0 0} expected type expression, got ',' } {0 1000 {15180 0 0} expected identifier, got integer literal } {0 1000 {15180 0 0} expected ':', got integer literal } {0 1000 {15180 0 0} expected type expression, got integer literal } {0 1000 {15180 0 0} expected ',', got integer literal } {0 1000 {15181 0 0} expected identifier, got ')' } {0 1000 {15181 0 0} expected ':', got ')' } {0 1000 {15181 0 0} expected type expression, got ')' } {0 1000 {15181 0 0} expected ',', got ')' } {0 1000 {15191 0 0} expected identifier, got 'return' } {0 1000 {15191 0 0} expected ':', got 'return' } {0 1000 {15191 0 0} expected type expression, got 'return' } {0 1000 {15191 0 0} expected ',', got 'return' } {0 1000 {15197 0 0} expected identifier, got DEDENT } {0 1000 {15197 0 0} expected ':', got DEDENT } {0 1000 {15197 0 0} expected type expression, got DEDENT } {0 1000 {15197 0 0} expected ',', got DEDENT } {0 1000 {15202 0 0} expected identifier, got 'if' } {0 1000 {15202 0 0} expected ':', got 'if' } {0 1000 {15202 0 0} expected type expression, got 'if' } {0 1000 {15202 0 0} expected ',', got 'if' } {0 1000 {15207 0 0} expected ':', got '==' } {0 1000 {15207 0 0} expected type expression, got '==' } {0 1000 {15207 0 0} expected ',', got '==' } {0 1000 {15207 0 0} expected identifier, got '==' } {0 1000 {15207 0 0} expected ':', got '==' } {0 1000 {15207 0 0} expected type expression, got '==' } {0 1000 {15207 0 0} expected ',', got '==' } {0 1000 {15210 0 0} expected identifier, got integer literal } {0 1000 {15210 0 0} expected ':', got integer literal } {0 1000 {15210 0 0} expected type expression, got integer literal } {0 1000 {15210 0 0} expected ',', got integer literal } {0 1000 {15212 0 0} expected identifier, got ':' } {0 1000 {15220 0 0} expected type expression, got INDENT } {0 1000 {15220 0 0} expected ',', got INDENT } {0 1000 {15220 0 0} expected identifier, got INDENT } {0 1000 {15220 0 0} expected ':', got INDENT } {0 1000 {15220 0 0} expected type expression, got INDENT } {0 1000 {15220 0 0} expected ',', got INDENT } {0 1000 {15233 0 0} expected ':', got '.' } {0 1000 {15233 0 0} expected type expression, got '.' } {0 1000 {15233 0 0} expected ',', got '.' } {0 1000 {15233 0 0} expected identifier, got '.' } {0 1000 {15233 0 0} expected ':', got '.' } {0 1000 {15233 0 0} expected type expression, got '.' } {0 1000 {15233 0 0} expected ',', got '.' } {0 1000 {15238 0 0} expected ':', got '=' } {0 1000 {15238 0 0} expected type expression, got '=' } {0 1000 {15238 0 0} expected ',', got '=' } {0 1000 {15238 0 0} expected identifier, got '=' } {0 1000 {15238 0 0} expected ':', got '=' } {0 1000 {15238 0 0} expected type expression, got '=' } {0 1000 {15238 0 0} expected ',', got '=' } {0 1000 {15244 0 0} expected ':', got '.' } {0 1000 {15244 0 0} expected type expression, got '.' } {0 1000 {15244 0 0} expected ',', got '.' } {0 1000 {15244 0 0} expected identifier, got '.' } {0 1000 {15244 0 0} expected ':', got '.' } {0 1000 {15244 0 0} expected type expression, got '.' } {0 1000 {15244 0 0} expected ',', got '.' } {0 1000 {15249 0 0} expected ':', got '+' } {0 1000 {15249 0 0} expected type expression, got '+' } {0 1000 {15249 0 0} expected ',', got '+' } {0 1000 {15249 0 0} expected identifier, got '+' } {0 1000 {15249 0 0} expected ':', got '+' } {0 1000 {15249 0 0} expected type expression, got '+' } {0 1000 {15249 0 0} expected ',', got '+' } {0 1000 {15251 0 0} expected identifier, got integer literal } {0 1000 {15251 0 0} expected ':', got integer literal } {0 1000 {15251 0 0} expected type expression, got integer literal } {0 1000 {15251 0 0} expected ',', got integer literal } {0 1000 {15265 0 0} expected ':', got '.' } {0 1000 {15265 0 0} expected type expression, got '.' } {0 1000 {15265 0 0} expected ',', got '.' } {0 1000 {15265 0 0} expected identifier, got '.' } {0 1000 {15265 0 0} expected ':', got '.' } {0 1000 {15265 0 0} expected type expression, got '.' } {0 1000 {15265 0 0} expected ',', got '.' } {0 1000 {15270 0 0} expected ':', got '(' } {0 1000 {15270 0 0} expected type expression, got '(' } {0 1000 {15270 0 0} expected ',', got '(' } {0 1000 {15270 0 0} expected identifier, got '(' } {0 1000 {15270 0 0} expected ':', got '(' } {0 1000 {15270 0 0} expected type expression, got '(' } {0 1000 {15270 0 0} expected ',', got '(' } {0 1000 {15277 0 0} expected ':', got ',' } {0 1000 {15277 0 0} expected type expression, got ',' } {0 1000 {15284 0 0} expected ':', got ',' } {0 1000 {15284 0 0} expected type expression, got ',' } {0 1000 {15286 0 0} expected identifier, got integer literal } {0 1000 {15286 0 0} expected ':', got integer literal } {0 1000 {15286 0 0} expected type expression, got integer literal } {0 1000 {15286 0 0} expected ',', got integer literal } {0 1000 {15287 0 0} expected identifier, got ')' } {0 1000 {15287 0 0} expected ':', got ')' } {0 1000 {15287 0 0} expected type expression, got ')' } {0 1000 {15287 0 0} expected ',', got ')' } {0 1000 {15297 0 0} expected identifier, got 'return' } {0 1000 {15297 0 0} expected ':', got 'return' } {0 1000 {15297 0 0} expected type expression, got 'return' } {0 1000 {15297 0 0} expected ',', got 'return' } {0 1000 {15303 0 0} expected identifier, got DEDENT } {0 1000 {15303 0 0} expected ':', got DEDENT } {0 1000 {15303 0 0} expected type expression, got DEDENT } {0 1000 {15303 0 0} expected ',', got DEDENT } {0 1000 {15308 0 0} expected identifier, got 'if' } {0 1000 {15308 0 0} expected ':', got 'if' } {0 1000 {15308 0 0} expected type expression, got 'if' } {0 1000 {15308 0 0} expected ',', got 'if' } {0 1000 {15313 0 0} expected ':', got '==' } {0 1000 {15313 0 0} expected type expression, got '==' } {0 1000 {15313 0 0} expected ',', got '==' } {0 1000 {15313 0 0} expected identifier, got '==' } {0 1000 {15313 0 0} expected ':', got '==' } {0 1000 {15313 0 0} expected type expression, got '==' } {0 1000 {15313 0 0} expected ',', got '==' } {0 1000 {15316 0 0} expected identifier, got integer literal } {0 1000 {15316 0 0} expected ':', got integer literal } {0 1000 {15316 0 0} expected type expression, got integer literal } {0 1000 {15316 0 0} expected ',', got integer literal } {0 1000 {15318 0 0} expected identifier, got ':' } {0 1000 {15326 0 0} expected type expression, got INDENT } {0 1000 {15326 0 0} expected ',', got INDENT } {0 1000 {15326 0 0} expected identifier, got INDENT } {0 1000 {15326 0 0} expected ':', got INDENT } {0 1000 {15326 0 0} expected type expression, got INDENT } {0 1000 {15326 0 0} expected ',', got INDENT } {0 1000 {15339 0 0} expected ':', got '.' } {0 1000 {15339 0 0} expected type expression, got '.' } {0 1000 {15339 0 0} expected ',', got '.' } {0 1000 {15339 0 0} expected identifier, got '.' } {0 1000 {15339 0 0} expected ':', got '.' } {0 1000 {15339 0 0} expected type expression, got '.' } {0 1000 {15339 0 0} expected ',', got '.' } {0 1000 {15344 0 0} expected ':', got '=' } {0 1000 {15344 0 0} expected type expression, got '=' } {0 1000 {15344 0 0} expected ',', got '=' } {0 1000 {15344 0 0} expected identifier, got '=' } {0 1000 {15344 0 0} expected ':', got '=' } {0 1000 {15344 0 0} expected type expression, got '=' } {0 1000 {15344 0 0} expected ',', got '=' } {0 1000 {15350 0 0} expected ':', got '.' } {0 1000 {15350 0 0} expected type expression, got '.' } {0 1000 {15350 0 0} expected ',', got '.' } {0 1000 {15350 0 0} expected identifier, got '.' } {0 1000 {15350 0 0} expected ':', got '.' } {0 1000 {15350 0 0} expected type expression, got '.' } {0 1000 {15350 0 0} expected ',', got '.' } {0 1000 {15355 0 0} expected ':', got '+' } {0 1000 {15355 0 0} expected type expression, got '+' } {0 1000 {15355 0 0} expected ',', got '+' } {0 1000 {15355 0 0} expected identifier, got '+' } {0 1000 {15355 0 0} expected ':', got '+' } {0 1000 {15355 0 0} expected type expression, got '+' } {0 1000 {15355 0 0} expected ',', got '+' } {0 1000 {15357 0 0} expected identifier, got integer literal } {0 1000 {15357 0 0} expected ':', got integer literal } {0 1000 {15357 0 0} expected type expression, got integer literal } {0 1000 {15357 0 0} expected ',', got integer literal } {0 1000 {15371 0 0} expected ':', got '.' } {0 1000 {15371 0 0} expected type expression, got '.' } {0 1000 {15371 0 0} expected ',', got '.' } {0 1000 {15371 0 0} expected identifier, got '.' } {0 1000 {15371 0 0} expected ':', got '.' } {0 1000 {15371 0 0} expected type expression, got '.' } {0 1000 {15371 0 0} expected ',', got '.' } {0 1000 {15376 0 0} expected ':', got '(' } {0 1000 {15376 0 0} expected type expression, got '(' } {0 1000 {15376 0 0} expected ',', got '(' } {0 1000 {15376 0 0} expected identifier, got '(' } {0 1000 {15376 0 0} expected ':', got '(' } {0 1000 {15376 0 0} expected type expression, got '(' } {0 1000 {15376 0 0} expected ',', got '(' } {0 1000 {15385 0 0} expected ':', got ',' } {0 1000 {15385 0 0} expected type expression, got ',' } {0 1000 {15392 0 0} expected ':', got ',' } {0 1000 {15392 0 0} expected type expression, got ',' } {0 1000 {15394 0 0} expected identifier, got integer literal } {0 1000 {15394 0 0} expected ':', got integer literal } {0 1000 {15394 0 0} expected type expression, got integer literal } {0 1000 {15394 0 0} expected ',', got integer literal } {0 1000 {15395 0 0} expected identifier, got ')' } {0 1000 {15395 0 0} expected ':', got ')' } {0 1000 {15395 0 0} expected type expression, got ')' } {0 1000 {15395 0 0} expected ',', got ')' } {0 1000 {15405 0 0} expected identifier, got 'return' } {0 1000 {15405 0 0} expected ':', got 'return' } {0 1000 {15405 0 0} expected type expression, got 'return' } {0 1000 {15405 0 0} expected ',', got 'return' } {0 1000 {15411 0 0} expected identifier, got DEDENT } {0 1000 {15411 0 0} expected ':', got DEDENT } {0 1000 {15411 0 0} expected type expression, got DEDENT } {0 1000 {15411 0 0} expected ',', got DEDENT } {0 1000 {15416 0 0} expected identifier, got 'if' } {0 1000 {15416 0 0} expected ':', got 'if' } {0 1000 {15416 0 0} expected type expression, got 'if' } {0 1000 {15416 0 0} expected ',', got 'if' } {0 1000 {15421 0 0} expected ':', got '==' } {0 1000 {15421 0 0} expected type expression, got '==' } {0 1000 {15421 0 0} expected ',', got '==' } {0 1000 {15421 0 0} expected identifier, got '==' } {0 1000 {15421 0 0} expected ':', got '==' } {0 1000 {15421 0 0} expected type expression, got '==' } {0 1000 {15421 0 0} expected ',', got '==' } {0 1000 {15424 0 0} expected identifier, got integer literal } {0 1000 {15424 0 0} expected ':', got integer literal } {0 1000 {15424 0 0} expected type expression, got integer literal } {0 1000 {15424 0 0} expected ',', got integer literal } {0 1000 {15426 0 0} expected identifier, got ':' } {0 1000 {15434 0 0} expected type expression, got INDENT } {0 1000 {15434 0 0} expected ',', got INDENT } {0 1000 {15434 0 0} expected identifier, got INDENT } {0 1000 {15434 0 0} expected ':', got INDENT } {0 1000 {15434 0 0} expected type expression, got INDENT } {0 1000 {15434 0 0} expected ',', got INDENT } {0 1000 {15447 0 0} expected ':', got '.' } {0 1000 {15447 0 0} expected type expression, got '.' } {0 1000 {15447 0 0} expected ',', got '.' } {0 1000 {15447 0 0} expected identifier, got '.' } {0 1000 {15447 0 0} expected ':', got '.' } {0 1000 {15447 0 0} expected type expression, got '.' } {0 1000 {15447 0 0} expected ',', got '.' } {0 1000 {15452 0 0} expected ':', got '=' } {0 1000 {15452 0 0} expected type expression, got '=' } {0 1000 {15452 0 0} expected ',', got '=' } {0 1000 {15452 0 0} expected identifier, got '=' } {0 1000 {15452 0 0} expected ':', got '=' } {0 1000 {15452 0 0} expected type expression, got '=' } {0 1000 {15452 0 0} expected ',', got '=' } {0 1000 {15458 0 0} expected ':', got '.' } {0 1000 {15458 0 0} expected type expression, got '.' } {0 1000 {15458 0 0} expected ',', got '.' } {0 1000 {15458 0 0} expected identifier, got '.' } {0 1000 {15458 0 0} expected ':', got '.' } {0 1000 {15458 0 0} expected type expression, got '.' } {0 1000 {15458 0 0} expected ',', got '.' } {0 1000 {15463 0 0} expected ':', got '+' } {0 1000 {15463 0 0} expected type expression, got '+' } {0 1000 {15463 0 0} expected ',', got '+' } {0 1000 {15463 0 0} expected identifier, got '+' } {0 1000 {15463 0 0} expected ':', got '+' } {0 1000 {15463 0 0} expected type expression, got '+' } {0 1000 {15463 0 0} expected ',', got '+' } {0 1000 {15465 0 0} expected identifier, got integer literal } {0 1000 {15465 0 0} expected ':', got integer literal } {0 1000 {15465 0 0} expected type expression, got integer literal } {0 1000 {15465 0 0} expected ',', got integer literal } {0 1000 {15479 0 0} expected ':', got '.' } {0 1000 {15479 0 0} expected type expression, got '.' } {0 1000 {15479 0 0} expected ',', got '.' } {0 1000 {15479 0 0} expected identifier, got '.' } {0 1000 {15479 0 0} expected ':', got '.' } {0 1000 {15479 0 0} expected type expression, got '.' } {0 1000 {15479 0 0} expected ',', got '.' } {0 1000 {15484 0 0} expected ':', got '(' } {0 1000 {15484 0 0} expected type expression, got '(' } {0 1000 {15484 0 0} expected ',', got '(' } {0 1000 {15484 0 0} expected identifier, got '(' } {0 1000 {15484 0 0} expected ':', got '(' } {0 1000 {15484 0 0} expected type expression, got '(' } {0 1000 {15484 0 0} expected ',', got '(' } {0 1000 {15493 0 0} expected ':', got ',' } {0 1000 {15493 0 0} expected type expression, got ',' } {0 1000 {15500 0 0} expected ':', got ',' } {0 1000 {15500 0 0} expected type expression, got ',' } {0 1000 {15502 0 0} expected identifier, got integer literal } {0 1000 {15502 0 0} expected ':', got integer literal } {0 1000 {15502 0 0} expected type expression, got integer literal } {0 1000 {15502 0 0} expected ',', got integer literal } {0 1000 {15503 0 0} expected identifier, got ')' } {0 1000 {15503 0 0} expected ':', got ')' } {0 1000 {15503 0 0} expected type expression, got ')' } {0 1000 {15503 0 0} expected ',', got ')' } {0 1000 {15513 0 0} expected identifier, got 'return' } {0 1000 {15513 0 0} expected ':', got 'return' } {0 1000 {15513 0 0} expected type expression, got 'return' } {0 1000 {15513 0 0} expected ',', got 'return' } {0 1000 {15519 0 0} expected identifier, got DEDENT } {0 1000 {15519 0 0} expected ':', got DEDENT } {0 1000 {15519 0 0} expected type expression, got DEDENT } {0 1000 {15519 0 0} expected ',', got DEDENT } {0 1000 {15524 0 0} expected identifier, got 'if' } {0 1000 {15524 0 0} expected ':', got 'if' } {0 1000 {15524 0 0} expected type expression, got 'if' } {0 1000 {15524 0 0} expected ',', got 'if' } {0 1000 {15529 0 0} expected ':', got '==' } {0 1000 {15529 0 0} expected type expression, got '==' } {0 1000 {15529 0 0} expected ',', got '==' } {0 1000 {15529 0 0} expected identifier, got '==' } {0 1000 {15529 0 0} expected ':', got '==' } {0 1000 {15529 0 0} expected type expression, got '==' } {0 1000 {15529 0 0} expected ',', got '==' } {0 1000 {15532 0 0} expected identifier, got integer literal } {0 1000 {15532 0 0} expected ':', got integer literal } {0 1000 {15532 0 0} expected type expression, got integer literal } {0 1000 {15532 0 0} expected ',', got integer literal } {0 1000 {15534 0 0} expected identifier, got ':' } {0 1000 {15542 0 0} expected type expression, got INDENT } {0 1000 {15542 0 0} expected ',', got INDENT } {0 1000 {15542 0 0} expected identifier, got INDENT } {0 1000 {15542 0 0} expected ':', got INDENT } {0 1000 {15542 0 0} expected type expression, got INDENT } {0 1000 {15542 0 0} expected ',', got INDENT } {0 1000 {15555 0 0} expected ':', got '.' } {0 1000 {15555 0 0} expected type expression, got '.' } {0 1000 {15555 0 0} expected ',', got '.' } {0 1000 {15555 0 0} expected identifier, got '.' } {0 1000 {15555 0 0} expected ':', got '.' } {0 1000 {15555 0 0} expected type expression, got '.' } {0 1000 {15555 0 0} expected ',', got '.' } {0 1000 {15560 0 0} expected ':', got '=' } {0 1000 {15560 0 0} expected type expression, got '=' } {0 1000 {15560 0 0} expected ',', got '=' } {0 1000 {15560 0 0} expected identifier, got '=' } {0 1000 {15560 0 0} expected ':', got '=' } {0 1000 {15560 0 0} expected type expression, got '=' } {0 1000 {15560 0 0} expected ',', got '=' } {0 1000 {15566 0 0} expected ':', got '.' } {0 1000 {15566 0 0} expected type expression, got '.' } {0 1000 {15566 0 0} expected ',', got '.' } {0 1000 {15566 0 0} expected identifier, got '.' } {0 1000 {15566 0 0} expected ':', got '.' } {0 1000 {15566 0 0} expected type expression, got '.' } {0 1000 {15566 0 0} expected ',', got '.' } {0 1000 {15571 0 0} expected ':', got '+' } {0 1000 {15571 0 0} expected type expression, got '+' } {0 1000 {15571 0 0} expected ',', got '+' } {0 1000 {15571 0 0} expected identifier, got '+' } {0 1000 {15571 0 0} expected ':', got '+' } {0 1000 {15571 0 0} expected type expression, got '+' } {0 1000 {15571 0 0} expected ',', got '+' } {0 1000 {15573 0 0} expected identifier, got integer literal } {0 1000 {15573 0 0} expected ':', got integer literal } {0 1000 {15573 0 0} expected type expression, got integer literal } {0 1000 {15573 0 0} expected ',', got integer literal } {0 1000 {15587 0 0} expected ':', got '.' } {0 1000 {15587 0 0} expected type expression, got '.' } {0 1000 {15587 0 0} expected ',', got '.' } {0 1000 {15587 0 0} expected identifier, got '.' } {0 1000 {15587 0 0} expected ':', got '.' } {0 1000 {15587 0 0} expected type expression, got '.' } {0 1000 {15587 0 0} expected ',', got '.' } {0 1000 {15592 0 0} expected ':', got '(' } {0 1000 {15592 0 0} expected type expression, got '(' } {0 1000 {15592 0 0} expected ',', got '(' } {0 1000 {15592 0 0} expected identifier, got '(' } {0 1000 {15592 0 0} expected ':', got '(' } {0 1000 {15592 0 0} expected type expression, got '(' } {0 1000 {15592 0 0} expected ',', got '(' } {0 1000 {15605 0 0} expected ':', got ',' } {0 1000 {15605 0 0} expected type expression, got ',' } {0 1000 {15612 0 0} expected ':', got ',' } {0 1000 {15612 0 0} expected type expression, got ',' } {0 1000 {15614 0 0} expected identifier, got integer literal } {0 1000 {15614 0 0} expected ':', got integer literal } {0 1000 {15614 0 0} expected type expression, got integer literal } {0 1000 {15614 0 0} expected ',', got integer literal } {0 1000 {15615 0 0} expected identifier, got ')' } {0 1000 {15615 0 0} expected ':', got ')' } {0 1000 {15615 0 0} expected type expression, got ')' } {0 1000 {15615 0 0} expected ',', got ')' } {0 1000 {15625 0 0} expected identifier, got 'return' } {0 1000 {15625 0 0} expected ':', got 'return' } {0 1000 {15625 0 0} expected type expression, got 'return' } {0 1000 {15625 0 0} expected ',', got 'return' } {0 1000 {15631 0 0} expected identifier, got DEDENT } {0 1000 {15631 0 0} expected ':', got DEDENT } {0 1000 {15631 0 0} expected type expression, got DEDENT } {0 1000 {15631 0 0} expected ',', got DEDENT } {0 1000 {15636 0 0} expected identifier, got 'if' } {0 1000 {15636 0 0} expected ':', got 'if' } {0 1000 {15636 0 0} expected type expression, got 'if' } {0 1000 {15636 0 0} expected ',', got 'if' } {0 1000 {15641 0 0} expected ':', got '==' } {0 1000 {15641 0 0} expected type expression, got '==' } {0 1000 {15641 0 0} expected ',', got '==' } {0 1000 {15641 0 0} expected identifier, got '==' } {0 1000 {15641 0 0} expected ':', got '==' } {0 1000 {15641 0 0} expected type expression, got '==' } {0 1000 {15641 0 0} expected ',', got '==' } {0 1000 {15644 0 0} expected identifier, got integer literal } {0 1000 {15644 0 0} expected ':', got integer literal } {0 1000 {15644 0 0} expected type expression, got integer literal } {0 1000 {15644 0 0} expected ',', got integer literal } {0 1000 {15646 0 0} expected identifier, got ':' } {0 1000 {15654 0 0} expected type expression, got INDENT } {0 1000 {15654 0 0} expected ',', got INDENT } {0 1000 {15654 0 0} expected identifier, got INDENT } {0 1000 {15654 0 0} expected ':', got INDENT } {0 1000 {15654 0 0} expected type expression, got INDENT } {0 1000 {15654 0 0} expected ',', got INDENT } {0 1000 {15667 0 0} expected ':', got '.' } {0 1000 {15667 0 0} expected type expression, got '.' } {0 1000 {15667 0 0} expected ',', got '.' } {0 1000 {15667 0 0} expected identifier, got '.' } {0 1000 {15667 0 0} expected ':', got '.' } {0 1000 {15667 0 0} expected type expression, got '.' } {0 1000 {15667 0 0} expected ',', got '.' } {0 1000 {15672 0 0} expected ':', got '=' } {0 1000 {15672 0 0} expected type expression, got '=' } {0 1000 {15672 0 0} expected ',', got '=' } {0 1000 {15672 0 0} expected identifier, got '=' } {0 1000 {15672 0 0} expected ':', got '=' } {0 1000 {15672 0 0} expected type expression, got '=' } {0 1000 {15672 0 0} expected ',', got '=' } {0 1000 {15678 0 0} expected ':', got '.' } {0 1000 {15678 0 0} expected type expression, got '.' } {0 1000 {15678 0 0} expected ',', got '.' } {0 1000 {15678 0 0} expected identifier, got '.' } {0 1000 {15678 0 0} expected ':', got '.' } {0 1000 {15678 0 0} expected type expression, got '.' } {0 1000 {15678 0 0} expected ',', got '.' } {0 1000 {15683 0 0} expected ':', got '+' } {0 1000 {15683 0 0} expected type expression, got '+' } {0 1000 {15683 0 0} expected ',', got '+' } {0 1000 {15683 0 0} expected identifier, got '+' } {0 1000 {15683 0 0} expected ':', got '+' } {0 1000 {15683 0 0} expected type expression, got '+' } {0 1000 {15683 0 0} expected ',', got '+' } {0 1000 {15685 0 0} expected identifier, got integer literal } {0 1000 {15685 0 0} expected ':', got integer literal } {0 1000 {15685 0 0} expected type expression, got integer literal } {0 1000 {15685 0 0} expected ',', got integer literal } {0 1000 {15699 0 0} expected ':', got '.' } {0 1000 {15699 0 0} expected type expression, got '.' } {0 1000 {15699 0 0} expected ',', got '.' } {0 1000 {15699 0 0} expected identifier, got '.' } {0 1000 {15699 0 0} expected ':', got '.' } {0 1000 {15699 0 0} expected type expression, got '.' } {0 1000 {15699 0 0} expected ',', got '.' } {0 1000 {15704 0 0} expected ':', got '(' } {0 1000 {15704 0 0} expected type expression, got '(' } {0 1000 {15704 0 0} expected ',', got '(' } {0 1000 {15704 0 0} expected identifier, got '(' } {0 1000 {15704 0 0} expected ':', got '(' } {0 1000 {15704 0 0} expected type expression, got '(' } {0 1000 {15704 0 0} expected ',', got '(' } {0 1000 {15712 0 0} expected ':', got ',' } {0 1000 {15712 0 0} expected type expression, got ',' } {0 1000 {15719 0 0} expected ':', got ',' } {0 1000 {15719 0 0} expected type expression, got ',' } {0 1000 {15721 0 0} expected identifier, got integer literal } {0 1000 {15721 0 0} expected ':', got integer literal } {0 1000 {15721 0 0} expected type expression, got integer literal } {0 1000 {15721 0 0} expected ',', got integer literal } {0 1000 {15722 0 0} expected identifier, got ')' } {0 1000 {15722 0 0} expected ':', got ')' } {0 1000 {15722 0 0} expected type expression, got ')' } {0 1000 {15722 0 0} expected ',', got ')' } {0 1000 {15732 0 0} expected identifier, got 'return' } {0 1000 {15732 0 0} expected ':', got 'return' } {0 1000 {15732 0 0} expected type expression, got 'return' } {0 1000 {15732 0 0} expected ',', got 'return' } {0 1000 {15738 0 0} expected identifier, got DEDENT } {0 1000 {15738 0 0} expected ':', got DEDENT } {0 1000 {15738 0 0} expected type expression, got DEDENT } {0 1000 {15738 0 0} expected ',', got DEDENT } {0 1000 {15743 0 0} expected identifier, got 'if' } {0 1000 {15743 0 0} expected ':', got 'if' } {0 1000 {15743 0 0} expected type expression, got 'if' } {0 1000 {15743 0 0} expected ',', got 'if' } {0 1000 {15748 0 0} expected ':', got '==' } {0 1000 {15748 0 0} expected type expression, got '==' } {0 1000 {15748 0 0} expected ',', got '==' } {0 1000 {15748 0 0} expected identifier, got '==' } {0 1000 {15748 0 0} expected ':', got '==' } {0 1000 {15748 0 0} expected type expression, got '==' } {0 1000 {15748 0 0} expected ',', got '==' } {0 1000 {15751 0 0} expected identifier, got integer literal } {0 1000 {15751 0 0} expected ':', got integer literal } {0 1000 {15751 0 0} expected type expression, got integer literal } {0 1000 {15751 0 0} expected ',', got integer literal } {0 1000 {15753 0 0} expected identifier, got ':' } {0 1000 {15761 0 0} expected type expression, got INDENT } {0 1000 {15761 0 0} expected ',', got INDENT } {0 1000 {15761 0 0} expected identifier, got INDENT } {0 1000 {15761 0 0} expected ':', got INDENT } {0 1000 {15761 0 0} expected type expression, got INDENT } {0 1000 {15761 0 0} expected ',', got INDENT } {0 1000 {15774 0 0} expected ':', got '.' } {0 1000 {15774 0 0} expected type expression, got '.' } {0 1000 {15774 0 0} expected ',', got '.' } {0 1000 {15774 0 0} expected identifier, got '.' } {0 1000 {15774 0 0} expected ':', got '.' } {0 1000 {15774 0 0} expected type expression, got '.' } {0 1000 {15774 0 0} expected ',', got '.' } {0 1000 {15779 0 0} expected ':', got '=' } {0 1000 {15779 0 0} expected type expression, got '=' } {0 1000 {15779 0 0} expected ',', got '=' } {0 1000 {15779 0 0} expected identifier, got '=' } {0 1000 {15779 0 0} expected ':', got '=' } {0 1000 {15779 0 0} expected type expression, got '=' } {0 1000 {15779 0 0} expected ',', got '=' } {0 1000 {15785 0 0} expected ':', got '.' } {0 1000 {15785 0 0} expected type expression, got '.' } {0 1000 {15785 0 0} expected ',', got '.' } {0 1000 {15785 0 0} expected identifier, got '.' } {0 1000 {15785 0 0} expected ':', got '.' } {0 1000 {15785 0 0} expected type expression, got '.' } {0 1000 {15785 0 0} expected ',', got '.' } {0 1000 {15790 0 0} expected ':', got '+' } {0 1000 {15790 0 0} expected type expression, got '+' } {0 1000 {15790 0 0} expected ',', got '+' } {0 1000 {15790 0 0} expected identifier, got '+' } {0 1000 {15790 0 0} expected ':', got '+' } {0 1000 {15790 0 0} expected type expression, got '+' } {0 1000 {15790 0 0} expected ',', got '+' } {0 1000 {15792 0 0} expected identifier, got integer literal } {0 1000 {15792 0 0} expected ':', got integer literal } {0 1000 {15792 0 0} expected type expression, got integer literal } {0 1000 {15792 0 0} expected ',', got integer literal } {0 1000 {15806 0 0} expected ':', got '.' } {0 1000 {15806 0 0} expected type expression, got '.' } {0 1000 {15806 0 0} expected ',', got '.' } {0 1000 {15806 0 0} expected identifier, got '.' } {0 1000 {15806 0 0} expected ':', got '.' } {0 1000 {15806 0 0} expected type expression, got '.' } {0 1000 {15806 0 0} expected ',', got '.' } {0 1000 {15811 0 0} expected ':', got '(' } {0 1000 {15811 0 0} expected type expression, got '(' } {0 1000 {15811 0 0} expected ',', got '(' } {0 1000 {15811 0 0} expected identifier, got '(' } {0 1000 {15811 0 0} expected ':', got '(' } {0 1000 {15811 0 0} expected type expression, got '(' } {0 1000 {15811 0 0} expected ',', got '(' } {0 1000 {15822 0 0} expected ':', got ',' } {0 1000 {15822 0 0} expected type expression, got ',' } {0 1000 {15829 0 0} expected ':', got ',' } {0 1000 {15829 0 0} expected type expression, got ',' } {0 1000 {15831 0 0} expected identifier, got integer literal } {0 1000 {15831 0 0} expected ':', got integer literal } {0 1000 {15831 0 0} expected type expression, got integer literal } {0 1000 {15831 0 0} expected ',', got integer literal } {0 1000 {15832 0 0} expected identifier, got ')' } {0 1000 {15832 0 0} expected ':', got ')' } {0 1000 {15832 0 0} expected type expression, got ')' } {0 1000 {15832 0 0} expected ',', got ')' } {0 1000 {15842 0 0} expected identifier, got 'return' } {0 1000 {15842 0 0} expected ':', got 'return' } {0 1000 {15842 0 0} expected type expression, got 'return' } {0 1000 {15842 0 0} expected ',', got 'return' } {0 1000 {15848 0 0} expected identifier, got DEDENT } {0 1000 {15848 0 0} expected ':', got DEDENT } {0 1000 {15848 0 0} expected type expression, got DEDENT } {0 1000 {15848 0 0} expected ',', got DEDENT } {0 1000 {15853 0 0} expected identifier, got 'if' } {0 1000 {15853 0 0} expected ':', got 'if' } {0 1000 {15853 0 0} expected type expression, got 'if' } {0 1000 {15853 0 0} expected ',', got 'if' } {0 1000 {15858 0 0} expected ':', got '==' } {0 1000 {15858 0 0} expected type expression, got '==' } {0 1000 {15858 0 0} expected ',', got '==' } {0 1000 {15858 0 0} expected identifier, got '==' } {0 1000 {15858 0 0} expected ':', got '==' } {0 1000 {15858 0 0} expected type expression, got '==' } {0 1000 {15858 0 0} expected ',', got '==' } {0 1000 {15861 0 0} expected identifier, got integer literal } {0 1000 {15861 0 0} expected ':', got integer literal } {0 1000 {15861 0 0} expected type expression, got integer literal } {0 1000 {15861 0 0} expected ',', got integer literal } {0 1000 {15863 0 0} expected identifier, got ':' } {0 1000 {15871 0 0} expected type expression, got INDENT } {0 1000 {15871 0 0} expected ',', got INDENT } {0 1000 {15871 0 0} expected identifier, got INDENT } {0 1000 {15871 0 0} expected ':', got INDENT } {0 1000 {15871 0 0} expected type expression, got INDENT } {0 1000 {15871 0 0} expected ',', got INDENT } {0 1000 {15884 0 0} expected ':', got '.' } {0 1000 {15884 0 0} expected type expression, got '.' } {0 1000 {15884 0 0} expected ',', got '.' } {0 1000 {15884 0 0} expected identifier, got '.' } {0 1000 {15884 0 0} expected ':', got '.' } {0 1000 {15884 0 0} expected type expression, got '.' } {0 1000 {15884 0 0} expected ',', got '.' } {0 1000 {15889 0 0} expected ':', got '=' } {0 1000 {15889 0 0} expected type expression, got '=' } {0 1000 {15889 0 0} expected ',', got '=' } {0 1000 {15889 0 0} expected identifier, got '=' } {0 1000 {15889 0 0} expected ':', got '=' } {0 1000 {15889 0 0} expected type expression, got '=' } {0 1000 {15889 0 0} expected ',', got '=' } {0 1000 {15895 0 0} expected ':', got '.' } {0 1000 {15895 0 0} expected type expression, got '.' } {0 1000 {15895 0 0} expected ',', got '.' } {0 1000 {15895 0 0} expected identifier, got '.' } {0 1000 {15895 0 0} expected ':', got '.' } {0 1000 {15895 0 0} expected type expression, got '.' } {0 1000 {15895 0 0} expected ',', got '.' } {0 1000 {15900 0 0} expected ':', got '+' } {0 1000 {15900 0 0} expected type expression, got '+' } {0 1000 {15900 0 0} expected ',', got '+' } {0 1000 {15900 0 0} expected identifier, got '+' } {0 1000 {15900 0 0} expected ':', got '+' } {0 1000 {15900 0 0} expected type expression, got '+' } {0 1000 {15900 0 0} expected ',', got '+' } {0 1000 {15902 0 0} expected identifier, got integer literal } {0 1000 {15902 0 0} expected ':', got integer literal } {0 1000 {15902 0 0} expected type expression, got integer literal } {0 1000 {15902 0 0} expected ',', got integer literal } {0 1000 {15916 0 0} expected ':', got '.' } {0 1000 {15916 0 0} expected type expression, got '.' } {0 1000 {15916 0 0} expected ',', got '.' } {0 1000 {15916 0 0} expected identifier, got '.' } {0 1000 {15916 0 0} expected ':', got '.' } {0 1000 {15916 0 0} expected type expression, got '.' } {0 1000 {15916 0 0} expected ',', got '.' } {0 1000 {15921 0 0} expected ':', got '(' } {0 1000 {15921 0 0} expected type expression, got '(' } {0 1000 {15921 0 0} expected ',', got '(' } {0 1000 {15921 0 0} expected identifier, got '(' } {0 1000 {15921 0 0} expected ':', got '(' } {0 1000 {15921 0 0} expected type expression, got '(' } {0 1000 {15921 0 0} expected ',', got '(' } {0 1000 {15932 0 0} expected ':', got ',' } {0 1000 {15932 0 0} expected type expression, got ',' } {0 1000 {15939 0 0} expected ':', got ',' } {0 1000 {15939 0 0} expected type expression, got ',' } {0 1000 {15941 0 0} expected identifier, got integer literal } {0 1000 {15941 0 0} expected ':', got integer literal } {0 1000 {15941 0 0} expected type expression, got integer literal } {0 1000 {15941 0 0} expected ',', got integer literal } {0 1000 {15942 0 0} expected identifier, got ')' } {0 1000 {15942 0 0} expected ':', got ')' } {0 1000 {15942 0 0} expected type expression, got ')' } {0 1000 {15942 0 0} expected ',', got ')' } {0 1000 {15952 0 0} expected identifier, got 'return' } {0 1000 {15952 0 0} expected ':', got 'return' } {0 1000 {15952 0 0} expected type expression, got 'return' } {0 1000 {15952 0 0} expected ',', got 'return' } {0 1000 {15958 0 0} expected identifier, got DEDENT } {0 1000 {15958 0 0} expected ':', got DEDENT } {0 1000 {15958 0 0} expected type expression, got DEDENT } {0 1000 {15958 0 0} expected ',', got DEDENT } {0 1000 {15963 0 0} expected identifier, got 'if' } {0 1000 {15963 0 0} expected ':', got 'if' } {0 1000 {15963 0 0} expected type expression, got 'if' } {0 1000 {15963 0 0} expected ',', got 'if' } {0 1000 {15968 0 0} expected ':', got '==' } {0 1000 {15968 0 0} expected type expression, got '==' } {0 1000 {15968 0 0} expected ',', got '==' } {0 1000 {15968 0 0} expected identifier, got '==' } {0 1000 {15968 0 0} expected ':', got '==' } {0 1000 {15968 0 0} expected type expression, got '==' } {0 1000 {15968 0 0} expected ',', got '==' } {0 1000 {15971 0 0} expected identifier, got integer literal } {0 1000 {15971 0 0} expected ':', got integer literal } {0 1000 {15971 0 0} expected type expression, got integer literal } {0 1000 {15971 0 0} expected ',', got integer literal } {0 1000 {15973 0 0} expected identifier, got ':' } {0 1000 {15981 0 0} expected type expression, got INDENT } {0 1000 {15981 0 0} expected ',', got INDENT } {0 1000 {15981 0 0} expected identifier, got INDENT } {0 1000 {15981 0 0} expected ':', got INDENT } {0 1000 {15981 0 0} expected type expression, got INDENT } {0 1000 {15981 0 0} expected ',', got INDENT } {0 1000 {15994 0 0} expected ':', got '.' } {0 1000 {15994 0 0} expected type expression, got '.' } {0 1000 {15994 0 0} expected ',', got '.' } {0 1000 {15994 0 0} expected identifier, got '.' } {0 1000 {15994 0 0} expected ':', got '.' } {0 1000 {15994 0 0} expected type expression, got '.' } {0 1000 {15994 0 0} expected ',', got '.' } {0 1000 {15999 0 0} expected ':', got '=' } {0 1000 {15999 0 0} expected type expression, got '=' } {0 1000 {15999 0 0} expected ',', got '=' } {0 1000 {15999 0 0} expected identifier, got '=' } {0 1000 {15999 0 0} expected ':', got '=' } {0 1000 {15999 0 0} expected type expression, got '=' } {0 1000 {15999 0 0} expected ',', got '=' } {0 1000 {16005 0 0} expected ':', got '.' } {0 1000 {16005 0 0} expected type expression, got '.' } {0 1000 {16005 0 0} expected ',', got '.' } {0 1000 {16005 0 0} expected identifier, got '.' } {0 1000 {16005 0 0} expected ':', got '.' } {0 1000 {16005 0 0} expected type expression, got '.' } {0 1000 {16005 0 0} expected ',', got '.' } {0 1000 {16010 0 0} expected ':', got '+' } {0 1000 {16010 0 0} expected type expression, got '+' } {0 1000 {16010 0 0} expected ',', got '+' } {0 1000 {16010 0 0} expected identifier, got '+' } {0 1000 {16010 0 0} expected ':', got '+' } {0 1000 {16010 0 0} expected type expression, got '+' } {0 1000 {16010 0 0} expected ',', got '+' } {0 1000 {16012 0 0} expected identifier, got integer literal } {0 1000 {16012 0 0} expected ':', got integer literal } {0 1000 {16012 0 0} expected type expression, got integer literal } {0 1000 {16012 0 0} expected ',', got integer literal } {0 1000 {16026 0 0} expected ':', got '.' } {0 1000 {16026 0 0} expected type expression, got '.' } {0 1000 {16026 0 0} expected ',', got '.' } {0 1000 {16026 0 0} expected identifier, got '.' } {0 1000 {16026 0 0} expected ':', got '.' } {0 1000 {16026 0 0} expected type expression, got '.' } {0 1000 {16026 0 0} expected ',', got '.' } {0 1000 {16031 0 0} expected ':', got '(' } {0 1000 {16031 0 0} expected type expression, got '(' } {0 1000 {16031 0 0} expected ',', got '(' } {0 1000 {16031 0 0} expected identifier, got '(' } {0 1000 {16031 0 0} expected ':', got '(' } {0 1000 {16031 0 0} expected type expression, got '(' } {0 1000 {16031 0 0} expected ',', got '(' } {0 1000 {16044 0 0} expected ':', got ',' } {0 1000 {16044 0 0} expected type expression, got ',' } {0 1000 {16051 0 0} expected ':', got ',' } {0 1000 {16051 0 0} expected type expression, got ',' } {0 1000 {16053 0 0} expected identifier, got integer literal } {0 1000 {16053 0 0} expected ':', got integer literal } {0 1000 {16053 0 0} expected type expression, got integer literal } {0 1000 {16053 0 0} expected ',', got integer literal } {0 1000 {16054 0 0} expected identifier, got ')' } {0 1000 {16054 0 0} expected ':', got ')' } {0 1000 {16054 0 0} expected type expression, got ')' } {0 1000 {16054 0 0} expected ',', got ')' } {0 1000 {16064 0 0} expected identifier, got 'return' } {0 1000 {16064 0 0} expected ':', got 'return' } {0 1000 {16064 0 0} expected type expression, got 'return' } {0 1000 {16064 0 0} expected ',', got 'return' } {0 1000 {16070 0 0} expected identifier, got DEDENT } {0 1000 {16070 0 0} expected ':', got DEDENT } {0 1000 {16070 0 0} expected type expression, got DEDENT } {0 1000 {16070 0 0} expected ',', got DEDENT } {0 1000 {16075 0 0} expected identifier, got 'if' } {0 1000 {16075 0 0} expected ':', got 'if' } {0 1000 {16075 0 0} expected type expression, got 'if' } {0 1000 {16075 0 0} expected ',', got 'if' } {0 1000 {16080 0 0} expected ':', got '==' } {0 1000 {16080 0 0} expected type expression, got '==' } {0 1000 {16080 0 0} expected ',', got '==' } {0 1000 {16080 0 0} expected identifier, got '==' } {0 1000 {16080 0 0} expected ':', got '==' } {0 1000 {16080 0 0} expected type expression, got '==' } {0 1000 {16080 0 0} expected ',', got '==' } {0 1000 {16083 0 0} expected identifier, got integer literal } {0 1000 {16083 0 0} expected ':', got integer literal } {0 1000 {16083 0 0} expected type expression, got integer literal } {0 1000 {16083 0 0} expected ',', got integer literal } {0 1000 {16085 0 0} expected identifier, got ':' } {0 1000 {16093 0 0} expected type expression, got INDENT } {0 1000 {16093 0 0} expected ',', got INDENT } {0 1000 {16093 0 0} expected identifier, got INDENT } {0 1000 {16093 0 0} expected ':', got INDENT } {0 1000 {16093 0 0} expected type expression, got INDENT } {0 1000 {16093 0 0} expected ',', got INDENT } {0 1000 {16106 0 0} expected ':', got '.' } {0 1000 {16106 0 0} expected type expression, got '.' } {0 1000 {16106 0 0} expected ',', got '.' } {0 1000 {16106 0 0} expected identifier, got '.' } {0 1000 {16106 0 0} expected ':', got '.' } {0 1000 {16106 0 0} expected type expression, got '.' } {0 1000 {16106 0 0} expected ',', got '.' } {0 1000 {16111 0 0} expected ':', got '=' } {0 1000 {16111 0 0} expected type expression, got '=' } {0 1000 {16111 0 0} expected ',', got '=' } {0 1000 {16111 0 0} expected identifier, got '=' } {0 1000 {16111 0 0} expected ':', got '=' } {0 1000 {16111 0 0} expected type expression, got '=' } {0 1000 {16111 0 0} expected ',', got '=' } {0 1000 {16117 0 0} expected ':', got '.' } {0 1000 {16117 0 0} expected type expression, got '.' } {0 1000 {16117 0 0} expected ',', got '.' } {0 1000 {16117 0 0} expected identifier, got '.' } {0 1000 {16117 0 0} expected ':', got '.' } {0 1000 {16117 0 0} expected type expression, got '.' } {0 1000 {16117 0 0} expected ',', got '.' } {0 1000 {16122 0 0} expected ':', got '+' } {0 1000 {16122 0 0} expected type expression, got '+' } {0 1000 {16122 0 0} expected ',', got '+' } {0 1000 {16122 0 0} expected identifier, got '+' } {0 1000 {16122 0 0} expected ':', got '+' } {0 1000 {16122 0 0} expected type expression, got '+' } {0 1000 {16122 0 0} expected ',', got '+' } {0 1000 {16124 0 0} expected identifier, got integer literal } {0 1000 {16124 0 0} expected ':', got integer literal } {0 1000 {16124 0 0} expected type expression, got integer literal } {0 1000 {16124 0 0} expected ',', got integer literal } {0 1000 {16138 0 0} expected ':', got '.' } {0 1000 {16138 0 0} expected type expression, got '.' } {0 1000 {16138 0 0} expected ',', got '.' } {0 1000 {16138 0 0} expected identifier, got '.' } {0 1000 {16138 0 0} expected ':', got '.' } {0 1000 {16138 0 0} expected type expression, got '.' } {0 1000 {16138 0 0} expected ',', got '.' } {0 1000 {16143 0 0} expected ':', got '(' } {0 1000 {16143 0 0} expected type expression, got '(' } {0 1000 {16143 0 0} expected ',', got '(' } {0 1000 {16143 0 0} expected identifier, got '(' } {0 1000 {16143 0 0} expected ':', got '(' } {0 1000 {16143 0 0} expected type expression, got '(' } {0 1000 {16143 0 0} expected ',', got '(' } {0 1000 {16156 0 0} expected ':', got ',' } {0 1000 {16156 0 0} expected type expression, got ',' } {0 1000 {16163 0 0} expected ':', got ',' } {0 1000 {16163 0 0} expected type expression, got ',' } {0 1000 {16165 0 0} expected identifier, got integer literal } {0 1000 {16165 0 0} expected ':', got integer literal } {0 1000 {16165 0 0} expected type expression, got integer literal } {0 1000 {16165 0 0} expected ',', got integer literal } {0 1000 {16166 0 0} expected identifier, got ')' } {0 1000 {16166 0 0} expected ':', got ')' } {0 1000 {16166 0 0} expected type expression, got ')' } {0 1000 {16166 0 0} expected ',', got ')' } {0 1000 {16176 0 0} expected identifier, got 'return' } {0 1000 {16176 0 0} expected ':', got 'return' } {0 1000 {16176 0 0} expected type expression, got 'return' } {0 1000 {16176 0 0} expected ',', got 'return' } {0 1000 {16182 0 0} expected identifier, got DEDENT } {0 1000 {16182 0 0} expected ':', got DEDENT } {0 1000 {16182 0 0} expected type expression, got DEDENT } {0 1000 {16182 0 0} expected ',', got DEDENT } {0 1000 {16187 0 0} expected identifier, got 'if' } {0 1000 {16187 0 0} expected ':', got 'if' } {0 1000 {16187 0 0} expected type expression, got 'if' } {0 1000 {16187 0 0} expected ',', got 'if' } {0 1000 {16192 0 0} expected ':', got '==' } {0 1000 {16192 0 0} expected type expression, got '==' } {0 1000 {16192 0 0} expected ',', got '==' } {0 1000 {16192 0 0} expected identifier, got '==' } {0 1000 {16192 0 0} expected ':', got '==' } {0 1000 {16192 0 0} expected type expression, got '==' } {0 1000 {16192 0 0} expected ',', got '==' } {0 1000 {16195 0 0} expected identifier, got integer literal } {0 1000 {16195 0 0} expected ':', got integer literal } {0 1000 {16195 0 0} expected type expression, got integer literal } {0 1000 {16195 0 0} expected ',', got integer literal } {0 1000 {16198 0 0} expected identifier, got ':' } {0 1000 {16206 0 0} expected type expression, got INDENT } {0 1000 {16206 0 0} expected ',', got INDENT } {0 1000 {16206 0 0} expected identifier, got INDENT } {0 1000 {16206 0 0} expected ':', got INDENT } {0 1000 {16206 0 0} expected type expression, got INDENT } {0 1000 {16206 0 0} expected ',', got INDENT } {0 1000 {16219 0 0} expected ':', got '.' } {0 1000 {16219 0 0} expected type expression, got '.' } {0 1000 {16219 0 0} expected ',', got '.' } {0 1000 {16219 0 0} expected identifier, got '.' } {0 1000 {16219 0 0} expected ':', got '.' } {0 1000 {16219 0 0} expected type expression, got '.' } {0 1000 {16219 0 0} expected ',', got '.' } {0 1000 {16224 0 0} expected ':', got '=' } {0 1000 {16224 0 0} expected type expression, got '=' } {0 1000 {16224 0 0} expected ',', got '=' } {0 1000 {16224 0 0} expected identifier, got '=' } {0 1000 {16224 0 0} expected ':', got '=' } {0 1000 {16224 0 0} expected type expression, got '=' } {0 1000 {16224 0 0} expected ',', got '=' } {0 1000 {16230 0 0} expected ':', got '.' } {0 1000 {16230 0 0} expected type expression, got '.' } {0 1000 {16230 0 0} expected ',', got '.' } {0 1000 {16230 0 0} expected identifier, got '.' } {0 1000 {16230 0 0} expected ':', got '.' } {0 1000 {16230 0 0} expected type expression, got '.' } {0 1000 {16230 0 0} expected ',', got '.' } {0 1000 {16235 0 0} expected ':', got '+' } {0 1000 {16235 0 0} expected type expression, got '+' } {0 1000 {16235 0 0} expected ',', got '+' } {0 1000 {16235 0 0} expected identifier, got '+' } {0 1000 {16235 0 0} expected ':', got '+' } {0 1000 {16235 0 0} expected type expression, got '+' } {0 1000 {16235 0 0} expected ',', got '+' } {0 1000 {16237 0 0} expected identifier, got integer literal } {0 1000 {16237 0 0} expected ':', got integer literal } {0 1000 {16237 0 0} expected type expression, got integer literal } {0 1000 {16237 0 0} expected ',', got integer literal } {0 1000 {16251 0 0} expected ':', got '.' } {0 1000 {16251 0 0} expected type expression, got '.' } {0 1000 {16251 0 0} expected ',', got '.' } {0 1000 {16251 0 0} expected identifier, got '.' } {0 1000 {16251 0 0} expected ':', got '.' } {0 1000 {16251 0 0} expected type expression, got '.' } {0 1000 {16251 0 0} expected ',', got '.' } {0 1000 {16256 0 0} expected ':', got '(' } {0 1000 {16256 0 0} expected type expression, got '(' } {0 1000 {16256 0 0} expected ',', got '(' } {0 1000 {16256 0 0} expected identifier, got '(' } {0 1000 {16256 0 0} expected ':', got '(' } {0 1000 {16256 0 0} expected type expression, got '(' } {0 1000 {16256 0 0} expected ',', got '(' } {0 1000 {16267 0 0} expected ':', got ',' } {0 1000 {16267 0 0} expected type expression, got ',' } {0 1000 {16274 0 0} expected ':', got ',' } {0 1000 {16274 0 0} expected type expression, got ',' } {0 1000 {16276 0 0} expected identifier, got integer literal } {0 1000 {16276 0 0} expected ':', got integer literal } {0 1000 {16276 0 0} expected type expression, got integer literal } {0 1000 {16276 0 0} expected ',', got integer literal } {0 1000 {16277 0 0} expected identifier, got ')' } {0 1000 {16277 0 0} expected ':', got ')' } {0 1000 {16277 0 0} expected type expression, got ')' } {0 1000 {16277 0 0} expected ',', got ')' } {0 1000 {16287 0 0} expected identifier, got 'return' } {0 1000 {16287 0 0} expected ':', got 'return' } {0 1000 {16287 0 0} expected type expression, got 'return' } {0 1000 {16287 0 0} expected ',', got 'return' } {0 1000 {16293 0 0} expected identifier, got DEDENT } {0 1000 {16293 0 0} expected ':', got DEDENT } {0 1000 {16293 0 0} expected type expression, got DEDENT } {0 1000 {16293 0 0} expected ',', got DEDENT } {0 1000 {16298 0 0} expected identifier, got 'if' } {0 1000 {16298 0 0} expected ':', got 'if' } {0 1000 {16298 0 0} expected type expression, got 'if' } {0 1000 {16298 0 0} expected ',', got 'if' } {0 1000 {16303 0 0} expected ':', got '==' } {0 1000 {16303 0 0} expected type expression, got '==' } {0 1000 {16303 0 0} expected ',', got '==' } {0 1000 {16303 0 0} expected identifier, got '==' } {0 1000 {16303 0 0} expected ':', got '==' } {0 1000 {16303 0 0} expected type expression, got '==' } {0 1000 {16303 0 0} expected ',', got '==' } {0 1000 {16306 0 0} expected identifier, got integer literal } {0 1000 {16306 0 0} expected ':', got integer literal } {0 1000 {16306 0 0} expected type expression, got integer literal } {0 1000 {16306 0 0} expected ',', got integer literal } {0 1000 {16309 0 0} expected identifier, got ':' } {0 1000 {16317 0 0} expected type expression, got INDENT } {0 1000 {16317 0 0} expected ',', got INDENT } {0 1000 {16317 0 0} expected identifier, got INDENT } {0 1000 {16317 0 0} expected ':', got INDENT } {0 1000 {16317 0 0} expected type expression, got INDENT } {0 1000 {16317 0 0} expected ',', got INDENT } {0 1000 {16330 0 0} expected ':', got '.' } {0 1000 {16330 0 0} expected type expression, got '.' } {0 1000 {16330 0 0} expected ',', got '.' } {0 1000 {16330 0 0} expected identifier, got '.' } {0 1000 {16330 0 0} expected ':', got '.' } {0 1000 {16330 0 0} expected type expression, got '.' } {0 1000 {16330 0 0} expected ',', got '.' } {0 1000 {16335 0 0} expected ':', got '=' } {0 1000 {16335 0 0} expected type expression, got '=' } {0 1000 {16335 0 0} expected ',', got '=' } {0 1000 {16335 0 0} expected identifier, got '=' } {0 1000 {16335 0 0} expected ':', got '=' } {0 1000 {16335 0 0} expected type expression, got '=' } {0 1000 {16335 0 0} expected ',', got '=' } {0 1000 {16341 0 0} expected ':', got '.' } {0 1000 {16341 0 0} expected type expression, got '.' } {0 1000 {16341 0 0} expected ',', got '.' } {0 1000 {16341 0 0} expected identifier, got '.' } {0 1000 {16341 0 0} expected ':', got '.' } {0 1000 {16341 0 0} expected type expression, got '.' } {0 1000 {16341 0 0} expected ',', got '.' } {0 1000 {16346 0 0} expected ':', got '+' } {0 1000 {16346 0 0} expected type expression, got '+' } {0 1000 {16346 0 0} expected ',', got '+' } {0 1000 {16346 0 0} expected identifier, got '+' } {0 1000 {16346 0 0} expected ':', got '+' } {0 1000 {16346 0 0} expected type expression, got '+' } {0 1000 {16346 0 0} expected ',', got '+' } {0 1000 {16348 0 0} expected identifier, got integer literal } {0 1000 {16348 0 0} expected ':', got integer literal } {0 1000 {16348 0 0} expected type expression, got integer literal } {0 1000 {16348 0 0} expected ',', got integer literal } {0 1000 {16362 0 0} expected ':', got '.' } {0 1000 {16362 0 0} expected type expression, got '.' } {0 1000 {16362 0 0} expected ',', got '.' } {0 1000 {16362 0 0} expected identifier, got '.' } {0 1000 {16362 0 0} expected ':', got '.' } {0 1000 {16362 0 0} expected type expression, got '.' } {0 1000 {16362 0 0} expected ',', got '.' } {0 1000 {16367 0 0} expected ':', got '(' } {0 1000 {16367 0 0} expected type expression, got '(' } {0 1000 {16367 0 0} expected ',', got '(' } {0 1000 {16367 0 0} expected identifier, got '(' } {0 1000 {16367 0 0} expected ':', got '(' } {0 1000 {16367 0 0} expected type expression, got '(' } {0 1000 {16367 0 0} expected ',', got '(' } {0 1000 {16378 0 0} expected ':', got ',' } {0 1000 {16378 0 0} expected type expression, got ',' } {0 1000 {16385 0 0} expected ':', got ',' } {0 1000 {16385 0 0} expected type expression, got ',' } {0 1000 {16387 0 0} expected identifier, got integer literal } {0 1000 {16387 0 0} expected ':', got integer literal } {0 1000 {16387 0 0} expected type expression, got integer literal } {0 1000 {16387 0 0} expected ',', got integer literal } {0 1000 {16388 0 0} expected identifier, got ')' } {0 1000 {16388 0 0} expected ':', got ')' } {0 1000 {16388 0 0} expected type expression, got ')' } {0 1000 {16388 0 0} expected ',', got ')' } {0 1000 {16398 0 0} expected identifier, got 'return' } {0 1000 {16398 0 0} expected ':', got 'return' } {0 1000 {16398 0 0} expected type expression, got 'return' } {0 1000 {16398 0 0} expected ',', got 'return' } {0 1000 {16404 0 0} expected identifier, got DEDENT } {0 1000 {16404 0 0} expected ':', got DEDENT } {0 1000 {16404 0 0} expected type expression, got DEDENT } {0 1000 {16404 0 0} expected ',', got DEDENT } {0 1000 {16414 0 0} expected ':', got '.' } {0 1000 {16414 0 0} expected type expression, got '.' } {0 1000 {16414 0 0} expected ',', got '.' } {0 1000 {16414 0 0} expected identifier, got '.' } {0 1000 {16414 0 0} expected ':', got '.' } {0 1000 {16414 0 0} expected type expression, got '.' } {0 1000 {16414 0 0} expected ',', got '.' } {0 1000 {16419 0 0} expected ':', got '=' } {0 1000 {16419 0 0} expected type expression, got '=' } {0 1000 {16419 0 0} expected ',', got '=' } {0 1000 {16419 0 0} expected identifier, got '=' } {0 1000 {16419 0 0} expected ':', got '=' } {0 1000 {16419 0 0} expected type expression, got '=' } {0 1000 {16419 0 0} expected ',', got '=' } {0 1000 {16425 0 0} expected ':', got '.' } {0 1000 {16425 0 0} expected type expression, got '.' } {0 1000 {16425 0 0} expected ',', got '.' } {0 1000 {16425 0 0} expected identifier, got '.' } {0 1000 {16425 0 0} expected ':', got '.' } {0 1000 {16425 0 0} expected type expression, got '.' } {0 1000 {16425 0 0} expected ',', got '.' } {0 1000 {16430 0 0} expected ':', got '+' } {0 1000 {16430 0 0} expected type expression, got '+' } {0 1000 {16430 0 0} expected ',', got '+' } {0 1000 {16430 0 0} expected identifier, got '+' } {0 1000 {16430 0 0} expected ':', got '+' } {0 1000 {16430 0 0} expected type expression, got '+' } {0 1000 {16430 0 0} expected ',', got '+' } {0 1000 {16432 0 0} expected identifier, got integer literal } {0 1000 {16432 0 0} expected ':', got integer literal } {0 1000 {16432 0 0} expected type expression, got integer literal } {0 1000 {16432 0 0} expected ',', got integer literal } {0 1000 {16442 0 0} expected ':', got '.' } {0 1000 {16442 0 0} expected type expression, got '.' } {0 1000 {16442 0 0} expected ',', got '.' } {0 1000 {16442 0 0} expected identifier, got '.' } {0 1000 {16442 0 0} expected ':', got '.' } {0 1000 {16442 0 0} expected type expression, got '.' } {0 1000 {16442 0 0} expected ',', got '.' } {0 1000 {16447 0 0} expected ':', got '(' } {0 1000 {16447 0 0} expected type expression, got '(' } {0 1000 {16447 0 0} expected ',', got '(' } {0 1000 {16447 0 0} expected identifier, got '(' } {0 1000 {16447 0 0} expected ':', got '(' } {0 1000 {16447 0 0} expected type expression, got '(' } {0 1000 {16447 0 0} expected ',', got '(' } {0 1000 {16456 0 0} expected ':', got ',' } {0 1000 {16456 0 0} expected type expression, got ',' } {0 1000 {16463 0 0} expected ':', got ',' } {0 1000 {16463 0 0} expected type expression, got ',' } {0 1000 {16465 0 0} expected identifier, got integer literal } {0 1000 {16465 0 0} expected ':', got integer literal } {0 1000 {16465 0 0} expected type expression, got integer literal } {0 1000 {16465 0 0} expected ',', got integer literal } {0 1000 {16466 0 0} expected identifier, got ')' } {0 1000 {16466 0 0} expected ':', got ')' } {0 1000 {16466 0 0} expected type expression, got ')' } {0 1000 {16466 0 0} expected ',', got ')' } {0 1000 {16467 0 0} expected identifier, got DEDENT } {0 1000 {16467 0 0} expected ':', got DEDENT } {0 1000 {16467 0 0} expected type expression, got DEDENT } {0 1000 {16467 0 0} expected ',', got DEDENT } {0 1000 {16469 0 0} expected identifier, got 'pub' } {0 1000 {16469 0 0} expected ':', got 'pub' } {0 1000 {16469 0 0} expected type expression, got 'pub' } {0 1000 {16469 0 0} expected ',', got 'pub' } {0 1000 {16473 0 0} expected identifier, got 'fn' } {0 1000 {16473 0 0} expected ':', got 'fn' } {0 1000 {16476 0 0} expected '(', got identifier } {0 1000 {16479 0 0} expected ',', got '(' } {0 1000 {16479 0 0} expected type expression, got '(' } {0 1000 {16479 0 0} expected ',', got '(' } {0 1000 {16480 0 0} expected type expression, got 'mut' } {0 1000 {16480 0 0} expected ',', got 'mut' } {0 1000 {16488 0 0} expected ',', got ':' } {0 1000 {16488 0 0} expected type expression, got ':' } {0 1000 {16488 0 0} expected ',', got ':' } {0 1000 {16496 0 0} expected ',', got ':' } {0 1000 {16496 0 0} expected identifier, got ':' } {0 1000 {16497 0 0} expected type expression, got INDENT } {0 1000 {16497 0 0} expected ',', got INDENT } {0 1000 {16497 0 0} expected identifier, got INDENT } {0 1000 {16497 0 0} expected ':', got INDENT } {0 1000 {16497 0 0} expected type expression, got INDENT } {0 1000 {16497 0 0} expected ',', got INDENT } {0 1000 {16502 0 0} expected identifier, got 'while' } {0 1000 {16502 0 0} expected ':', got 'while' } {0 1000 {16502 0 0} expected type expression, got 'while' } {0 1000 {16502 0 0} expected ',', got 'while' } {0 1000 {16512 0 0} expected ':', got '.' } {0 1000 {16512 0 0} expected type expression, got '.' } {0 1000 {16512 0 0} expected ',', got '.' } {0 1000 {16512 0 0} expected identifier, got '.' } {0 1000 {16512 0 0} expected ':', got '.' } {0 1000 {16512 0 0} expected type expression, got '.' } {0 1000 {16512 0 0} expected ',', got '.' } {0 1000 {16517 0 0} expected ':', got '<' } {0 1000 {16517 0 0} expected type expression, got '<' } {0 1000 {16517 0 0} expected ',', got '<' } {0 1000 {16517 0 0} expected identifier, got '<' } {0 1000 {16517 0 0} expected ':', got '<' } {0 1000 {16517 0 0} expected type expression, got '<' } {0 1000 {16517 0 0} expected ',', got '<' } {0 1000 {16523 0 0} expected ':', got '.' } {0 1000 {16523 0 0} expected type expression, got '.' } {0 1000 {16523 0 0} expected ',', got '.' } {0 1000 {16523 0 0} expected identifier, got '.' } {0 1000 {16523 0 0} expected ':', got '.' } {0 1000 {16523 0 0} expected type expression, got '.' } {0 1000 {16523 0 0} expected ',', got '.' } {0 1000 {16528 0 0} expected type expression, got INDENT } {0 1000 {16528 0 0} expected ',', got INDENT } {0 1000 {16528 0 0} expected identifier, got INDENT } {0 1000 {16528 0 0} expected ':', got INDENT } {0 1000 {16528 0 0} expected type expression, got INDENT } {0 1000 {16528 0 0} expected ',', got INDENT } {0 1000 {16537 0 0} expected identifier, got 'let' } {0 1000 {16537 0 0} expected ':', got 'let' } {0 1000 {16537 0 0} expected type expression, got 'let' } {0 1000 {16537 0 0} expected ',', got 'let' } {0 1000 {16543 0 0} expected ':', got '=' } {0 1000 {16543 0 0} expected type expression, got '=' } {0 1000 {16543 0 0} expected ',', got '=' } {0 1000 {16543 0 0} expected identifier, got '=' } {0 1000 {16543 0 0} expected ':', got '=' } {0 1000 {16543 0 0} expected type expression, got '=' } {0 1000 {16543 0 0} expected ',', got '=' } {0 1000 {16549 0 0} expected ':', got '.' } {0 1000 {16549 0 0} expected type expression, got '.' } {0 1000 {16549 0 0} expected ',', got '.' } {0 1000 {16549 0 0} expected identifier, got '.' } {0 1000 {16549 0 0} expected ':', got '.' } {0 1000 {16549 0 0} expected type expression, got '.' } {0 1000 {16549 0 0} expected ',', got '.' } {0 1000 {16553 0 0} expected ':', got '[' } {0 1000 {16558 0 0} expected ']', got '.' } {0 1000 {16558 0 0} expected ',', got '.' } {0 1000 {16558 0 0} expected identifier, got '.' } {0 1000 {16558 0 0} expected ':', got '.' } {0 1000 {16558 0 0} expected type expression, got '.' } {0 1000 {16558 0 0} expected ',', got '.' } {0 1000 {16562 0 0} expected ':', got ']' } {0 1000 {16562 0 0} expected type expression, got ']' } {0 1000 {16562 0 0} expected ',', got ']' } {0 1000 {16562 0 0} expected identifier, got ']' } {0 1000 {16562 0 0} expected ':', got ']' } {0 1000 {16562 0 0} expected type expression, got ']' } {0 1000 {16562 0 0} expected ',', got ']' } {0 1000 {16564 0 0} expected identifier, got 'as' } {0 1000 {16564 0 0} expected ':', got 'as' } {0 1000 {16564 0 0} expected type expression, got 'as' } {0 1000 {16564 0 0} expected ',', got 'as' } {0 1000 {16578 0 0} expected ':', got 'if' } {0 1000 {16578 0 0} expected type expression, got 'if' } {0 1000 {16578 0 0} expected ',', got 'if' } {0 1000 {16578 0 0} expected identifier, got 'if' } {0 1000 {16578 0 0} expected ':', got 'if' } {0 1000 {16578 0 0} expected type expression, got 'if' } {0 1000 {16578 0 0} expected ',', got 'if' } {0 1000 {16583 0 0} expected ':', got '==' } {0 1000 {16583 0 0} expected type expression, got '==' } {0 1000 {16583 0 0} expected ',', got '==' } {0 1000 {16583 0 0} expected identifier, got '==' } {0 1000 {16583 0 0} expected ':', got '==' } {0 1000 {16583 0 0} expected type expression, got '==' } {0 1000 {16583 0 0} expected ',', got '==' } {0 1000 {16586 0 0} expected identifier, got integer literal } {0 1000 {16586 0 0} expected ':', got integer literal } {0 1000 {16586 0 0} expected type expression, got integer literal } {0 1000 {16586 0 0} expected ',', got integer literal } {0 1000 {16594 0 0} expected ':', got '==' } {0 1000 {16594 0 0} expected type expression, got '==' } {0 1000 {16594 0 0} expected ',', got '==' } {0 1000 {16594 0 0} expected identifier, got '==' } {0 1000 {16594 0 0} expected ':', got '==' } {0 1000 {16594 0 0} expected type expression, got '==' } {0 1000 {16594 0 0} expected ',', got '==' } {0 1000 {16597 0 0} expected identifier, got integer literal } {0 1000 {16597 0 0} expected ':', got integer literal } {0 1000 {16597 0 0} expected type expression, got integer literal } {0 1000 {16597 0 0} expected ',', got integer literal } {0 1000 {16599 0 0} expected identifier, got ':' } {0 1000 {16615 0 0} expected type expression, got INDENT } {0 1000 {16615 0 0} expected ',', got INDENT } {0 1000 {16615 0 0} expected identifier, got INDENT } {0 1000 {16615 0 0} expected ':', got INDENT } {0 1000 {16615 0 0} expected type expression, got INDENT } {0 1000 {16615 0 0} expected ',', got INDENT } {0 1000 {16632 0 0} expected ':', got '.' } {0 1000 {16632 0 0} expected type expression, got '.' } {0 1000 {16632 0 0} expected ',', got '.' } {0 1000 {16632 0 0} expected identifier, got '.' } {0 1000 {16632 0 0} expected ':', got '.' } {0 1000 {16632 0 0} expected type expression, got '.' } {0 1000 {16632 0 0} expected ',', got '.' } {0 1000 {16637 0 0} expected ':', got '=' } {0 1000 {16637 0 0} expected type expression, got '=' } {0 1000 {16637 0 0} expected ',', got '=' } {0 1000 {16637 0 0} expected identifier, got '=' } {0 1000 {16637 0 0} expected ':', got '=' } {0 1000 {16637 0 0} expected type expression, got '=' } {0 1000 {16637 0 0} expected ',', got '=' } {0 1000 {16643 0 0} expected ':', got '.' } {0 1000 {16643 0 0} expected type expression, got '.' } {0 1000 {16643 0 0} expected ',', got '.' } {0 1000 {16643 0 0} expected identifier, got '.' } {0 1000 {16643 0 0} expected ':', got '.' } {0 1000 {16643 0 0} expected type expression, got '.' } {0 1000 {16643 0 0} expected ',', got '.' } {0 1000 {16648 0 0} expected ':', got '+' } {0 1000 {16648 0 0} expected type expression, got '+' } {0 1000 {16648 0 0} expected ',', got '+' } {0 1000 {16648 0 0} expected identifier, got '+' } {0 1000 {16648 0 0} expected ':', got '+' } {0 1000 {16648 0 0} expected type expression, got '+' } {0 1000 {16648 0 0} expected ',', got '+' } {0 1000 {16650 0 0} expected identifier, got integer literal } {0 1000 {16650 0 0} expected ':', got integer literal } {0 1000 {16650 0 0} expected type expression, got integer literal } {0 1000 {16650 0 0} expected ',', got integer literal } {0 1000 {16651 0 0} expected identifier, got DEDENT } {0 1000 {16651 0 0} expected ':', got DEDENT } {0 1000 {16651 0 0} expected type expression, got DEDENT } {0 1000 {16651 0 0} expected ',', got DEDENT } {0 1000 {16660 0 0} expected identifier, got 'elif' } {0 1000 {16660 0 0} expected ':', got 'elif' } {0 1000 {16660 0 0} expected type expression, got 'elif' } {0 1000 {16660 0 0} expected ',', got 'elif' } {0 1000 {16667 0 0} expected ':', got '==' } {0 1000 {16667 0 0} expected type expression, got '==' } {0 1000 {16667 0 0} expected ',', got '==' } {0 1000 {16667 0 0} expected identifier, got '==' } {0 1000 {16667 0 0} expected ':', got '==' } {0 1000 {16667 0 0} expected type expression, got '==' } {0 1000 {16667 0 0} expected ',', got '==' } {0 1000 {16670 0 0} expected identifier, got integer literal } {0 1000 {16670 0 0} expected ':', got integer literal } {0 1000 {16670 0 0} expected type expression, got integer literal } {0 1000 {16670 0 0} expected ',', got integer literal } {0 1000 {16671 0 0} expected identifier, got ':' } {0 1000 {16680 0 0} expected type expression, got INDENT } {0 1000 {16680 0 0} expected ',', got INDENT } {0 1000 {16680 0 0} expected identifier, got INDENT } {0 1000 {16680 0 0} expected ':', got INDENT } {0 1000 {16680 0 0} expected type expression, got INDENT } {0 1000 {16680 0 0} expected ',', got INDENT } {0 1000 {16697 0 0} expected ':', got '.' } {0 1000 {16697 0 0} expected type expression, got '.' } {0 1000 {16697 0 0} expected ',', got '.' } {0 1000 {16697 0 0} expected identifier, got '.' } {0 1000 {16697 0 0} expected ':', got '.' } {0 1000 {16697 0 0} expected type expression, got '.' } {0 1000 {16697 0 0} expected ',', got '.' } {0 1000 {16702 0 0} expected ':', got '=' } {0 1000 {16702 0 0} expected type expression, got '=' } {0 1000 {16702 0 0} expected ',', got '=' } {0 1000 {16702 0 0} expected identifier, got '=' } {0 1000 {16702 0 0} expected ':', got '=' } {0 1000 {16702 0 0} expected type expression, got '=' } {0 1000 {16702 0 0} expected ',', got '=' } {0 1000 {16708 0 0} expected ':', got '.' } {0 1000 {16708 0 0} expected type expression, got '.' } {0 1000 {16708 0 0} expected ',', got '.' } {0 1000 {16708 0 0} expected identifier, got '.' } {0 1000 {16708 0 0} expected ':', got '.' } {0 1000 {16708 0 0} expected type expression, got '.' } {0 1000 {16708 0 0} expected ',', got '.' } {0 1000 {16713 0 0} expected ':', got '+' } {0 1000 {16713 0 0} expected type expression, got '+' } {0 1000 {16713 0 0} expected ',', got '+' } {0 1000 {16713 0 0} expected identifier, got '+' } {0 1000 {16713 0 0} expected ':', got '+' } {0 1000 {16713 0 0} expected type expression, got '+' } {0 1000 {16713 0 0} expected ',', got '+' } {0 1000 {16715 0 0} expected identifier, got integer literal } {0 1000 {16715 0 0} expected ':', got integer literal } {0 1000 {16715 0 0} expected type expression, got integer literal } {0 1000 {16715 0 0} expected ',', got integer literal } {0 1000 {16716 0 0} expected identifier, got DEDENT } {0 1000 {16716 0 0} expected ':', got DEDENT } {0 1000 {16716 0 0} expected type expression, got DEDENT } {0 1000 {16716 0 0} expected ',', got DEDENT } {0 1000 {16725 0 0} expected identifier, got 'elif' } {0 1000 {16725 0 0} expected ':', got 'elif' } {0 1000 {16725 0 0} expected type expression, got 'elif' } {0 1000 {16725 0 0} expected ',', got 'elif' } {0 1000 {16732 0 0} expected ':', got '==' } {0 1000 {16732 0 0} expected type expression, got '==' } {0 1000 {16732 0 0} expected ',', got '==' } {0 1000 {16732 0 0} expected identifier, got '==' } {0 1000 {16732 0 0} expected ':', got '==' } {0 1000 {16732 0 0} expected type expression, got '==' } {0 1000 {16732 0 0} expected ',', got '==' } {0 1000 {16735 0 0} expected identifier, got integer literal } {0 1000 {16735 0 0} expected ':', got integer literal } {0 1000 {16735 0 0} expected type expression, got integer literal } {0 1000 {16735 0 0} expected ',', got integer literal } {0 1000 {16737 0 0} expected identifier, got ':' } {0 1000 {16746 0 0} expected type expression, got INDENT } {0 1000 {16746 0 0} expected ',', got INDENT } {0 1000 {16746 0 0} expected identifier, got INDENT } {0 1000 {16746 0 0} expected ':', got INDENT } {0 1000 {16746 0 0} expected type expression, got INDENT } {0 1000 {16746 0 0} expected ',', got INDENT } {0 1000 {16759 0 0} expected identifier, got 'let' } {0 1000 {16759 0 0} expected ':', got 'let' } {0 1000 {16759 0 0} expected type expression, got 'let' } {0 1000 {16759 0 0} expected ',', got 'let' } {0 1000 {16770 0 0} expected ':', got '=' } {0 1000 {16770 0 0} expected type expression, got '=' } {0 1000 {16770 0 0} expected ',', got '=' } {0 1000 {16770 0 0} expected identifier, got '=' } {0 1000 {16770 0 0} expected ':', got '=' } {0 1000 {16770 0 0} expected type expression, got '=' } {0 1000 {16770 0 0} expected ',', got '=' } {0 1000 {16776 0 0} expected ':', got '.' } {0 1000 {16776 0 0} expected type expression, got '.' } {0 1000 {16776 0 0} expected ',', got '.' } {0 1000 {16776 0 0} expected identifier, got '.' } {0 1000 {16776 0 0} expected ':', got '.' } {0 1000 {16776 0 0} expected type expression, got '.' } {0 1000 {16776 0 0} expected ',', got '.' } {0 1000 {16793 0 0} expected ':', got identifier } {0 1000 {16797 0 0} expected ',', got '.' } {0 1000 {16797 0 0} expected identifier, got '.' } {0 1000 {16797 0 0} expected ':', got '.' } {0 1000 {16797 0 0} expected type expression, got '.' } {0 1000 {16797 0 0} expected ',', got '.' } {0 1000 {16813 0 0} expected ':', got '.' } {0 1000 {16813 0 0} expected type expression, got '.' } {0 1000 {16813 0 0} expected ',', got '.' } {0 1000 {16813 0 0} expected identifier, got '.' } {0 1000 {16813 0 0} expected ':', got '.' } {0 1000 {16813 0 0} expected type expression, got '.' } {0 1000 {16813 0 0} expected ',', got '.' } {0 1000 {16818 0 0} expected ':', got '(' } {0 1000 {16818 0 0} expected type expression, got '(' } {0 1000 {16818 0 0} expected ',', got '(' } {0 1000 {16818 0 0} expected identifier, got '(' } {0 1000 {16818 0 0} expected ':', got '(' } {0 1000 {16818 0 0} expected type expression, got '(' } {0 1000 {16818 0 0} expected ',', got '(' } {0 1000 {16826 0 0} expected ':', got 'as' } {0 1000 {16826 0 0} expected type expression, got 'as' } {0 1000 {16826 0 0} expected ',', got 'as' } {0 1000 {16826 0 0} expected identifier, got 'as' } {0 1000 {16826 0 0} expected ':', got 'as' } {0 1000 {16826 0 0} expected type expression, got 'as' } {0 1000 {16826 0 0} expected ',', got 'as' } {0 1000 {16832 0 0} expected ':', got ')' } {0 1000 {16832 0 0} expected type expression, got ')' } {0 1000 {16832 0 0} expected ',', got ')' } {0 1000 {16832 0 0} expected identifier, got ')' } {0 1000 {16832 0 0} expected ':', got ')' } {0 1000 {16832 0 0} expected type expression, got ')' } {0 1000 {16832 0 0} expected ',', got ')' } {0 1000 {16850 0 0} expected ':', got '.' } {0 1000 {16850 0 0} expected type expression, got '.' } {0 1000 {16850 0 0} expected ',', got '.' } {0 1000 {16850 0 0} expected identifier, got '.' } {0 1000 {16850 0 0} expected ':', got '.' } {0 1000 {16850 0 0} expected type expression, got '.' } {0 1000 {16850 0 0} expected ',', got '.' } {0 1000 {16855 0 0} expected ':', got '(' } {0 1000 {16855 0 0} expected type expression, got '(' } {0 1000 {16855 0 0} expected ',', got '(' } {0 1000 {16855 0 0} expected identifier, got '(' } {0 1000 {16855 0 0} expected ':', got '(' } {0 1000 {16855 0 0} expected type expression, got '(' } {0 1000 {16855 0 0} expected ',', got '(' } {0 1000 {16866 0 0} expected ':', got ',' } {0 1000 {16866 0 0} expected type expression, got ',' } {0 1000 {16874 0 0} expected ':', got ',' } {0 1000 {16874 0 0} expected type expression, got ',' } {0 1000 {16876 0 0} expected identifier, got integer literal } {0 1000 {16876 0 0} expected ':', got integer literal } {0 1000 {16876 0 0} expected type expression, got integer literal } {0 1000 {16876 0 0} expected ',', got integer literal } {0 1000 {16877 0 0} expected identifier, got ')' } {0 1000 {16877 0 0} expected ':', got ')' } {0 1000 {16877 0 0} expected type expression, got ')' } {0 1000 {16877 0 0} expected ',', got ')' } {0 1000 {16895 0 0} expected ':', got '.' } {0 1000 {16895 0 0} expected type expression, got '.' } {0 1000 {16895 0 0} expected ',', got '.' } {0 1000 {16895 0 0} expected identifier, got '.' } {0 1000 {16895 0 0} expected ':', got '.' } {0 1000 {16895 0 0} expected type expression, got '.' } {0 1000 {16895 0 0} expected ',', got '.' } {0 1000 {16900 0 0} expected ':', got '=' } {0 1000 {16900 0 0} expected type expression, got '=' } {0 1000 {16900 0 0} expected ',', got '=' } {0 1000 {16900 0 0} expected identifier, got '=' } {0 1000 {16900 0 0} expected ':', got '=' } {0 1000 {16900 0 0} expected type expression, got '=' } {0 1000 {16900 0 0} expected ',', got '=' } {0 1000 {16906 0 0} expected ':', got '.' } {0 1000 {16906 0 0} expected type expression, got '.' } {0 1000 {16906 0 0} expected ',', got '.' } {0 1000 {16906 0 0} expected identifier, got '.' } {0 1000 {16906 0 0} expected ':', got '.' } {0 1000 {16906 0 0} expected type expression, got '.' } {0 1000 {16906 0 0} expected ',', got '.' } {0 1000 {16911 0 0} expected ':', got '+' } {0 1000 {16911 0 0} expected type expression, got '+' } {0 1000 {16911 0 0} expected ',', got '+' } {0 1000 {16911 0 0} expected identifier, got '+' } {0 1000 {16911 0 0} expected ':', got '+' } {0 1000 {16911 0 0} expected type expression, got '+' } {0 1000 {16911 0 0} expected ',', got '+' } {0 1000 {16913 0 0} expected identifier, got integer literal } {0 1000 {16913 0 0} expected ':', got integer literal } {0 1000 {16913 0 0} expected type expression, got integer literal } {0 1000 {16913 0 0} expected ',', got integer literal } {0 1000 {16914 0 0} expected identifier, got DEDENT } {0 1000 {16914 0 0} expected ':', got DEDENT } {0 1000 {16914 0 0} expected type expression, got DEDENT } {0 1000 {16914 0 0} expected ',', got DEDENT } {0 1000 {16923 0 0} expected identifier, got 'elif' } {0 1000 {16923 0 0} expected ':', got 'elif' } {0 1000 {16923 0 0} expected type expression, got 'elif' } {0 1000 {16923 0 0} expected ',', got 'elif' } {0 1000 {16930 0 0} expected ':', got '==' } {0 1000 {16930 0 0} expected type expression, got '==' } {0 1000 {16930 0 0} expected ',', got '==' } {0 1000 {16930 0 0} expected identifier, got '==' } {0 1000 {16930 0 0} expected ':', got '==' } {0 1000 {16930 0 0} expected type expression, got '==' } {0 1000 {16930 0 0} expected ',', got '==' } {0 1000 {16933 0 0} expected identifier, got integer literal } {0 1000 {16933 0 0} expected ':', got integer literal } {0 1000 {16933 0 0} expected type expression, got integer literal } {0 1000 {16933 0 0} expected ',', got integer literal } {0 1000 {16936 0 0} expected identifier, got '&' } {0 1000 {16936 0 0} expected ':', got '&' } {0 1000 {16936 0 0} expected type expression, got '&' } {0 1000 {16936 0 0} expected ',', got '&' } {0 1000 {16937 0 0} expected identifier, got '&' } {0 1000 {16937 0 0} expected ':', got '&' } {0 1000 {16937 0 0} expected type expression, got '&' } {0 1000 {16937 0 0} expected ',', got '&' } {0 1000 {16943 0 0} expected ':', got '.' } {0 1000 {16943 0 0} expected type expression, got '.' } {0 1000 {16943 0 0} expected ',', got '.' } {0 1000 {16943 0 0} expected identifier, got '.' } {0 1000 {16943 0 0} expected ':', got '.' } {0 1000 {16943 0 0} expected type expression, got '.' } {0 1000 {16943 0 0} expected ',', got '.' } {0 1000 {16949 0 0} expected ':', got '(' } {0 1000 {16949 0 0} expected type expression, got '(' } {0 1000 {16949 0 0} expected ',', got '(' } {0 1000 {16949 0 0} expected identifier, got '(' } {0 1000 {16949 0 0} expected ':', got '(' } {0 1000 {16949 0 0} expected type expression, got '(' } {0 1000 {16949 0 0} expected ',', got '(' } {0 1000 {16950 0 0} expected identifier, got ')' } {0 1000 {16950 0 0} expected ':', got ')' } {0 1000 {16950 0 0} expected type expression, got ')' } {0 1000 {16950 0 0} expected ',', got ')' } {0 1000 {16952 0 0} expected identifier, got '==' } {0 1000 {16952 0 0} expected ':', got '==' } {0 1000 {16952 0 0} expected type expression, got '==' } {0 1000 {16952 0 0} expected ',', got '==' } {0 1000 {16955 0 0} expected identifier, got integer literal } {0 1000 {16955 0 0} expected ':', got integer literal } {0 1000 {16955 0 0} expected type expression, got integer literal } {0 1000 {16955 0 0} expected ',', got integer literal } {0 1000 {16957 0 0} expected identifier, got ':' } {0 1000 {16966 0 0} expected type expression, got INDENT } {0 1000 {16966 0 0} expected ',', got INDENT } {0 1000 {16966 0 0} expected identifier, got INDENT } {0 1000 {16966 0 0} expected ':', got INDENT } {0 1000 {16966 0 0} expected type expression, got INDENT } {0 1000 {16966 0 0} expected ',', got INDENT } {0 1000 {16983 0 0} expected ':', got '.' } {0 1000 {16983 0 0} expected type expression, got '.' } {0 1000 {16983 0 0} expected ',', got '.' } {0 1000 {16983 0 0} expected identifier, got '.' } {0 1000 {16983 0 0} expected ':', got '.' } {0 1000 {16983 0 0} expected type expression, got '.' } {0 1000 {16983 0 0} expected ',', got '.' } {0 1000 {17001 0 0} expected ':', got '(' } {0 1000 {17001 0 0} expected type expression, got '(' } {0 1000 {17001 0 0} expected ',', got '(' } {0 1000 {17001 0 0} expected identifier, got '(' } {0 1000 {17001 0 0} expected ':', got '(' } {0 1000 {17001 0 0} expected type expression, got '(' } {0 1000 {17001 0 0} expected ',', got '(' } {0 1000 {17002 0 0} expected identifier, got ')' } {0 1000 {17002 0 0} expected ':', got ')' } {0 1000 {17002 0 0} expected type expression, got ')' } {0 1000 {17002 0 0} expected ',', got ')' } {0 1000 {17003 0 0} expected identifier, got DEDENT } {0 1000 {17003 0 0} expected ':', got DEDENT } {0 1000 {17003 0 0} expected type expression, got DEDENT } {0 1000 {17003 0 0} expected ',', got DEDENT } {0 1000 {17012 0 0} expected identifier, got 'elif' } {0 1000 {17012 0 0} expected ':', got 'elif' } {0 1000 {17012 0 0} expected type expression, got 'elif' } {0 1000 {17012 0 0} expected ',', got 'elif' } {0 1000 {17019 0 0} expected ':', got '>=' } {0 1000 {17019 0 0} expected type expression, got '>=' } {0 1000 {17019 0 0} expected ',', got '>=' } {0 1000 {17019 0 0} expected identifier, got '>=' } {0 1000 {17019 0 0} expected ':', got '>=' } {0 1000 {17019 0 0} expected type expression, got '>=' } {0 1000 {17019 0 0} expected ',', got '>=' } {0 1000 {17022 0 0} expected identifier, got integer literal } {0 1000 {17022 0 0} expected ':', got integer literal } {0 1000 {17022 0 0} expected type expression, got integer literal } {0 1000 {17022 0 0} expected ',', got integer literal } {0 1000 {17025 0 0} expected identifier, got '&' } {0 1000 {17025 0 0} expected ':', got '&' } {0 1000 {17025 0 0} expected type expression, got '&' } {0 1000 {17025 0 0} expected ',', got '&' } {0 1000 {17026 0 0} expected identifier, got '&' } {0 1000 {17026 0 0} expected ':', got '&' } {0 1000 {17026 0 0} expected type expression, got '&' } {0 1000 {17026 0 0} expected ',', got '&' } {0 1000 {17030 0 0} expected ':', got '<=' } {0 1000 {17030 0 0} expected type expression, got '<=' } {0 1000 {17030 0 0} expected ',', got '<=' } {0 1000 {17030 0 0} expected identifier, got '<=' } {0 1000 {17030 0 0} expected ':', got '<=' } {0 1000 {17030 0 0} expected type expression, got '<=' } {0 1000 {17030 0 0} expected ',', got '<=' } {0 1000 {17033 0 0} expected identifier, got integer literal } {0 1000 {17033 0 0} expected ':', got integer literal } {0 1000 {17033 0 0} expected type expression, got integer literal } {0 1000 {17033 0 0} expected ',', got integer literal } {0 1000 {17035 0 0} expected identifier, got ':' } {0 1000 {17048 0 0} expected type expression, got INDENT } {0 1000 {17048 0 0} expected ',', got INDENT } {0 1000 {17048 0 0} expected identifier, got INDENT } {0 1000 {17048 0 0} expected ':', got INDENT } {0 1000 {17048 0 0} expected type expression, got INDENT } {0 1000 {17048 0 0} expected ',', got INDENT } {0 1000 {17065 0 0} expected ':', got '.' } {0 1000 {17065 0 0} expected type expression, got '.' } {0 1000 {17065 0 0} expected ',', got '.' } {0 1000 {17065 0 0} expected identifier, got '.' } {0 1000 {17065 0 0} expected ':', got '.' } {0 1000 {17065 0 0} expected type expression, got '.' } {0 1000 {17065 0 0} expected ',', got '.' } {0 1000 {17077 0 0} expected ':', got '(' } {0 1000 {17077 0 0} expected type expression, got '(' } {0 1000 {17077 0 0} expected ',', got '(' } {0 1000 {17077 0 0} expected identifier, got '(' } {0 1000 {17077 0 0} expected ':', got '(' } {0 1000 {17077 0 0} expected type expression, got '(' } {0 1000 {17077 0 0} expected ',', got '(' } {0 1000 {17078 0 0} expected identifier, got ')' } {0 1000 {17078 0 0} expected ':', got ')' } {0 1000 {17078 0 0} expected type expression, got ')' } {0 1000 {17078 0 0} expected ',', got ')' } {0 1000 {17079 0 0} expected identifier, got DEDENT } {0 1000 {17079 0 0} expected ':', got DEDENT } {0 1000 {17079 0 0} expected type expression, got DEDENT } {0 1000 {17079 0 0} expected ',', got DEDENT } {0 1000 {17088 0 0} expected identifier, got 'elif' } {0 1000 {17088 0 0} expected ':', got 'elif' } {0 1000 {17088 0 0} expected type expression, got 'elif' } {0 1000 {17088 0 0} expected ',', got 'elif' } {0 1000 {17095 0 0} expected ':', got '==' } {0 1000 {17095 0 0} expected type expression, got '==' } {0 1000 {17095 0 0} expected ',', got '==' } {0 1000 {17095 0 0} expected identifier, got '==' } {0 1000 {17095 0 0} expected ':', got '==' } {0 1000 {17095 0 0} expected type expression, got '==' } {0 1000 {17095 0 0} expected ',', got '==' } {0 1000 {17098 0 0} expected identifier, got integer literal } {0 1000 {17098 0 0} expected ':', got integer literal } {0 1000 {17098 0 0} expected type expression, got integer literal } {0 1000 {17098 0 0} expected ',', got integer literal } {0 1000 {17100 0 0} expected identifier, got ':' } {0 1000 {17108 0 0} expected type expression, got INDENT } {0 1000 {17108 0 0} expected ',', got INDENT } {0 1000 {17108 0 0} expected identifier, got INDENT } {0 1000 {17108 0 0} expected ':', got INDENT } {0 1000 {17108 0 0} expected type expression, got INDENT } {0 1000 {17108 0 0} expected ',', got INDENT } {0 1000 {17125 0 0} expected ':', got '.' } {0 1000 {17125 0 0} expected type expression, got '.' } {0 1000 {17125 0 0} expected ',', got '.' } {0 1000 {17125 0 0} expected identifier, got '.' } {0 1000 {17125 0 0} expected ':', got '.' } {0 1000 {17125 0 0} expected type expression, got '.' } {0 1000 {17125 0 0} expected ',', got '.' } {0 1000 {17137 0 0} expected ':', got '(' } {0 1000 {17137 0 0} expected type expression, got '(' } {0 1000 {17137 0 0} expected ',', got '(' } {0 1000 {17137 0 0} expected identifier, got '(' } {0 1000 {17137 0 0} expected ':', got '(' } {0 1000 {17137 0 0} expected type expression, got '(' } {0 1000 {17137 0 0} expected ',', got '(' } {0 1000 {17138 0 0} expected identifier, got ')' } {0 1000 {17138 0 0} expected ':', got ')' } {0 1000 {17138 0 0} expected type expression, got ')' } {0 1000 {17138 0 0} expected ',', got ')' } {0 1000 {17139 0 0} expected identifier, got DEDENT } {0 1000 {17139 0 0} expected ':', got DEDENT } {0 1000 {17139 0 0} expected type expression, got DEDENT } {0 1000 {17139 0 0} expected ',', got DEDENT } {0 1000 {17148 0 0} expected identifier, got 'elif' } {0 1000 {17148 0 0} expected ':', got 'elif' } {0 1000 {17148 0 0} expected type expression, got 'elif' } {0 1000 {17148 0 0} expected ',', got 'elif' } {0 1000 {17155 0 0} expected ':', got '==' } {0 1000 {17155 0 0} expected type expression, got '==' } {0 1000 {17155 0 0} expected ',', got '==' } {0 1000 {17155 0 0} expected identifier, got '==' } {0 1000 {17155 0 0} expected ':', got '==' } {0 1000 {17155 0 0} expected type expression, got '==' } {0 1000 {17155 0 0} expected ',', got '==' } {0 1000 {17158 0 0} expected identifier, got integer literal } {0 1000 {17158 0 0} expected ':', got integer literal } {0 1000 {17158 0 0} expected type expression, got integer literal } {0 1000 {17158 0 0} expected ',', got integer literal } {0 1000 {17160 0 0} expected identifier, got ':' } {0 1000 {17169 0 0} expected type expression, got INDENT } {0 1000 {17169 0 0} expected ',', got INDENT } {0 1000 {17169 0 0} expected identifier, got INDENT } {0 1000 {17169 0 0} expected ':', got INDENT } {0 1000 {17169 0 0} expected type expression, got INDENT } {0 1000 {17169 0 0} expected ',', got INDENT } {0 1000 {17186 0 0} expected ':', got '.' } {0 1000 {17186 0 0} expected type expression, got '.' } {0 1000 {17186 0 0} expected ',', got '.' } {0 1000 {17186 0 0} expected identifier, got '.' } {0 1000 {17186 0 0} expected ':', got '.' } {0 1000 {17186 0 0} expected type expression, got '.' } {0 1000 {17186 0 0} expected ',', got '.' } {0 1000 {17196 0 0} expected ':', got '(' } {0 1000 {17196 0 0} expected type expression, got '(' } {0 1000 {17196 0 0} expected ',', got '(' } {0 1000 {17196 0 0} expected identifier, got '(' } {0 1000 {17196 0 0} expected ':', got '(' } {0 1000 {17196 0 0} expected type expression, got '(' } {0 1000 {17196 0 0} expected ',', got '(' } {0 1000 {17197 0 0} expected identifier, got ')' } {0 1000 {17197 0 0} expected ':', got ')' } {0 1000 {17197 0 0} expected type expression, got ')' } {0 1000 {17197 0 0} expected ',', got ')' } {0 1000 {17198 0 0} expected identifier, got DEDENT } {0 1000 {17198 0 0} expected ':', got DEDENT } {0 1000 {17198 0 0} expected type expression, got DEDENT } {0 1000 {17198 0 0} expected ',', got DEDENT } {0 1000 {17207 0 0} expected identifier, got 'elif' } {0 1000 {17207 0 0} expected ':', got 'elif' } {0 1000 {17207 0 0} expected type expression, got 'elif' } {0 1000 {17207 0 0} expected ',', got 'elif' } {0 1000 {17226 0 0} expected ':', got '(' } {0 1000 {17226 0 0} expected type expression, got '(' } {0 1000 {17226 0 0} expected ',', got '(' } {0 1000 {17226 0 0} expected identifier, got '(' } {0 1000 {17226 0 0} expected ':', got '(' } {0 1000 {17226 0 0} expected type expression, got '(' } {0 1000 {17226 0 0} expected ',', got '(' } {0 1000 {17228 0 0} expected ':', got ')' } {0 1000 {17228 0 0} expected type expression, got ')' } {0 1000 {17228 0 0} expected ',', got ')' } {0 1000 {17228 0 0} expected identifier, got ')' } {0 1000 {17228 0 0} expected ':', got ')' } {0 1000 {17228 0 0} expected type expression, got ')' } {0 1000 {17228 0 0} expected ',', got ')' } {0 1000 {17229 0 0} expected identifier, got ':' } {0 1000 {17230 0 0} expected type expression, got INDENT } {0 1000 {17230 0 0} expected ',', got INDENT } {0 1000 {17230 0 0} expected identifier, got INDENT } {0 1000 {17230 0 0} expected ':', got INDENT } {0 1000 {17230 0 0} expected type expression, got INDENT } {0 1000 {17230 0 0} expected ',', got INDENT } {0 1000 {17247 0 0} expected ':', got '.' } {0 1000 {17247 0 0} expected type expression, got '.' } {0 1000 {17247 0 0} expected ',', got '.' } {0 1000 {17247 0 0} expected identifier, got '.' } {0 1000 {17247 0 0} expected ':', got '.' } {0 1000 {17247 0 0} expected type expression, got '.' } {0 1000 {17247 0 0} expected ',', got '.' } {0 1000 {17258 0 0} expected ':', got '(' } {0 1000 {17258 0 0} expected type expression, got '(' } {0 1000 {17258 0 0} expected ',', got '(' } {0 1000 {17258 0 0} expected identifier, got '(' } {0 1000 {17258 0 0} expected ':', got '(' } {0 1000 {17258 0 0} expected type expression, got '(' } {0 1000 {17258 0 0} expected ',', got '(' } {0 1000 {17259 0 0} expected identifier, got ')' } {0 1000 {17259 0 0} expected ':', got ')' } {0 1000 {17259 0 0} expected type expression, got ')' } {0 1000 {17259 0 0} expected ',', got ')' } {0 1000 {17260 0 0} expected identifier, got DEDENT } {0 1000 {17260 0 0} expected ':', got DEDENT } {0 1000 {17260 0 0} expected type expression, got DEDENT } {0 1000 {17260 0 0} expected ',', got DEDENT } {0 1000 {17269 0 0} expected identifier, got 'else' } {0 1000 {17269 0 0} expected ':', got 'else' } {0 1000 {17269 0 0} expected type expression, got 'else' } {0 1000 {17269 0 0} expected ',', got 'else' } {0 1000 {17273 0 0} expected identifier, got ':' } {0 1000 {17274 0 0} expected type expression, got INDENT } {0 1000 {17274 0 0} expected ',', got INDENT } {0 1000 {17274 0 0} expected identifier, got INDENT } {0 1000 {17274 0 0} expected ':', got INDENT } {0 1000 {17274 0 0} expected type expression, got INDENT } {0 1000 {17274 0 0} expected ',', got INDENT } {0 1000 {17291 0 0} expected ':', got '.' } {0 1000 {17291 0 0} expected type expression, got '.' } {0 1000 {17291 0 0} expected ',', got '.' } {0 1000 {17291 0 0} expected identifier, got '.' } {0 1000 {17291 0 0} expected ':', got '.' } {0 1000 {17291 0 0} expected type expression, got '.' } {0 1000 {17291 0 0} expected ',', got '.' } {0 1000 {17314 0 0} expected ':', got '(' } {0 1000 {17314 0 0} expected type expression, got '(' } {0 1000 {17314 0 0} expected ',', got '(' } {0 1000 {17314 0 0} expected identifier, got '(' } {0 1000 {17314 0 0} expected ':', got '(' } {0 1000 {17314 0 0} expected type expression, got '(' } {0 1000 {17314 0 0} expected ',', got '(' } {0 1000 {17315 0 0} expected identifier, got ')' } {0 1000 {17315 0 0} expected ':', got ')' } {0 1000 {17315 0 0} expected type expression, got ')' } {0 1000 {17315 0 0} expected ',', got ')' } {0 1000 {17316 0 0} expected identifier, got DEDENT } {0 1000 {17316 0 0} expected ':', got DEDENT } {0 1000 {17316 0 0} expected type expression, got DEDENT } {0 1000 {17316 0 0} expected ',', got DEDENT } {0 1000 {17316 0 0} expected identifier, got DEDENT } {0 1000 {17316 0 0} expected ':', got DEDENT } {0 1000 {17316 0 0} expected type expression, got DEDENT } {0 1000 {17316 0 0} expected ',', got DEDENT } {0 1000 {17326 0 0} expected ':', got '.' } {0 1000 {17326 0 0} expected type expression, got '.' } {0 1000 {17326 0 0} expected ',', got '.' } {0 1000 {17326 0 0} expected identifier, got '.' } {0 1000 {17326 0 0} expected ':', got '.' } {0 1000 {17326 0 0} expected type expression, got '.' } {0 1000 {17326 0 0} expected ',', got '.' } {0 1000 {17331 0 0} expected ':', got '(' } {0 1000 {17331 0 0} expected type expression, got '(' } {0 1000 {17331 0 0} expected ',', got '(' } {0 1000 {17331 0 0} expected identifier, got '(' } {0 1000 {17331 0 0} expected ':', got '(' } {0 1000 {17331 0 0} expected type expression, got '(' } {0 1000 {17331 0 0} expected ',', got '(' } {0 1000 {17338 0 0} expected ':', got ',' } {0 1000 {17338 0 0} expected type expression, got ',' } {0 1000 {17344 0 0} expected ':', got '.' } {0 1000 {17344 0 0} expected type expression, got '.' } {0 1000 {17344 0 0} expected ',', got '.' } {0 1000 {17344 0 0} expected identifier, got '.' } {0 1000 {17344 0 0} expected ':', got '.' } {0 1000 {17344 0 0} expected type expression, got '.' } {0 1000 {17344 0 0} expected ',', got '.' } {0 1000 {17348 0 0} expected ':', got ',' } {0 1000 {17348 0 0} expected type expression, got ',' } {0 1000 {17350 0 0} expected identifier, got integer literal } {0 1000 {17350 0 0} expected ':', got integer literal } {0 1000 {17350 0 0} expected type expression, got integer literal } {0 1000 {17350 0 0} expected ',', got integer literal } {0 1000 {17351 0 0} expected identifier, got ')' } {0 1000 {17351 0 0} expected ':', got ')' } {0 1000 {17351 0 0} expected type expression, got ')' } {0 1000 {17351 0 0} expected ',', got ')' } {0 1000 {17352 0 0} expected identifier, got DEDENT } {0 1000 {17352 0 0} expected ':', got DEDENT } {0 1000 {17352 0 0} expected type expression, got DEDENT } {0 1000 {17352 0 0} expected ',', got DEDENT } {0 1000 {17354 0 0} expected identifier, got 'fn' } {0 1000 {17354 0 0} expected ':', got 'fn' } {0 1000 {17357 0 0} expected '(', got identifier } {0 1000 {17372 0 0} expected ',', got '(' } {0 1000 {17372 0 0} expected type expression, got '(' } {0 1000 {17372 0 0} expected ',', got '(' } {0 1000 {17376 0 0} expected ',', got ':' } {0 1000 {17376 0 0} expected type expression, got ':' } {0 1000 {17376 0 0} expected ',', got ':' } {0 1000 {17386 0 0} expected ',', got ':' } {0 1000 {17386 0 0} expected type expression, got ':' } {0 1000 {17386 0 0} expected ',', got ':' } {0 1000 {17399 0 0} expected ',', got ':' } {0 1000 {17399 0 0} expected identifier, got ':' } {0 1000 {17400 0 0} expected type expression, got INDENT } {0 1000 {17400 0 0} expected ',', got INDENT } {0 1000 {17400 0 0} expected identifier, got INDENT } {0 1000 {17400 0 0} expected ':', got INDENT } {0 1000 {17400 0 0} expected type expression, got INDENT } {0 1000 {17400 0 0} expected ',', got INDENT } {0 1000 {17411 0 0} expected ':', got ':=' } {0 1000 {17411 0 0} expected type expression, got ':=' } {0 1000 {17411 0 0} expected ',', got ':=' } {0 1000 {17411 0 0} expected identifier, got ':=' } {0 1000 {17411 0 0} expected ':', got ':=' } {0 1000 {17411 0 0} expected type expression, got ':=' } {0 1000 {17411 0 0} expected ',', got ':=' } {0 1000 {17418 0 0} expected ':', got '-' } {0 1000 {17418 0 0} expected type expression, got '-' } {0 1000 {17418 0 0} expected ',', got '-' } {0 1000 {17418 0 0} expected identifier, got '-' } {0 1000 {17418 0 0} expected ':', got '-' } {0 1000 {17418 0 0} expected type expression, got '-' } {0 1000 {17418 0 0} expected ',', got '-' } {0 1000 {17420 0 0} expected identifier, got integer literal } {0 1000 {17420 0 0} expected ':', got integer literal } {0 1000 {17420 0 0} expected type expression, got integer literal } {0 1000 {17420 0 0} expected ',', got integer literal } {0 1000 {17426 0 0} expected identifier, got 'while' } {0 1000 {17426 0 0} expected ':', got 'while' } {0 1000 {17426 0 0} expected type expression, got 'while' } {0 1000 {17426 0 0} expected ',', got 'while' } {0 1000 {17434 0 0} expected ':', got '>=' } {0 1000 {17434 0 0} expected type expression, got '>=' } {0 1000 {17434 0 0} expected ',', got '>=' } {0 1000 {17434 0 0} expected identifier, got '>=' } {0 1000 {17434 0 0} expected ':', got '>=' } {0 1000 {17434 0 0} expected type expression, got '>=' } {0 1000 {17434 0 0} expected ',', got '>=' } {0 1000 {17437 0 0} expected identifier, got integer literal } {0 1000 {17437 0 0} expected ':', got integer literal } {0 1000 {17437 0 0} expected type expression, got integer literal } {0 1000 {17437 0 0} expected ',', got integer literal } {0 1000 {17438 0 0} expected identifier, got ':' } {0 1000 {17439 0 0} expected type expression, got INDENT } {0 1000 {17439 0 0} expected ',', got INDENT } {0 1000 {17439 0 0} expected identifier, got INDENT } {0 1000 {17439 0 0} expected ':', got INDENT } {0 1000 {17439 0 0} expected type expression, got INDENT } {0 1000 {17439 0 0} expected ',', got INDENT } {0 1000 {17448 0 0} expected identifier, got 'if' } {0 1000 {17448 0 0} expected ':', got 'if' } {0 1000 {17448 0 0} expected type expression, got 'if' } {0 1000 {17448 0 0} expected ',', got 'if' } {0 1000 {17454 0 0} expected ':', got '[' } {0 1000 {17458 0 0} expected ',', got 'as' } {0 1000 {17458 0 0} expected identifier, got 'as' } {0 1000 {17458 0 0} expected ':', got 'as' } {0 1000 {17458 0 0} expected type expression, got 'as' } {0 1000 {17458 0 0} expected ',', got 'as' } {0 1000 {17464 0 0} expected ':', got '==' } {0 1000 {17464 0 0} expected type expression, got '==' } {0 1000 {17464 0 0} expected ',', got '==' } {0 1000 {17464 0 0} expected identifier, got '==' } {0 1000 {17464 0 0} expected ':', got '==' } {0 1000 {17464 0 0} expected type expression, got '==' } {0 1000 {17464 0 0} expected ',', got '==' } {0 1000 {17467 0 0} expected identifier, got integer literal } {0 1000 {17467 0 0} expected ':', got integer literal } {0 1000 {17467 0 0} expected type expression, got integer literal } {0 1000 {17467 0 0} expected ',', got integer literal } {0 1000 {17469 0 0} expected identifier, got ':' } {0 1000 {17478 0 0} expected type expression, got INDENT } {0 1000 {17478 0 0} expected ',', got INDENT } {0 1000 {17478 0 0} expected identifier, got INDENT } {0 1000 {17478 0 0} expected ':', got INDENT } {0 1000 {17478 0 0} expected type expression, got INDENT } {0 1000 {17478 0 0} expected ',', got INDENT } {0 1000 {17491 0 0} expected identifier, got 'return' } {0 1000 {17491 0 0} expected ':', got 'return' } {0 1000 {17491 0 0} expected type expression, got 'return' } {0 1000 {17491 0 0} expected ',', got 'return' } {0 1000 {17500 0 0} expected ':', got '+' } {0 1000 {17500 0 0} expected type expression, got '+' } {0 1000 {17500 0 0} expected ',', got '+' } {0 1000 {17500 0 0} expected identifier, got '+' } {0 1000 {17500 0 0} expected ':', got '+' } {0 1000 {17500 0 0} expected type expression, got '+' } {0 1000 {17500 0 0} expected ',', got '+' } {0 1000 {17502 0 0} expected identifier, got integer literal } {0 1000 {17502 0 0} expected ':', got integer literal } {0 1000 {17502 0 0} expected type expression, got integer literal } {0 1000 {17502 0 0} expected ',', got integer literal } {0 1000 {17503 0 0} expected identifier, got DEDENT } {0 1000 {17503 0 0} expected ':', got DEDENT } {0 1000 {17503 0 0} expected type expression, got DEDENT } {0 1000 {17503 0 0} expected ',', got DEDENT } {0 1000 {17514 0 0} expected ':', got '=' } {0 1000 {17514 0 0} expected type expression, got '=' } {0 1000 {17514 0 0} expected ',', got '=' } {0 1000 {17514 0 0} expected identifier, got '=' } {0 1000 {17514 0 0} expected ':', got '=' } {0 1000 {17514 0 0} expected type expression, got '=' } {0 1000 {17514 0 0} expected ',', got '=' } {0 1000 {17518 0 0} expected ':', got '-' } {0 1000 {17518 0 0} expected type expression, got '-' } {0 1000 {17518 0 0} expected ',', got '-' } {0 1000 {17518 0 0} expected identifier, got '-' } {0 1000 {17518 0 0} expected ':', got '-' } {0 1000 {17518 0 0} expected type expression, got '-' } {0 1000 {17518 0 0} expected ',', got '-' } {0 1000 {17520 0 0} expected identifier, got integer literal } {0 1000 {17520 0 0} expected ':', got integer literal } {0 1000 {17520 0 0} expected type expression, got integer literal } {0 1000 {17520 0 0} expected ',', got integer literal } {0 1000 {17521 0 0} expected identifier, got DEDENT } {0 1000 {17521 0 0} expected ':', got DEDENT } {0 1000 {17521 0 0} expected type expression, got DEDENT } {0 1000 {17521 0 0} expected ',', got DEDENT } {0 1000 {17526 0 0} expected identifier, got 'return' } {0 1000 {17526 0 0} expected ':', got 'return' } {0 1000 {17526 0 0} expected type expression, got 'return' } {0 1000 {17526 0 0} expected ',', got 'return' } {0 1000 {17533 0 0} expected identifier, got integer literal } {0 1000 {17533 0 0} expected ':', got integer literal } {0 1000 {17533 0 0} expected type expression, got integer literal } {0 1000 {17533 0 0} expected ',', got integer literal } {0 1000 {17534 0 0} expected identifier, got DEDENT } {0 1000 {17534 0 0} expected ':', got DEDENT } {0 1000 {17534 0 0} expected type expression, got DEDENT } {0 1000 {17534 0 0} expected ',', got DEDENT } {0 1000 {17536 0 0} expected identifier, got 'pub' } {0 1000 {17536 0 0} expected ':', got 'pub' } {0 1000 {17536 0 0} expected type expression, got 'pub' } {0 1000 {17536 0 0} expected ',', got 'pub' } {0 1000 {17540 0 0} expected identifier, got 'fn' } {0 1000 {17540 0 0} expected ':', got 'fn' } {0 1000 {17543 0 0} expected '(', got identifier } {0 1000 {17567 0 0} expected ',', got '(' } {0 1000 {17567 0 0} expected type expression, got '(' } {0 1000 {17567 0 0} expected ',', got '(' } {0 1000 {17572 0 0} expected ',', got ':' } {0 1000 {17572 0 0} expected type expression, got ':' } {0 1000 {17572 0 0} expected ',', got ':' } {0 1000 {17590 0 0} expected ',', got ':' } {0 1000 {17590 0 0} expected type expression, got ':' } {0 1000 {17590 0 0} expected ',', got ':' } {0 1000 {17603 0 0} expected ',', got ':' } {0 1000 {17603 0 0} expected identifier, got ':' } {0 1000 {17604 0 0} expected type expression, got INDENT } {0 1000 {17604 0 0} expected ',', got INDENT } {0 1000 {17604 0 0} expected identifier, got INDENT } {0 1000 {17604 0 0} expected ':', got INDENT } {0 1000 {17604 0 0} expected type expression, got INDENT } {0 1000 {17604 0 0} expected ',', got INDENT } {0 1000 {17615 0 0} expected ':', got ':=' } {0 1000 {17615 0 0} expected type expression, got ':=' } {0 1000 {17615 0 0} expected ',', got ':=' } {0 1000 {17615 0 0} expected identifier, got ':=' } {0 1000 {17615 0 0} expected ':', got ':=' } {0 1000 {17615 0 0} expected type expression, got ':=' } {0 1000 {17615 0 0} expected ',', got ':=' } {0 1000 {17632 0 0} expected ':', got 'while' } {0 1000 {17632 0 0} expected type expression, got 'while' } {0 1000 {17632 0 0} expected ',', got 'while' } {0 1000 {17632 0 0} expected identifier, got 'while' } {0 1000 {17632 0 0} expected ':', got 'while' } {0 1000 {17632 0 0} expected type expression, got 'while' } {0 1000 {17632 0 0} expected ',', got 'while' } {0 1000 {17640 0 0} expected ':', got '<' } {0 1000 {17640 0 0} expected type expression, got '<' } {0 1000 {17640 0 0} expected ',', got '<' } {0 1000 {17640 0 0} expected identifier, got '<' } {0 1000 {17640 0 0} expected ':', got '<' } {0 1000 {17640 0 0} expected type expression, got '<' } {0 1000 {17640 0 0} expected ',', got '<' } {0 1000 {17646 0 0} expected ':', got '.' } {0 1000 {17646 0 0} expected type expression, got '.' } {0 1000 {17646 0 0} expected ',', got '.' } {0 1000 {17646 0 0} expected identifier, got '.' } {0 1000 {17646 0 0} expected ':', got '.' } {0 1000 {17646 0 0} expected type expression, got '.' } {0 1000 {17646 0 0} expected ',', got '.' } {0 1000 {17653 0 0} expected ':', got '.' } {0 1000 {17653 0 0} expected type expression, got '.' } {0 1000 {17653 0 0} expected ',', got '.' } {0 1000 {17653 0 0} expected identifier, got '.' } {0 1000 {17653 0 0} expected ':', got '.' } {0 1000 {17653 0 0} expected type expression, got '.' } {0 1000 {17653 0 0} expected ',', got '.' } {0 1000 {17658 0 0} expected type expression, got INDENT } {0 1000 {17658 0 0} expected ',', got INDENT } {0 1000 {17658 0 0} expected identifier, got INDENT } {0 1000 {17658 0 0} expected ':', got INDENT } {0 1000 {17658 0 0} expected type expression, got INDENT } {0 1000 {17658 0 0} expected ',', got INDENT } {0 1000 {17667 0 0} expected identifier, got 'let' } {0 1000 {17667 0 0} expected ':', got 'let' } {0 1000 {17667 0 0} expected type expression, got 'let' } {0 1000 {17667 0 0} expected ',', got 'let' } {0 1000 {17675 0 0} expected ':', got '=' } {0 1000 {17675 0 0} expected type expression, got '=' } {0 1000 {17675 0 0} expected ',', got '=' } {0 1000 {17675 0 0} expected identifier, got '=' } {0 1000 {17675 0 0} expected ':', got '=' } {0 1000 {17675 0 0} expected type expression, got '=' } {0 1000 {17675 0 0} expected ',', got '=' } {0 1000 {17681 0 0} expected ':', got '.' } {0 1000 {17681 0 0} expected type expression, got '.' } {0 1000 {17681 0 0} expected ',', got '.' } {0 1000 {17681 0 0} expected identifier, got '.' } {0 1000 {17681 0 0} expected ':', got '.' } {0 1000 {17681 0 0} expected type expression, got '.' } {0 1000 {17681 0 0} expected ',', got '.' } {0 1000 {17688 0 0} expected ':', got '.' } {0 1000 {17688 0 0} expected type expression, got '.' } {0 1000 {17688 0 0} expected ',', got '.' } {0 1000 {17688 0 0} expected identifier, got '.' } {0 1000 {17688 0 0} expected ':', got '.' } {0 1000 {17688 0 0} expected type expression, got '.' } {0 1000 {17688 0 0} expected ',', got '.' } {0 1000 {17693 0 0} expected ':', got '[' } {0 1000 {17705 0 0} expected ',', got 'if' } {0 1000 {17705 0 0} expected identifier, got 'if' } {0 1000 {17705 0 0} expected ':', got 'if' } {0 1000 {17705 0 0} expected type expression, got 'if' } {0 1000 {17705 0 0} expected ',', got 'if' } {0 1000 {17711 0 0} expected ':', got '.' } {0 1000 {17711 0 0} expected type expression, got '.' } {0 1000 {17711 0 0} expected ',', got '.' } {0 1000 {17711 0 0} expected identifier, got '.' } {0 1000 {17711 0 0} expected ':', got '.' } {0 1000 {17711 0 0} expected type expression, got '.' } {0 1000 {17711 0 0} expected ',', got '.' } {0 1000 {17717 0 0} expected ':', got '==' } {0 1000 {17717 0 0} expected type expression, got '==' } {0 1000 {17717 0 0} expected ',', got '==' } {0 1000 {17717 0 0} expected identifier, got '==' } {0 1000 {17717 0 0} expected ':', got '==' } {0 1000 {17717 0 0} expected type expression, got '==' } {0 1000 {17717 0 0} expected ',', got '==' } {0 1000 {17731 0 0} expected type expression, got INDENT } {0 1000 {17731 0 0} expected ',', got INDENT } {0 1000 {17731 0 0} expected identifier, got INDENT } {0 1000 {17731 0 0} expected ':', got INDENT } {0 1000 {17731 0 0} expected type expression, got INDENT } {0 1000 {17731 0 0} expected ',', got INDENT } {0 1000 {17746 0 0} expected ':', got '=' } {0 1000 {17746 0 0} expected type expression, got '=' } {0 1000 {17746 0 0} expected ',', got '=' } {0 1000 {17746 0 0} expected identifier, got '=' } {0 1000 {17746 0 0} expected ':', got '=' } {0 1000 {17746 0 0} expected type expression, got '=' } {0 1000 {17746 0 0} expected ',', got '=' } {0 1000 {17750 0 0} expected ':', got '+' } {0 1000 {17750 0 0} expected type expression, got '+' } {0 1000 {17750 0 0} expected ',', got '+' } {0 1000 {17750 0 0} expected identifier, got '+' } {0 1000 {17750 0 0} expected ':', got '+' } {0 1000 {17750 0 0} expected type expression, got '+' } {0 1000 {17750 0 0} expected ',', got '+' } {0 1000 {17752 0 0} expected identifier, got integer literal } {0 1000 {17752 0 0} expected ':', got integer literal } {0 1000 {17752 0 0} expected type expression, got integer literal } {0 1000 {17752 0 0} expected ',', got integer literal } {0 1000 {17774 0 0} expected ':', got DEDENT } {0 1000 {17774 0 0} expected type expression, got DEDENT } {0 1000 {17774 0 0} expected ',', got DEDENT } {0 1000 {17774 0 0} expected identifier, got DEDENT } {0 1000 {17774 0 0} expected ':', got DEDENT } {0 1000 {17774 0 0} expected type expression, got DEDENT } {0 1000 {17774 0 0} expected ',', got DEDENT } {0 1000 {17783 0 0} expected identifier, got 'if' } {0 1000 {17783 0 0} expected ':', got 'if' } {0 1000 {17783 0 0} expected type expression, got 'if' } {0 1000 {17783 0 0} expected ',', got 'if' } {0 1000 {17789 0 0} expected ':', got '.' } {0 1000 {17789 0 0} expected type expression, got '.' } {0 1000 {17789 0 0} expected ',', got '.' } {0 1000 {17789 0 0} expected identifier, got '.' } {0 1000 {17789 0 0} expected ':', got '.' } {0 1000 {17789 0 0} expected type expression, got '.' } {0 1000 {17789 0 0} expected ',', got '.' } {0 1000 {17795 0 0} expected ':', got '==' } {0 1000 {17795 0 0} expected type expression, got '==' } {0 1000 {17795 0 0} expected ',', got '==' } {0 1000 {17795 0 0} expected identifier, got '==' } {0 1000 {17795 0 0} expected ':', got '==' } {0 1000 {17795 0 0} expected type expression, got '==' } {0 1000 {17795 0 0} expected ',', got '==' } {0 1000 {17805 0 0} expected type expression, got INDENT } {0 1000 {17805 0 0} expected ',', got INDENT } {0 1000 {17805 0 0} expected identifier, got INDENT } {0 1000 {17805 0 0} expected ':', got INDENT } {0 1000 {17805 0 0} expected type expression, got INDENT } {0 1000 {17805 0 0} expected ',', got INDENT } {0 1000 {17818 0 0} expected identifier, got 'return' } {0 1000 {17818 0 0} expected ':', got 'return' } {0 1000 {17818 0 0} expected type expression, got 'return' } {0 1000 {17818 0 0} expected ',', got 'return' } {0 1000 {17825 0 0} expected identifier, got '-' } {0 1000 {17825 0 0} expected ':', got '-' } {0 1000 {17825 0 0} expected type expression, got '-' } {0 1000 {17825 0 0} expected ',', got '-' } {0 1000 {17826 0 0} expected identifier, got integer literal } {0 1000 {17826 0 0} expected ':', got integer literal } {0 1000 {17826 0 0} expected type expression, got integer literal } {0 1000 {17826 0 0} expected ',', got integer literal } {0 1000 {17827 0 0} expected identifier, got DEDENT } {0 1000 {17827 0 0} expected ':', got DEDENT } {0 1000 {17827 0 0} expected type expression, got DEDENT } {0 1000 {17827 0 0} expected ',', got DEDENT } {0 1000 {17836 0 0} expected identifier, got 'let' } {0 1000 {17836 0 0} expected ':', got 'let' } {0 1000 {17836 0 0} expected type expression, got 'let' } {0 1000 {17836 0 0} expected ',', got 'let' } {0 1000 {17851 0 0} expected ':', got '=' } {0 1000 {17851 0 0} expected type expression, got '=' } {0 1000 {17851 0 0} expected ',', got '=' } {0 1000 {17851 0 0} expected identifier, got '=' } {0 1000 {17851 0 0} expected ':', got '=' } {0 1000 {17851 0 0} expected type expression, got '=' } {0 1000 {17851 0 0} expected ',', got '=' } {0 1000 {17868 0 0} expected ':', got '(' } {0 1000 {17868 0 0} expected type expression, got '(' } {0 1000 {17868 0 0} expected ',', got '(' } {0 1000 {17868 0 0} expected identifier, got '(' } {0 1000 {17868 0 0} expected ':', got '(' } {0 1000 {17868 0 0} expected type expression, got '(' } {0 1000 {17868 0 0} expected ',', got '(' } {0 1000 {17873 0 0} expected ':', got '.' } {0 1000 {17873 0 0} expected type expression, got '.' } {0 1000 {17873 0 0} expected ',', got '.' } {0 1000 {17873 0 0} expected identifier, got '.' } {0 1000 {17873 0 0} expected ':', got '.' } {0 1000 {17873 0 0} expected type expression, got '.' } {0 1000 {17873 0 0} expected ',', got '.' } {0 1000 {17877 0 0} expected ':', got ',' } {0 1000 {17877 0 0} expected type expression, got ',' } {0 1000 {17882 0 0} expected ':', got '.' } {0 1000 {17882 0 0} expected type expression, got '.' } {0 1000 {17882 0 0} expected ',', got '.' } {0 1000 {17882 0 0} expected identifier, got '.' } {0 1000 {17882 0 0} expected ':', got '.' } {0 1000 {17882 0 0} expected type expression, got '.' } {0 1000 {17882 0 0} expected ',', got '.' } {0 1000 {17890 0 0} expected ':', got 'as' } {0 1000 {17890 0 0} expected type expression, got 'as' } {0 1000 {17890 0 0} expected ',', got 'as' } {0 1000 {17890 0 0} expected identifier, got 'as' } {0 1000 {17890 0 0} expected ':', got 'as' } {0 1000 {17890 0 0} expected type expression, got 'as' } {0 1000 {17890 0 0} expected ',', got 'as' } {0 1000 {17896 0 0} expected ':', got ')' } {0 1000 {17896 0 0} expected type expression, got ')' } {0 1000 {17896 0 0} expected ',', got ')' } {0 1000 {17896 0 0} expected identifier, got ')' } {0 1000 {17896 0 0} expected ':', got ')' } {0 1000 {17896 0 0} expected type expression, got ')' } {0 1000 {17896 0 0} expected ',', got ')' } {0 1000 {17906 0 0} expected identifier, got 'return' } {0 1000 {17906 0 0} expected ':', got 'return' } {0 1000 {17906 0 0} expected type expression, got 'return' } {0 1000 {17906 0 0} expected ',', got 'return' } {0 1000 {17923 0 0} expected ':', got DEDENT } {0 1000 {17923 0 0} expected type expression, got DEDENT } {0 1000 {17923 0 0} expected ',', got DEDENT } {0 1000 {17923 0 0} expected identifier, got DEDENT } {0 1000 {17923 0 0} expected ':', got DEDENT } {0 1000 {17923 0 0} expected type expression, got DEDENT } {0 1000 {17923 0 0} expected ',', got DEDENT } {0 1000 {17928 0 0} expected identifier, got 'return' } {0 1000 {17928 0 0} expected ':', got 'return' } {0 1000 {17928 0 0} expected type expression, got 'return' } {0 1000 {17928 0 0} expected ',', got 'return' } {0 1000 {17935 0 0} expected identifier, got '-' } {0 1000 {17935 0 0} expected ':', got '-' } {0 1000 {17935 0 0} expected type expression, got '-' } {0 1000 {17935 0 0} expected ',', got '-' } {0 1000 {17936 0 0} expected identifier, got integer literal } {0 1000 {17936 0 0} expected ':', got integer literal } {0 1000 {17936 0 0} expected type expression, got integer literal } {0 1000 {17936 0 0} expected ',', got integer literal } {0 1000 {17937 0 0} expected identifier, got DEDENT } {0 1000 {17937 0 0} expected ':', got DEDENT } {0 1000 {17937 0 0} expected type expression, got DEDENT } {0 1000 {17937 0 0} expected ',', got DEDENT } {0 1000 {17939 0 0} expected identifier, got 'fn' } {0 1000 {17939 0 0} expected ':', got 'fn' } {0 1000 {17942 0 0} expected '(', got identifier } {0 1000 {17962 0 0} expected ',', got '(' } {0 1000 {17962 0 0} expected type expression, got '(' } {0 1000 {17962 0 0} expected ',', got '(' } {0 1000 {17966 0 0} expected ',', got ':' } {0 1000 {17966 0 0} expected type expression, got ':' } {0 1000 {17966 0 0} expected ',', got ':' } {0 1000 {17979 0 0} expected ',', got ':' } {0 1000 {17979 0 0} expected type expression, got ':' } {0 1000 {17979 0 0} expected ',', got ':' } {0 1000 {17989 0 0} expected ',', got ':' } {0 1000 {17989 0 0} expected type expression, got ':' } {0 1000 {17989 0 0} expected ',', got ':' } {0 1000 {18002 0 0} expected ',', got ':' } {0 1000 {18002 0 0} expected identifier, got ':' } {0 1000 {18003 0 0} expected type expression, got INDENT } {0 1000 {18003 0 0} expected ',', got INDENT } {0 1000 {18003 0 0} expected identifier, got INDENT } {0 1000 {18003 0 0} expected ':', got INDENT } {0 1000 {18003 0 0} expected type expression, got INDENT } {0 1000 {18003 0 0} expected ',', got INDENT } {0 1000 {18018 0 0} expected ':', got ':=' } {0 1000 {18018 0 0} expected type expression, got ':=' } {0 1000 {18018 0 0} expected ',', got ':=' } {0 1000 {18018 0 0} expected identifier, got ':=' } {0 1000 {18018 0 0} expected ':', got ':=' } {0 1000 {18018 0 0} expected type expression, got ':=' } {0 1000 {18018 0 0} expected ',', got ':=' } {0 1000 {18021 0 0} expected identifier, got integer literal } {0 1000 {18021 0 0} expected ':', got integer literal } {0 1000 {18021 0 0} expected type expression, got integer literal } {0 1000 {18021 0 0} expected ',', got integer literal } {0 1000 {18033 0 0} expected ':', got ':=' } {0 1000 {18033 0 0} expected type expression, got ':=' } {0 1000 {18033 0 0} expected ',', got ':=' } {0 1000 {18033 0 0} expected identifier, got ':=' } {0 1000 {18033 0 0} expected ':', got ':=' } {0 1000 {18033 0 0} expected type expression, got ':=' } {0 1000 {18033 0 0} expected ',', got ':=' } {0 1000 {18047 0 0} expected ':', got 'while' } {0 1000 {18047 0 0} expected type expression, got 'while' } {0 1000 {18047 0 0} expected ',', got 'while' } {0 1000 {18047 0 0} expected identifier, got 'while' } {0 1000 {18047 0 0} expected ':', got 'while' } {0 1000 {18047 0 0} expected type expression, got 'while' } {0 1000 {18047 0 0} expected ',', got 'while' } {0 1000 {18055 0 0} expected ':', got '<' } {0 1000 {18055 0 0} expected type expression, got '<' } {0 1000 {18055 0 0} expected ',', got '<' } {0 1000 {18055 0 0} expected identifier, got '<' } {0 1000 {18055 0 0} expected ':', got '<' } {0 1000 {18055 0 0} expected type expression, got '<' } {0 1000 {18055 0 0} expected ',', got '<' } {0 1000 {18061 0 0} expected type expression, got INDENT } {0 1000 {18061 0 0} expected ',', got INDENT } {0 1000 {18061 0 0} expected identifier, got INDENT } {0 1000 {18061 0 0} expected ':', got INDENT } {0 1000 {18061 0 0} expected type expression, got INDENT } {0 1000 {18061 0 0} expected ',', got INDENT } {0 1000 {18070 0 0} expected identifier, got 'if' } {0 1000 {18070 0 0} expected ':', got 'if' } {0 1000 {18070 0 0} expected type expression, got 'if' } {0 1000 {18070 0 0} expected ',', got 'if' } {0 1000 {18076 0 0} expected ':', got '[' } {0 1000 {18080 0 0} expected ',', got 'as' } {0 1000 {18080 0 0} expected identifier, got 'as' } {0 1000 {18080 0 0} expected ':', got 'as' } {0 1000 {18080 0 0} expected type expression, got 'as' } {0 1000 {18080 0 0} expected ',', got 'as' } {0 1000 {18086 0 0} expected ':', got '==' } {0 1000 {18086 0 0} expected type expression, got '==' } {0 1000 {18086 0 0} expected ',', got '==' } {0 1000 {18086 0 0} expected identifier, got '==' } {0 1000 {18086 0 0} expected ':', got '==' } {0 1000 {18086 0 0} expected type expression, got '==' } {0 1000 {18086 0 0} expected ',', got '==' } {0 1000 {18089 0 0} expected identifier, got integer literal } {0 1000 {18089 0 0} expected ':', got integer literal } {0 1000 {18089 0 0} expected type expression, got integer literal } {0 1000 {18089 0 0} expected ',', got integer literal } {0 1000 {18091 0 0} expected identifier, got ':' } {0 1000 {18099 0 0} expected type expression, got INDENT } {0 1000 {18099 0 0} expected ',', got INDENT } {0 1000 {18099 0 0} expected identifier, got INDENT } {0 1000 {18099 0 0} expected ':', got INDENT } {0 1000 {18099 0 0} expected type expression, got INDENT } {0 1000 {18099 0 0} expected ',', got INDENT } {0 1000 {18118 0 0} expected ':', got '=' } {0 1000 {18118 0 0} expected type expression, got '=' } {0 1000 {18118 0 0} expected ',', got '=' } {0 1000 {18118 0 0} expected identifier, got '=' } {0 1000 {18118 0 0} expected ':', got '=' } {0 1000 {18118 0 0} expected type expression, got '=' } {0 1000 {18118 0 0} expected ',', got '=' } {0 1000 {18126 0 0} expected ':', got '+' } {0 1000 {18126 0 0} expected type expression, got '+' } {0 1000 {18126 0 0} expected ',', got '+' } {0 1000 {18126 0 0} expected identifier, got '+' } {0 1000 {18126 0 0} expected ':', got '+' } {0 1000 {18126 0 0} expected type expression, got '+' } {0 1000 {18126 0 0} expected ',', got '+' } {0 1000 {18128 0 0} expected identifier, got integer literal } {0 1000 {18128 0 0} expected ':', got integer literal } {0 1000 {18128 0 0} expected type expression, got integer literal } {0 1000 {18128 0 0} expected ',', got integer literal } {0 1000 {18129 0 0} expected identifier, got DEDENT } {0 1000 {18129 0 0} expected ':', got DEDENT } {0 1000 {18129 0 0} expected type expression, got DEDENT } {0 1000 {18129 0 0} expected ',', got DEDENT } {0 1000 {18138 0 0} expected identifier, got 'else' } {0 1000 {18138 0 0} expected ':', got 'else' } {0 1000 {18138 0 0} expected type expression, got 'else' } {0 1000 {18138 0 0} expected ',', got 'else' } {0 1000 {18142 0 0} expected identifier, got ':' } {0 1000 {18143 0 0} expected type expression, got INDENT } {0 1000 {18143 0 0} expected ',', got INDENT } {0 1000 {18143 0 0} expected identifier, got INDENT } {0 1000 {18143 0 0} expected ':', got INDENT } {0 1000 {18143 0 0} expected type expression, got INDENT } {0 1000 {18143 0 0} expected ',', got INDENT } {0 1000 {18161 0 0} expected ':', got DEDENT } {0 1000 {18161 0 0} expected type expression, got DEDENT } {0 1000 {18161 0 0} expected ',', got DEDENT } {0 1000 {18161 0 0} expected identifier, got DEDENT } {0 1000 {18161 0 0} expected ':', got DEDENT } {0 1000 {18161 0 0} expected type expression, got DEDENT } {0 1000 {18161 0 0} expected ',', got DEDENT } {0 1000 {18172 0 0} expected ':', got '=' } {0 1000 {18172 0 0} expected type expression, got '=' } {0 1000 {18172 0 0} expected ',', got '=' } {0 1000 {18172 0 0} expected identifier, got '=' } {0 1000 {18172 0 0} expected ':', got '=' } {0 1000 {18172 0 0} expected type expression, got '=' } {0 1000 {18172 0 0} expected ',', got '=' } {0 1000 {18176 0 0} expected ':', got '+' } {0 1000 {18176 0 0} expected type expression, got '+' } {0 1000 {18176 0 0} expected ',', got '+' } {0 1000 {18176 0 0} expected identifier, got '+' } {0 1000 {18176 0 0} expected ':', got '+' } {0 1000 {18176 0 0} expected type expression, got '+' } {0 1000 {18176 0 0} expected ',', got '+' } {0 1000 {18178 0 0} expected identifier, got integer literal } {0 1000 {18178 0 0} expected ':', got integer literal } {0 1000 {18178 0 0} expected type expression, got integer literal } {0 1000 {18178 0 0} expected ',', got integer literal } {0 1000 {18179 0 0} expected identifier, got DEDENT } {0 1000 {18179 0 0} expected ':', got DEDENT } {0 1000 {18179 0 0} expected type expression, got DEDENT } {0 1000 {18179 0 0} expected ',', got DEDENT } {0 1000 {18184 0 0} expected identifier, got 'return' } {0 1000 {18184 0 0} expected ':', got 'return' } {0 1000 {18184 0 0} expected type expression, got 'return' } {0 1000 {18184 0 0} expected ',', got 'return' } {0 1000 {18196 0 0} expected ':', got DEDENT } {0 1000 {18196 0 0} expected type expression, got DEDENT } {0 1000 {18196 0 0} expected ',', got DEDENT } {0 1000 {18196 0 0} expected identifier, got DEDENT } {0 1000 {18196 0 0} expected ':', got DEDENT } {0 1000 {18196 0 0} expected type expression, got DEDENT } {0 1000 {18196 0 0} expected ',', got DEDENT } {0 1000 {18198 0 0} expected identifier, got 'pub' } {0 1000 {18198 0 0} expected ':', got 'pub' } {0 1000 {18198 0 0} expected type expression, got 'pub' } {0 1000 {18198 0 0} expected ',', got 'pub' } {0 1000 {18202 0 0} expected identifier, got 'fn' } {0 1000 {18202 0 0} expected ':', got 'fn' } {0 1000 {18205 0 0} expected '(', got identifier } {0 1000 {18224 0 0} expected ',', got '(' } {0 1000 {18224 0 0} expected type expression, got '(' } {0 1000 {18224 0 0} expected ',', got '(' } {0 1000 {18225 0 0} expected type expression, got 'mut' } {0 1000 {18225 0 0} expected ',', got 'mut' } {0 1000 {18233 0 0} expected ',', got ':' } {0 1000 {18233 0 0} expected type expression, got ':' } {0 1000 {18233 0 0} expected ',', got ':' } {0 1000 {18253 0 0} expected ',', got ':' } {0 1000 {18253 0 0} expected identifier, got ':' } {0 1000 {18254 0 0} expected type expression, got INDENT } {0 1000 {18254 0 0} expected ',', got INDENT } {0 1000 {18254 0 0} expected identifier, got INDENT } {0 1000 {18254 0 0} expected ':', got INDENT } {0 1000 {18254 0 0} expected type expression, got INDENT } {0 1000 {18254 0 0} expected ',', got INDENT } {0 1000 {18267 0 0} expected ':', got ':=' } {0 1000 {18267 0 0} expected type expression, got ':=' } {0 1000 {18267 0 0} expected ',', got ':=' } {0 1000 {18267 0 0} expected identifier, got ':=' } {0 1000 {18267 0 0} expected ':', got ':=' } {0 1000 {18267 0 0} expected type expression, got ':=' } {0 1000 {18267 0 0} expected ',', got ':=' } {0 1000 {18283 0 0} expected ':', got '(' } {0 1000 {18283 0 0} expected type expression, got '(' } {0 1000 {18283 0 0} expected ',', got '(' } {0 1000 {18283 0 0} expected identifier, got '(' } {0 1000 {18283 0 0} expected ':', got '(' } {0 1000 {18283 0 0} expected type expression, got '(' } {0 1000 {18283 0 0} expected ',', got '(' } {0 1000 {18284 0 0} expected identifier, got ')' } {0 1000 {18284 0 0} expected ':', got ')' } {0 1000 {18284 0 0} expected type expression, got ')' } {0 1000 {18284 0 0} expected ',', got ')' } {0 1000 {18300 0 0} expected ':', got ':=' } {0 1000 {18300 0 0} expected type expression, got ':=' } {0 1000 {18300 0 0} expected ',', got ':=' } {0 1000 {18300 0 0} expected identifier, got ':=' } {0 1000 {18300 0 0} expected ':', got ':=' } {0 1000 {18300 0 0} expected type expression, got ':=' } {0 1000 {18300 0 0} expected ',', got ':=' } {0 1000 {18314 0 0} expected ':', got '(' } {0 1000 {18314 0 0} expected type expression, got '(' } {0 1000 {18314 0 0} expected ',', got '(' } {0 1000 {18314 0 0} expected identifier, got '(' } {0 1000 {18314 0 0} expected ':', got '(' } {0 1000 {18314 0 0} expected type expression, got '(' } {0 1000 {18314 0 0} expected ',', got '(' } {0 1000 {18315 0 0} expected identifier, got ')' } {0 1000 {18315 0 0} expected ':', got ')' } {0 1000 {18315 0 0} expected type expression, got ')' } {0 1000 {18315 0 0} expected ',', got ')' } {0 1000 {18326 0 0} expected ':', got '.' } {0 1000 {18326 0 0} expected type expression, got '.' } {0 1000 {18326 0 0} expected ',', got '.' } {0 1000 {18326 0 0} expected identifier, got '.' } {0 1000 {18326 0 0} expected ':', got '.' } {0 1000 {18326 0 0} expected type expression, got '.' } {0 1000 {18326 0 0} expected ',', got '.' } {0 1000 {18331 0 0} expected ':', got '(' } {0 1000 {18331 0 0} expected type expression, got '(' } {0 1000 {18331 0 0} expected ',', got '(' } {0 1000 {18331 0 0} expected identifier, got '(' } {0 1000 {18331 0 0} expected ':', got '(' } {0 1000 {18331 0 0} expected type expression, got '(' } {0 1000 {18331 0 0} expected ',', got '(' } {0 1000 {18332 0 0} expected identifier, got integer literal } {0 1000 {18332 0 0} expected ':', got integer literal } {0 1000 {18332 0 0} expected type expression, got integer literal } {0 1000 {18332 0 0} expected ',', got integer literal } {0 1000 {18333 0 0} expected identifier, got ')' } {0 1000 {18333 0 0} expected ':', got ')' } {0 1000 {18333 0 0} expected type expression, got ')' } {0 1000 {18333 0 0} expected ',', got ')' } {0 1000 {18346 0 0} expected ':', got ':=' } {0 1000 {18346 0 0} expected type expression, got ':=' } {0 1000 {18346 0 0} expected ',', got ':=' } {0 1000 {18346 0 0} expected identifier, got ':=' } {0 1000 {18346 0 0} expected ':', got ':=' } {0 1000 {18346 0 0} expected type expression, got ':=' } {0 1000 {18346 0 0} expected ',', got ':=' } {0 1000 {18349 0 0} expected identifier, got integer literal } {0 1000 {18349 0 0} expected ':', got integer literal } {0 1000 {18349 0 0} expected type expression, got integer literal } {0 1000 {18349 0 0} expected ',', got integer literal } {0 1000 {18355 0 0} expected identifier, got 'while' } {0 1000 {18355 0 0} expected ':', got 'while' } {0 1000 {18355 0 0} expected type expression, got 'while' } {0 1000 {18355 0 0} expected ',', got 'while' } {0 1000 {18363 0 0} expected ':', got '<' } {0 1000 {18363 0 0} expected type expression, got '<' } {0 1000 {18363 0 0} expected ',', got '<' } {0 1000 {18363 0 0} expected identifier, got '<' } {0 1000 {18363 0 0} expected ':', got '<' } {0 1000 {18363 0 0} expected type expression, got '<' } {0 1000 {18363 0 0} expected ',', got '<' } {0 1000 {18369 0 0} expected ':', got '.' } {0 1000 {18369 0 0} expected type expression, got '.' } {0 1000 {18369 0 0} expected ',', got '.' } {0 1000 {18369 0 0} expected identifier, got '.' } {0 1000 {18369 0 0} expected ':', got '.' } {0 1000 {18369 0 0} expected type expression, got '.' } {0 1000 {18369 0 0} expected ',', got '.' } {0 1000 {18376 0 0} expected ':', got '.' } {0 1000 {18376 0 0} expected type expression, got '.' } {0 1000 {18376 0 0} expected ',', got '.' } {0 1000 {18376 0 0} expected identifier, got '.' } {0 1000 {18376 0 0} expected ':', got '.' } {0 1000 {18376 0 0} expected type expression, got '.' } {0 1000 {18376 0 0} expected ',', got '.' } {0 1000 {18381 0 0} expected type expression, got INDENT } {0 1000 {18381 0 0} expected ',', got INDENT } {0 1000 {18381 0 0} expected identifier, got INDENT } {0 1000 {18381 0 0} expected ':', got INDENT } {0 1000 {18381 0 0} expected type expression, got INDENT } {0 1000 {18381 0 0} expected ',', got INDENT } {0 1000 {18390 0 0} expected identifier, got 'let' } {0 1000 {18390 0 0} expected ':', got 'let' } {0 1000 {18390 0 0} expected type expression, got 'let' } {0 1000 {18390 0 0} expected ',', got 'let' } {0 1000 {18398 0 0} expected ':', got '=' } {0 1000 {18398 0 0} expected type expression, got '=' } {0 1000 {18398 0 0} expected ',', got '=' } {0 1000 {18398 0 0} expected identifier, got '=' } {0 1000 {18398 0 0} expected ':', got '=' } {0 1000 {18398 0 0} expected type expression, got '=' } {0 1000 {18398 0 0} expected ',', got '=' } {0 1000 {18404 0 0} expected ':', got '.' } {0 1000 {18404 0 0} expected type expression, got '.' } {0 1000 {18404 0 0} expected ',', got '.' } {0 1000 {18404 0 0} expected identifier, got '.' } {0 1000 {18404 0 0} expected ':', got '.' } {0 1000 {18404 0 0} expected type expression, got '.' } {0 1000 {18404 0 0} expected ',', got '.' } {0 1000 {18411 0 0} expected ':', got '.' } {0 1000 {18411 0 0} expected type expression, got '.' } {0 1000 {18411 0 0} expected ',', got '.' } {0 1000 {18411 0 0} expected identifier, got '.' } {0 1000 {18411 0 0} expected ':', got '.' } {0 1000 {18411 0 0} expected type expression, got '.' } {0 1000 {18411 0 0} expected ',', got '.' } {0 1000 {18416 0 0} expected ':', got '[' } {0 1000 {18429 0 0} expected ',', got 'if' } {0 1000 {18429 0 0} expected identifier, got 'if' } {0 1000 {18429 0 0} expected ':', got 'if' } {0 1000 {18429 0 0} expected type expression, got 'if' } {0 1000 {18429 0 0} expected ',', got 'if' } {0 1000 {18435 0 0} expected ':', got '.' } {0 1000 {18435 0 0} expected type expression, got '.' } {0 1000 {18435 0 0} expected ',', got '.' } {0 1000 {18435 0 0} expected identifier, got '.' } {0 1000 {18435 0 0} expected ':', got '.' } {0 1000 {18435 0 0} expected type expression, got '.' } {0 1000 {18435 0 0} expected ',', got '.' } {0 1000 {18441 0 0} expected ':', got '!=' } {0 1000 {18441 0 0} expected type expression, got '!=' } {0 1000 {18441 0 0} expected ',', got '!=' } {0 1000 {18441 0 0} expected identifier, got '!=' } {0 1000 {18441 0 0} expected ':', got '!=' } {0 1000 {18441 0 0} expected type expression, got '!=' } {0 1000 {18441 0 0} expected ',', got '!=' } {0 1000 {18455 0 0} expected type expression, got INDENT } {0 1000 {18455 0 0} expected ',', got INDENT } {0 1000 {18455 0 0} expected identifier, got INDENT } {0 1000 {18455 0 0} expected ':', got INDENT } {0 1000 {18455 0 0} expected type expression, got INDENT } {0 1000 {18455 0 0} expected ',', got INDENT } {0 1000 {18468 0 0} expected identifier, got 'if' } {0 1000 {18468 0 0} expected ':', got 'if' } {0 1000 {18468 0 0} expected type expression, got 'if' } {0 1000 {18468 0 0} expected ',', got 'if' } {0 1000 {18474 0 0} expected ':', got '.' } {0 1000 {18474 0 0} expected type expression, got '.' } {0 1000 {18474 0 0} expected ',', got '.' } {0 1000 {18474 0 0} expected identifier, got '.' } {0 1000 {18474 0 0} expected ':', got '.' } {0 1000 {18474 0 0} expected type expression, got '.' } {0 1000 {18474 0 0} expected ',', got '.' } {0 1000 {18480 0 0} expected ':', got '==' } {0 1000 {18480 0 0} expected type expression, got '==' } {0 1000 {18480 0 0} expected ',', got '==' } {0 1000 {18480 0 0} expected identifier, got '==' } {0 1000 {18480 0 0} expected ':', got '==' } {0 1000 {18480 0 0} expected type expression, got '==' } {0 1000 {18480 0 0} expected ',', got '==' } {0 1000 {18490 0 0} expected type expression, got INDENT } {0 1000 {18490 0 0} expected ',', got INDENT } {0 1000 {18490 0 0} expected identifier, got INDENT } {0 1000 {18490 0 0} expected ':', got INDENT } {0 1000 {18490 0 0} expected type expression, got INDENT } {0 1000 {18490 0 0} expected ',', got INDENT } {0 1000 {18507 0 0} expected identifier, got 'while' } {0 1000 {18507 0 0} expected ':', got 'while' } {0 1000 {18507 0 0} expected type expression, got 'while' } {0 1000 {18507 0 0} expected ',', got 'while' } {0 1000 {18518 0 0} expected ':', got '.' } {0 1000 {18518 0 0} expected type expression, got '.' } {0 1000 {18518 0 0} expected ',', got '.' } {0 1000 {18518 0 0} expected identifier, got '.' } {0 1000 {18518 0 0} expected ':', got '.' } {0 1000 {18518 0 0} expected type expression, got '.' } {0 1000 {18518 0 0} expected ',', got '.' } {0 1000 {18522 0 0} expected ':', got '(' } {0 1000 {18522 0 0} expected type expression, got '(' } {0 1000 {18522 0 0} expected ',', got '(' } {0 1000 {18522 0 0} expected identifier, got '(' } {0 1000 {18522 0 0} expected ':', got '(' } {0 1000 {18522 0 0} expected type expression, got '(' } {0 1000 {18522 0 0} expected ',', got '(' } {0 1000 {18523 0 0} expected identifier, got ')' } {0 1000 {18523 0 0} expected ':', got ')' } {0 1000 {18523 0 0} expected type expression, got ')' } {0 1000 {18523 0 0} expected ',', got ')' } {0 1000 {18525 0 0} expected identifier, got '>' } {0 1000 {18525 0 0} expected ':', got '>' } {0 1000 {18525 0 0} expected type expression, got '>' } {0 1000 {18525 0 0} expected ',', got '>' } {0 1000 {18527 0 0} expected identifier, got integer literal } {0 1000 {18527 0 0} expected ':', got integer literal } {0 1000 {18527 0 0} expected type expression, got integer literal } {0 1000 {18527 0 0} expected ',', got integer literal } {0 1000 {18528 0 0} expected identifier, got ':' } {0 1000 {18529 0 0} expected type expression, got INDENT } {0 1000 {18529 0 0} expected ',', got INDENT } {0 1000 {18529 0 0} expected identifier, got INDENT } {0 1000 {18529 0 0} expected ':', got INDENT } {0 1000 {18529 0 0} expected type expression, got INDENT } {0 1000 {18529 0 0} expected ',', got INDENT } {0 1000 {18553 0 0} expected ':', got '.' } {0 1000 {18553 0 0} expected type expression, got '.' } {0 1000 {18553 0 0} expected ',', got '.' } {0 1000 {18553 0 0} expected identifier, got '.' } {0 1000 {18553 0 0} expected ':', got '.' } {0 1000 {18553 0 0} expected type expression, got '.' } {0 1000 {18553 0 0} expected ',', got '.' } {0 1000 {18558 0 0} expected ':', got '(' } {0 1000 {18558 0 0} expected type expression, got '(' } {0 1000 {18558 0 0} expected ',', got '(' } {0 1000 {18558 0 0} expected identifier, got '(' } {0 1000 {18558 0 0} expected ':', got '(' } {0 1000 {18558 0 0} expected type expression, got '(' } {0 1000 {18558 0 0} expected ',', got '(' } {0 1000 {18564 0 0} expected ':', got '(' } {0 1000 {18564 0 0} expected type expression, got '(' } {0 1000 {18564 0 0} expected ',', got '(' } {0 1000 {18564 0 0} expected identifier, got '(' } {0 1000 {18564 0 0} expected ':', got '(' } {0 1000 {18564 0 0} expected type expression, got '(' } {0 1000 {18564 0 0} expected ',', got '(' } {0 1000 {18591 0 0} expected type expression, got integer literal } {0 1000 {18591 0 0} expected ',', got integer literal } {0 1000 {18591 0 0} expected identifier, got integer literal } {0 1000 {18591 0 0} expected ':', got integer literal } {0 1000 {18591 0 0} expected type expression, got integer literal } {0 1000 {18591 0 0} expected ',', got integer literal } {0 1000 {18593 0 0} expected identifier, got 'as' } {0 1000 {18593 0 0} expected ':', got 'as' } {0 1000 {18593 0 0} expected type expression, got 'as' } {0 1000 {18593 0 0} expected ',', got 'as' } {0 1000 {18598 0 0} expected ':', got ',' } {0 1000 {18598 0 0} expected type expression, got ',' } {0 1000 {18605 0 0} expected type expression, got integer literal } {0 1000 {18605 0 0} expected ',', got integer literal } {0 1000 {18605 0 0} expected identifier, got integer literal } {0 1000 {18605 0 0} expected ':', got integer literal } {0 1000 {18605 0 0} expected type expression, got integer literal } {0 1000 {18605 0 0} expected ',', got integer literal } {0 1000 {18607 0 0} expected identifier, got 'as' } {0 1000 {18607 0 0} expected ':', got 'as' } {0 1000 {18607 0 0} expected type expression, got 'as' } {0 1000 {18607 0 0} expected ',', got 'as' } {0 1000 {18613 0 0} expected ':', got ',' } {0 1000 {18613 0 0} expected type expression, got ',' } {0 1000 {18626 0 0} expected ',', got '.' } {0 1000 {18626 0 0} expected identifier, got '.' } {0 1000 {18626 0 0} expected ':', got '.' } {0 1000 {18626 0 0} expected type expression, got '.' } {0 1000 {18626 0 0} expected ',', got '.' } {0 1000 {18633 0 0} expected ':', got ')' } {0 1000 {18633 0 0} expected type expression, got ')' } {0 1000 {18633 0 0} expected ',', got ')' } {0 1000 {18633 0 0} expected identifier, got ')' } {0 1000 {18633 0 0} expected ':', got ')' } {0 1000 {18633 0 0} expected type expression, got ')' } {0 1000 {18633 0 0} expected ',', got ')' } {0 1000 {18634 0 0} expected identifier, got ')' } {0 1000 {18634 0 0} expected ':', got ')' } {0 1000 {18634 0 0} expected type expression, got ')' } {0 1000 {18634 0 0} expected ',', got ')' } {0 1000 {18661 0 0} expected ':', got '.' } {0 1000 {18661 0 0} expected type expression, got '.' } {0 1000 {18661 0 0} expected ',', got '.' } {0 1000 {18661 0 0} expected identifier, got '.' } {0 1000 {18661 0 0} expected ':', got '.' } {0 1000 {18661 0 0} expected type expression, got '.' } {0 1000 {18661 0 0} expected ',', got '.' } {0 1000 {18665 0 0} expected ':', got '(' } {0 1000 {18665 0 0} expected type expression, got '(' } {0 1000 {18665 0 0} expected ',', got '(' } {0 1000 {18665 0 0} expected identifier, got '(' } {0 1000 {18665 0 0} expected ':', got '(' } {0 1000 {18665 0 0} expected type expression, got '(' } {0 1000 {18665 0 0} expected ',', got '(' } {0 1000 {18666 0 0} expected identifier, got ')' } {0 1000 {18666 0 0} expected ':', got ')' } {0 1000 {18666 0 0} expected type expression, got ')' } {0 1000 {18666 0 0} expected ',', got ')' } {0 1000 {18667 0 0} expected identifier, got DEDENT } {0 1000 {18667 0 0} expected ':', got DEDENT } {0 1000 {18667 0 0} expected type expression, got DEDENT } {0 1000 {18667 0 0} expected ',', got DEDENT } {0 1000 {18687 0 0} expected ':', got '.' } {0 1000 {18687 0 0} expected type expression, got '.' } {0 1000 {18687 0 0} expected ',', got '.' } {0 1000 {18687 0 0} expected identifier, got '.' } {0 1000 {18687 0 0} expected ':', got '.' } {0 1000 {18687 0 0} expected type expression, got '.' } {0 1000 {18687 0 0} expected ',', got '.' } {0 1000 {18692 0 0} expected ':', got '(' } {0 1000 {18692 0 0} expected type expression, got '(' } {0 1000 {18692 0 0} expected ',', got '(' } {0 1000 {18692 0 0} expected identifier, got '(' } {0 1000 {18692 0 0} expected ':', got '(' } {0 1000 {18692 0 0} expected type expression, got '(' } {0 1000 {18692 0 0} expected ',', got '(' } {0 1000 {18696 0 0} expected ':', got ')' } {0 1000 {18696 0 0} expected type expression, got ')' } {0 1000 {18696 0 0} expected ',', got ')' } {0 1000 {18696 0 0} expected identifier, got ')' } {0 1000 {18696 0 0} expected ':', got ')' } {0 1000 {18696 0 0} expected type expression, got ')' } {0 1000 {18696 0 0} expected ',', got ')' } {0 1000 {18716 0 0} expected ':', got '=' } {0 1000 {18716 0 0} expected type expression, got '=' } {0 1000 {18716 0 0} expected ',', got '=' } {0 1000 {18716 0 0} expected identifier, got '=' } {0 1000 {18716 0 0} expected ':', got '=' } {0 1000 {18716 0 0} expected type expression, got '=' } {0 1000 {18716 0 0} expected ',', got '=' } {0 1000 {18720 0 0} expected ':', got '+' } {0 1000 {18720 0 0} expected type expression, got '+' } {0 1000 {18720 0 0} expected ',', got '+' } {0 1000 {18720 0 0} expected identifier, got '+' } {0 1000 {18720 0 0} expected ':', got '+' } {0 1000 {18720 0 0} expected type expression, got '+' } {0 1000 {18720 0 0} expected ',', got '+' } {0 1000 {18722 0 0} expected identifier, got integer literal } {0 1000 {18722 0 0} expected ':', got integer literal } {0 1000 {18722 0 0} expected type expression, got integer literal } {0 1000 {18722 0 0} expected ',', got integer literal } {0 1000 {18748 0 0} expected ':', got DEDENT } {0 1000 {18748 0 0} expected type expression, got DEDENT } {0 1000 {18748 0 0} expected ',', got DEDENT } {0 1000 {18748 0 0} expected identifier, got DEDENT } {0 1000 {18748 0 0} expected ':', got DEDENT } {0 1000 {18748 0 0} expected type expression, got DEDENT } {0 1000 {18748 0 0} expected ',', got DEDENT } {0 1000 {18764 0 0} expected ':', got '.' } {0 1000 {18764 0 0} expected type expression, got '.' } {0 1000 {18764 0 0} expected ',', got '.' } {0 1000 {18764 0 0} expected identifier, got '.' } {0 1000 {18764 0 0} expected ':', got '.' } {0 1000 {18764 0 0} expected type expression, got '.' } {0 1000 {18764 0 0} expected ',', got '.' } {0 1000 {18769 0 0} expected ':', got '(' } {0 1000 {18769 0 0} expected type expression, got '(' } {0 1000 {18769 0 0} expected ',', got '(' } {0 1000 {18769 0 0} expected identifier, got '(' } {0 1000 {18769 0 0} expected ':', got '(' } {0 1000 {18769 0 0} expected type expression, got '(' } {0 1000 {18769 0 0} expected ',', got '(' } {0 1000 {18773 0 0} expected ':', got ')' } {0 1000 {18773 0 0} expected type expression, got ')' } {0 1000 {18773 0 0} expected ',', got ')' } {0 1000 {18773 0 0} expected identifier, got ')' } {0 1000 {18773 0 0} expected ':', got ')' } {0 1000 {18773 0 0} expected type expression, got ')' } {0 1000 {18773 0 0} expected ',', got ')' } {0 1000 {18789 0 0} expected ':', got '=' } {0 1000 {18789 0 0} expected type expression, got '=' } {0 1000 {18789 0 0} expected ',', got '=' } {0 1000 {18789 0 0} expected identifier, got '=' } {0 1000 {18789 0 0} expected ':', got '=' } {0 1000 {18789 0 0} expected type expression, got '=' } {0 1000 {18789 0 0} expected ',', got '=' } {0 1000 {18793 0 0} expected ':', got '+' } {0 1000 {18793 0 0} expected type expression, got '+' } {0 1000 {18793 0 0} expected ',', got '+' } {0 1000 {18793 0 0} expected identifier, got '+' } {0 1000 {18793 0 0} expected ':', got '+' } {0 1000 {18793 0 0} expected type expression, got '+' } {0 1000 {18793 0 0} expected ',', got '+' } {0 1000 {18795 0 0} expected identifier, got integer literal } {0 1000 {18795 0 0} expected ':', got integer literal } {0 1000 {18795 0 0} expected type expression, got integer literal } {0 1000 {18795 0 0} expected ',', got integer literal } {0 1000 {18817 0 0} expected ':', got DEDENT } {0 1000 {18817 0 0} expected type expression, got DEDENT } {0 1000 {18817 0 0} expected ',', got DEDENT } {0 1000 {18817 0 0} expected identifier, got DEDENT } {0 1000 {18817 0 0} expected ':', got DEDENT } {0 1000 {18817 0 0} expected type expression, got DEDENT } {0 1000 {18817 0 0} expected ',', got DEDENT } {0 1000 {18827 0 0} expected identifier, got 'let' } {0 1000 {18827 0 0} expected ':', got 'let' } {0 1000 {18827 0 0} expected type expression, got 'let' } {0 1000 {18827 0 0} expected ',', got 'let' } {0 1000 {18842 0 0} expected ':', got '=' } {0 1000 {18842 0 0} expected type expression, got '=' } {0 1000 {18842 0 0} expected ',', got '=' } {0 1000 {18842 0 0} expected identifier, got '=' } {0 1000 {18842 0 0} expected ':', got '=' } {0 1000 {18842 0 0} expected type expression, got '=' } {0 1000 {18842 0 0} expected ',', got '=' } {0 1000 {18848 0 0} expected ':', got '.' } {0 1000 {18848 0 0} expected type expression, got '.' } {0 1000 {18848 0 0} expected ',', got '.' } {0 1000 {18848 0 0} expected identifier, got '.' } {0 1000 {18848 0 0} expected ':', got '.' } {0 1000 {18848 0 0} expected type expression, got '.' } {0 1000 {18848 0 0} expected ',', got '.' } {0 1000 {18873 0 0} expected ':', got '(' } {0 1000 {18873 0 0} expected type expression, got '(' } {0 1000 {18873 0 0} expected ',', got '(' } {0 1000 {18873 0 0} expected identifier, got '(' } {0 1000 {18873 0 0} expected ':', got '(' } {0 1000 {18873 0 0} expected type expression, got '(' } {0 1000 {18873 0 0} expected ',', got '(' } {0 1000 {18876 0 0} expected ':', got '+' } {0 1000 {18876 0 0} expected type expression, got '+' } {0 1000 {18876 0 0} expected ',', got '+' } {0 1000 {18876 0 0} expected identifier, got '+' } {0 1000 {18876 0 0} expected ':', got '+' } {0 1000 {18876 0 0} expected type expression, got '+' } {0 1000 {18876 0 0} expected ',', got '+' } {0 1000 {18878 0 0} expected identifier, got integer literal } {0 1000 {18878 0 0} expected ':', got integer literal } {0 1000 {18878 0 0} expected type expression, got integer literal } {0 1000 {18878 0 0} expected ',', got integer literal } {0 1000 {18879 0 0} expected identifier, got ')' } {0 1000 {18879 0 0} expected ':', got ')' } {0 1000 {18879 0 0} expected type expression, got ')' } {0 1000 {18879 0 0} expected ',', got ')' } {0 1000 {18889 0 0} expected identifier, got 'if' } {0 1000 {18889 0 0} expected ':', got 'if' } {0 1000 {18889 0 0} expected type expression, got 'if' } {0 1000 {18889 0 0} expected ',', got 'if' } {0 1000 {18903 0 0} expected ':', got '<' } {0 1000 {18903 0 0} expected type expression, got '<' } {0 1000 {18903 0 0} expected ',', got '<' } {0 1000 {18903 0 0} expected identifier, got '<' } {0 1000 {18903 0 0} expected ':', got '<' } {0 1000 {18903 0 0} expected type expression, got '<' } {0 1000 {18903 0 0} expected ',', got '<' } {0 1000 {18905 0 0} expected identifier, got integer literal } {0 1000 {18905 0 0} expected ':', got integer literal } {0 1000 {18905 0 0} expected type expression, got integer literal } {0 1000 {18905 0 0} expected ',', got integer literal } {0 1000 {18906 0 0} expected identifier, got ':' } {0 1000 {18907 0 0} expected type expression, got INDENT } {0 1000 {18907 0 0} expected ',', got INDENT } {0 1000 {18907 0 0} expected identifier, got INDENT } {0 1000 {18907 0 0} expected ':', got INDENT } {0 1000 {18907 0 0} expected type expression, got INDENT } {0 1000 {18907 0 0} expected ',', got INDENT } {0 1000 {18923 0 0} expected ':', got '.' } {0 1000 {18923 0 0} expected type expression, got '.' } {0 1000 {18923 0 0} expected ',', got '.' } {0 1000 {18923 0 0} expected identifier, got '.' } {0 1000 {18923 0 0} expected ':', got '.' } {0 1000 {18923 0 0} expected type expression, got '.' } {0 1000 {18923 0 0} expected ',', got '.' } {0 1000 {18928 0 0} expected ':', got '(' } {0 1000 {18928 0 0} expected type expression, got '(' } {0 1000 {18928 0 0} expected ',', got '(' } {0 1000 {18928 0 0} expected identifier, got '(' } {0 1000 {18928 0 0} expected ':', got '(' } {0 1000 {18928 0 0} expected type expression, got '(' } {0 1000 {18928 0 0} expected ',', got '(' } {0 1000 {18932 0 0} expected ':', got ')' } {0 1000 {18932 0 0} expected type expression, got ')' } {0 1000 {18932 0 0} expected ',', got ')' } {0 1000 {18932 0 0} expected identifier, got ')' } {0 1000 {18932 0 0} expected ':', got ')' } {0 1000 {18932 0 0} expected type expression, got ')' } {0 1000 {18932 0 0} expected ',', got ')' } {0 1000 {18948 0 0} expected ':', got '=' } {0 1000 {18948 0 0} expected type expression, got '=' } {0 1000 {18948 0 0} expected ',', got '=' } {0 1000 {18948 0 0} expected identifier, got '=' } {0 1000 {18948 0 0} expected ':', got '=' } {0 1000 {18948 0 0} expected type expression, got '=' } {0 1000 {18948 0 0} expected ',', got '=' } {0 1000 {18952 0 0} expected ':', got '+' } {0 1000 {18952 0 0} expected type expression, got '+' } {0 1000 {18952 0 0} expected ',', got '+' } {0 1000 {18952 0 0} expected identifier, got '+' } {0 1000 {18952 0 0} expected ':', got '+' } {0 1000 {18952 0 0} expected type expression, got '+' } {0 1000 {18952 0 0} expected ',', got '+' } {0 1000 {18954 0 0} expected identifier, got integer literal } {0 1000 {18954 0 0} expected ':', got integer literal } {0 1000 {18954 0 0} expected type expression, got integer literal } {0 1000 {18954 0 0} expected ',', got integer literal } {0 1000 {18976 0 0} expected ':', got DEDENT } {0 1000 {18976 0 0} expected type expression, got DEDENT } {0 1000 {18976 0 0} expected ',', got DEDENT } {0 1000 {18976 0 0} expected identifier, got DEDENT } {0 1000 {18976 0 0} expected ':', got DEDENT } {0 1000 {18976 0 0} expected type expression, got DEDENT } {0 1000 {18976 0 0} expected ',', got DEDENT } {0 1000 {18986 0 0} expected identifier, got 'let' } {0 1000 {18986 0 0} expected ':', got 'let' } {0 1000 {18986 0 0} expected type expression, got 'let' } {0 1000 {18986 0 0} expected ',', got 'let' } {0 1000 {19002 0 0} expected ':', got '=' } {0 1000 {19002 0 0} expected type expression, got '=' } {0 1000 {19002 0 0} expected ',', got '=' } {0 1000 {19002 0 0} expected identifier, got '=' } {0 1000 {19002 0 0} expected ':', got '=' } {0 1000 {19002 0 0} expected type expression, got '=' } {0 1000 {19002 0 0} expected ',', got '=' } {0 1000 {19024 0 0} expected ':', got '(' } {0 1000 {19024 0 0} expected type expression, got '(' } {0 1000 {19024 0 0} expected ',', got '(' } {0 1000 {19024 0 0} expected identifier, got '(' } {0 1000 {19024 0 0} expected ':', got '(' } {0 1000 {19024 0 0} expected type expression, got '(' } {0 1000 {19024 0 0} expected ',', got '(' } {0 1000 {19029 0 0} expected ':', got '.' } {0 1000 {19029 0 0} expected type expression, got '.' } {0 1000 {19029 0 0} expected ',', got '.' } {0 1000 {19029 0 0} expected identifier, got '.' } {0 1000 {19029 0 0} expected ':', got '.' } {0 1000 {19029 0 0} expected type expression, got '.' } {0 1000 {19029 0 0} expected ',', got '.' } {0 1000 {19033 0 0} expected ':', got ',' } {0 1000 {19033 0 0} expected type expression, got ',' } {0 1000 {19045 0 0} expected ':', got ',' } {0 1000 {19045 0 0} expected type expression, got ',' } {0 1000 {19051 0 0} expected ':', got '.' } {0 1000 {19051 0 0} expected type expression, got '.' } {0 1000 {19051 0 0} expected ',', got '.' } {0 1000 {19051 0 0} expected identifier, got '.' } {0 1000 {19051 0 0} expected ':', got '.' } {0 1000 {19051 0 0} expected type expression, got '.' } {0 1000 {19051 0 0} expected ',', got '.' } {0 1000 {19055 0 0} expected ':', got ')' } {0 1000 {19055 0 0} expected type expression, got ')' } {0 1000 {19055 0 0} expected ',', got ')' } {0 1000 {19055 0 0} expected identifier, got ')' } {0 1000 {19055 0 0} expected ':', got ')' } {0 1000 {19055 0 0} expected type expression, got ')' } {0 1000 {19055 0 0} expected ',', got ')' } {0 1000 {19065 0 0} expected identifier, got 'let' } {0 1000 {19065 0 0} expected ':', got 'let' } {0 1000 {19065 0 0} expected type expression, got 'let' } {0 1000 {19065 0 0} expected ',', got 'let' } {0 1000 {19084 0 0} expected ':', got '=' } {0 1000 {19084 0 0} expected type expression, got '=' } {0 1000 {19084 0 0} expected ',', got '=' } {0 1000 {19084 0 0} expected identifier, got '=' } {0 1000 {19084 0 0} expected ':', got '=' } {0 1000 {19084 0 0} expected type expression, got '=' } {0 1000 {19084 0 0} expected ',', got '=' } {0 1000 {19091 0 0} expected ':', got '.' } {0 1000 {19091 0 0} expected type expression, got '.' } {0 1000 {19091 0 0} expected ',', got '.' } {0 1000 {19091 0 0} expected identifier, got '.' } {0 1000 {19091 0 0} expected ':', got '.' } {0 1000 {19091 0 0} expected type expression, got '.' } {0 1000 {19091 0 0} expected ',', got '.' } {0 1000 {19095 0 0} expected ':', got '(' } {0 1000 {19095 0 0} expected type expression, got '(' } {0 1000 {19095 0 0} expected ',', got '(' } {0 1000 {19095 0 0} expected identifier, got '(' } {0 1000 {19095 0 0} expected ':', got '(' } {0 1000 {19095 0 0} expected type expression, got '(' } {0 1000 {19095 0 0} expected ',', got '(' } {0 1000 {19096 0 0} expected identifier, got ')' } {0 1000 {19096 0 0} expected ':', got ')' } {0 1000 {19096 0 0} expected type expression, got ')' } {0 1000 {19096 0 0} expected ',', got ')' } {0 1000 {19107 0 0} expected identifier, got 'if' } {0 1000 {19107 0 0} expected ':', got 'if' } {0 1000 {19107 0 0} expected type expression, got 'if' } {0 1000 {19107 0 0} expected ',', got 'if' } {0 1000 {19122 0 0} expected ':', got '>' } {0 1000 {19122 0 0} expected type expression, got '>' } {0 1000 {19122 0 0} expected ',', got '>' } {0 1000 {19122 0 0} expected identifier, got '>' } {0 1000 {19122 0 0} expected ':', got '>' } {0 1000 {19122 0 0} expected type expression, got '>' } {0 1000 {19122 0 0} expected ',', got '>' } {0 1000 {19139 0 0} expected type expression, got INDENT } {0 1000 {19139 0 0} expected ',', got INDENT } {0 1000 {19139 0 0} expected identifier, got INDENT } {0 1000 {19139 0 0} expected ':', got INDENT } {0 1000 {19139 0 0} expected type expression, got INDENT } {0 1000 {19139 0 0} expected ',', got INDENT } {0 1000 {19157 0 0} expected ':', got '.' } {0 1000 {19157 0 0} expected type expression, got '.' } {0 1000 {19157 0 0} expected ',', got '.' } {0 1000 {19157 0 0} expected identifier, got '.' } {0 1000 {19157 0 0} expected ':', got '.' } {0 1000 {19157 0 0} expected type expression, got '.' } {0 1000 {19157 0 0} expected ',', got '.' } {0 1000 {19162 0 0} expected ':', got '(' } {0 1000 {19162 0 0} expected type expression, got '(' } {0 1000 {19162 0 0} expected ',', got '(' } {0 1000 {19162 0 0} expected identifier, got '(' } {0 1000 {19162 0 0} expected ':', got '(' } {0 1000 {19162 0 0} expected type expression, got '(' } {0 1000 {19162 0 0} expected ',', got '(' } {0 1000 {19175 0 0} expected ':', got 'as' } {0 1000 {19175 0 0} expected type expression, got 'as' } {0 1000 {19175 0 0} expected ',', got 'as' } {0 1000 {19175 0 0} expected identifier, got 'as' } {0 1000 {19175 0 0} expected ':', got 'as' } {0 1000 {19175 0 0} expected type expression, got 'as' } {0 1000 {19175 0 0} expected ',', got 'as' } {0 1000 {19181 0 0} expected ':', got ')' } {0 1000 {19181 0 0} expected type expression, got ')' } {0 1000 {19181 0 0} expected ',', got ')' } {0 1000 {19181 0 0} expected identifier, got ')' } {0 1000 {19181 0 0} expected ':', got ')' } {0 1000 {19181 0 0} expected type expression, got ')' } {0 1000 {19181 0 0} expected ',', got ')' } {0 1000 {19198 0 0} expected ':', got '.' } {0 1000 {19198 0 0} expected type expression, got '.' } {0 1000 {19198 0 0} expected ',', got '.' } {0 1000 {19198 0 0} expected identifier, got '.' } {0 1000 {19198 0 0} expected ':', got '.' } {0 1000 {19198 0 0} expected type expression, got '.' } {0 1000 {19198 0 0} expected ',', got '.' } {0 1000 {19203 0 0} expected ':', got '(' } {0 1000 {19203 0 0} expected type expression, got '(' } {0 1000 {19203 0 0} expected ',', got '(' } {0 1000 {19203 0 0} expected identifier, got '(' } {0 1000 {19203 0 0} expected ':', got '(' } {0 1000 {19203 0 0} expected type expression, got '(' } {0 1000 {19203 0 0} expected ',', got '(' } {0 1000 {19207 0 0} expected ':', got ')' } {0 1000 {19207 0 0} expected type expression, got ')' } {0 1000 {19207 0 0} expected ',', got ')' } {0 1000 {19207 0 0} expected identifier, got ')' } {0 1000 {19207 0 0} expected ':', got ')' } {0 1000 {19207 0 0} expected type expression, got ')' } {0 1000 {19207 0 0} expected ',', got ')' } {0 1000 {19240 0 0} expected ':', got '.' } {0 1000 {19240 0 0} expected type expression, got '.' } {0 1000 {19240 0 0} expected ',', got '.' } {0 1000 {19240 0 0} expected identifier, got '.' } {0 1000 {19240 0 0} expected ':', got '.' } {0 1000 {19240 0 0} expected type expression, got '.' } {0 1000 {19240 0 0} expected ',', got '.' } {0 1000 {19245 0 0} expected ':', got '(' } {0 1000 {19245 0 0} expected type expression, got '(' } {0 1000 {19245 0 0} expected ',', got '(' } {0 1000 {19245 0 0} expected identifier, got '(' } {0 1000 {19245 0 0} expected ':', got '(' } {0 1000 {19245 0 0} expected type expression, got '(' } {0 1000 {19245 0 0} expected ',', got '(' } {0 1000 {19251 0 0} expected ':', got '(' } {0 1000 {19251 0 0} expected type expression, got '(' } {0 1000 {19251 0 0} expected ',', got '(' } {0 1000 {19251 0 0} expected identifier, got '(' } {0 1000 {19251 0 0} expected ':', got '(' } {0 1000 {19251 0 0} expected type expression, got '(' } {0 1000 {19251 0 0} expected ',', got '(' } {0 1000 {19278 0 0} expected type expression, got integer literal } {0 1000 {19278 0 0} expected ',', got integer literal } {0 1000 {19278 0 0} expected identifier, got integer literal } {0 1000 {19278 0 0} expected ':', got integer literal } {0 1000 {19278 0 0} expected type expression, got integer literal } {0 1000 {19278 0 0} expected ',', got integer literal } {0 1000 {19280 0 0} expected identifier, got 'as' } {0 1000 {19280 0 0} expected ':', got 'as' } {0 1000 {19280 0 0} expected type expression, got 'as' } {0 1000 {19280 0 0} expected ',', got 'as' } {0 1000 {19285 0 0} expected ':', got ',' } {0 1000 {19285 0 0} expected type expression, got ',' } {0 1000 {19292 0 0} expected type expression, got integer literal } {0 1000 {19292 0 0} expected ',', got integer literal } {0 1000 {19292 0 0} expected identifier, got integer literal } {0 1000 {19292 0 0} expected ':', got integer literal } {0 1000 {19292 0 0} expected type expression, got integer literal } {0 1000 {19292 0 0} expected ',', got integer literal } {0 1000 {19294 0 0} expected identifier, got 'as' } {0 1000 {19294 0 0} expected ':', got 'as' } {0 1000 {19294 0 0} expected type expression, got 'as' } {0 1000 {19294 0 0} expected ',', got 'as' } {0 1000 {19300 0 0} expected ':', got ',' } {0 1000 {19300 0 0} expected type expression, got ',' } {0 1000 {19313 0 0} expected ',', got '.' } {0 1000 {19313 0 0} expected identifier, got '.' } {0 1000 {19313 0 0} expected ':', got '.' } {0 1000 {19313 0 0} expected type expression, got '.' } {0 1000 {19313 0 0} expected ',', got '.' } {0 1000 {19320 0 0} expected ':', got ')' } {0 1000 {19320 0 0} expected type expression, got ')' } {0 1000 {19320 0 0} expected ',', got ')' } {0 1000 {19320 0 0} expected identifier, got ')' } {0 1000 {19320 0 0} expected ':', got ')' } {0 1000 {19320 0 0} expected type expression, got ')' } {0 1000 {19320 0 0} expected ',', got ')' } {0 1000 {19321 0 0} expected identifier, got ')' } {0 1000 {19321 0 0} expected ':', got ')' } {0 1000 {19321 0 0} expected type expression, got ')' } {0 1000 {19321 0 0} expected ',', got ')' } {0 1000 {19322 0 0} expected identifier, got DEDENT } {0 1000 {19322 0 0} expected ':', got DEDENT } {0 1000 {19322 0 0} expected type expression, got DEDENT } {0 1000 {19322 0 0} expected ',', got DEDENT } {0 1000 {19331 0 0} expected identifier, got 'elif' } {0 1000 {19331 0 0} expected ':', got 'elif' } {0 1000 {19331 0 0} expected type expression, got 'elif' } {0 1000 {19331 0 0} expected ',', got 'elif' } {0 1000 {19348 0 0} expected ':', got '<' } {0 1000 {19348 0 0} expected type expression, got '<' } {0 1000 {19348 0 0} expected ',', got '<' } {0 1000 {19348 0 0} expected identifier, got '<' } {0 1000 {19348 0 0} expected ':', got '<' } {0 1000 {19348 0 0} expected type expression, got '<' } {0 1000 {19348 0 0} expected ',', got '<' } {0 1000 {19365 0 0} expected type expression, got INDENT } {0 1000 {19365 0 0} expected ',', got INDENT } {0 1000 {19365 0 0} expected identifier, got INDENT } {0 1000 {19365 0 0} expected ':', got INDENT } {0 1000 {19365 0 0} expected type expression, got INDENT } {0 1000 {19365 0 0} expected ',', got INDENT } {0 1000 {19381 0 0} expected ':', got '.' } {0 1000 {19381 0 0} expected type expression, got '.' } {0 1000 {19381 0 0} expected ',', got '.' } {0 1000 {19381 0 0} expected identifier, got '.' } {0 1000 {19381 0 0} expected ':', got '.' } {0 1000 {19381 0 0} expected type expression, got '.' } {0 1000 {19381 0 0} expected ',', got '.' } {0 1000 {19386 0 0} expected ':', got '(' } {0 1000 {19386 0 0} expected type expression, got '(' } {0 1000 {19386 0 0} expected ',', got '(' } {0 1000 {19386 0 0} expected identifier, got '(' } {0 1000 {19386 0 0} expected ':', got '(' } {0 1000 {19386 0 0} expected type expression, got '(' } {0 1000 {19386 0 0} expected ',', got '(' } {0 1000 {19390 0 0} expected ':', got ')' } {0 1000 {19390 0 0} expected type expression, got ')' } {0 1000 {19390 0 0} expected ',', got ')' } {0 1000 {19390 0 0} expected identifier, got ')' } {0 1000 {19390 0 0} expected ':', got ')' } {0 1000 {19390 0 0} expected type expression, got ')' } {0 1000 {19390 0 0} expected ',', got ')' } {0 1000 {19420 0 0} expected identifier, got 'while' } {0 1000 {19420 0 0} expected ':', got 'while' } {0 1000 {19420 0 0} expected type expression, got 'while' } {0 1000 {19420 0 0} expected ',', got 'while' } {0 1000 {19431 0 0} expected ':', got '.' } {0 1000 {19431 0 0} expected type expression, got '.' } {0 1000 {19431 0 0} expected ',', got '.' } {0 1000 {19431 0 0} expected identifier, got '.' } {0 1000 {19431 0 0} expected ':', got '.' } {0 1000 {19431 0 0} expected type expression, got '.' } {0 1000 {19431 0 0} expected ',', got '.' } {0 1000 {19435 0 0} expected ':', got '(' } {0 1000 {19435 0 0} expected type expression, got '(' } {0 1000 {19435 0 0} expected ',', got '(' } {0 1000 {19435 0 0} expected identifier, got '(' } {0 1000 {19435 0 0} expected ':', got '(' } {0 1000 {19435 0 0} expected type expression, got '(' } {0 1000 {19435 0 0} expected ',', got '(' } {0 1000 {19436 0 0} expected identifier, got ')' } {0 1000 {19436 0 0} expected ':', got ')' } {0 1000 {19436 0 0} expected type expression, got ')' } {0 1000 {19436 0 0} expected ',', got ')' } {0 1000 {19438 0 0} expected identifier, got '>' } {0 1000 {19438 0 0} expected ':', got '>' } {0 1000 {19438 0 0} expected type expression, got '>' } {0 1000 {19438 0 0} expected ',', got '>' } {0 1000 {19452 0 0} expected ':', got 'as' } {0 1000 {19452 0 0} expected type expression, got 'as' } {0 1000 {19452 0 0} expected ',', got 'as' } {0 1000 {19452 0 0} expected identifier, got 'as' } {0 1000 {19452 0 0} expected ':', got 'as' } {0 1000 {19452 0 0} expected type expression, got 'as' } {0 1000 {19452 0 0} expected ',', got 'as' } {0 1000 {19459 0 0} expected type expression, got INDENT } {0 1000 {19459 0 0} expected ',', got INDENT } {0 1000 {19459 0 0} expected identifier, got INDENT } {0 1000 {19459 0 0} expected ':', got INDENT } {0 1000 {19459 0 0} expected type expression, got INDENT } {0 1000 {19459 0 0} expected ',', got INDENT } {0 1000 {19479 0 0} expected ':', got '.' } {0 1000 {19479 0 0} expected type expression, got '.' } {0 1000 {19479 0 0} expected ',', got '.' } {0 1000 {19479 0 0} expected identifier, got '.' } {0 1000 {19479 0 0} expected ':', got '.' } {0 1000 {19479 0 0} expected type expression, got '.' } {0 1000 {19479 0 0} expected ',', got '.' } {0 1000 {19484 0 0} expected ':', got '(' } {0 1000 {19484 0 0} expected type expression, got '(' } {0 1000 {19484 0 0} expected ',', got '(' } {0 1000 {19484 0 0} expected identifier, got '(' } {0 1000 {19484 0 0} expected ':', got '(' } {0 1000 {19484 0 0} expected type expression, got '(' } {0 1000 {19484 0 0} expected ',', got '(' } {0 1000 {19490 0 0} expected ':', got '(' } {0 1000 {19490 0 0} expected type expression, got '(' } {0 1000 {19490 0 0} expected ',', got '(' } {0 1000 {19490 0 0} expected identifier, got '(' } {0 1000 {19490 0 0} expected ':', got '(' } {0 1000 {19490 0 0} expected type expression, got '(' } {0 1000 {19490 0 0} expected ',', got '(' } {0 1000 {19517 0 0} expected type expression, got integer literal } {0 1000 {19517 0 0} expected ',', got integer literal } {0 1000 {19517 0 0} expected identifier, got integer literal } {0 1000 {19517 0 0} expected ':', got integer literal } {0 1000 {19517 0 0} expected type expression, got integer literal } {0 1000 {19517 0 0} expected ',', got integer literal } {0 1000 {19519 0 0} expected identifier, got 'as' } {0 1000 {19519 0 0} expected ':', got 'as' } {0 1000 {19519 0 0} expected type expression, got 'as' } {0 1000 {19519 0 0} expected ',', got 'as' } {0 1000 {19524 0 0} expected ':', got ',' } {0 1000 {19524 0 0} expected type expression, got ',' } {0 1000 {19531 0 0} expected type expression, got integer literal } {0 1000 {19531 0 0} expected ',', got integer literal } {0 1000 {19531 0 0} expected identifier, got integer literal } {0 1000 {19531 0 0} expected ':', got integer literal } {0 1000 {19531 0 0} expected type expression, got integer literal } {0 1000 {19531 0 0} expected ',', got integer literal } {0 1000 {19533 0 0} expected identifier, got 'as' } {0 1000 {19533 0 0} expected ':', got 'as' } {0 1000 {19533 0 0} expected type expression, got 'as' } {0 1000 {19533 0 0} expected ',', got 'as' } {0 1000 {19539 0 0} expected ':', got ',' } {0 1000 {19539 0 0} expected type expression, got ',' } {0 1000 {19552 0 0} expected ',', got '.' } {0 1000 {19552 0 0} expected identifier, got '.' } {0 1000 {19552 0 0} expected ':', got '.' } {0 1000 {19552 0 0} expected type expression, got '.' } {0 1000 {19552 0 0} expected ',', got '.' } {0 1000 {19559 0 0} expected ':', got ')' } {0 1000 {19559 0 0} expected type expression, got ')' } {0 1000 {19559 0 0} expected ',', got ')' } {0 1000 {19559 0 0} expected identifier, got ')' } {0 1000 {19559 0 0} expected ':', got ')' } {0 1000 {19559 0 0} expected type expression, got ')' } {0 1000 {19559 0 0} expected ',', got ')' } {0 1000 {19560 0 0} expected identifier, got ')' } {0 1000 {19560 0 0} expected ':', got ')' } {0 1000 {19560 0 0} expected type expression, got ')' } {0 1000 {19560 0 0} expected ',', got ')' } {0 1000 {19583 0 0} expected ':', got '.' } {0 1000 {19583 0 0} expected type expression, got '.' } {0 1000 {19583 0 0} expected ',', got '.' } {0 1000 {19583 0 0} expected identifier, got '.' } {0 1000 {19583 0 0} expected ':', got '.' } {0 1000 {19583 0 0} expected type expression, got '.' } {0 1000 {19583 0 0} expected ',', got '.' } {0 1000 {19587 0 0} expected ':', got '(' } {0 1000 {19587 0 0} expected type expression, got '(' } {0 1000 {19587 0 0} expected ',', got '(' } {0 1000 {19587 0 0} expected identifier, got '(' } {0 1000 {19587 0 0} expected ':', got '(' } {0 1000 {19587 0 0} expected type expression, got '(' } {0 1000 {19587 0 0} expected ',', got '(' } {0 1000 {19588 0 0} expected identifier, got ')' } {0 1000 {19588 0 0} expected ':', got ')' } {0 1000 {19588 0 0} expected type expression, got ')' } {0 1000 {19588 0 0} expected ',', got ')' } {0 1000 {19589 0 0} expected identifier, got DEDENT } {0 1000 {19589 0 0} expected ':', got DEDENT } {0 1000 {19589 0 0} expected type expression, got DEDENT } {0 1000 {19589 0 0} expected ',', got DEDENT } {0 1000 {19589 0 0} expected identifier, got DEDENT } {0 1000 {19589 0 0} expected ':', got DEDENT } {0 1000 {19589 0 0} expected type expression, got DEDENT } {0 1000 {19589 0 0} expected ',', got DEDENT } {0 1000 {19598 0 0} expected identifier, got 'else' } {0 1000 {19598 0 0} expected ':', got 'else' } {0 1000 {19598 0 0} expected type expression, got 'else' } {0 1000 {19598 0 0} expected ',', got 'else' } {0 1000 {19602 0 0} expected identifier, got ':' } {0 1000 {19603 0 0} expected type expression, got INDENT } {0 1000 {19603 0 0} expected ',', got INDENT } {0 1000 {19603 0 0} expected identifier, got INDENT } {0 1000 {19603 0 0} expected ':', got INDENT } {0 1000 {19603 0 0} expected type expression, got INDENT } {0 1000 {19603 0 0} expected ',', got INDENT } {0 1000 {19619 0 0} expected ':', got '.' } {0 1000 {19619 0 0} expected type expression, got '.' } {0 1000 {19619 0 0} expected ',', got '.' } {0 1000 {19619 0 0} expected identifier, got '.' } {0 1000 {19619 0 0} expected ':', got '.' } {0 1000 {19619 0 0} expected type expression, got '.' } {0 1000 {19619 0 0} expected ',', got '.' } {0 1000 {19624 0 0} expected ':', got '(' } {0 1000 {19624 0 0} expected type expression, got '(' } {0 1000 {19624 0 0} expected ',', got '(' } {0 1000 {19624 0 0} expected identifier, got '(' } {0 1000 {19624 0 0} expected ':', got '(' } {0 1000 {19624 0 0} expected type expression, got '(' } {0 1000 {19624 0 0} expected ',', got '(' } {0 1000 {19628 0 0} expected ':', got ')' } {0 1000 {19628 0 0} expected type expression, got ')' } {0 1000 {19628 0 0} expected ',', got ')' } {0 1000 {19628 0 0} expected identifier, got ')' } {0 1000 {19628 0 0} expected ':', got ')' } {0 1000 {19628 0 0} expected type expression, got ')' } {0 1000 {19628 0 0} expected ',', got ')' } {0 1000 {19629 0 0} expected identifier, got DEDENT } {0 1000 {19629 0 0} expected ':', got DEDENT } {0 1000 {19629 0 0} expected type expression, got DEDENT } {0 1000 {19629 0 0} expected ',', got DEDENT } {0 1000 {19641 0 0} expected ':', got '=' } {0 1000 {19641 0 0} expected type expression, got '=' } {0 1000 {19641 0 0} expected ',', got '=' } {0 1000 {19641 0 0} expected identifier, got '=' } {0 1000 {19641 0 0} expected ':', got '=' } {0 1000 {19641 0 0} expected type expression, got '=' } {0 1000 {19641 0 0} expected ',', got '=' } {0 1000 {19645 0 0} expected ':', got '+' } {0 1000 {19645 0 0} expected type expression, got '+' } {0 1000 {19645 0 0} expected ',', got '+' } {0 1000 {19645 0 0} expected identifier, got '+' } {0 1000 {19645 0 0} expected ':', got '+' } {0 1000 {19645 0 0} expected type expression, got '+' } {0 1000 {19645 0 0} expected ',', got '+' } {0 1000 {19647 0 0} expected identifier, got integer literal } {0 1000 {19647 0 0} expected ':', got integer literal } {0 1000 {19647 0 0} expected type expression, got integer literal } {0 1000 {19647 0 0} expected ',', got integer literal } {0 1000 {19648 0 0} expected identifier, got DEDENT } {0 1000 {19648 0 0} expected ':', got DEDENT } {0 1000 {19648 0 0} expected type expression, got DEDENT } {0 1000 {19648 0 0} expected ',', got DEDENT } {0 1000 {19654 0 0} expected identifier, got 'if' } {0 1000 {19654 0 0} expected ':', got 'if' } {0 1000 {19654 0 0} expected type expression, got 'if' } {0 1000 {19654 0 0} expected ',', got 'if' } {0 1000 {19662 0 0} expected ':', got '.' } {0 1000 {19662 0 0} expected type expression, got '.' } {0 1000 {19662 0 0} expected ',', got '.' } {0 1000 {19662 0 0} expected identifier, got '.' } {0 1000 {19662 0 0} expected ':', got '.' } {0 1000 {19662 0 0} expected type expression, got '.' } {0 1000 {19662 0 0} expected ',', got '.' } {0 1000 {19668 0 0} expected ':', got '!=' } {0 1000 {19668 0 0} expected type expression, got '!=' } {0 1000 {19668 0 0} expected ',', got '!=' } {0 1000 {19668 0 0} expected identifier, got '!=' } {0 1000 {19668 0 0} expected ':', got '!=' } {0 1000 {19668 0 0} expected type expression, got '!=' } {0 1000 {19668 0 0} expected ',', got '!=' } {0 1000 {19676 0 0} expected ':', got 'as' } {0 1000 {19676 0 0} expected type expression, got 'as' } {0 1000 {19676 0 0} expected ',', got 'as' } {0 1000 {19676 0 0} expected identifier, got 'as' } {0 1000 {19676 0 0} expected ':', got 'as' } {0 1000 {19676 0 0} expected type expression, got 'as' } {0 1000 {19676 0 0} expected ',', got 'as' } {0 1000 {19682 0 0} expected ':', got '[' } {0 1000 {19687 0 0} expected ',', got ':' } {0 1000 {19687 0 0} expected identifier, got ':' } {0 1000 {19688 0 0} expected type expression, got INDENT } {0 1000 {19688 0 0} expected ',', got INDENT } {0 1000 {19688 0 0} expected identifier, got INDENT } {0 1000 {19688 0 0} expected ':', got INDENT } {0 1000 {19688 0 0} expected type expression, got INDENT } {0 1000 {19688 0 0} expected ',', got INDENT } {0 1000 {19697 0 0} expected identifier, got ERROR } {0 1000 {19697 0 0} expected ':', got ERROR } {0 1000 {19697 0 0} expected type expression, got ERROR } {0 1000 {19697 0 0} expected ',', got ERROR } {0 1000 {19702 0 0} expected ':', got '(' } {0 1000 {19702 0 0} expected type expression, got '(' } {0 1000 {19702 0 0} expected ',', got '(' } {0 1000 {19702 0 0} expected identifier, got '(' } {0 1000 {19702 0 0} expected ':', got '(' } {0 1000 {19702 0 0} expected type expression, got '(' } {0 1000 {19702 0 0} expected ',', got '(' } {0 1000 {19708 0 0} expected ':', got '.' } {0 1000 {19708 0 0} expected type expression, got '.' } {0 1000 {19708 0 0} expected ',', got '.' } {0 1000 {19708 0 0} expected identifier, got '.' } {0 1000 {19708 0 0} expected ':', got '.' } {0 1000 {19708 0 0} expected type expression, got '.' } {0 1000 {19708 0 0} expected ',', got '.' } {0 1000 {19714 0 0} expected ':', got 'as' } {0 1000 {19714 0 0} expected type expression, got 'as' } {0 1000 {19714 0 0} expected ',', got 'as' } {0 1000 {19714 0 0} expected identifier, got 'as' } {0 1000 {19714 0 0} expected ':', got 'as' } {0 1000 {19714 0 0} expected type expression, got 'as' } {0 1000 {19714 0 0} expected ',', got 'as' } {0 1000 {19720 0 0} expected ':', got '[' } {0 1000 {19724 0 0} expected ',', got ')' } {0 1000 {19724 0 0} expected identifier, got ')' } {0 1000 {19724 0 0} expected ':', got ')' } {0 1000 {19724 0 0} expected type expression, got ')' } {0 1000 {19724 0 0} expected ',', got ')' } {0 1000 {19725 0 0} expected identifier, got DEDENT } {0 1000 {19725 0 0} expected ':', got DEDENT } {0 1000 {19725 0 0} expected type expression, got DEDENT } {0 1000 {19725 0 0} expected ',', got DEDENT } {0 1000 {19731 0 0} expected identifier, got 'return' } {0 1000 {19731 0 0} expected ':', got 'return' } {0 1000 {19731 0 0} expected type expression, got 'return' } {0 1000 {19731 0 0} expected ',', got 'return' } {0 1000 {19741 0 0} expected ':', got DEDENT } {0 1000 {19741 0 0} expected type expression, got DEDENT } {0 1000 {19741 0 0} expected ',', got DEDENT } {0 1000 {19741 0 0} expected identifier, got DEDENT } {0 1000 {19741 0 0} expected ':', got DEDENT } {0 1000 {19741 0 0} expected type expression, got DEDENT } {0 1000 {19741 0 0} expected ',', got DEDENT } {0 1000 {19743 0 0} expected identifier, got 'pub' } {0 1000 {19743 0 0} expected ':', got 'pub' } {0 1000 {19743 0 0} expected type expression, got 'pub' } {0 1000 {19743 0 0} expected ',', got 'pub' } {0 1000 {19747 0 0} expected identifier, got 'fn' } {0 1000 {19747 0 0} expected ':', got 'fn' } {0 1000 {19750 0 0} expected '(', got identifier } {0 1000 {19758 0 0} expected ',', got '(' } {0 1000 {19758 0 0} expected type expression, got '(' } {0 1000 {19758 0 0} expected ',', got '(' } {0 1000 {19759 0 0} expected type expression, got 'mut' } {0 1000 {19759 0 0} expected ',', got 'mut' } {0 1000 {19767 0 0} expected ',', got ':' } {0 1000 {19767 0 0} expected type expression, got ':' } {0 1000 {19767 0 0} expected ',', got ':' } {0 1000 {19787 0 0} expected ',', got ':' } {0 1000 {19787 0 0} expected identifier, got ':' } {0 1000 {19788 0 0} expected type expression, got INDENT } {0 1000 {19788 0 0} expected ',', got INDENT } {0 1000 {19788 0 0} expected identifier, got INDENT } {0 1000 {19788 0 0} expected ':', got INDENT } {0 1000 {19788 0 0} expected type expression, got INDENT } {0 1000 {19788 0 0} expected ',', got INDENT } {0 1000 {19797 0 0} expected ':', got '.' } {0 1000 {19797 0 0} expected type expression, got '.' } {0 1000 {19797 0 0} expected ',', got '.' } {0 1000 {19797 0 0} expected identifier, got '.' } {0 1000 {19797 0 0} expected ':', got '.' } {0 1000 {19797 0 0} expected type expression, got '.' } {0 1000 {19797 0 0} expected ',', got '.' } {0 1000 {19801 0 0} expected ':', got '(' } {0 1000 {19801 0 0} expected type expression, got '(' } {0 1000 {19801 0 0} expected ',', got '(' } {0 1000 {19801 0 0} expected identifier, got '(' } {0 1000 {19801 0 0} expected ':', got '(' } {0 1000 {19801 0 0} expected type expression, got '(' } {0 1000 {19801 0 0} expected ',', got '(' } {0 1000 {19802 0 0} expected identifier, got ')' } {0 1000 {19802 0 0} expected ':', got ')' } {0 1000 {19802 0 0} expected type expression, got ')' } {0 1000 {19802 0 0} expected ',', got ')' } {0 1000 {19808 0 0} expected identifier, got 'let' } {0 1000 {19808 0 0} expected ':', got 'let' } {0 1000 {19808 0 0} expected type expression, got 'let' } {0 1000 {19808 0 0} expected ',', got 'let' } {0 1000 {19822 0 0} expected ':', got '=' } {0 1000 {19822 0 0} expected type expression, got '=' } {0 1000 {19822 0 0} expected ',', got '=' } {0 1000 {19822 0 0} expected identifier, got '=' } {0 1000 {19822 0 0} expected ':', got '=' } {0 1000 {19822 0 0} expected type expression, got '=' } {0 1000 {19822 0 0} expected ',', got '=' } {0 1000 {19828 0 0} expected ':', got '.' } {0 1000 {19828 0 0} expected type expression, got '.' } {0 1000 {19828 0 0} expected ',', got '.' } {0 1000 {19828 0 0} expected identifier, got '.' } {0 1000 {19828 0 0} expected ':', got '.' } {0 1000 {19828 0 0} expected type expression, got '.' } {0 1000 {19828 0 0} expected ',', got '.' } {0 1000 {19848 0 0} expected ':', got '(' } {0 1000 {19848 0 0} expected type expression, got '(' } {0 1000 {19848 0 0} expected ',', got '(' } {0 1000 {19848 0 0} expected identifier, got '(' } {0 1000 {19848 0 0} expected ':', got '(' } {0 1000 {19848 0 0} expected type expression, got '(' } {0 1000 {19848 0 0} expected ',', got '(' } {0 1000 {19849 0 0} expected identifier, got ')' } {0 1000 {19849 0 0} expected ':', got ')' } {0 1000 {19849 0 0} expected type expression, got ')' } {0 1000 {19849 0 0} expected ',', got ')' } {0 1000 {19855 0 0} expected identifier, got 'return' } {0 1000 {19855 0 0} expected ':', got 'return' } {0 1000 {19855 0 0} expected type expression, got 'return' } {0 1000 {19855 0 0} expected ',', got 'return' } {0 1000 {19871 0 0} expected ':', got DEDENT } {0 1000 {19871 0 0} expected type expression, got DEDENT } {0 1000 {19871 0 0} expected ',', got DEDENT } {0 1000 {19871 0 0} expected identifier, got DEDENT } {0 1000 {19871 0 0} expected ':', got DEDENT } {0 1000 {19871 0 0} expected type expression, got DEDENT } {0 1000 {19871 0 0} expected ',', got DEDENT } {0 1000 {19959 0 0} expected identifier, got 'extern' } {0 1000 {19959 0 0} expected ':', got 'extern' } {0 1000 {19959 0 0} expected type expression, got 'extern' } {0 1000 {19959 0 0} expected ',', got 'extern' } {0 1000 {19966 0 0} expected identifier, got string literal } {0 1000 {19966 0 0} expected ':', got string literal } {0 1000 {19966 0 0} expected type expression, got string literal } {0 1000 {19966 0 0} expected ',', got string literal } {0 1000 {19970 0 0} expected identifier, got 'fn' } {0 1000 {19970 0 0} expected ':', got 'fn' } {0 1000 {19973 0 0} expected '(', got identifier } {0 1000 {19978 0 0} expected ',', got '(' } {0 1000 {19978 0 0} expected type expression, got '(' } {0 1000 {19978 0 0} expected ',', got '(' } {0 1000 {19987 0 0} expected ',', got ':' } {0 1000 {19987 0 0} expected type expression, got ':' } {0 1000 {19987 0 0} expected ',', got ':' } {0 1000 {20002 0 0} expected ',', got ':' } {0 1000 {20002 0 0} expected type expression, got ':' } {0 1000 {20002 0 0} expected ',', got ':' } {0 1000 {20022 0 0} expected ',', got 'extern' } {0 1000 {20022 0 0} expected identifier, got 'extern' } {0 1000 {20022 0 0} expected ':', got 'extern' } {0 1000 {20022 0 0} expected type expression, got 'extern' } {0 1000 {20022 0 0} expected ',', got 'extern' } {0 1000 {20029 0 0} expected identifier, got string literal } {0 1000 {20029 0 0} expected ':', got string literal } {0 1000 {20029 0 0} expected type expression, got string literal } {0 1000 {20029 0 0} expected ',', got string literal } {0 1000 {20033 0 0} expected identifier, got 'fn' } {0 1000 {20033 0 0} expected ':', got 'fn' } {0 1000 {20036 0 0} expected '(', got identifier } {0 1000 {20042 0 0} expected ',', got '(' } {0 1000 {20042 0 0} expected type expression, got '(' } {0 1000 {20042 0 0} expected ',', got '(' } {0 1000 {20049 0 0} expected ',', got ':' } {0 1000 {20049 0 0} expected type expression, got ':' } {0 1000 {20049 0 0} expected ',', got ':' } {0 1000 {20069 0 0} expected ',', got 'extern' } {0 1000 {20069 0 0} expected identifier, got 'extern' } {0 1000 {20069 0 0} expected ':', got 'extern' } {0 1000 {20069 0 0} expected type expression, got 'extern' } {0 1000 {20069 0 0} expected ',', got 'extern' } {0 1000 {20076 0 0} expected identifier, got string literal } {0 1000 {20076 0 0} expected ':', got string literal } {0 1000 {20076 0 0} expected type expression, got string literal } {0 1000 {20076 0 0} expected ',', got string literal } {0 1000 {20080 0 0} expected identifier, got 'fn' } {0 1000 {20080 0 0} expected ':', got 'fn' } {0 1000 {20083 0 0} expected '(', got identifier } {0 1000 {20088 0 0} expected ',', got '(' } {0 1000 {20088 0 0} expected type expression, got '(' } {0 1000 {20088 0 0} expected ',', got '(' } {0 1000 {20095 0 0} expected ',', got ':' } {0 1000 {20095 0 0} expected type expression, got ':' } {0 1000 {20095 0 0} expected ',', got ':' } {0 1000 {20114 0 0} expected ',', got ':' } {0 1000 {20114 0 0} expected type expression, got ':' } {0 1000 {20114 0 0} expected ',', got ':' } {0 1000 {20127 0 0} expected ',', got ':' } {0 1000 {20127 0 0} expected type expression, got ':' } {0 1000 {20127 0 0} expected ',', got ':' } {0 1000 {20141 0 0} expected ',', got 'extern' } {0 1000 {20141 0 0} expected identifier, got 'extern' } {0 1000 {20141 0 0} expected ':', got 'extern' } {0 1000 {20141 0 0} expected type expression, got 'extern' } {0 1000 {20141 0 0} expected ',', got 'extern' } {0 1000 {20148 0 0} expected identifier, got string literal } {0 1000 {20148 0 0} expected ':', got string literal } {0 1000 {20148 0 0} expected type expression, got string literal } {0 1000 {20148 0 0} expected ',', got string literal } {0 1000 {20152 0 0} expected identifier, got 'fn' } {0 1000 {20152 0 0} expected ':', got 'fn' } {0 1000 {20155 0 0} expected '(', got identifier } {0 1000 {20160 0 0} expected ',', got '(' } {0 1000 {20160 0 0} expected type expression, got '(' } {0 1000 {20160 0 0} expected ',', got '(' } {0 1000 {20167 0 0} expected ',', got ':' } {0 1000 {20167 0 0} expected type expression, got ':' } {0 1000 {20167 0 0} expected ',', got ':' } {0 1000 {20187 0 0} expected ',', got 'extern' } {0 1000 {20187 0 0} expected identifier, got 'extern' } {0 1000 {20187 0 0} expected ':', got 'extern' } {0 1000 {20187 0 0} expected type expression, got 'extern' } {0 1000 {20187 0 0} expected ',', got 'extern' } {0 1000 {20194 0 0} expected identifier, got string literal } {0 1000 {20194 0 0} expected ':', got string literal } {0 1000 {20194 0 0} expected type expression, got string literal } {0 1000 {20194 0 0} expected ',', got string literal } {0 1000 {20198 0 0} expected identifier, got 'fn' } {0 1000 {20198 0 0} expected ':', got 'fn' } {0 1000 {20201 0 0} expected '(', got identifier } {0 1000 {20207 0 0} expected ',', got '(' } {0 1000 {20207 0 0} expected type expression, got '(' } {0 1000 {20207 0 0} expected ',', got '(' } {0 1000 {20214 0 0} expected ',', got ':' } {0 1000 {20214 0 0} expected type expression, got ':' } {0 1000 {20214 0 0} expected ',', got ':' } {0 1000 {20227 0 0} expected ',', got 'extern' } {0 1000 {20227 0 0} expected identifier, got 'extern' } {0 1000 {20227 0 0} expected ':', got 'extern' } {0 1000 {20227 0 0} expected type expression, got 'extern' } {0 1000 {20227 0 0} expected ',', got 'extern' } {0 1000 {20234 0 0} expected identifier, got string literal } {0 1000 {20234 0 0} expected ':', got string literal } {0 1000 {20234 0 0} expected type expression, got string literal } {0 1000 {20234 0 0} expected ',', got string literal } {0 1000 {20238 0 0} expected identifier, got 'fn' } {0 1000 {20238 0 0} expected ':', got 'fn' } {0 1000 {20241 0 0} expected '(', got identifier } {0 1000 {20246 0 0} expected ',', got '(' } {0 1000 {20246 0 0} expected type expression, got '(' } {0 1000 {20246 0 0} expected ',', got '(' } {0 1000 {20253 0 0} expected ',', got ':' } {0 1000 {20253 0 0} expected type expression, got ':' } {0 1000 {20253 0 0} expected ',', got ':' } {0 1000 {20268 0 0} expected ',', got ':' } {0 1000 {20268 0 0} expected type expression, got ':' } {0 1000 {20268 0 0} expected ',', got ':' } {0 1000 {20280 0 0} expected ',', got ':' } {0 1000 {20280 0 0} expected type expression, got ':' } {0 1000 {20280 0 0} expected ',', got ':' } {0 1000 {20293 0 0} expected ',', got ':' } {0 1000 {20293 0 0} expected type expression, got ':' } {0 1000 {20293 0 0} expected ',', got ':' } {0 1000 {20313 0 0} expected ',', got 'extern' } {0 1000 {20313 0 0} expected identifier, got 'extern' } {0 1000 {20313 0 0} expected ':', got 'extern' } {0 1000 {20313 0 0} expected type expression, got 'extern' } {0 1000 {20313 0 0} expected ',', got 'extern' } {0 1000 {20320 0 0} expected identifier, got string literal } {0 1000 {20320 0 0} expected ':', got string literal } {0 1000 {20320 0 0} expected type expression, got string literal } {0 1000 {20320 0 0} expected ',', got string literal } {0 1000 {20324 0 0} expected identifier, got 'fn' } {0 1000 {20324 0 0} expected ':', got 'fn' } {0 1000 {20327 0 0} expected '(', got identifier } {0 1000 {20333 0 0} expected ',', got '(' } {0 1000 {20333 0 0} expected type expression, got '(' } {0 1000 {20333 0 0} expected ',', got '(' } {0 1000 {20337 0 0} expected ',', got ':' } {0 1000 {20337 0 0} expected type expression, got ':' } {0 1000 {20337 0 0} expected ',', got ':' } {0 1000 {20348 0 0} expected ',', got ':' } {0 1000 {20348 0 0} expected type expression, got ':' } {0 1000 {20348 0 0} expected ',', got ':' } {0 1000 {20361 0 0} expected ',', got ':' } {0 1000 {20361 0 0} expected type expression, got ':' } {0 1000 {20361 0 0} expected ',', got ':' } {0 1000 {20371 0 0} expected ',', got ':' } {0 1000 {20371 0 0} expected type expression, got ':' } {0 1000 {20371 0 0} expected ',', got ':' } {0 1000 {20385 0 0} expected ',', got 'extern' } {0 1000 {20385 0 0} expected identifier, got 'extern' } {0 1000 {20385 0 0} expected ':', got 'extern' } {0 1000 {20385 0 0} expected type expression, got 'extern' } {0 1000 {20385 0 0} expected ',', got 'extern' } {0 1000 {20392 0 0} expected identifier, got string literal } {0 1000 {20392 0 0} expected ':', got string literal } {0 1000 {20392 0 0} expected type expression, got string literal } {0 1000 {20392 0 0} expected ',', got string literal } {0 1000 {20396 0 0} expected identifier, got 'fn' } {0 1000 {20396 0 0} expected ':', got 'fn' } {0 1000 {20399 0 0} expected '(', got identifier } {0 1000 {20403 0 0} expected ',', got '(' } {0 1000 {20403 0 0} expected type expression, got '(' } {0 1000 {20403 0 0} expected ',', got '(' } {0 1000 {20405 0 0} expected ',', got ':' } {0 1000 {20405 0 0} expected type expression, got ':' } {0 1000 {20405 0 0} expected ',', got ':' } {0 1000 {20420 0 0} expected ',', got 'pub' } {0 1000 {20420 0 0} expected identifier, got 'pub' } {0 1000 {20420 0 0} expected ':', got 'pub' } {0 1000 {20420 0 0} expected type expression, got 'pub' } {0 1000 {20420 0 0} expected ',', got 'pub' } {0 1000 {20424 0 0} expected identifier, got 'fn' } {0 1000 {20424 0 0} expected ':', got 'fn' } {0 1000 {20427 0 0} expected '(', got identifier } {0 1000 {20431 0 0} expected ',', got '(' } {0 1000 {20431 0 0} expected type expression, got '(' } {0 1000 {20431 0 0} expected ',', got '(' } {0 1000 {20436 0 0} expected ',', got ':' } {0 1000 {20436 0 0} expected type expression, got ':' } {0 1000 {20436 0 0} expected ',', got ':' } {0 1000 {20447 0 0} expected ',', got ':' } {0 1000 {20447 0 0} expected type expression, got ':' } {0 1000 {20447 0 0} expected ',', got ':' } {0 1000 {20469 0 0} expected ',', got ':' } {0 1000 {20469 0 0} expected identifier, got ':' } {0 1000 {20470 0 0} expected type expression, got INDENT } {0 1000 {20470 0 0} expected ',', got INDENT } {0 1000 {20470 0 0} expected identifier, got INDENT } {0 1000 {20470 0 0} expected ':', got INDENT } {0 1000 {20470 0 0} expected type expression, got INDENT } {0 1000 {20470 0 0} expected ',', got INDENT } {0 1000 {20475 0 0} expected identifier, got 'if' } {0 1000 {20475 0 0} expected ':', got 'if' } {0 1000 {20475 0 0} expected type expression, got 'if' } {0 1000 {20475 0 0} expected ',', got 'if' } {0 1000 {20483 0 0} expected ':', got '<' } {0 1000 {20483 0 0} expected type expression, got '<' } {0 1000 {20483 0 0} expected ',', got '<' } {0 1000 {20483 0 0} expected identifier, got '<' } {0 1000 {20483 0 0} expected ':', got '<' } {0 1000 {20483 0 0} expected type expression, got '<' } {0 1000 {20483 0 0} expected ',', got '<' } {0 1000 {20485 0 0} expected identifier, got integer literal } {0 1000 {20485 0 0} expected ':', got integer literal } {0 1000 {20485 0 0} expected type expression, got integer literal } {0 1000 {20485 0 0} expected ',', got integer literal } {0 1000 {20486 0 0} expected identifier, got ':' } {0 1000 {20487 0 0} expected type expression, got INDENT } {0 1000 {20487 0 0} expected ',', got INDENT } {0 1000 {20487 0 0} expected identifier, got INDENT } {0 1000 {20487 0 0} expected ':', got INDENT } {0 1000 {20487 0 0} expected type expression, got INDENT } {0 1000 {20487 0 0} expected ',', got INDENT } {0 1000 {20500 0 0} expected ':', got '(' } {0 1000 {20500 0 0} expected type expression, got '(' } {0 1000 {20500 0 0} expected ',', got '(' } {0 1000 {20500 0 0} expected identifier, got '(' } {0 1000 {20500 0 0} expected ':', got '(' } {0 1000 {20500 0 0} expected type expression, got '(' } {0 1000 {20500 0 0} expected ',', got '(' } {0 1000 {20501 0 0} expected identifier, got string literal } {0 1000 {20501 0 0} expected ':', got string literal } {0 1000 {20501 0 0} expected type expression, got string literal } {0 1000 {20501 0 0} expected ',', got string literal } {0 1000 {20531 0 0} expected identifier, got ')' } {0 1000 {20531 0 0} expected ':', got ')' } {0 1000 {20531 0 0} expected type expression, got ')' } {0 1000 {20531 0 0} expected ',', got ')' } {0 1000 {20541 0 0} expected identifier, got 'return' } {0 1000 {20541 0 0} expected ':', got 'return' } {0 1000 {20541 0 0} expected type expression, got 'return' } {0 1000 {20541 0 0} expected ',', got 'return' } {0 1000 {20548 0 0} expected identifier, got integer literal } {0 1000 {20548 0 0} expected ':', got integer literal } {0 1000 {20548 0 0} expected type expression, got integer literal } {0 1000 {20548 0 0} expected ',', got integer literal } {0 1000 {20549 0 0} expected identifier, got DEDENT } {0 1000 {20549 0 0} expected ':', got DEDENT } {0 1000 {20549 0 0} expected type expression, got DEDENT } {0 1000 {20549 0 0} expected ',', got DEDENT } {0 1000 {20555 0 0} expected identifier, got 'let' } {0 1000 {20555 0 0} expected ':', got 'let' } {0 1000 {20555 0 0} expected type expression, got 'let' } {0 1000 {20555 0 0} expected ',', got 'let' } {0 1000 {20572 0 0} expected ':', got '=' } {0 1000 {20572 0 0} expected type expression, got '=' } {0 1000 {20572 0 0} expected ',', got '=' } {0 1000 {20572 0 0} expected identifier, got '=' } {0 1000 {20572 0 0} expected ':', got '=' } {0 1000 {20572 0 0} expected type expression, got '=' } {0 1000 {20572 0 0} expected ',', got '=' } {0 1000 {20578 0 0} expected ':', got '[' } {0 1000 {20579 0 0} expected type expression, got integer literal } {0 1000 {20579 0 0} expected ']', got integer literal } {0 1000 {20579 0 0} expected ',', got integer literal } {0 1000 {20579 0 0} expected identifier, got integer literal } {0 1000 {20579 0 0} expected ':', got integer literal } {0 1000 {20579 0 0} expected type expression, got integer literal } {0 1000 {20579 0 0} expected ',', got integer literal } {0 1000 {20580 0 0} expected identifier, got ']' } {0 1000 {20580 0 0} expected ':', got ']' } {0 1000 {20580 0 0} expected type expression, got ']' } {0 1000 {20580 0 0} expected ',', got ']' } {0 1000 {20586 0 0} expected identifier, got 'let' } {0 1000 {20586 0 0} expected ':', got 'let' } {0 1000 {20586 0 0} expected type expression, got 'let' } {0 1000 {20586 0 0} expected ',', got 'let' } {0 1000 {20595 0 0} expected ':', got '=' } {0 1000 {20595 0 0} expected type expression, got '=' } {0 1000 {20595 0 0} expected ',', got '=' } {0 1000 {20595 0 0} expected identifier, got '=' } {0 1000 {20595 0 0} expected ':', got '=' } {0 1000 {20595 0 0} expected type expression, got '=' } {0 1000 {20595 0 0} expected ',', got '=' } {0 1000 {20602 0 0} expected ':', got '(' } {0 1000 {20602 0 0} expected type expression, got '(' } {0 1000 {20602 0 0} expected ',', got '(' } {0 1000 {20602 0 0} expected identifier, got '(' } {0 1000 {20602 0 0} expected ':', got '(' } {0 1000 {20602 0 0} expected type expression, got '(' } {0 1000 {20602 0 0} expected ',', got '(' } {0 1000 {20615 0 0} expected ':', got ',' } {0 1000 {20615 0 0} expected type expression, got ',' } {0 1000 {20617 0 0} expected identifier, got string literal } {0 1000 {20617 0 0} expected ':', got string literal } {0 1000 {20617 0 0} expected type expression, got string literal } {0 1000 {20617 0 0} expected ',', got string literal } {0 1000 {20621 0 0} expected identifier, got ')' } {0 1000 {20621 0 0} expected ':', got ')' } {0 1000 {20621 0 0} expected type expression, got ')' } {0 1000 {20621 0 0} expected ',', got ')' } {0 1000 {20627 0 0} expected identifier, got 'if' } {0 1000 {20627 0 0} expected ':', got 'if' } {0 1000 {20627 0 0} expected type expression, got 'if' } {0 1000 {20627 0 0} expected ',', got 'if' } {0 1000 {20635 0 0} expected ':', got '==' } {0 1000 {20635 0 0} expected type expression, got '==' } {0 1000 {20635 0 0} expected ',', got '==' } {0 1000 {20635 0 0} expected identifier, got '==' } {0 1000 {20635 0 0} expected ':', got '==' } {0 1000 {20635 0 0} expected type expression, got '==' } {0 1000 {20635 0 0} expected ',', got '==' } {0 1000 {20643 0 0} expected ':', got 'as' } {0 1000 {20643 0 0} expected type expression, got 'as' } {0 1000 {20643 0 0} expected ',', got 'as' } {0 1000 {20643 0 0} expected identifier, got 'as' } {0 1000 {20643 0 0} expected ':', got 'as' } {0 1000 {20643 0 0} expected type expression, got 'as' } {0 1000 {20643 0 0} expected ',', got 'as' } {0 1000 {20649 0 0} expected ':', got '[' } {0 1000 {20655 0 0} expected ',', got ':' } {0 1000 {20655 0 0} expected identifier, got ':' } {0 1000 {20656 0 0} expected type expression, got INDENT } {0 1000 {20656 0 0} expected ',', got INDENT } {0 1000 {20656 0 0} expected identifier, got INDENT } {0 1000 {20656 0 0} expected ':', got INDENT } {0 1000 {20656 0 0} expected type expression, got INDENT } {0 1000 {20656 0 0} expected ',', got INDENT } {0 1000 {20669 0 0} expected ':', got '(' } {0 1000 {20669 0 0} expected type expression, got '(' } {0 1000 {20669 0 0} expected ',', got '(' } {0 1000 {20669 0 0} expected identifier, got '(' } {0 1000 {20669 0 0} expected ':', got '(' } {0 1000 {20669 0 0} expected type expression, got '(' } {0 1000 {20669 0 0} expected ',', got '(' } {0 1000 {20670 0 0} expected identifier, got string literal } {0 1000 {20670 0 0} expected ':', got string literal } {0 1000 {20670 0 0} expected type expression, got string literal } {0 1000 {20670 0 0} expected ',', got string literal } {0 1000 {20698 0 0} expected identifier, got ')' } {0 1000 {20698 0 0} expected ':', got ')' } {0 1000 {20698 0 0} expected type expression, got ')' } {0 1000 {20698 0 0} expected ',', got ')' } {0 1000 {20708 0 0} expected identifier, got 'return' } {0 1000 {20708 0 0} expected ':', got 'return' } {0 1000 {20708 0 0} expected type expression, got 'return' } {0 1000 {20708 0 0} expected ',', got 'return' } {0 1000 {20715 0 0} expected identifier, got integer literal } {0 1000 {20715 0 0} expected ':', got integer literal } {0 1000 {20715 0 0} expected type expression, got integer literal } {0 1000 {20715 0 0} expected ',', got integer literal } {0 1000 {20716 0 0} expected identifier, got DEDENT } {0 1000 {20716 0 0} expected ':', got DEDENT } {0 1000 {20716 0 0} expected type expression, got DEDENT } {0 1000 {20716 0 0} expected ',', got DEDENT } {0 1000 {20727 0 0} expected ':', got '(' } {0 1000 {20727 0 0} expected type expression, got '(' } {0 1000 {20727 0 0} expected ',', got '(' } {0 1000 {20727 0 0} expected identifier, got '(' } {0 1000 {20727 0 0} expected ':', got '(' } {0 1000 {20727 0 0} expected type expression, got '(' } {0 1000 {20727 0 0} expected ',', got '(' } {0 1000 {20732 0 0} expected ':', got ',' } {0 1000 {20732 0 0} expected type expression, got ',' } {0 1000 {20734 0 0} expected identifier, got integer literal } {0 1000 {20734 0 0} expected ':', got integer literal } {0 1000 {20734 0 0} expected type expression, got integer literal } {0 1000 {20734 0 0} expected ',', got integer literal } {0 1000 {20735 0 0} expected identifier, got ',' } {0 1000 {20735 0 0} expected ':', got ',' } {0 1000 {20735 0 0} expected type expression, got ',' } {0 1000 {20737 0 0} expected identifier, got integer literal } {0 1000 {20737 0 0} expected ':', got integer literal } {0 1000 {20737 0 0} expected type expression, got integer literal } {0 1000 {20737 0 0} expected ',', got integer literal } {0 1000 {20738 0 0} expected identifier, got ')' } {0 1000 {20738 0 0} expected ':', got ')' } {0 1000 {20738 0 0} expected type expression, got ')' } {0 1000 {20738 0 0} expected ',', got ')' } {0 1000 {20760 0 0} expected identifier, got 'let' } {0 1000 {20760 0 0} expected ':', got 'let' } {0 1000 {20760 0 0} expected type expression, got 'let' } {0 1000 {20760 0 0} expected ',', got 'let' } {0 1000 {20769 0 0} expected ':', got '=' } {0 1000 {20769 0 0} expected type expression, got '=' } {0 1000 {20769 0 0} expected ',', got '=' } {0 1000 {20769 0 0} expected identifier, got '=' } {0 1000 {20769 0 0} expected ':', got '=' } {0 1000 {20769 0 0} expected type expression, got '=' } {0 1000 {20769 0 0} expected ',', got '=' } {0 1000 {20776 0 0} expected ':', got '(' } {0 1000 {20776 0 0} expected type expression, got '(' } {0 1000 {20776 0 0} expected ',', got '(' } {0 1000 {20776 0 0} expected identifier, got '(' } {0 1000 {20776 0 0} expected ':', got '(' } {0 1000 {20776 0 0} expected type expression, got '(' } {0 1000 {20776 0 0} expected ',', got '(' } {0 1000 {20781 0 0} expected ':', got ')' } {0 1000 {20781 0 0} expected type expression, got ')' } {0 1000 {20781 0 0} expected ',', got ')' } {0 1000 {20781 0 0} expected identifier, got ')' } {0 1000 {20781 0 0} expected ':', got ')' } {0 1000 {20781 0 0} expected type expression, got ')' } {0 1000 {20781 0 0} expected ',', got ')' } {0 1000 {20793 0 0} expected ':', got '(' } {0 1000 {20793 0 0} expected type expression, got '(' } {0 1000 {20793 0 0} expected ',', got '(' } {0 1000 {20793 0 0} expected identifier, got '(' } {0 1000 {20793 0 0} expected ':', got '(' } {0 1000 {20793 0 0} expected type expression, got '(' } {0 1000 {20793 0 0} expected ',', got '(' } {0 1000 {20798 0 0} expected ':', got ')' } {0 1000 {20798 0 0} expected type expression, got ')' } {0 1000 {20798 0 0} expected ',', got ')' } {0 1000 {20798 0 0} expected identifier, got ')' } {0 1000 {20798 0 0} expected ':', got ')' } {0 1000 {20798 0 0} expected type expression, got ')' } {0 1000 {20798 0 0} expected ',', got ')' } {0 1000 {20805 0 0} expected identifier, got 'if' } {0 1000 {20805 0 0} expected ':', got 'if' } {0 1000 {20805 0 0} expected type expression, got 'if' } {0 1000 {20805 0 0} expected ',', got 'if' } {0 1000 {20813 0 0} expected ':', got '<' } {0 1000 {20813 0 0} expected type expression, got '<' } {0 1000 {20813 0 0} expected ',', got '<' } {0 1000 {20813 0 0} expected identifier, got '<' } {0 1000 {20813 0 0} expected ':', got '<' } {0 1000 {20813 0 0} expected type expression, got '<' } {0 1000 {20813 0 0} expected ',', got '<' } {0 1000 {20815 0 0} expected identifier, got integer literal } {0 1000 {20815 0 0} expected ':', got integer literal } {0 1000 {20815 0 0} expected type expression, got integer literal } {0 1000 {20815 0 0} expected ',', got integer literal } {0 1000 {20816 0 0} expected identifier, got ':' } {0 1000 {20817 0 0} expected type expression, got INDENT } {0 1000 {20817 0 0} expected ',', got INDENT } {0 1000 {20817 0 0} expected identifier, got INDENT } {0 1000 {20817 0 0} expected ':', got INDENT } {0 1000 {20817 0 0} expected type expression, got INDENT } {0 1000 {20817 0 0} expected ',', got INDENT } {0 1000 {20830 0 0} expected ':', got '(' } {0 1000 {20830 0 0} expected type expression, got '(' } {0 1000 {20830 0 0} expected ',', got '(' } {0 1000 {20830 0 0} expected identifier, got '(' } {0 1000 {20830 0 0} expected ':', got '(' } {0 1000 {20830 0 0} expected type expression, got '(' } {0 1000 {20830 0 0} expected ',', got '(' } {0 1000 {20831 0 0} expected identifier, got string literal } {0 1000 {20831 0 0} expected ':', got string literal } {0 1000 {20831 0 0} expected type expression, got string literal } {0 1000 {20831 0 0} expected ',', got string literal } {0 1000 {20863 0 0} expected identifier, got ')' } {0 1000 {20863 0 0} expected ':', got ')' } {0 1000 {20863 0 0} expected type expression, got ')' } {0 1000 {20863 0 0} expected ',', got ')' } {0 1000 {20879 0 0} expected ':', got '(' } {0 1000 {20879 0 0} expected type expression, got '(' } {0 1000 {20879 0 0} expected ',', got '(' } {0 1000 {20879 0 0} expected identifier, got '(' } {0 1000 {20879 0 0} expected ':', got '(' } {0 1000 {20879 0 0} expected type expression, got '(' } {0 1000 {20879 0 0} expected ',', got '(' } {0 1000 {20884 0 0} expected ':', got ')' } {0 1000 {20884 0 0} expected type expression, got ')' } {0 1000 {20884 0 0} expected ',', got ')' } {0 1000 {20884 0 0} expected identifier, got ')' } {0 1000 {20884 0 0} expected ':', got ')' } {0 1000 {20884 0 0} expected type expression, got ')' } {0 1000 {20884 0 0} expected ',', got ')' } {0 1000 {20894 0 0} expected identifier, got 'return' } {0 1000 {20894 0 0} expected ':', got 'return' } {0 1000 {20894 0 0} expected type expression, got 'return' } {0 1000 {20894 0 0} expected ',', got 'return' } {0 1000 {20901 0 0} expected identifier, got integer literal } {0 1000 {20901 0 0} expected ':', got integer literal } {0 1000 {20901 0 0} expected type expression, got integer literal } {0 1000 {20901 0 0} expected ',', got integer literal } {0 1000 {20902 0 0} expected identifier, got DEDENT } {0 1000 {20902 0 0} expected ':', got DEDENT } {0 1000 {20902 0 0} expected type expression, got DEDENT } {0 1000 {20902 0 0} expected ',', got DEDENT } {0 1000 {20908 0 0} expected identifier, got 'let' } {0 1000 {20908 0 0} expected ':', got 'let' } {0 1000 {20908 0 0} expected type expression, got 'let' } {0 1000 {20908 0 0} expected ',', got 'let' } {0 1000 {20919 0 0} expected ':', got '=' } {0 1000 {20919 0 0} expected type expression, got '=' } {0 1000 {20919 0 0} expected ',', got '=' } {0 1000 {20919 0 0} expected identifier, got '=' } {0 1000 {20919 0 0} expected ':', got '=' } {0 1000 {20919 0 0} expected type expression, got '=' } {0 1000 {20919 0 0} expected ',', got '=' } {0 1000 {20921 0 0} expected identifier, got ERROR } {0 1000 {20921 0 0} expected ':', got ERROR } {0 1000 {20921 0 0} expected type expression, got ERROR } {0 1000 {20921 0 0} expected ',', got ERROR } {0 1000 {20927 0 0} expected ':', got '(' } {0 1000 {20927 0 0} expected type expression, got '(' } {0 1000 {20927 0 0} expected ',', got '(' } {0 1000 {20927 0 0} expected identifier, got '(' } {0 1000 {20927 0 0} expected ':', got '(' } {0 1000 {20927 0 0} expected type expression, got '(' } {0 1000 {20927 0 0} expected ',', got '(' } {0 1000 {20933 0 0} expected ':', got '+' } {0 1000 {20933 0 0} expected type expression, got '+' } {0 1000 {20933 0 0} expected ',', got '+' } {0 1000 {20933 0 0} expected identifier, got '+' } {0 1000 {20933 0 0} expected ':', got '+' } {0 1000 {20933 0 0} expected type expression, got '+' } {0 1000 {20933 0 0} expected ',', got '+' } {0 1000 {20935 0 0} expected identifier, got integer literal } {0 1000 {20935 0 0} expected ':', got integer literal } {0 1000 {20935 0 0} expected type expression, got integer literal } {0 1000 {20935 0 0} expected ',', got integer literal } {0 1000 {20936 0 0} expected identifier, got ')' } {0 1000 {20936 0 0} expected ':', got ')' } {0 1000 {20936 0 0} expected type expression, got ')' } {0 1000 {20936 0 0} expected ',', got ')' } {0 1000 {20938 0 0} expected identifier, got 'as' } {0 1000 {20938 0 0} expected ':', got 'as' } {0 1000 {20938 0 0} expected type expression, got 'as' } {0 1000 {20938 0 0} expected ',', got 'as' } {0 1000 {20944 0 0} expected ':', got '[' } {0 1000 {20953 0 0} expected ',', got 'if' } {0 1000 {20953 0 0} expected identifier, got 'if' } {0 1000 {20953 0 0} expected ':', got 'if' } {0 1000 {20953 0 0} expected type expression, got 'if' } {0 1000 {20953 0 0} expected ',', got 'if' } {0 1000 {20963 0 0} expected ':', got '==' } {0 1000 {20963 0 0} expected type expression, got '==' } {0 1000 {20963 0 0} expected ',', got '==' } {0 1000 {20963 0 0} expected identifier, got '==' } {0 1000 {20963 0 0} expected ':', got '==' } {0 1000 {20963 0 0} expected type expression, got '==' } {0 1000 {20963 0 0} expected ',', got '==' } {0 1000 {20971 0 0} expected ':', got 'as' } {0 1000 {20971 0 0} expected type expression, got 'as' } {0 1000 {20971 0 0} expected ',', got 'as' } {0 1000 {20971 0 0} expected identifier, got 'as' } {0 1000 {20971 0 0} expected ':', got 'as' } {0 1000 {20971 0 0} expected type expression, got 'as' } {0 1000 {20971 0 0} expected ',', got 'as' } {0 1000 {20977 0 0} expected ':', got '[' } {0 1000 {20981 0 0} expected ',', got ':' } {0 1000 {20981 0 0} expected identifier, got ':' } {0 1000 {20982 0 0} expected type expression, got INDENT } {0 1000 {20982 0 0} expected ',', got INDENT } {0 1000 {20982 0 0} expected identifier, got INDENT } {0 1000 {20982 0 0} expected ':', got INDENT } {0 1000 {20982 0 0} expected type expression, got INDENT } {0 1000 {20982 0 0} expected ',', got INDENT } {0 1000 {20995 0 0} expected ':', got '(' } {0 1000 {20995 0 0} expected type expression, got '(' } {0 1000 {20995 0 0} expected ',', got '(' } {0 1000 {20995 0 0} expected identifier, got '(' } {0 1000 {20995 0 0} expected ':', got '(' } {0 1000 {20995 0 0} expected type expression, got '(' } {0 1000 {20995 0 0} expected ',', got '(' } {0 1000 {20996 0 0} expected identifier, got string literal } {0 1000 {20996 0 0} expected ':', got string literal } {0 1000 {20996 0 0} expected type expression, got string literal } {0 1000 {20996 0 0} expected ',', got string literal } {0 1000 {21029 0 0} expected identifier, got ')' } {0 1000 {21029 0 0} expected ':', got ')' } {0 1000 {21029 0 0} expected type expression, got ')' } {0 1000 {21029 0 0} expected ',', got ')' } {0 1000 {21045 0 0} expected ':', got '(' } {0 1000 {21045 0 0} expected type expression, got '(' } {0 1000 {21045 0 0} expected ',', got '(' } {0 1000 {21045 0 0} expected identifier, got '(' } {0 1000 {21045 0 0} expected ':', got '(' } {0 1000 {21045 0 0} expected type expression, got '(' } {0 1000 {21045 0 0} expected ',', got '(' } {0 1000 {21050 0 0} expected ':', got ')' } {0 1000 {21050 0 0} expected type expression, got ')' } {0 1000 {21050 0 0} expected ',', got ')' } {0 1000 {21050 0 0} expected identifier, got ')' } {0 1000 {21050 0 0} expected ':', got ')' } {0 1000 {21050 0 0} expected type expression, got ')' } {0 1000 {21050 0 0} expected ',', got ')' } {0 1000 {21060 0 0} expected identifier, got 'return' } {0 1000 {21060 0 0} expected ':', got 'return' } {0 1000 {21060 0 0} expected type expression, got 'return' } {0 1000 {21060 0 0} expected ',', got 'return' } {0 1000 {21067 0 0} expected identifier, got integer literal } {0 1000 {21067 0 0} expected ':', got integer literal } {0 1000 {21067 0 0} expected type expression, got integer literal } {0 1000 {21067 0 0} expected ',', got integer literal } {0 1000 {21068 0 0} expected identifier, got DEDENT } {0 1000 {21068 0 0} expected ':', got DEDENT } {0 1000 {21068 0 0} expected type expression, got DEDENT } {0 1000 {21068 0 0} expected ',', got DEDENT } {0 1000 {21074 0 0} expected identifier, got 'let' } {0 1000 {21074 0 0} expected ':', got 'let' } {0 1000 {21074 0 0} expected type expression, got 'let' } {0 1000 {21074 0 0} expected ',', got 'let' } {0 1000 {21089 0 0} expected ':', got '=' } {0 1000 {21089 0 0} expected type expression, got '=' } {0 1000 {21089 0 0} expected ',', got '=' } {0 1000 {21089 0 0} expected identifier, got '=' } {0 1000 {21089 0 0} expected ':', got '=' } {0 1000 {21089 0 0} expected type expression, got '=' } {0 1000 {21089 0 0} expected ',', got '=' } {0 1000 {21096 0 0} expected ':', got '(' } {0 1000 {21096 0 0} expected type expression, got '(' } {0 1000 {21096 0 0} expected ',', got '(' } {0 1000 {21096 0 0} expected identifier, got '(' } {0 1000 {21096 0 0} expected ':', got '(' } {0 1000 {21096 0 0} expected type expression, got '(' } {0 1000 {21096 0 0} expected ',', got '(' } {0 1000 {21103 0 0} expected ':', got ',' } {0 1000 {21103 0 0} expected type expression, got ',' } {0 1000 {21105 0 0} expected identifier, got integer literal } {0 1000 {21105 0 0} expected ':', got integer literal } {0 1000 {21105 0 0} expected type expression, got integer literal } {0 1000 {21105 0 0} expected ',', got integer literal } {0 1000 {21106 0 0} expected identifier, got ',' } {0 1000 {21106 0 0} expected ':', got ',' } {0 1000 {21106 0 0} expected type expression, got ',' } {0 1000 {21112 0 0} expected ':', got ',' } {0 1000 {21112 0 0} expected type expression, got ',' } {0 1000 {21118 0 0} expected ':', got ')' } {0 1000 {21118 0 0} expected type expression, got ')' } {0 1000 {21118 0 0} expected ',', got ')' } {0 1000 {21118 0 0} expected identifier, got ')' } {0 1000 {21118 0 0} expected ':', got ')' } {0 1000 {21118 0 0} expected type expression, got ')' } {0 1000 {21118 0 0} expected ',', got ')' } {0 1000 {21130 0 0} expected ':', got '(' } {0 1000 {21130 0 0} expected type expression, got '(' } {0 1000 {21130 0 0} expected ',', got '(' } {0 1000 {21130 0 0} expected identifier, got '(' } {0 1000 {21130 0 0} expected ':', got '(' } {0 1000 {21130 0 0} expected type expression, got '(' } {0 1000 {21130 0 0} expected ',', got '(' } {0 1000 {21135 0 0} expected ':', got ')' } {0 1000 {21135 0 0} expected type expression, got ')' } {0 1000 {21135 0 0} expected ',', got ')' } {0 1000 {21135 0 0} expected identifier, got ')' } {0 1000 {21135 0 0} expected ':', got ')' } {0 1000 {21135 0 0} expected type expression, got ')' } {0 1000 {21135 0 0} expected ',', got ')' } {0 1000 {21148 0 0} expected ':', got '[' } {0 1000 {21161 0 0} expected ',', got '=' } {0 1000 {21161 0 0} expected identifier, got '=' } {0 1000 {21161 0 0} expected ':', got '=' } {0 1000 {21161 0 0} expected type expression, got '=' } {0 1000 {21161 0 0} expected ',', got '=' } {0 1000 {21163 0 0} expected identifier, got integer literal } {0 1000 {21163 0 0} expected ':', got integer literal } {0 1000 {21163 0 0} expected type expression, got integer literal } {0 1000 {21163 0 0} expected ',', got integer literal } {0 1000 {21165 0 0} expected identifier, got 'as' } {0 1000 {21165 0 0} expected ':', got 'as' } {0 1000 {21165 0 0} expected type expression, got 'as' } {0 1000 {21165 0 0} expected ',', got 'as' } {0 1000 {21176 0 0} expected ':', got 'let' } {0 1000 {21176 0 0} expected type expression, got 'let' } {0 1000 {21176 0 0} expected ',', got 'let' } {0 1000 {21176 0 0} expected identifier, got 'let' } {0 1000 {21176 0 0} expected ':', got 'let' } {0 1000 {21176 0 0} expected type expression, got 'let' } {0 1000 {21176 0 0} expected ',', got 'let' } {0 1000 {21184 0 0} expected ':', got '=' } {0 1000 {21184 0 0} expected type expression, got '=' } {0 1000 {21184 0 0} expected ',', got '=' } {0 1000 {21184 0 0} expected identifier, got '=' } {0 1000 {21184 0 0} expected ':', got '=' } {0 1000 {21184 0 0} expected type expression, got '=' } {0 1000 {21184 0 0} expected ',', got '=' } {0 1000 {21193 0 0} expected ':', got 'as' } {0 1000 {21193 0 0} expected type expression, got 'as' } {0 1000 {21193 0 0} expected ',', got 'as' } {0 1000 {21193 0 0} expected identifier, got 'as' } {0 1000 {21193 0 0} expected ':', got 'as' } {0 1000 {21193 0 0} expected type expression, got 'as' } {0 1000 {21193 0 0} expected ',', got 'as' } {0 1000 {21205 0 0} expected ':', got 'mut' } {0 1000 {21205 0 0} expected type expression, got 'mut' } {0 1000 {21205 0 0} expected ',', got 'mut' } {0 1000 {21215 0 0} expected ':', got ':=' } {0 1000 {21215 0 0} expected type expression, got ':=' } {0 1000 {21215 0 0} expected ',', got ':=' } {0 1000 {21215 0 0} expected identifier, got ':=' } {0 1000 {21215 0 0} expected ':', got ':=' } {0 1000 {21215 0 0} expected type expression, got ':=' } {0 1000 {21215 0 0} expected ',', got ':=' } {0 1000 {21227 0 0} expected ':', got '(' } {0 1000 {21227 0 0} expected type expression, got '(' } {0 1000 {21227 0 0} expected ',', got '(' } {0 1000 {21227 0 0} expected identifier, got '(' } {0 1000 {21227 0 0} expected ':', got '(' } {0 1000 {21227 0 0} expected type expression, got '(' } {0 1000 {21227 0 0} expected ',', got '(' } {0 1000 {21231 0 0} expected ':', got ')' } {0 1000 {21231 0 0} expected type expression, got ')' } {0 1000 {21231 0 0} expected ',', got ')' } {0 1000 {21231 0 0} expected identifier, got ')' } {0 1000 {21231 0 0} expected ':', got ')' } {0 1000 {21231 0 0} expected type expression, got ')' } {0 1000 {21231 0 0} expected ',', got ')' } {0 1000 {21237 0 0} expected identifier, got 'let' } {0 1000 {21237 0 0} expected ':', got 'let' } {0 1000 {21237 0 0} expected type expression, got 'let' } {0 1000 {21237 0 0} expected ',', got 'let' } {0 1000 {21248 0 0} expected ':', got '=' } {0 1000 {21248 0 0} expected type expression, got '=' } {0 1000 {21248 0 0} expected ',', got '=' } {0 1000 {21248 0 0} expected identifier, got '=' } {0 1000 {21248 0 0} expected ':', got '=' } {0 1000 {21248 0 0} expected type expression, got '=' } {0 1000 {21248 0 0} expected ',', got '=' } {0 1000 {21255 0 0} expected ':', got '.' } {0 1000 {21255 0 0} expected type expression, got '.' } {0 1000 {21255 0 0} expected ',', got '.' } {0 1000 {21255 0 0} expected identifier, got '.' } {0 1000 {21255 0 0} expected ':', got '.' } {0 1000 {21255 0 0} expected type expression, got '.' } {0 1000 {21255 0 0} expected ',', got '.' } {0 1000 {21264 0 0} expected ':', got '(' } {0 1000 {21264 0 0} expected type expression, got '(' } {0 1000 {21264 0 0} expected ',', got '(' } {0 1000 {21264 0 0} expected identifier, got '(' } {0 1000 {21264 0 0} expected ':', got '(' } {0 1000 {21264 0 0} expected type expression, got '(' } {0 1000 {21264 0 0} expected ',', got '(' } {0 1000 {21265 0 0} expected identifier, got ')' } {0 1000 {21265 0 0} expected ':', got ')' } {0 1000 {21265 0 0} expected type expression, got ')' } {0 1000 {21265 0 0} expected ',', got ')' } {0 1000 {21278 0 0} expected ':', got ':=' } {0 1000 {21278 0 0} expected type expression, got ':=' } {0 1000 {21278 0 0} expected ',', got ':=' } {0 1000 {21278 0 0} expected identifier, got ':=' } {0 1000 {21278 0 0} expected ':', got ':=' } {0 1000 {21278 0 0} expected type expression, got ':=' } {0 1000 {21278 0 0} expected ',', got ':=' } {0 1000 {21281 0 0} expected identifier, got integer literal } {0 1000 {21281 0 0} expected ':', got integer literal } {0 1000 {21281 0 0} expected type expression, got integer literal } {0 1000 {21281 0 0} expected ',', got integer literal } {0 1000 {21287 0 0} expected identifier, got 'while' } {0 1000 {21287 0 0} expected ':', got 'while' } {0 1000 {21287 0 0} expected type expression, got 'while' } {0 1000 {21287 0 0} expected ',', got 'while' } {0 1000 {21295 0 0} expected ':', got '<' } {0 1000 {21295 0 0} expected type expression, got '<' } {0 1000 {21295 0 0} expected ',', got '<' } {0 1000 {21295 0 0} expected identifier, got '<' } {0 1000 {21295 0 0} expected ':', got '<' } {0 1000 {21295 0 0} expected type expression, got '<' } {0 1000 {21295 0 0} expected ',', got '<' } {0 1000 {21303 0 0} expected ':', got '.' } {0 1000 {21303 0 0} expected type expression, got '.' } {0 1000 {21303 0 0} expected ',', got '.' } {0 1000 {21303 0 0} expected identifier, got '.' } {0 1000 {21303 0 0} expected ':', got '.' } {0 1000 {21303 0 0} expected type expression, got '.' } {0 1000 {21303 0 0} expected ',', got '.' } {0 1000 {21308 0 0} expected type expression, got INDENT } {0 1000 {21308 0 0} expected ',', got INDENT } {0 1000 {21308 0 0} expected identifier, got INDENT } {0 1000 {21308 0 0} expected ':', got INDENT } {0 1000 {21308 0 0} expected type expression, got INDENT } {0 1000 {21308 0 0} expected ',', got INDENT } {0 1000 {21317 0 0} expected identifier, got 'let' } {0 1000 {21317 0 0} expected ':', got 'let' } {0 1000 {21317 0 0} expected type expression, got 'let' } {0 1000 {21317 0 0} expected ',', got 'let' } {0 1000 {21325 0 0} expected ':', got '=' } {0 1000 {21325 0 0} expected type expression, got '=' } {0 1000 {21325 0 0} expected ',', got '=' } {0 1000 {21325 0 0} expected identifier, got '=' } {0 1000 {21325 0 0} expected ':', got '=' } {0 1000 {21325 0 0} expected type expression, got '=' } {0 1000 {21325 0 0} expected ',', got '=' } {0 1000 {21333 0 0} expected ':', got '.' } {0 1000 {21333 0 0} expected type expression, got '.' } {0 1000 {21333 0 0} expected ',', got '.' } {0 1000 {21333 0 0} expected identifier, got '.' } {0 1000 {21333 0 0} expected ':', got '.' } {0 1000 {21333 0 0} expected type expression, got '.' } {0 1000 {21333 0 0} expected ',', got '.' } {0 1000 {21338 0 0} expected ':', got '[' } {0 1000 {21350 0 0} expected ',', got identifier } {0 1000 {21356 0 0} expected ':', got '(' } {0 1000 {21356 0 0} expected type expression, got '(' } {0 1000 {21356 0 0} expected ',', got '(' } {0 1000 {21356 0 0} expected identifier, got '(' } {0 1000 {21356 0 0} expected ':', got '(' } {0 1000 {21356 0 0} expected type expression, got '(' } {0 1000 {21356 0 0} expected ',', got '(' } {0 1000 {21357 0 0} expected identifier, got string literal } {0 1000 {21357 0 0} expected ':', got string literal } {0 1000 {21357 0 0} expected type expression, got string literal } {0 1000 {21357 0 0} expected ',', got string literal } {0 1000 {21369 0 0} expected identifier, got ',' } {0 1000 {21369 0 0} expected ':', got ',' } {0 1000 {21369 0 0} expected type expression, got ',' } {0 1000 {21374 0 0} expected ':', got '.' } {0 1000 {21374 0 0} expected type expression, got '.' } {0 1000 {21374 0 0} expected ',', got '.' } {0 1000 {21374 0 0} expected identifier, got '.' } {0 1000 {21374 0 0} expected ':', got '.' } {0 1000 {21374 0 0} expected type expression, got '.' } {0 1000 {21374 0 0} expected ',', got '.' } {0 1000 {21380 0 0} expected ':', got 'as' } {0 1000 {21380 0 0} expected type expression, got 'as' } {0 1000 {21380 0 0} expected ',', got 'as' } {0 1000 {21380 0 0} expected identifier, got 'as' } {0 1000 {21380 0 0} expected ':', got 'as' } {0 1000 {21380 0 0} expected type expression, got 'as' } {0 1000 {21380 0 0} expected ',', got 'as' } {0 1000 {21386 0 0} expected ':', got ',' } {0 1000 {21386 0 0} expected type expression, got ',' } {0 1000 {21391 0 0} expected ':', got '.' } {0 1000 {21391 0 0} expected type expression, got '.' } {0 1000 {21391 0 0} expected ',', got '.' } {0 1000 {21391 0 0} expected identifier, got '.' } {0 1000 {21391 0 0} expected ':', got '.' } {0 1000 {21391 0 0} expected type expression, got '.' } {0 1000 {21391 0 0} expected ',', got '.' } {0 1000 {21399 0 0} expected ':', got 'as' } {0 1000 {21399 0 0} expected type expression, got 'as' } {0 1000 {21399 0 0} expected ',', got 'as' } {0 1000 {21399 0 0} expected identifier, got 'as' } {0 1000 {21399 0 0} expected ':', got 'as' } {0 1000 {21399 0 0} expected type expression, got 'as' } {0 1000 {21399 0 0} expected ',', got 'as' } {0 1000 {21405 0 0} expected ':', got ',' } {0 1000 {21405 0 0} expected type expression, got ',' } {0 1000 {21410 0 0} expected ':', got '.' } {0 1000 {21410 0 0} expected type expression, got '.' } {0 1000 {21410 0 0} expected ',', got '.' } {0 1000 {21410 0 0} expected identifier, got '.' } {0 1000 {21410 0 0} expected ':', got '.' } {0 1000 {21410 0 0} expected type expression, got '.' } {0 1000 {21410 0 0} expected ',', got '.' } {0 1000 {21415 0 0} expected ':', got 'as' } {0 1000 {21415 0 0} expected type expression, got 'as' } {0 1000 {21415 0 0} expected ',', got 'as' } {0 1000 {21415 0 0} expected identifier, got 'as' } {0 1000 {21415 0 0} expected ':', got 'as' } {0 1000 {21415 0 0} expected type expression, got 'as' } {0 1000 {21415 0 0} expected ',', got 'as' } {0 1000 {21421 0 0} expected ':', got ')' } {0 1000 {21421 0 0} expected type expression, got ')' } {0 1000 {21421 0 0} expected ',', got ')' } {0 1000 {21421 0 0} expected identifier, got ')' } {0 1000 {21421 0 0} expected ':', got ')' } {0 1000 {21421 0 0} expected type expression, got ')' } {0 1000 {21421 0 0} expected ',', got ')' } {0 1000 {21433 0 0} expected ':', got '=' } {0 1000 {21433 0 0} expected type expression, got '=' } {0 1000 {21433 0 0} expected ',', got '=' } {0 1000 {21433 0 0} expected identifier, got '=' } {0 1000 {21433 0 0} expected ':', got '=' } {0 1000 {21433 0 0} expected type expression, got '=' } {0 1000 {21433 0 0} expected ',', got '=' } {0 1000 {21437 0 0} expected ':', got '+' } {0 1000 {21437 0 0} expected type expression, got '+' } {0 1000 {21437 0 0} expected ',', got '+' } {0 1000 {21437 0 0} expected identifier, got '+' } {0 1000 {21437 0 0} expected ':', got '+' } {0 1000 {21437 0 0} expected type expression, got '+' } {0 1000 {21437 0 0} expected ',', got '+' } {0 1000 {21439 0 0} expected identifier, got integer literal } {0 1000 {21439 0 0} expected ':', got integer literal } {0 1000 {21439 0 0} expected type expression, got integer literal } {0 1000 {21439 0 0} expected ',', got integer literal } {0 1000 {21440 0 0} expected identifier, got DEDENT } {0 1000 {21440 0 0} expected ':', got DEDENT } {0 1000 {21440 0 0} expected type expression, got DEDENT } {0 1000 {21440 0 0} expected ',', got DEDENT } {0 1000 {21446 0 0} expected identifier, got ERROR } {0 1000 {21446 0 0} expected ':', got ERROR } {0 1000 {21446 0 0} expected type expression, got ERROR } {0 1000 {21446 0 0} expected ',', got ERROR } {0 1000 {21451 0 0} expected ':', got '(' } {0 1000 {21451 0 0} expected type expression, got '(' } {0 1000 {21451 0 0} expected ',', got '(' } {0 1000 {21451 0 0} expected identifier, got '(' } {0 1000 {21451 0 0} expected ':', got '(' } {0 1000 {21451 0 0} expected type expression, got '(' } {0 1000 {21451 0 0} expected ',', got '(' } {0 1000 {21458 0 0} expected ':', got ')' } {0 1000 {21458 0 0} expected type expression, got ')' } {0 1000 {21458 0 0} expected ',', got ')' } {0 1000 {21458 0 0} expected identifier, got ')' } {0 1000 {21458 0 0} expected ':', got ')' } {0 1000 {21458 0 0} expected type expression, got ')' } {0 1000 {21458 0 0} expected ',', got ')' } {0 1000 {21464 0 0} expected identifier, got 'if' } {0 1000 {21464 0 0} expected ':', got 'if' } {0 1000 {21464 0 0} expected type expression, got 'if' } {0 1000 {21464 0 0} expected ',', got 'if' } {0 1000 {21473 0 0} expected ':', got '.' } {0 1000 {21473 0 0} expected type expression, got '.' } {0 1000 {21473 0 0} expected ',', got '.' } {0 1000 {21473 0 0} expected identifier, got '.' } {0 1000 {21473 0 0} expected ':', got '.' } {0 1000 {21473 0 0} expected type expression, got '.' } {0 1000 {21473 0 0} expected ',', got '.' } {0 1000 {21479 0 0} expected ':', got '!=' } {0 1000 {21479 0 0} expected type expression, got '!=' } {0 1000 {21479 0 0} expected ',', got '!=' } {0 1000 {21479 0 0} expected identifier, got '!=' } {0 1000 {21479 0 0} expected ':', got '!=' } {0 1000 {21479 0 0} expected type expression, got '!=' } {0 1000 {21479 0 0} expected ',', got '!=' } {0 1000 {21487 0 0} expected ':', got 'as' } {0 1000 {21487 0 0} expected type expression, got 'as' } {0 1000 {21487 0 0} expected ',', got 'as' } {0 1000 {21487 0 0} expected identifier, got 'as' } {0 1000 {21487 0 0} expected ':', got 'as' } {0 1000 {21487 0 0} expected type expression, got 'as' } {0 1000 {21487 0 0} expected ',', got 'as' } {0 1000 {21493 0 0} expected ':', got '[' } {0 1000 {21500 0 0} expected ',', got ':' } {0 1000 {21500 0 0} expected identifier, got ':' } {0 1000 {21501 0 0} expected type expression, got INDENT } {0 1000 {21501 0 0} expected ',', got INDENT } {0 1000 {21501 0 0} expected identifier, got INDENT } {0 1000 {21501 0 0} expected ':', got INDENT } {0 1000 {21501 0 0} expected type expression, got INDENT } {0 1000 {21501 0 0} expected ',', got INDENT } {0 1000 {21510 0 0} expected identifier, got ERROR } {0 1000 {21510 0 0} expected ':', got ERROR } {0 1000 {21510 0 0} expected type expression, got ERROR } {0 1000 {21510 0 0} expected ',', got ERROR } {0 1000 {21515 0 0} expected ':', got '(' } {0 1000 {21515 0 0} expected type expression, got '(' } {0 1000 {21515 0 0} expected ',', got '(' } {0 1000 {21515 0 0} expected identifier, got '(' } {0 1000 {21515 0 0} expected ':', got '(' } {0 1000 {21515 0 0} expected type expression, got '(' } {0 1000 {21515 0 0} expected ',', got '(' } {0 1000 {21522 0 0} expected ':', got '.' } {0 1000 {21522 0 0} expected type expression, got '.' } {0 1000 {21522 0 0} expected ',', got '.' } {0 1000 {21522 0 0} expected identifier, got '.' } {0 1000 {21522 0 0} expected ':', got '.' } {0 1000 {21522 0 0} expected type expression, got '.' } {0 1000 {21522 0 0} expected ',', got '.' } {0 1000 {21528 0 0} expected ':', got 'as' } {0 1000 {21528 0 0} expected type expression, got 'as' } {0 1000 {21528 0 0} expected ',', got 'as' } {0 1000 {21528 0 0} expected identifier, got 'as' } {0 1000 {21528 0 0} expected ':', got 'as' } {0 1000 {21528 0 0} expected type expression, got 'as' } {0 1000 {21528 0 0} expected ',', got 'as' } {0 1000 {21534 0 0} expected ':', got '[' } {0 1000 {21538 0 0} expected ',', got ')' } {0 1000 {21538 0 0} expected identifier, got ')' } {0 1000 {21538 0 0} expected ':', got ')' } {0 1000 {21538 0 0} expected type expression, got ')' } {0 1000 {21538 0 0} expected ',', got ')' } {0 1000 {21539 0 0} expected identifier, got DEDENT } {0 1000 {21539 0 0} expected ':', got DEDENT } {0 1000 {21539 0 0} expected type expression, got DEDENT } {0 1000 {21539 0 0} expected ',', got DEDENT } {0 1000 {21544 0 0} expected identifier, got 'if' } {0 1000 {21544 0 0} expected ':', got 'if' } {0 1000 {21544 0 0} expected type expression, got 'if' } {0 1000 {21544 0 0} expected ',', got 'if' } {0 1000 {21552 0 0} expected ':', got '.' } {0 1000 {21552 0 0} expected type expression, got '.' } {0 1000 {21552 0 0} expected ',', got '.' } {0 1000 {21552 0 0} expected identifier, got '.' } {0 1000 {21552 0 0} expected ':', got '.' } {0 1000 {21552 0 0} expected type expression, got '.' } {0 1000 {21552 0 0} expected ',', got '.' } {0 1000 {21559 0 0} expected ':', got '.' } {0 1000 {21559 0 0} expected type expression, got '.' } {0 1000 {21559 0 0} expected ',', got '.' } {0 1000 {21559 0 0} expected identifier, got '.' } {0 1000 {21559 0 0} expected ':', got '.' } {0 1000 {21559 0 0} expected type expression, got '.' } {0 1000 {21559 0 0} expected ',', got '.' } {0 1000 {21565 0 0} expected ':', got '!=' } {0 1000 {21565 0 0} expected type expression, got '!=' } {0 1000 {21565 0 0} expected ',', got '!=' } {0 1000 {21565 0 0} expected identifier, got '!=' } {0 1000 {21565 0 0} expected ':', got '!=' } {0 1000 {21565 0 0} expected type expression, got '!=' } {0 1000 {21565 0 0} expected ',', got '!=' } {0 1000 {21573 0 0} expected ':', got 'as' } {0 1000 {21573 0 0} expected type expression, got 'as' } {0 1000 {21573 0 0} expected ',', got 'as' } {0 1000 {21573 0 0} expected identifier, got 'as' } {0 1000 {21573 0 0} expected ':', got 'as' } {0 1000 {21573 0 0} expected type expression, got 'as' } {0 1000 {21573 0 0} expected ',', got 'as' } {0 1000 {21579 0 0} expected ':', got '[' } {0 1000 {21586 0 0} expected ',', got ':' } {0 1000 {21586 0 0} expected identifier, got ':' } {0 1000 {21587 0 0} expected type expression, got INDENT } {0 1000 {21587 0 0} expected ',', got INDENT } {0 1000 {21587 0 0} expected identifier, got INDENT } {0 1000 {21587 0 0} expected ':', got INDENT } {0 1000 {21587 0 0} expected type expression, got INDENT } {0 1000 {21587 0 0} expected ',', got INDENT } {0 1000 {21596 0 0} expected identifier, got ERROR } {0 1000 {21596 0 0} expected ':', got ERROR } {0 1000 {21596 0 0} expected type expression, got ERROR } {0 1000 {21596 0 0} expected ',', got ERROR } {0 1000 {21601 0 0} expected ':', got '(' } {0 1000 {21601 0 0} expected type expression, got '(' } {0 1000 {21601 0 0} expected ',', got '(' } {0 1000 {21601 0 0} expected identifier, got '(' } {0 1000 {21601 0 0} expected ':', got '(' } {0 1000 {21601 0 0} expected type expression, got '(' } {0 1000 {21601 0 0} expected ',', got '(' } {0 1000 {21607 0 0} expected ':', got '.' } {0 1000 {21607 0 0} expected type expression, got '.' } {0 1000 {21607 0 0} expected ',', got '.' } {0 1000 {21607 0 0} expected identifier, got '.' } {0 1000 {21607 0 0} expected ':', got '.' } {0 1000 {21607 0 0} expected type expression, got '.' } {0 1000 {21607 0 0} expected ',', got '.' } {0 1000 {21614 0 0} expected ':', got '.' } {0 1000 {21614 0 0} expected type expression, got '.' } {0 1000 {21614 0 0} expected ',', got '.' } {0 1000 {21614 0 0} expected identifier, got '.' } {0 1000 {21614 0 0} expected ':', got '.' } {0 1000 {21614 0 0} expected type expression, got '.' } {0 1000 {21614 0 0} expected ',', got '.' } {0 1000 {21620 0 0} expected ':', got 'as' } {0 1000 {21620 0 0} expected type expression, got 'as' } {0 1000 {21620 0 0} expected ',', got 'as' } {0 1000 {21620 0 0} expected identifier, got 'as' } {0 1000 {21620 0 0} expected ':', got 'as' } {0 1000 {21620 0 0} expected type expression, got 'as' } {0 1000 {21620 0 0} expected ',', got 'as' } {0 1000 {21626 0 0} expected ':', got '[' } {0 1000 {21630 0 0} expected ',', got ')' } {0 1000 {21630 0 0} expected identifier, got ')' } {0 1000 {21630 0 0} expected ':', got ')' } {0 1000 {21630 0 0} expected type expression, got ')' } {0 1000 {21630 0 0} expected ',', got ')' } {0 1000 {21631 0 0} expected identifier, got DEDENT } {0 1000 {21631 0 0} expected ':', got DEDENT } {0 1000 {21631 0 0} expected type expression, got DEDENT } {0 1000 {21631 0 0} expected ',', got DEDENT } {0 1000 {21636 0 0} expected identifier, got 'if' } {0 1000 {21636 0 0} expected ':', got 'if' } {0 1000 {21636 0 0} expected type expression, got 'if' } {0 1000 {21636 0 0} expected ',', got 'if' } {0 1000 {21644 0 0} expected ':', got '.' } {0 1000 {21644 0 0} expected type expression, got '.' } {0 1000 {21644 0 0} expected ',', got '.' } {0 1000 {21644 0 0} expected identifier, got '.' } {0 1000 {21644 0 0} expected ':', got '.' } {0 1000 {21644 0 0} expected type expression, got '.' } {0 1000 {21644 0 0} expected ',', got '.' } {0 1000 {21657 0 0} expected ':', got '.' } {0 1000 {21657 0 0} expected type expression, got '.' } {0 1000 {21657 0 0} expected ',', got '.' } {0 1000 {21657 0 0} expected identifier, got '.' } {0 1000 {21657 0 0} expected ':', got '.' } {0 1000 {21657 0 0} expected type expression, got '.' } {0 1000 {21657 0 0} expected ',', got '.' } {0 1000 {21663 0 0} expected ':', got '!=' } {0 1000 {21663 0 0} expected type expression, got '!=' } {0 1000 {21663 0 0} expected ',', got '!=' } {0 1000 {21663 0 0} expected identifier, got '!=' } {0 1000 {21663 0 0} expected ':', got '!=' } {0 1000 {21663 0 0} expected type expression, got '!=' } {0 1000 {21663 0 0} expected ',', got '!=' } {0 1000 {21671 0 0} expected ':', got 'as' } {0 1000 {21671 0 0} expected type expression, got 'as' } {0 1000 {21671 0 0} expected ',', got 'as' } {0 1000 {21671 0 0} expected identifier, got 'as' } {0 1000 {21671 0 0} expected ':', got 'as' } {0 1000 {21671 0 0} expected type expression, got 'as' } {0 1000 {21671 0 0} expected ',', got 'as' } {0 1000 {21677 0 0} expected ':', got '[' } {0 1000 {21682 0 0} expected ',', got ':' } {0 1000 {21682 0 0} expected identifier, got ':' } {0 1000 {21683 0 0} expected type expression, got INDENT } {0 1000 {21683 0 0} expected ',', got INDENT } {0 1000 {21683 0 0} expected identifier, got INDENT } {0 1000 {21683 0 0} expected ':', got INDENT } {0 1000 {21683 0 0} expected type expression, got INDENT } {0 1000 {21683 0 0} expected ',', got INDENT } {0 1000 {21692 0 0} expected identifier, got ERROR } {0 1000 {21692 0 0} expected ':', got ERROR } {0 1000 {21692 0 0} expected type expression, got ERROR } {0 1000 {21692 0 0} expected ',', got ERROR } {0 1000 {21697 0 0} expected ':', got '(' } {0 1000 {21697 0 0} expected type expression, got '(' } {0 1000 {21697 0 0} expected ',', got '(' } {0 1000 {21697 0 0} expected identifier, got '(' } {0 1000 {21697 0 0} expected ':', got '(' } {0 1000 {21697 0 0} expected type expression, got '(' } {0 1000 {21697 0 0} expected ',', got '(' } {0 1000 {21703 0 0} expected ':', got '.' } {0 1000 {21703 0 0} expected type expression, got '.' } {0 1000 {21703 0 0} expected ',', got '.' } {0 1000 {21703 0 0} expected identifier, got '.' } {0 1000 {21703 0 0} expected ':', got '.' } {0 1000 {21703 0 0} expected type expression, got '.' } {0 1000 {21703 0 0} expected ',', got '.' } {0 1000 {21716 0 0} expected ':', got '.' } {0 1000 {21716 0 0} expected type expression, got '.' } {0 1000 {21716 0 0} expected ',', got '.' } {0 1000 {21716 0 0} expected identifier, got '.' } {0 1000 {21716 0 0} expected ':', got '.' } {0 1000 {21716 0 0} expected type expression, got '.' } {0 1000 {21716 0 0} expected ',', got '.' } {0 1000 {21722 0 0} expected ':', got 'as' } {0 1000 {21722 0 0} expected type expression, got 'as' } {0 1000 {21722 0 0} expected ',', got 'as' } {0 1000 {21722 0 0} expected identifier, got 'as' } {0 1000 {21722 0 0} expected ':', got 'as' } {0 1000 {21722 0 0} expected type expression, got 'as' } {0 1000 {21722 0 0} expected ',', got 'as' } {0 1000 {21728 0 0} expected ':', got '[' } {0 1000 {21732 0 0} expected ',', got ')' } {0 1000 {21732 0 0} expected identifier, got ')' } {0 1000 {21732 0 0} expected ':', got ')' } {0 1000 {21732 0 0} expected type expression, got ')' } {0 1000 {21732 0 0} expected ',', got ')' } {0 1000 {21733 0 0} expected identifier, got DEDENT } {0 1000 {21733 0 0} expected ':', got DEDENT } {0 1000 {21733 0 0} expected type expression, got DEDENT } {0 1000 {21733 0 0} expected ',', got DEDENT } {0 1000 {21738 0 0} expected identifier, got 'if' } {0 1000 {21738 0 0} expected ':', got 'if' } {0 1000 {21738 0 0} expected type expression, got 'if' } {0 1000 {21738 0 0} expected ',', got 'if' } {0 1000 {21746 0 0} expected ':', got '.' } {0 1000 {21746 0 0} expected type expression, got '.' } {0 1000 {21746 0 0} expected ',', got '.' } {0 1000 {21746 0 0} expected identifier, got '.' } {0 1000 {21746 0 0} expected ':', got '.' } {0 1000 {21746 0 0} expected type expression, got '.' } {0 1000 {21746 0 0} expected ',', got '.' } {0 1000 {21762 0 0} expected ':', got '.' } {0 1000 {21762 0 0} expected type expression, got '.' } {0 1000 {21762 0 0} expected ',', got '.' } {0 1000 {21762 0 0} expected identifier, got '.' } {0 1000 {21762 0 0} expected ':', got '.' } {0 1000 {21762 0 0} expected type expression, got '.' } {0 1000 {21762 0 0} expected ',', got '.' } {0 1000 {21768 0 0} expected ':', got '!=' } {0 1000 {21768 0 0} expected type expression, got '!=' } {0 1000 {21768 0 0} expected ',', got '!=' } {0 1000 {21768 0 0} expected identifier, got '!=' } {0 1000 {21768 0 0} expected ':', got '!=' } {0 1000 {21768 0 0} expected type expression, got '!=' } {0 1000 {21768 0 0} expected ',', got '!=' } {0 1000 {21776 0 0} expected ':', got 'as' } {0 1000 {21776 0 0} expected type expression, got 'as' } {0 1000 {21776 0 0} expected ',', got 'as' } {0 1000 {21776 0 0} expected identifier, got 'as' } {0 1000 {21776 0 0} expected ':', got 'as' } {0 1000 {21776 0 0} expected type expression, got 'as' } {0 1000 {21776 0 0} expected ',', got 'as' } {0 1000 {21782 0 0} expected ':', got '[' } {0 1000 {21787 0 0} expected ',', got ':' } {0 1000 {21787 0 0} expected identifier, got ':' } {0 1000 {21788 0 0} expected type expression, got INDENT } {0 1000 {21788 0 0} expected ',', got INDENT } {0 1000 {21788 0 0} expected identifier, got INDENT } {0 1000 {21788 0 0} expected ':', got INDENT } {0 1000 {21788 0 0} expected type expression, got INDENT } {0 1000 {21788 0 0} expected ',', got INDENT } {0 1000 {21797 0 0} expected identifier, got ERROR } {0 1000 {21797 0 0} expected ':', got ERROR } {0 1000 {21797 0 0} expected type expression, got ERROR } {0 1000 {21797 0 0} expected ',', got ERROR } {0 1000 {21802 0 0} expected ':', got '(' } {0 1000 {21802 0 0} expected type expression, got '(' } {0 1000 {21802 0 0} expected ',', got '(' } {0 1000 {21802 0 0} expected identifier, got '(' } {0 1000 {21802 0 0} expected ':', got '(' } {0 1000 {21802 0 0} expected type expression, got '(' } {0 1000 {21802 0 0} expected ',', got '(' } {0 1000 {21808 0 0} expected ':', got '.' } {0 1000 {21808 0 0} expected type expression, got '.' } {0 1000 {21808 0 0} expected ',', got '.' } {0 1000 {21808 0 0} expected identifier, got '.' } {0 1000 {21808 0 0} expected ':', got '.' } {0 1000 {21808 0 0} expected type expression, got '.' } {0 1000 {21808 0 0} expected ',', got '.' } {0 1000 {21824 0 0} expected ':', got '.' } {0 1000 {21824 0 0} expected type expression, got '.' } {0 1000 {21824 0 0} expected ',', got '.' } {0 1000 {21824 0 0} expected identifier, got '.' } {0 1000 {21824 0 0} expected ':', got '.' } {0 1000 {21824 0 0} expected type expression, got '.' } {0 1000 {21824 0 0} expected ',', got '.' } {0 1000 {21830 0 0} expected ':', got 'as' } {0 1000 {21830 0 0} expected type expression, got 'as' } {0 1000 {21830 0 0} expected ',', got 'as' } {0 1000 {21830 0 0} expected identifier, got 'as' } {0 1000 {21830 0 0} expected ':', got 'as' } {0 1000 {21830 0 0} expected type expression, got 'as' } {0 1000 {21830 0 0} expected ',', got 'as' } {0 1000 {21836 0 0} expected ':', got '[' } {0 1000 {21840 0 0} expected ',', got ')' } {0 1000 {21840 0 0} expected identifier, got ')' } {0 1000 {21840 0 0} expected ':', got ')' } {0 1000 {21840 0 0} expected type expression, got ')' } {0 1000 {21840 0 0} expected ',', got ')' } {0 1000 {21841 0 0} expected identifier, got DEDENT } {0 1000 {21841 0 0} expected ':', got DEDENT } {0 1000 {21841 0 0} expected type expression, got DEDENT } {0 1000 {21841 0 0} expected ',', got DEDENT } {0 1000 {21847 0 0} expected identifier, got 'return' } {0 1000 {21847 0 0} expected ':', got 'return' } {0 1000 {21847 0 0} expected type expression, got 'return' } {0 1000 {21847 0 0} expected ',', got 'return' } {0 1000 {21854 0 0} expected identifier, got integer literal } {0 1000 {21854 0 0} expected ':', got integer literal } {0 1000 {21854 0 0} expected type expression, got integer literal } {0 1000 {21854 0 0} expected ',', got integer literal } {0 1000 {21856 0 0} expected identifier, got DEDENT } {0 1000 {21856 0 0} expected ':', got DEDENT } {0 1000 {21856 0 0} expected type expression, got DEDENT } {0 1000 {21856 0 0} expected ',', got DEDENT } {0 1000 {21856 0 0} expected '|', got EOF } {0 1000 {21856 0 0} expected expression, got EOF }]
--- FAIL: TestStage1LexerCorpus (0.05s)
FAIL
FAIL	github.com/axiom-lang/axiom/tests/codegen	0.515s
FAIL
