=== RUN   TestAxiomSync
[COMPILER] Lexing...
[COMPILER] Parsing...
[COMPILER] Semantic Analysis: Name Resolution...
[COMPILER] Semantic Analysis: Type Inference...
[DEBUG] StructDecl typeID=93 append field NameID=38 TypeID=61
[DEBUG] StructDecl typeID=94 append field NameID=38 TypeID=62
[DEBUG] StructDecl typeID=104 append field NameID=38 TypeID=11
[DEBUG] Inference NodeGenericType (User-Defined): base='Atomic' typeArgs=[bool] instTypeID=104
[DEBUG] StructDecl typeID=94 append field NameID=40 TypeID=104
[DEBUG] Inference NodeGenericType (User-Defined Generic Template Ref): base='Mutex' typeArgs=[type] instTypeID=105
[DEBUG] Inference NodeGenericType: base='ptr' argNodeIdx=545 innerTypeID=105 resultType=106
[DEBUG] StructDecl typeID=95 append field NameID=42 TypeID=106
[DEBUG] StructDecl typeID=96 append field NameID=38 TypeID=64
[DEBUG] StructDecl typeID=107 append field NameID=38 TypeID=3
[DEBUG] Inference NodeGenericType (User-Defined): base='Atomic' typeArgs=[i32] instTypeID=107
[DEBUG] StructDecl typeID=96 append field NameID=45 TypeID=107
[DEBUG] Inference NodeGenericType (User-Defined): base='Atomic' typeArgs=[bool] instTypeID=104
[DEBUG] StructDecl typeID=96 append field NameID=47 TypeID=104
[DEBUG] Inference NodeGenericType (User-Defined Generic Template Ref): base='RwLock' typeArgs=[type] instTypeID=108
[DEBUG] Inference NodeGenericType: base='ptr' argNodeIdx=567 innerTypeID=108 resultType=109
[DEBUG] StructDecl typeID=97 append field NameID=49 TypeID=109
[DEBUG] Inference NodeGenericType (User-Defined Generic Template Ref): base='RwLock' typeArgs=[type] instTypeID=110
[DEBUG] Inference NodeGenericType: base='ptr' argNodeIdx=576 innerTypeID=110 resultType=111
[DEBUG] StructDecl typeID=98 append field NameID=49 TypeID=111
[DEBUG] StructDecl typeID=99 append field NameID=52 TypeID=4
[DEBUG] StructDecl typeID=100 append field NameID=52 TypeID=4
[DEBUG] Inference NodeGenericType (User-Defined Generic Template Ref): base='Sender' typeArgs=[type] instTypeID=112
[DEBUG] StructDecl typeID=101 append field NameID=56 TypeID=112
[DEBUG] Inference NodeGenericType (User-Defined Generic Template Ref): base='Receiver' typeArgs=[type] instTypeID=113
[DEBUG] StructDecl typeID=101 append field NameID=57 TypeID=113
[DEBUG] StructDecl typeID=104 append field NameID=38 TypeID=11
[DEBUG] StructDecl typeID=107 append field NameID=38 TypeID=3
[DEBUG] Inference NodeGenericType (User-Defined Generic Template Ref): base='Option' typeArgs=[type] instTypeID=114
[DEBUG] Inference NodeGenericType (User-Defined Generic Template Ref): base='Option' typeArgs=[type] instTypeID=116
[DEBUG] Inference NodeGenericType (User-Defined Generic Template Ref): base='Option' typeArgs=[type] instTypeID=118
[DEBUG] Inference NodeGenericType (User-Defined Generic Template Ref): base='Option' typeArgs=[type] instTypeID=120
[DEBUG] Inference NodeGenericType (User-Defined Generic Template Ref): base='Option' typeArgs=[type] instTypeID=122
[DEBUG] Inference NodeGenericType (User-Defined Generic Template Ref): base='Option' typeArgs=[type] instTypeID=124
[DEBUG] Inference NodeGenericType (User-Defined Generic Template Ref): base='Option' typeArgs=[type] instTypeID=125
[DEBUG] Inference NodeGenericType (User-Defined Generic Template Ref): base='Option' typeArgs=[type] instTypeID=127
[DEBUG] Inference NodeGenericType (User-Defined Generic Template Ref): base='Option' typeArgs=[type] instTypeID=128
[DEBUG] Inference NodeGenericType (User-Defined Generic Template Ref): base='Option' typeArgs=[type] instTypeID=128
[DEBUG] Inference NodeGenericType (User-Defined Generic Template Ref): base='Option' typeArgs=[type] instTypeID=130
[DEBUG] Inference NodeGenericType (User-Defined Generic Template Ref): base='Result' typeArgs=[type type] instTypeID=131
[DEBUG] Inference NodeGenericType (User-Defined Generic Template Ref): base='Option' typeArgs=[type] instTypeID=133
[DEBUG] Inference NodeGenericType (User-Defined Generic Template Ref): base='Option' typeArgs=[type] instTypeID=133
[DEBUG] Inference NodeGenericType (User-Defined Generic Template Ref): base='Option' typeArgs=[type] instTypeID=135
[DEBUG] Inference NodeGenericType (User-Defined Generic Template Ref): base='Option' typeArgs=[type] instTypeID=135
[DEBUG] Inference NodeGenericType (User-Defined Generic Template Ref): base='Option' typeArgs=[type] instTypeID=135
[DEBUG] Inference NodeGenericType (User-Defined Generic Template Ref): base='Result' typeArgs=[type type] instTypeID=137
[DEBUG] Inference NodeGenericType (User-Defined Generic Template Ref): base='Result' typeArgs=[type type] instTypeID=139
[DEBUG] Inference NodeGenericType (User-Defined Generic Template Ref): base='Result' typeArgs=[type type] instTypeID=141
[DEBUG] Inference NodeGenericType (User-Defined Generic Template Ref): base='Result' typeArgs=[type type] instTypeID=143
[DEBUG] Inference NodeGenericType (User-Defined Generic Template Ref): base='Result' typeArgs=[type type] instTypeID=145
[DEBUG] Inference NodeGenericType (User-Defined Generic Template Ref): base='Result' typeArgs=[type type] instTypeID=147
[DEBUG] Inference NodeGenericType (User-Defined Generic Template Ref): base='Result' typeArgs=[type type] instTypeID=148
[DEBUG] Inference NodeGenericType (User-Defined Generic Template Ref): base='Result' typeArgs=[type type] instTypeID=150
[DEBUG] Inference NodeGenericType (User-Defined Generic Template Ref): base='Result' typeArgs=[type type] instTypeID=151
[DEBUG] Inference NodeGenericType (User-Defined Generic Template Ref): base='Result' typeArgs=[type type] instTypeID=153
[DEBUG] Inference NodeGenericType (User-Defined Generic Template Ref): base='Result' typeArgs=[type type] instTypeID=154
[DEBUG] Inference NodeGenericType (User-Defined Generic Template Ref): base='Result' typeArgs=[type type] instTypeID=154
[DEBUG] Inference NodeGenericType (User-Defined Generic Template Ref): base='Result' typeArgs=[type type] instTypeID=156
[DEBUG] Inference NodeGenericType (User-Defined Generic Template Ref): base='Option' typeArgs=[type] instTypeID=157
[DEBUG] Inference NodeGenericType (User-Defined Generic Template Ref): base='Result' typeArgs=[type type] instTypeID=159
[DEBUG] Inference NodeGenericType (User-Defined Generic Template Ref): base='Option' typeArgs=[type] instTypeID=160
[DEBUG] Inference NodeGenericType (User-Defined Generic Template Ref): base='Atomic' typeArgs=[type] instTypeID=162
[DEBUG] Inference NodeGenericType (User-Defined Generic Template Ref): base='Atomic' typeArgs=[type] instTypeID=164
[DEBUG] Inference NodeGenericType: base='ptr' argNodeIdx=622 innerTypeID=164 resultType=165
[DEBUG] Inference NodeGenericType (User-Defined Generic Template Ref): base='Atomic' typeArgs=[type] instTypeID=167
[DEBUG] Inference NodeGenericType: base='ptr' argNodeIdx=641 innerTypeID=167 resultType=168
[DEBUG] Inference NodeGenericType (User-Defined Generic Template Ref): base='Atomic' typeArgs=[type] instTypeID=170
[DEBUG] Inference NodeGenericType: base='ptr' argNodeIdx=661 innerTypeID=170 resultType=171
[DEBUG] Inference NodeGenericType (User-Defined Generic Template Ref): base='Atomic' typeArgs=[type] instTypeID=173
[DEBUG] Inference NodeGenericType: base='ptr' argNodeIdx=683 innerTypeID=173 resultType=174
[DEBUG] Inference NodeGenericType (User-Defined Generic Template Ref): base='Mutex' typeArgs=[type] instTypeID=176
[DEBUG] Inference NodeGenericType (User-Defined Generic Template Ref): base='Mutex' typeArgs=[type] instTypeID=178
[DEBUG] Inference NodeGenericType: base='ptr' argNodeIdx=730 innerTypeID=178 resultType=179
[DEBUG] Inference NodeGenericType (User-Defined Generic Template Ref): base='MutexGuard' typeArgs=[type] instTypeID=180
[DEBUG] Inference NodeGenericType (User-Defined Generic Template Ref): base='Mutex' typeArgs=[type] instTypeID=182
[DEBUG] Inference NodeGenericType: base='ptr' argNodeIdx=763 innerTypeID=182 resultType=183
[DEBUG] Inference NodeGenericType (User-Defined Generic Template Ref): base='MutexGuard' typeArgs=[type] instTypeID=184
[DEBUG] Inference NodeGenericType (User-Defined Generic Template Ref): base='Option' typeArgs=[type] instTypeID=185
[DEBUG] Inference NodeGenericType (User-Defined Generic Template Ref): base='MutexGuard' typeArgs=[type] instTypeID=187
[DEBUG] Inference NodeGenericType (User-Defined Generic Template Ref): base='MutexGuard' typeArgs=[type] instTypeID=189
[DEBUG] Inference NodeGenericType (User-Defined Generic Template Ref): base='MutexGuard' typeArgs=[type] instTypeID=191
[DEBUG] Inference NodeGenericType (User-Defined Generic Template Ref): base='RwLock' typeArgs=[type] instTypeID=193
[DEBUG] Inference NodeGenericType (User-Defined Generic Template Ref): base='RwLock' typeArgs=[type] instTypeID=195
[DEBUG] Inference NodeGenericType: base='ptr' argNodeIdx=878 innerTypeID=195 resultType=196
[DEBUG] Inference NodeGenericType (User-Defined Generic Template Ref): base='ReadGuard' typeArgs=[type] instTypeID=197
[DEBUG] Inference NodeGenericType (User-Defined Generic Template Ref): base='RwLock' typeArgs=[type] instTypeID=199
[DEBUG] Inference NodeGenericType: base='ptr' argNodeIdx=922 innerTypeID=199 resultType=200
[DEBUG] Inference NodeGenericType (User-Defined Generic Template Ref): base='WriteGuard' typeArgs=[type] instTypeID=201
[DEBUG] Inference NodeGenericType (User-Defined Generic Template Ref): base='ReadGuard' typeArgs=[type] instTypeID=203
[DEBUG] Inference NodeGenericType (User-Defined Generic Template Ref): base='ReadGuard' typeArgs=[type] instTypeID=205
[DEBUG] Inference NodeGenericType (User-Defined Generic Template Ref): base='WriteGuard' typeArgs=[type] instTypeID=207
[DEBUG] Inference NodeGenericType (User-Defined Generic Template Ref): base='WriteGuard' typeArgs=[type] instTypeID=209
[DEBUG] Inference NodeGenericType (User-Defined Generic Template Ref): base='WriteGuard' typeArgs=[type] instTypeID=211
[DEBUG] Inference NodeGenericType (User-Defined Generic Template Ref): base='Channel' typeArgs=[type] instTypeID=213
[DEBUG] Inference NodeGenericType (User-Defined Generic Template Ref): base='Sender' typeArgs=[type] instTypeID=215
[DEBUG] Inference NodeGenericType (User-Defined): base='Result' typeArgs=[void string] instTypeID=216
[DEBUG] Inference NodeGenericType (User-Defined Generic Template Ref): base='Receiver' typeArgs=[type] instTypeID=218
[DEBUG] Inference NodeGenericType (User-Defined Generic Template Ref): base='Result' typeArgs=[type string] instTypeID=219
[DEBUG] Inference NodeGenericType (User-Defined Generic Template Ref): base='Receiver' typeArgs=[type] instTypeID=221
[DEBUG] Inference NodeGenericType (User-Defined Generic Template Ref): base='Option' typeArgs=[type] instTypeID=222
[DEBUG-FIELD] FieldExpr nodeIdx=47 objType=116 fieldNameID=9
[DEBUG-FIELD] objType resolved to entry.Kind=6 structType=102 NameID=1 genericArgs=[type]
[DEBUG] getMethodsOfStruct called for struct 102
  [DEBUG] SymFunc idx=38 NameID=9 TypeID=115
  [DEBUG] SymFunc idx=41 NameID=12 TypeID=117
  [DEBUG] SymFunc idx=44 NameID=13 TypeID=119
  [DEBUG] SymFunc idx=48 NameID=16 TypeID=121
  [DEBUG] SymFunc idx=53 NameID=18 TypeID=123
  [DEBUG] SymFunc idx=58 NameID=21 TypeID=126
  [DEBUG] SymFunc idx=64 NameID=24 TypeID=129
  [DEBUG] SymFunc idx=70 NameID=25 TypeID=132
  [DEBUG] SymFunc idx=76 NameID=27 TypeID=134
  [DEBUG] SymFunc idx=81 NameID=29 TypeID=136
  [DEBUG] SymFunc idx=85 NameID=31 TypeID=138
  [DEBUG] SymFunc idx=89 NameID=32 TypeID=140
  [DEBUG] SymFunc idx=93 NameID=13 TypeID=142
  [DEBUG] SymFunc idx=98 NameID=16 TypeID=144
  [DEBUG] SymFunc idx=104 NameID=18 TypeID=146
  [DEBUG] SymFunc idx=110 NameID=21 TypeID=149
  [DEBUG] SymFunc idx=118 NameID=34 TypeID=152
  [DEBUG] SymFunc idx=126 NameID=24 TypeID=155
  [DEBUG] SymFunc idx=134 NameID=36 TypeID=158
  [DEBUG] SymFunc idx=139 NameID=26 TypeID=161
  [DEBUG] SymFunc idx=175 NameID=58 TypeID=163
  [DEBUG] SymFunc idx=178 NameID=59 TypeID=166
  [DEBUG] SymFunc idx=181 NameID=61 TypeID=169
  [DEBUG] SymFunc idx=185 NameID=62 TypeID=172
  [DEBUG] SymFunc idx=189 NameID=63 TypeID=175
  [DEBUG] SymFunc idx=194 NameID=66 TypeID=177
  [DEBUG] SymFunc idx=197 NameID=49 TypeID=181
  [DEBUG] SymFunc idx=201 NameID=68 TypeID=186
  [DEBUG] SymFunc idx=204 NameID=69 TypeID=188
  [DEBUG] SymFunc idx=207 NameID=70 TypeID=190
  [DEBUG] SymFunc idx=211 NameID=71 TypeID=192
  [DEBUG] SymFunc idx=214 NameID=72 TypeID=194
  [DEBUG] SymFunc idx=217 NameID=73 TypeID=198
  [DEBUG] SymFunc idx=221 NameID=74 TypeID=202
  [DEBUG] SymFunc idx=226 NameID=69 TypeID=204
  [DEBUG] SymFunc idx=229 NameID=71 TypeID=206
  [DEBUG] SymFunc idx=233 NameID=69 TypeID=208
  [DEBUG] SymFunc idx=236 NameID=70 TypeID=210
  [DEBUG] SymFunc idx=240 NameID=71 TypeID=212
  [DEBUG] SymFunc idx=243 NameID=76 TypeID=214
  [DEBUG] SymFunc idx=245 NameID=77 TypeID=217
  [DEBUG] SymFunc idx=249 NameID=79 TypeID=220
  [DEBUG] SymFunc idx=252 NameID=80 TypeID=223
  [DEBUG] SymFunc idx=255 NameID=81 TypeID=224
  [DEBUG] SymFunc idx=257 NameID=83 TypeID=225
  [DEBUG] SymFunc idx=260 NameID=86 TypeID=226
  [DEBUG] SymFunc idx=265 NameID=92 TypeID=227
  [DEBUG] SymFunc idx=270 NameID=97 TypeID=228
  [DEBUG] SymFunc idx=275 NameID=102 TypeID=229
[DEBUG] Inference NodeUnaryExpr: op=2 operandType=11
[DEBUG] Inference NodeUnaryExpr resultType=11
[DEBUG] Inference NodeGenericType (User-Defined Generic Template Ref): base='Option' typeArgs=[type] instTypeID=125
[DEBUG] Inference NodeGenericType (User-Defined Generic Template Ref): base='Option' typeArgs=[type] instTypeID=128
[DEBUG] Inference NodeGenericType (User-Defined Generic Template Ref): base='Result' typeArgs=[type type] instTypeID=131
[DEBUG] Inference NodeGenericType (User-Defined Generic Template Ref): base='Option' typeArgs=[type] instTypeID=133
[DEBUG] Inference NodeGenericType (User-Defined Generic Template Ref): base='Option' typeArgs=[type] instTypeID=135
[DEBUG-FIELD] FieldExpr nodeIdx=294 objType=139 fieldNameID=31
[DEBUG-FIELD] objType resolved to entry.Kind=6 structType=103 NameID=5 genericArgs=[type type]
[DEBUG] getMethodsOfStruct called for struct 103
  [DEBUG] SymFunc idx=38 NameID=9 TypeID=115
  [DEBUG] SymFunc idx=41 NameID=12 TypeID=117
  [DEBUG] SymFunc idx=44 NameID=13 TypeID=119
  [DEBUG] SymFunc idx=48 NameID=16 TypeID=121
  [DEBUG] SymFunc idx=53 NameID=18 TypeID=123
  [DEBUG] SymFunc idx=58 NameID=21 TypeID=126
  [DEBUG] SymFunc idx=64 NameID=24 TypeID=129
  [DEBUG] SymFunc idx=70 NameID=25 TypeID=132
  [DEBUG] SymFunc idx=76 NameID=27 TypeID=134
  [DEBUG] SymFunc idx=81 NameID=29 TypeID=136
  [DEBUG] SymFunc idx=85 NameID=31 TypeID=138
  [DEBUG] SymFunc idx=89 NameID=32 TypeID=140
  [DEBUG] SymFunc idx=93 NameID=13 TypeID=142
  [DEBUG] SymFunc idx=98 NameID=16 TypeID=144
  [DEBUG] SymFunc idx=104 NameID=18 TypeID=146
  [DEBUG] SymFunc idx=110 NameID=21 TypeID=149
  [DEBUG] SymFunc idx=118 NameID=34 TypeID=152
  [DEBUG] SymFunc idx=126 NameID=24 TypeID=155
  [DEBUG] SymFunc idx=134 NameID=36 TypeID=158
  [DEBUG] SymFunc idx=139 NameID=26 TypeID=161
  [DEBUG] SymFunc idx=175 NameID=58 TypeID=163
  [DEBUG] SymFunc idx=178 NameID=59 TypeID=166
  [DEBUG] SymFunc idx=181 NameID=61 TypeID=169
  [DEBUG] SymFunc idx=185 NameID=62 TypeID=172
  [DEBUG] SymFunc idx=189 NameID=63 TypeID=175
  [DEBUG] SymFunc idx=194 NameID=66 TypeID=177
  [DEBUG] SymFunc idx=197 NameID=49 TypeID=181
  [DEBUG] SymFunc idx=201 NameID=68 TypeID=186
  [DEBUG] SymFunc idx=204 NameID=69 TypeID=188
  [DEBUG] SymFunc idx=207 NameID=70 TypeID=190
  [DEBUG] SymFunc idx=211 NameID=71 TypeID=192
  [DEBUG] SymFunc idx=214 NameID=72 TypeID=194
  [DEBUG] SymFunc idx=217 NameID=73 TypeID=198
  [DEBUG] SymFunc idx=221 NameID=74 TypeID=202
  [DEBUG] SymFunc idx=226 NameID=69 TypeID=204
  [DEBUG] SymFunc idx=229 NameID=71 TypeID=206
  [DEBUG] SymFunc idx=233 NameID=69 TypeID=208
  [DEBUG] SymFunc idx=236 NameID=70 TypeID=210
  [DEBUG] SymFunc idx=240 NameID=71 TypeID=212
  [DEBUG] SymFunc idx=243 NameID=76 TypeID=214
  [DEBUG] SymFunc idx=245 NameID=77 TypeID=217
  [DEBUG] SymFunc idx=249 NameID=79 TypeID=220
  [DEBUG] SymFunc idx=252 NameID=80 TypeID=223
  [DEBUG] SymFunc idx=255 NameID=81 TypeID=224
  [DEBUG] SymFunc idx=257 NameID=83 TypeID=225
  [DEBUG] SymFunc idx=260 NameID=86 TypeID=226
  [DEBUG] SymFunc idx=265 NameID=92 TypeID=227
  [DEBUG] SymFunc idx=270 NameID=97 TypeID=228
  [DEBUG] SymFunc idx=275 NameID=102 TypeID=229
[DEBUG] Inference NodeUnaryExpr: op=2 operandType=11
[DEBUG] Inference NodeUnaryExpr resultType=11
[DEBUG] Inference NodeGenericType (User-Defined Generic Template Ref): base='Result' typeArgs=[type type] instTypeID=148
[DEBUG] Inference NodeGenericType (User-Defined Generic Template Ref): base='Result' typeArgs=[type type] instTypeID=151
[DEBUG] Inference NodeGenericType (User-Defined Generic Template Ref): base='Result' typeArgs=[type type] instTypeID=154
[DEBUG] Inference NodeGenericType (User-Defined Generic Template Ref): base='Option' typeArgs=[type] instTypeID=157
[DEBUG] Inference NodeGenericType (User-Defined Generic Template Ref): base='Option' typeArgs=[type] instTypeID=160
[DEBUG] Inference NodeGenericType (User-Defined Generic Template Ref): base='Atomic' typeArgs=[type] instTypeID=162
[DEBUG-INDEX] Instantiating generic collection: collectionName=Atomic typeArgs=[type] (hasGenericParam=true)
[DEBUG-FIELD] FieldExpr nodeIdx=632 objType=165 fieldNameID=38
[DEBUG-FIELD] objType resolved to entry.Kind=1 structType=93 NameID=37 genericArgs=[type]
[DEBUG-FIELD] struct fields count=1 genericParams=[61]
[DEBUG-FIELD]   checking field NameID=38 field.TypeID=61
[DEBUG-FIELD]   found field fieldType=61 resultType=71
[DEBUG] Inference NodeUnaryExpr: op=4 operandType=71
[DEBUG] Inference NodeUnaryExpr resultType=232
[DEBUG-FIELD] FieldExpr nodeIdx=651 objType=168 fieldNameID=38
[DEBUG-FIELD] objType resolved to entry.Kind=1 structType=93 NameID=37 genericArgs=[type]
[DEBUG-FIELD] struct fields count=1 genericParams=[61]
[DEBUG-FIELD]   checking field NameID=38 field.TypeID=61
[DEBUG-FIELD]   found field fieldType=61 resultType=72
[DEBUG] Inference NodeUnaryExpr: op=4 operandType=72
[DEBUG] Inference NodeUnaryExpr resultType=233
[DEBUG-FIELD] FieldExpr nodeIdx=673 objType=171 fieldNameID=38
[DEBUG-FIELD] objType resolved to entry.Kind=1 structType=93 NameID=37 genericArgs=[type]
[DEBUG-FIELD] struct fields count=1 genericParams=[61]
[DEBUG-FIELD]   checking field NameID=38 field.TypeID=61
[DEBUG-FIELD]   found field fieldType=61 resultType=73
[DEBUG] Inference NodeUnaryExpr: op=4 operandType=73
[DEBUG] Inference NodeUnaryExpr resultType=234
[DEBUG-FIELD] FieldExpr nodeIdx=697 objType=174 fieldNameID=38
[DEBUG-FIELD] objType resolved to entry.Kind=1 structType=93 NameID=37 genericArgs=[type]
[DEBUG-FIELD] struct fields count=1 genericParams=[61]
[DEBUG-FIELD]   checking field NameID=38 field.TypeID=61
[DEBUG-FIELD]   found field fieldType=61 resultType=74
[DEBUG] Inference NodeUnaryExpr: op=4 operandType=74
[DEBUG] Inference NodeUnaryExpr resultType=235
[DEBUG] Inference NodeGenericType (User-Defined Generic Template Ref): base='Mutex' typeArgs=[type] instTypeID=176
[DEBUG-INDEX] Instantiating generic collection: collectionName=Mutex typeArgs=[type] (hasGenericParam=true)
[DEBUG-INDEX] Instantiating generic collection: collectionName=atomic_new typeArgs=[bool] (hasGenericParam=false)
[DEBUG] Inference NodeGenericType (User-Defined): base='Atomic' typeArgs=[bool] instTypeID=104
[DEBUG] Inference NodeGenericType (User-Defined): base='Atomic' typeArgs=[bool] instTypeID=104
[DEBUG-INDEX] Instantiating generic collection: collectionName=Atomic typeArgs=[bool] (hasGenericParam=false)
[DEBUG] Inference NodeGenericType (User-Defined Generic Template Ref): base='MutexGuard' typeArgs=[type] instTypeID=180
[DEBUG-FIELD] FieldExpr nodeIdx=739 objType=179 fieldNameID=40
[DEBUG-FIELD] objType resolved to entry.Kind=1 structType=94 NameID=39 genericArgs=[type]
[DEBUG-FIELD] struct fields count=2 genericParams=[62]
[DEBUG-FIELD]   checking field NameID=38 field.TypeID=62
[DEBUG-FIELD]   checking field NameID=40 field.TypeID=104
[DEBUG-FIELD]   found field fieldType=104 resultType=104
[DEBUG-FIELD] FieldExpr nodeIdx=741 objType=104 fieldNameID=63
[DEBUG-FIELD] objType resolved to entry.Kind=1 structType=104 NameID=153 genericArgs=[]
[DEBUG-FIELD] struct fields count=1 genericParams=[]
[DEBUG-FIELD]   checking field NameID=38 field.TypeID=11
[DEBUG] getMethodsOfStruct called for struct 104
  [DEBUG] SymFunc idx=38 NameID=9 TypeID=115
  [DEBUG] SymFunc idx=41 NameID=12 TypeID=117
  [DEBUG] SymFunc idx=44 NameID=13 TypeID=119
  [DEBUG] SymFunc idx=48 NameID=16 TypeID=121
  [DEBUG] SymFunc idx=53 NameID=18 TypeID=123
  [DEBUG] SymFunc idx=58 NameID=21 TypeID=126
  [DEBUG] SymFunc idx=64 NameID=24 TypeID=129
  [DEBUG] SymFunc idx=70 NameID=25 TypeID=132
  [DEBUG] SymFunc idx=76 NameID=27 TypeID=134
  [DEBUG] SymFunc idx=81 NameID=29 TypeID=136
  [DEBUG] SymFunc idx=85 NameID=31 TypeID=138
  [DEBUG] SymFunc idx=89 NameID=32 TypeID=140
  [DEBUG] SymFunc idx=93 NameID=13 TypeID=142
  [DEBUG] SymFunc idx=98 NameID=16 TypeID=144
  [DEBUG] SymFunc idx=104 NameID=18 TypeID=146
  [DEBUG] SymFunc idx=110 NameID=21 TypeID=149
  [DEBUG] SymFunc idx=118 NameID=34 TypeID=152
  [DEBUG] SymFunc idx=126 NameID=24 TypeID=155
  [DEBUG] SymFunc idx=134 NameID=36 TypeID=158
  [DEBUG] SymFunc idx=139 NameID=26 TypeID=161
  [DEBUG] SymFunc idx=175 NameID=58 TypeID=163
  [DEBUG] SymFunc idx=178 NameID=59 TypeID=166
  [DEBUG] SymFunc idx=181 NameID=61 TypeID=169
  [DEBUG] SymFunc idx=185 NameID=62 TypeID=172
  [DEBUG] SymFunc idx=189 NameID=63 TypeID=175
  [DEBUG] SymFunc idx=194 NameID=66 TypeID=177
  [DEBUG] SymFunc idx=197 NameID=49 TypeID=181
  [DEBUG] SymFunc idx=201 NameID=68 TypeID=186
  [DEBUG] SymFunc idx=204 NameID=69 TypeID=188
  [DEBUG] SymFunc idx=207 NameID=70 TypeID=190
  [DEBUG] SymFunc idx=211 NameID=71 TypeID=192
  [DEBUG] SymFunc idx=214 NameID=72 TypeID=194
  [DEBUG] SymFunc idx=217 NameID=73 TypeID=198
  [DEBUG] SymFunc idx=221 NameID=74 TypeID=202
  [DEBUG] SymFunc idx=226 NameID=69 TypeID=204
  [DEBUG] SymFunc idx=229 NameID=71 TypeID=206
  [DEBUG] SymFunc idx=233 NameID=69 TypeID=208
  [DEBUG] SymFunc idx=236 NameID=70 TypeID=210
  [DEBUG] SymFunc idx=240 NameID=71 TypeID=212
  [DEBUG] SymFunc idx=243 NameID=76 TypeID=214
  [DEBUG] SymFunc idx=245 NameID=77 TypeID=217
  [DEBUG] SymFunc idx=249 NameID=79 TypeID=220
  [DEBUG] SymFunc idx=252 NameID=80 TypeID=223
  [DEBUG] SymFunc idx=255 NameID=81 TypeID=224
  [DEBUG] SymFunc idx=257 NameID=83 TypeID=225
  [DEBUG] SymFunc idx=260 NameID=86 TypeID=226
  [DEBUG] SymFunc idx=265 NameID=92 TypeID=227
  [DEBUG] SymFunc idx=270 NameID=97 TypeID=228
  [DEBUG] SymFunc idx=275 NameID=102 TypeID=229
  [DEBUG] SymFunc idx=283 NameID=156 TypeID=236
[DEBUG-OVERLOAD] methodName=compare_and_swap baseName=Atomic recParam=173 kind=8 nameID=37 recStructName=Atomic
[DEBUG] Instantiating generic method template: compare_and_swap for typeArgs [bool]. structName=_AX_std_Atomic_bool
[DEBUG] Inference NodeGenericType (User-Defined): base='Atomic' typeArgs=[bool] instTypeID=104
[DEBUG] Inference NodeGenericType: base='ptr' argNodeIdx=1434 innerTypeID=104 resultType=237
[DEBUG-FIELD] FieldExpr nodeIdx=1448 objType=237 fieldNameID=38
[DEBUG-FIELD] objType resolved to entry.Kind=1 structType=104 NameID=153 genericArgs=[]
[DEBUG-FIELD] struct fields count=1 genericParams=[]
[DEBUG-FIELD]   checking field NameID=38 field.TypeID=11
[DEBUG-FIELD]   found field fieldType=11 resultType=11
[DEBUG] Inference NodeUnaryExpr: op=4 operandType=11
[DEBUG] Inference NodeUnaryExpr resultType=239
[DEBUG] Instantiated method compare_and_swap: instSymIdx=285, errs=[]
[DEBUG] getMethodsOfStruct called for struct 104
  [DEBUG] SymFunc idx=38 NameID=9 TypeID=115
  [DEBUG] SymFunc idx=41 NameID=12 TypeID=117
  [DEBUG] SymFunc idx=44 NameID=13 TypeID=119
  [DEBUG] SymFunc idx=48 NameID=16 TypeID=121
  [DEBUG] SymFunc idx=53 NameID=18 TypeID=123
  [DEBUG] SymFunc idx=58 NameID=21 TypeID=126
  [DEBUG] SymFunc idx=64 NameID=24 TypeID=129
  [DEBUG] SymFunc idx=70 NameID=25 TypeID=132
  [DEBUG] SymFunc idx=76 NameID=27 TypeID=134
  [DEBUG] SymFunc idx=81 NameID=29 TypeID=136
  [DEBUG] SymFunc idx=85 NameID=31 TypeID=138
  [DEBUG] SymFunc idx=89 NameID=32 TypeID=140
  [DEBUG] SymFunc idx=93 NameID=13 TypeID=142
  [DEBUG] SymFunc idx=98 NameID=16 TypeID=144
  [DEBUG] SymFunc idx=104 NameID=18 TypeID=146
  [DEBUG] SymFunc idx=110 NameID=21 TypeID=149
  [DEBUG] SymFunc idx=118 NameID=34 TypeID=152
  [DEBUG] SymFunc idx=126 NameID=24 TypeID=155
  [DEBUG] SymFunc idx=134 NameID=36 TypeID=158
  [DEBUG] SymFunc idx=139 NameID=26 TypeID=161
  [DEBUG] SymFunc idx=175 NameID=58 TypeID=163
  [DEBUG] SymFunc idx=178 NameID=59 TypeID=166
  [DEBUG] SymFunc idx=181 NameID=61 TypeID=169
  [DEBUG] SymFunc idx=185 NameID=62 TypeID=172
  [DEBUG] SymFunc idx=189 NameID=63 TypeID=175
  [DEBUG] SymFunc idx=194 NameID=66 TypeID=177
  [DEBUG] SymFunc idx=197 NameID=49 TypeID=181
  [DEBUG] SymFunc idx=201 NameID=68 TypeID=186
  [DEBUG] SymFunc idx=204 NameID=69 TypeID=188
  [DEBUG] SymFunc idx=207 NameID=70 TypeID=190
  [DEBUG] SymFunc idx=211 NameID=71 TypeID=192
  [DEBUG] SymFunc idx=214 NameID=72 TypeID=194
  [DEBUG] SymFunc idx=217 NameID=73 TypeID=198
  [DEBUG] SymFunc idx=221 NameID=74 TypeID=202
  [DEBUG] SymFunc idx=226 NameID=69 TypeID=204
  [DEBUG] SymFunc idx=229 NameID=71 TypeID=206
  [DEBUG] SymFunc idx=233 NameID=69 TypeID=208
  [DEBUG] SymFunc idx=236 NameID=70 TypeID=210
  [DEBUG] SymFunc idx=240 NameID=71 TypeID=212
  [DEBUG] SymFunc idx=243 NameID=76 TypeID=214
  [DEBUG] SymFunc idx=245 NameID=77 TypeID=217
  [DEBUG] SymFunc idx=249 NameID=79 TypeID=220
  [DEBUG] SymFunc idx=252 NameID=80 TypeID=223
  [DEBUG] SymFunc idx=255 NameID=81 TypeID=224
  [DEBUG] SymFunc idx=257 NameID=83 TypeID=225
  [DEBUG] SymFunc idx=260 NameID=86 TypeID=226
  [DEBUG] SymFunc idx=265 NameID=92 TypeID=227
  [DEBUG] SymFunc idx=270 NameID=97 TypeID=228
  [DEBUG] SymFunc idx=275 NameID=102 TypeID=229
  [DEBUG] SymFunc idx=283 NameID=156 TypeID=236
  [DEBUG] SymFunc idx=285 NameID=157 TypeID=238
[DEBUG] Inference NodeUnaryExpr: op=2 operandType=11
[DEBUG] Inference NodeUnaryExpr resultType=11
[DEBUG-INDEX] Instantiating generic collection: collectionName=MutexGuard typeArgs=[type] (hasGenericParam=true)
[DEBUG] Inference NodeGenericType (User-Defined Generic Template Ref): base='MutexGuard' typeArgs=[type] instTypeID=184
[DEBUG] Inference NodeGenericType (User-Defined Generic Template Ref): base='Option' typeArgs=[type] instTypeID=185
[DEBUG-FIELD] FieldExpr nodeIdx=773 objType=183 fieldNameID=40
[DEBUG-FIELD] objType resolved to entry.Kind=1 structType=94 NameID=39 genericArgs=[type]
[DEBUG-FIELD] struct fields count=2 genericParams=[62]
[DEBUG-FIELD]   checking field NameID=38 field.TypeID=62
[DEBUG-FIELD]   checking field NameID=40 field.TypeID=104
[DEBUG-FIELD]   found field fieldType=104 resultType=104
[DEBUG-FIELD] FieldExpr nodeIdx=775 objType=104 fieldNameID=63
[DEBUG-FIELD] objType resolved to entry.Kind=1 structType=104 NameID=153 genericArgs=[]
[DEBUG-FIELD] struct fields count=1 genericParams=[]
[DEBUG-FIELD]   checking field NameID=38 field.TypeID=11
[DEBUG-INDEX] Instantiating generic collection: collectionName=MutexGuard typeArgs=[type] (hasGenericParam=true)
[DEBUG-FIELD] FieldExpr nodeIdx=805 objType=187 fieldNameID=42
[DEBUG-FIELD] objType resolved to entry.Kind=1 structType=95 NameID=41 genericArgs=[type]
[DEBUG-FIELD] struct fields count=1 genericParams=[63]
[DEBUG-FIELD]   checking field NameID=42 field.TypeID=106
[DEBUG-FIELD]   found field fieldType=106 resultType=243
[DEBUG-FIELD] FieldExpr nodeIdx=807 objType=243 fieldNameID=38
[DEBUG-FIELD] objType resolved to entry.Kind=1 structType=94 NameID=39 genericArgs=[type]
[DEBUG-FIELD] struct fields count=2 genericParams=[62]
[DEBUG-FIELD]   checking field NameID=38 field.TypeID=62
[DEBUG-FIELD]   found field fieldType=62 resultType=78
[DEBUG-FIELD] FieldExpr nodeIdx=820 objType=189 fieldNameID=42
[DEBUG-FIELD] objType resolved to entry.Kind=1 structType=95 NameID=41 genericArgs=[type]
[DEBUG-FIELD] struct fields count=1 genericParams=[63]
[DEBUG-FIELD]   checking field NameID=42 field.TypeID=106
[DEBUG-FIELD]   found field fieldType=106 resultType=245
[DEBUG-FIELD] FieldExpr nodeIdx=822 objType=245 fieldNameID=38
[DEBUG-FIELD] objType resolved to entry.Kind=1 structType=94 NameID=39 genericArgs=[type]
[DEBUG-FIELD] struct fields count=2 genericParams=[62]
[DEBUG-FIELD]   checking field NameID=38 field.TypeID=62
[DEBUG-FIELD]   found field fieldType=62 resultType=79
[DEBUG-FIELD] FieldExpr nodeIdx=835 objType=191 fieldNameID=42
[DEBUG-FIELD] objType resolved to entry.Kind=1 structType=95 NameID=41 genericArgs=[type]
[DEBUG-FIELD] struct fields count=1 genericParams=[63]
[DEBUG-FIELD]   checking field NameID=42 field.TypeID=106
[DEBUG-FIELD]   found field fieldType=106 resultType=247
[DEBUG-FIELD] FieldExpr nodeIdx=837 objType=247 fieldNameID=40
[DEBUG-FIELD] objType resolved to entry.Kind=1 structType=94 NameID=39 genericArgs=[type]
[DEBUG-FIELD] struct fields count=2 genericParams=[62]
[DEBUG-FIELD]   checking field NameID=38 field.TypeID=62
[DEBUG-FIELD]   checking field NameID=40 field.TypeID=104
[DEBUG-FIELD]   found field fieldType=104 resultType=104
[DEBUG-FIELD] FieldExpr nodeIdx=839 objType=104 fieldNameID=61
[DEBUG-FIELD] objType resolved to entry.Kind=1 structType=104 NameID=153 genericArgs=[]
[DEBUG-FIELD] struct fields count=1 genericParams=[]
[DEBUG-FIELD]   checking field NameID=38 field.TypeID=11
[DEBUG-OVERLOAD] methodName=store baseName=Atomic recParam=167 kind=8 nameID=37 recStructName=Atomic
[DEBUG] Instantiating generic method template: store for typeArgs [bool]. structName=_AX_std_Atomic_bool
[DEBUG] Inference NodeGenericType (User-Defined): base='Atomic' typeArgs=[bool] instTypeID=104
[DEBUG] Inference NodeGenericType: base='ptr' argNodeIdx=1459 innerTypeID=104 resultType=237
[DEBUG-FIELD] FieldExpr nodeIdx=1469 objType=237 fieldNameID=38
[DEBUG-FIELD] objType resolved to entry.Kind=1 structType=104 NameID=153 genericArgs=[]
[DEBUG-FIELD] struct fields count=1 genericParams=[]
[DEBUG-FIELD]   checking field NameID=38 field.TypeID=11
[DEBUG-FIELD]   found field fieldType=11 resultType=11
[DEBUG] Inference NodeUnaryExpr: op=4 operandType=11
[DEBUG] Inference NodeUnaryExpr resultType=239
[DEBUG] Instantiated method store: instSymIdx=289, errs=[]
[DEBUG] getMethodsOfStruct called for struct 104
  [DEBUG] SymFunc idx=38 NameID=9 TypeID=115
  [DEBUG] SymFunc idx=41 NameID=12 TypeID=117
  [DEBUG] SymFunc idx=44 NameID=13 TypeID=119
  [DEBUG] SymFunc idx=48 NameID=16 TypeID=121
  [DEBUG] SymFunc idx=53 NameID=18 TypeID=123
  [DEBUG] SymFunc idx=58 NameID=21 TypeID=126
  [DEBUG] SymFunc idx=64 NameID=24 TypeID=129
  [DEBUG] SymFunc idx=70 NameID=25 TypeID=132
  [DEBUG] SymFunc idx=76 NameID=27 TypeID=134
  [DEBUG] SymFunc idx=81 NameID=29 TypeID=136
  [DEBUG] SymFunc idx=85 NameID=31 TypeID=138
  [DEBUG] SymFunc idx=89 NameID=32 TypeID=140
  [DEBUG] SymFunc idx=93 NameID=13 TypeID=142
  [DEBUG] SymFunc idx=98 NameID=16 TypeID=144
  [DEBUG] SymFunc idx=104 NameID=18 TypeID=146
  [DEBUG] SymFunc idx=110 NameID=21 TypeID=149
  [DEBUG] SymFunc idx=118 NameID=34 TypeID=152
  [DEBUG] SymFunc idx=126 NameID=24 TypeID=155
  [DEBUG] SymFunc idx=134 NameID=36 TypeID=158
  [DEBUG] SymFunc idx=139 NameID=26 TypeID=161
  [DEBUG] SymFunc idx=175 NameID=58 TypeID=163
  [DEBUG] SymFunc idx=178 NameID=59 TypeID=166
  [DEBUG] SymFunc idx=181 NameID=61 TypeID=169
  [DEBUG] SymFunc idx=185 NameID=62 TypeID=172
  [DEBUG] SymFunc idx=189 NameID=63 TypeID=175
  [DEBUG] SymFunc idx=194 NameID=66 TypeID=177
  [DEBUG] SymFunc idx=197 NameID=49 TypeID=181
  [DEBUG] SymFunc idx=201 NameID=68 TypeID=186
  [DEBUG] SymFunc idx=204 NameID=69 TypeID=188
  [DEBUG] SymFunc idx=207 NameID=70 TypeID=190
  [DEBUG] SymFunc idx=211 NameID=71 TypeID=192
  [DEBUG] SymFunc idx=214 NameID=72 TypeID=194
  [DEBUG] SymFunc idx=217 NameID=73 TypeID=198
  [DEBUG] SymFunc idx=221 NameID=74 TypeID=202
  [DEBUG] SymFunc idx=226 NameID=69 TypeID=204
  [DEBUG] SymFunc idx=229 NameID=71 TypeID=206
  [DEBUG] SymFunc idx=233 NameID=69 TypeID=208
  [DEBUG] SymFunc idx=236 NameID=70 TypeID=210
  [DEBUG] SymFunc idx=240 NameID=71 TypeID=212
  [DEBUG] SymFunc idx=243 NameID=76 TypeID=214
  [DEBUG] SymFunc idx=245 NameID=77 TypeID=217
  [DEBUG] SymFunc idx=249 NameID=79 TypeID=220
  [DEBUG] SymFunc idx=252 NameID=80 TypeID=223
  [DEBUG] SymFunc idx=255 NameID=81 TypeID=224
  [DEBUG] SymFunc idx=257 NameID=83 TypeID=225
  [DEBUG] SymFunc idx=260 NameID=86 TypeID=226
  [DEBUG] SymFunc idx=265 NameID=92 TypeID=227
  [DEBUG] SymFunc idx=270 NameID=97 TypeID=228
  [DEBUG] SymFunc idx=275 NameID=102 TypeID=229
  [DEBUG] SymFunc idx=283 NameID=156 TypeID=236
  [DEBUG] SymFunc idx=285 NameID=157 TypeID=238
  [DEBUG] SymFunc idx=289 NameID=158 TypeID=248
[DEBUG] Inference NodeGenericType (User-Defined Generic Template Ref): base='RwLock' typeArgs=[type] instTypeID=193
[DEBUG-INDEX] Instantiating generic collection: collectionName=RwLock typeArgs=[type] (hasGenericParam=true)
[DEBUG-INDEX] Instantiating generic collection: collectionName=atomic_new typeArgs=[i32] (hasGenericParam=false)
[DEBUG] Inference NodeGenericType (User-Defined): base='Atomic' typeArgs=[i32] instTypeID=107
[DEBUG] Inference NodeGenericType (User-Defined): base='Atomic' typeArgs=[i32] instTypeID=107
[DEBUG-INDEX] Instantiating generic collection: collectionName=Atomic typeArgs=[i32] (hasGenericParam=false)
[DEBUG-INDEX] Instantiating generic collection: collectionName=atomic_new typeArgs=[bool] (hasGenericParam=false)
[DEBUG] Inference NodeGenericType (User-Defined Generic Template Ref): base='ReadGuard' typeArgs=[type] instTypeID=197
[DEBUG-FIELD] FieldExpr nodeIdx=886 objType=196 fieldNameID=47
[DEBUG-FIELD] objType resolved to entry.Kind=1 structType=96 NameID=44 genericArgs=[type]
[DEBUG-FIELD] struct fields count=3 genericParams=[64]
[DEBUG-FIELD]   checking field NameID=38 field.TypeID=64
[DEBUG-FIELD]   checking field NameID=45 field.TypeID=107
[DEBUG-FIELD]   checking field NameID=47 field.TypeID=104
[DEBUG-FIELD]   found field fieldType=104 resultType=104
[DEBUG-FIELD] FieldExpr nodeIdx=888 objType=104 fieldNameID=59
[DEBUG-FIELD] objType resolved to entry.Kind=1 structType=104 NameID=153 genericArgs=[]
[DEBUG-FIELD] struct fields count=1 genericParams=[]
[DEBUG-FIELD]   checking field NameID=38 field.TypeID=11
[DEBUG-OVERLOAD] methodName=load baseName=Atomic recParam=164 kind=8 nameID=37 recStructName=Atomic
[DEBUG] Instantiating generic method template: load for typeArgs [bool]. structName=_AX_std_Atomic_bool
[DEBUG] Inference NodeGenericType (User-Defined): base='Atomic' typeArgs=[bool] instTypeID=104
[DEBUG] Inference NodeGenericType: base='ptr' argNodeIdx=1495 innerTypeID=104 resultType=237
[DEBUG-FIELD] FieldExpr nodeIdx=1505 objType=237 fieldNameID=38
[DEBUG-FIELD] objType resolved to entry.Kind=1 structType=104 NameID=153 genericArgs=[]
[DEBUG-FIELD] struct fields count=1 genericParams=[]
[DEBUG-FIELD]   checking field NameID=38 field.TypeID=11
[DEBUG-FIELD]   found field fieldType=11 resultType=11
[DEBUG] Inference NodeUnaryExpr: op=4 operandType=11
[DEBUG] Inference NodeUnaryExpr resultType=239
[DEBUG] Instantiated method load: instSymIdx=294, errs=[]
[DEBUG] getMethodsOfStruct called for struct 104
  [DEBUG] SymFunc idx=38 NameID=9 TypeID=115
  [DEBUG] SymFunc idx=41 NameID=12 TypeID=117
  [DEBUG] SymFunc idx=44 NameID=13 TypeID=119
  [DEBUG] SymFunc idx=48 NameID=16 TypeID=121
  [DEBUG] SymFunc idx=53 NameID=18 TypeID=123
  [DEBUG] SymFunc idx=58 NameID=21 TypeID=126
  [DEBUG] SymFunc idx=64 NameID=24 TypeID=129
  [DEBUG] SymFunc idx=70 NameID=25 TypeID=132
  [DEBUG] SymFunc idx=76 NameID=27 TypeID=134
  [DEBUG] SymFunc idx=81 NameID=29 TypeID=136
  [DEBUG] SymFunc idx=85 NameID=31 TypeID=138
  [DEBUG] SymFunc idx=89 NameID=32 TypeID=140
  [DEBUG] SymFunc idx=93 NameID=13 TypeID=142
  [DEBUG] SymFunc idx=98 NameID=16 TypeID=144
  [DEBUG] SymFunc idx=104 NameID=18 TypeID=146
  [DEBUG] SymFunc idx=110 NameID=21 TypeID=149
  [DEBUG] SymFunc idx=118 NameID=34 TypeID=152
  [DEBUG] SymFunc idx=126 NameID=24 TypeID=155
  [DEBUG] SymFunc idx=134 NameID=36 TypeID=158
  [DEBUG] SymFunc idx=139 NameID=26 TypeID=161
  [DEBUG] SymFunc idx=175 NameID=58 TypeID=163
  [DEBUG] SymFunc idx=178 NameID=59 TypeID=166
  [DEBUG] SymFunc idx=181 NameID=61 TypeID=169
  [DEBUG] SymFunc idx=185 NameID=62 TypeID=172
  [DEBUG] SymFunc idx=189 NameID=63 TypeID=175
  [DEBUG] SymFunc idx=194 NameID=66 TypeID=177
  [DEBUG] SymFunc idx=197 NameID=49 TypeID=181
  [DEBUG] SymFunc idx=201 NameID=68 TypeID=186
  [DEBUG] SymFunc idx=204 NameID=69 TypeID=188
  [DEBUG] SymFunc idx=207 NameID=70 TypeID=190
  [DEBUG] SymFunc idx=211 NameID=71 TypeID=192
  [DEBUG] SymFunc idx=214 NameID=72 TypeID=194
  [DEBUG] SymFunc idx=217 NameID=73 TypeID=198
  [DEBUG] SymFunc idx=221 NameID=74 TypeID=202
  [DEBUG] SymFunc idx=226 NameID=69 TypeID=204
  [DEBUG] SymFunc idx=229 NameID=71 TypeID=206
  [DEBUG] SymFunc idx=233 NameID=69 TypeID=208
  [DEBUG] SymFunc idx=236 NameID=70 TypeID=210
  [DEBUG] SymFunc idx=240 NameID=71 TypeID=212
  [DEBUG] SymFunc idx=243 NameID=76 TypeID=214
  [DEBUG] SymFunc idx=245 NameID=77 TypeID=217
  [DEBUG] SymFunc idx=249 NameID=79 TypeID=220
  [DEBUG] SymFunc idx=252 NameID=80 TypeID=223
  [DEBUG] SymFunc idx=255 NameID=81 TypeID=224
  [DEBUG] SymFunc idx=257 NameID=83 TypeID=225
  [DEBUG] SymFunc idx=260 NameID=86 TypeID=226
  [DEBUG] SymFunc idx=265 NameID=92 TypeID=227
  [DEBUG] SymFunc idx=270 NameID=97 TypeID=228
  [DEBUG] SymFunc idx=275 NameID=102 TypeID=229
  [DEBUG] SymFunc idx=283 NameID=156 TypeID=236
  [DEBUG] SymFunc idx=285 NameID=157 TypeID=238
  [DEBUG] SymFunc idx=289 NameID=158 TypeID=248
  [DEBUG] SymFunc idx=292 NameID=159 TypeID=250
  [DEBUG] SymFunc idx=294 NameID=160 TypeID=251
[DEBUG-FIELD] FieldExpr nodeIdx=895 objType=196 fieldNameID=45
[DEBUG-FIELD] objType resolved to entry.Kind=1 structType=96 NameID=44 genericArgs=[type]
[DEBUG-FIELD] struct fields count=3 genericParams=[64]
[DEBUG-FIELD]   checking field NameID=38 field.TypeID=64
[DEBUG-FIELD]   checking field NameID=45 field.TypeID=107
[DEBUG-FIELD]   found field fieldType=107 resultType=107
[DEBUG-FIELD] FieldExpr nodeIdx=897 objType=107 fieldNameID=61
[DEBUG-FIELD] objType resolved to entry.Kind=1 structType=107 NameID=154 genericArgs=[]
[DEBUG-FIELD] struct fields count=1 genericParams=[]
[DEBUG-FIELD]   checking field NameID=38 field.TypeID=3
[DEBUG] getMethodsOfStruct called for struct 107
  [DEBUG] SymFunc idx=38 NameID=9 TypeID=115
  [DEBUG] SymFunc idx=41 NameID=12 TypeID=117
  [DEBUG] SymFunc idx=44 NameID=13 TypeID=119
  [DEBUG] SymFunc idx=48 NameID=16 TypeID=121
  [DEBUG] SymFunc idx=53 NameID=18 TypeID=123
  [DEBUG] SymFunc idx=58 NameID=21 TypeID=126
  [DEBUG] SymFunc idx=64 NameID=24 TypeID=129
  [DEBUG] SymFunc idx=70 NameID=25 TypeID=132
  [DEBUG] SymFunc idx=76 NameID=27 TypeID=134
  [DEBUG] SymFunc idx=81 NameID=29 TypeID=136
  [DEBUG] SymFunc idx=85 NameID=31 TypeID=138
  [DEBUG] SymFunc idx=89 NameID=32 TypeID=140
  [DEBUG] SymFunc idx=93 NameID=13 TypeID=142
  [DEBUG] SymFunc idx=98 NameID=16 TypeID=144
  [DEBUG] SymFunc idx=104 NameID=18 TypeID=146
  [DEBUG] SymFunc idx=110 NameID=21 TypeID=149
  [DEBUG] SymFunc idx=118 NameID=34 TypeID=152
  [DEBUG] SymFunc idx=126 NameID=24 TypeID=155
  [DEBUG] SymFunc idx=134 NameID=36 TypeID=158
  [DEBUG] SymFunc idx=139 NameID=26 TypeID=161
  [DEBUG] SymFunc idx=175 NameID=58 TypeID=163
  [DEBUG] SymFunc idx=178 NameID=59 TypeID=166
  [DEBUG] SymFunc idx=181 NameID=61 TypeID=169
  [DEBUG] SymFunc idx=185 NameID=62 TypeID=172
  [DEBUG] SymFunc idx=189 NameID=63 TypeID=175
  [DEBUG] SymFunc idx=194 NameID=66 TypeID=177
  [DEBUG] SymFunc idx=197 NameID=49 TypeID=181
  [DEBUG] SymFunc idx=201 NameID=68 TypeID=186
  [DEBUG] SymFunc idx=204 NameID=69 TypeID=188
  [DEBUG] SymFunc idx=207 NameID=70 TypeID=190
  [DEBUG] SymFunc idx=211 NameID=71 TypeID=192
  [DEBUG] SymFunc idx=214 NameID=72 TypeID=194
  [DEBUG] SymFunc idx=217 NameID=73 TypeID=198
  [DEBUG] SymFunc idx=221 NameID=74 TypeID=202
  [DEBUG] SymFunc idx=226 NameID=69 TypeID=204
  [DEBUG] SymFunc idx=229 NameID=71 TypeID=206
  [DEBUG] SymFunc idx=233 NameID=69 TypeID=208
  [DEBUG] SymFunc idx=236 NameID=70 TypeID=210
  [DEBUG] SymFunc idx=240 NameID=71 TypeID=212
  [DEBUG] SymFunc idx=243 NameID=76 TypeID=214
  [DEBUG] SymFunc idx=245 NameID=77 TypeID=217
  [DEBUG] SymFunc idx=249 NameID=79 TypeID=220
  [DEBUG] SymFunc idx=252 NameID=80 TypeID=223
  [DEBUG] SymFunc idx=255 NameID=81 TypeID=224
  [DEBUG] SymFunc idx=257 NameID=83 TypeID=225
  [DEBUG] SymFunc idx=260 NameID=86 TypeID=226
  [DEBUG] SymFunc idx=265 NameID=92 TypeID=227
  [DEBUG] SymFunc idx=270 NameID=97 TypeID=228
  [DEBUG] SymFunc idx=275 NameID=102 TypeID=229
  [DEBUG] SymFunc idx=283 NameID=156 TypeID=236
  [DEBUG] SymFunc idx=285 NameID=157 TypeID=238
  [DEBUG] SymFunc idx=289 NameID=158 TypeID=248
  [DEBUG] SymFunc idx=292 NameID=159 TypeID=250
  [DEBUG] SymFunc idx=294 NameID=160 TypeID=251
[DEBUG-OVERLOAD] methodName=store baseName=Atomic recParam=167 kind=8 nameID=37 recStructName=Atomic
[DEBUG] Instantiating generic method template: store for typeArgs [i32]. structName=_AX_std_Atomic_i32
[DEBUG] Inference NodeGenericType (User-Defined): base='Atomic' typeArgs=[i32] instTypeID=107
[DEBUG] Inference NodeGenericType: base='ptr' argNodeIdx=1514 innerTypeID=107 resultType=253
[DEBUG-FIELD] FieldExpr nodeIdx=1524 objType=253 fieldNameID=38
[DEBUG-FIELD] objType resolved to entry.Kind=1 structType=107 NameID=154 genericArgs=[]
[DEBUG-FIELD] struct fields count=1 genericParams=[]
[DEBUG-FIELD]   checking field NameID=38 field.TypeID=3
[DEBUG-FIELD]   found field fieldType=3 resultType=3
[DEBUG] Inference NodeUnaryExpr: op=4 operandType=3
[DEBUG] Inference NodeUnaryExpr resultType=255
[DEBUG] Instantiated method store: instSymIdx=296, errs=[]
[DEBUG] getMethodsOfStruct called for struct 107
  [DEBUG] SymFunc idx=38 NameID=9 TypeID=115
  [DEBUG] SymFunc idx=41 NameID=12 TypeID=117
  [DEBUG] SymFunc idx=44 NameID=13 TypeID=119
  [DEBUG] SymFunc idx=48 NameID=16 TypeID=121
  [DEBUG] SymFunc idx=53 NameID=18 TypeID=123
  [DEBUG] SymFunc idx=58 NameID=21 TypeID=126
  [DEBUG] SymFunc idx=64 NameID=24 TypeID=129
  [DEBUG] SymFunc idx=70 NameID=25 TypeID=132
  [DEBUG] SymFunc idx=76 NameID=27 TypeID=134
  [DEBUG] SymFunc idx=81 NameID=29 TypeID=136
  [DEBUG] SymFunc idx=85 NameID=31 TypeID=138
  [DEBUG] SymFunc idx=89 NameID=32 TypeID=140
  [DEBUG] SymFunc idx=93 NameID=13 TypeID=142
  [DEBUG] SymFunc idx=98 NameID=16 TypeID=144
  [DEBUG] SymFunc idx=104 NameID=18 TypeID=146
  [DEBUG] SymFunc idx=110 NameID=21 TypeID=149
  [DEBUG] SymFunc idx=118 NameID=34 TypeID=152
  [DEBUG] SymFunc idx=126 NameID=24 TypeID=155
  [DEBUG] SymFunc idx=134 NameID=36 TypeID=158
  [DEBUG] SymFunc idx=139 NameID=26 TypeID=161
  [DEBUG] SymFunc idx=175 NameID=58 TypeID=163
  [DEBUG] SymFunc idx=178 NameID=59 TypeID=166
  [DEBUG] SymFunc idx=181 NameID=61 TypeID=169
  [DEBUG] SymFunc idx=185 NameID=62 TypeID=172
  [DEBUG] SymFunc idx=189 NameID=63 TypeID=175
  [DEBUG] SymFunc idx=194 NameID=66 TypeID=177
  [DEBUG] SymFunc idx=197 NameID=49 TypeID=181
  [DEBUG] SymFunc idx=201 NameID=68 TypeID=186
  [DEBUG] SymFunc idx=204 NameID=69 TypeID=188
  [DEBUG] SymFunc idx=207 NameID=70 TypeID=190
  [DEBUG] SymFunc idx=211 NameID=71 TypeID=192
  [DEBUG] SymFunc idx=214 NameID=72 TypeID=194
  [DEBUG] SymFunc idx=217 NameID=73 TypeID=198
  [DEBUG] SymFunc idx=221 NameID=74 TypeID=202
  [DEBUG] SymFunc idx=226 NameID=69 TypeID=204
  [DEBUG] SymFunc idx=229 NameID=71 TypeID=206
  [DEBUG] SymFunc idx=233 NameID=69 TypeID=208
  [DEBUG] SymFunc idx=236 NameID=70 TypeID=210
  [DEBUG] SymFunc idx=240 NameID=71 TypeID=212
  [DEBUG] SymFunc idx=243 NameID=76 TypeID=214
  [DEBUG] SymFunc idx=245 NameID=77 TypeID=217
  [DEBUG] SymFunc idx=249 NameID=79 TypeID=220
  [DEBUG] SymFunc idx=252 NameID=80 TypeID=223
  [DEBUG] SymFunc idx=255 NameID=81 TypeID=224
  [DEBUG] SymFunc idx=257 NameID=83 TypeID=225
  [DEBUG] SymFunc idx=260 NameID=86 TypeID=226
  [DEBUG] SymFunc idx=265 NameID=92 TypeID=227
  [DEBUG] SymFunc idx=270 NameID=97 TypeID=228
  [DEBUG] SymFunc idx=275 NameID=102 TypeID=229
  [DEBUG] SymFunc idx=283 NameID=156 TypeID=236
  [DEBUG] SymFunc idx=285 NameID=157 TypeID=238
  [DEBUG] SymFunc idx=289 NameID=158 TypeID=248
  [DEBUG] SymFunc idx=292 NameID=159 TypeID=250
  [DEBUG] SymFunc idx=294 NameID=160 TypeID=251
  [DEBUG] SymFunc idx=296 NameID=161 TypeID=254
[DEBUG-FIELD] FieldExpr nodeIdx=901 objType=196 fieldNameID=45
[DEBUG-FIELD] objType resolved to entry.Kind=1 structType=96 NameID=44 genericArgs=[type]
[DEBUG-FIELD] struct fields count=3 genericParams=[64]
[DEBUG-FIELD]   checking field NameID=38 field.TypeID=64
[DEBUG-FIELD]   checking field NameID=45 field.TypeID=107
[DEBUG-FIELD]   found field fieldType=107 resultType=107
[DEBUG-FIELD] FieldExpr nodeIdx=903 objType=107 fieldNameID=59
[DEBUG-FIELD] objType resolved to entry.Kind=1 structType=107 NameID=154 genericArgs=[]
[DEBUG-FIELD] struct fields count=1 genericParams=[]
[DEBUG-FIELD]   checking field NameID=38 field.TypeID=3
[DEBUG-OVERLOAD] methodName=load baseName=Atomic recParam=164 kind=8 nameID=37 recStructName=Atomic
[DEBUG] Instantiating generic method template: load for typeArgs [i32]. structName=_AX_std_Atomic_i32
[DEBUG] Inference NodeGenericType (User-Defined): base='Atomic' typeArgs=[i32] instTypeID=107
[DEBUG] Inference NodeGenericType: base='ptr' argNodeIdx=1534 innerTypeID=107 resultType=253
[DEBUG-FIELD] FieldExpr nodeIdx=1544 objType=253 fieldNameID=38
[DEBUG-FIELD] objType resolved to entry.Kind=1 structType=107 NameID=154 genericArgs=[]
[DEBUG-FIELD] struct fields count=1 genericParams=[]
[DEBUG-FIELD]   checking field NameID=38 field.TypeID=3
[DEBUG-FIELD]   found field fieldType=3 resultType=3
[DEBUG] Inference NodeUnaryExpr: op=4 operandType=3
[DEBUG] Inference NodeUnaryExpr resultType=255
[DEBUG] Instantiated method load: instSymIdx=299, errs=[]
[DEBUG] getMethodsOfStruct called for struct 107
  [DEBUG] SymFunc idx=38 NameID=9 TypeID=115
  [DEBUG] SymFunc idx=41 NameID=12 TypeID=117
  [DEBUG] SymFunc idx=44 NameID=13 TypeID=119
  [DEBUG] SymFunc idx=48 NameID=16 TypeID=121
  [DEBUG] SymFunc idx=53 NameID=18 TypeID=123
  [DEBUG] SymFunc idx=58 NameID=21 TypeID=126
  [DEBUG] SymFunc idx=64 NameID=24 TypeID=129
  [DEBUG] SymFunc idx=70 NameID=25 TypeID=132
  [DEBUG] SymFunc idx=76 NameID=27 TypeID=134
  [DEBUG] SymFunc idx=81 NameID=29 TypeID=136
  [DEBUG] SymFunc idx=85 NameID=31 TypeID=138
  [DEBUG] SymFunc idx=89 NameID=32 TypeID=140
  [DEBUG] SymFunc idx=93 NameID=13 TypeID=142
  [DEBUG] SymFunc idx=98 NameID=16 TypeID=144
  [DEBUG] SymFunc idx=104 NameID=18 TypeID=146
  [DEBUG] SymFunc idx=110 NameID=21 TypeID=149
  [DEBUG] SymFunc idx=118 NameID=34 TypeID=152
  [DEBUG] SymFunc idx=126 NameID=24 TypeID=155
  [DEBUG] SymFunc idx=134 NameID=36 TypeID=158
  [DEBUG] SymFunc idx=139 NameID=26 TypeID=161
  [DEBUG] SymFunc idx=175 NameID=58 TypeID=163
  [DEBUG] SymFunc idx=178 NameID=59 TypeID=166
  [DEBUG] SymFunc idx=181 NameID=61 TypeID=169
  [DEBUG] SymFunc idx=185 NameID=62 TypeID=172
  [DEBUG] SymFunc idx=189 NameID=63 TypeID=175
  [DEBUG] SymFunc idx=194 NameID=66 TypeID=177
  [DEBUG] SymFunc idx=197 NameID=49 TypeID=181
  [DEBUG] SymFunc idx=201 NameID=68 TypeID=186
  [DEBUG] SymFunc idx=204 NameID=69 TypeID=188
  [DEBUG] SymFunc idx=207 NameID=70 TypeID=190
  [DEBUG] SymFunc idx=211 NameID=71 TypeID=192
  [DEBUG] SymFunc idx=214 NameID=72 TypeID=194
  [DEBUG] SymFunc idx=217 NameID=73 TypeID=198
  [DEBUG] SymFunc idx=221 NameID=74 TypeID=202
  [DEBUG] SymFunc idx=226 NameID=69 TypeID=204
  [DEBUG] SymFunc idx=229 NameID=71 TypeID=206
  [DEBUG] SymFunc idx=233 NameID=69 TypeID=208
  [DEBUG] SymFunc idx=236 NameID=70 TypeID=210
  [DEBUG] SymFunc idx=240 NameID=71 TypeID=212
  [DEBUG] SymFunc idx=243 NameID=76 TypeID=214
  [DEBUG] SymFunc idx=245 NameID=77 TypeID=217
  [DEBUG] SymFunc idx=249 NameID=79 TypeID=220
  [DEBUG] SymFunc idx=252 NameID=80 TypeID=223
  [DEBUG] SymFunc idx=255 NameID=81 TypeID=224
  [DEBUG] SymFunc idx=257 NameID=83 TypeID=225
  [DEBUG] SymFunc idx=260 NameID=86 TypeID=226
  [DEBUG] SymFunc idx=265 NameID=92 TypeID=227
  [DEBUG] SymFunc idx=270 NameID=97 TypeID=228
  [DEBUG] SymFunc idx=275 NameID=102 TypeID=229
  [DEBUG] SymFunc idx=283 NameID=156 TypeID=236
  [DEBUG] SymFunc idx=285 NameID=157 TypeID=238
  [DEBUG] SymFunc idx=289 NameID=158 TypeID=248
  [DEBUG] SymFunc idx=292 NameID=159 TypeID=250
  [DEBUG] SymFunc idx=294 NameID=160 TypeID=251
  [DEBUG] SymFunc idx=296 NameID=161 TypeID=254
  [DEBUG] SymFunc idx=299 NameID=162 TypeID=257
[DEBUG-INDEX] Instantiating generic collection: collectionName=ReadGuard typeArgs=[type] (hasGenericParam=true)
[DEBUG] Inference NodeGenericType (User-Defined Generic Template Ref): base='WriteGuard' typeArgs=[type] instTypeID=201
[DEBUG-FIELD] FieldExpr nodeIdx=931 objType=200 fieldNameID=47
[DEBUG-FIELD] objType resolved to entry.Kind=1 structType=96 NameID=44 genericArgs=[type]
[DEBUG-FIELD] struct fields count=3 genericParams=[64]
[DEBUG-FIELD]   checking field NameID=38 field.TypeID=64
[DEBUG-FIELD]   checking field NameID=45 field.TypeID=107
[DEBUG-FIELD]   checking field NameID=47 field.TypeID=104
[DEBUG-FIELD]   found field fieldType=104 resultType=104
[DEBUG-FIELD] FieldExpr nodeIdx=933 objType=104 fieldNameID=63
[DEBUG-FIELD] objType resolved to entry.Kind=1 structType=104 NameID=153 genericArgs=[]
[DEBUG-FIELD] struct fields count=1 genericParams=[]
[DEBUG-FIELD]   checking field NameID=38 field.TypeID=11
[DEBUG] getMethodsOfStruct called for struct 104
  [DEBUG] SymFunc idx=38 NameID=9 TypeID=115
  [DEBUG] SymFunc idx=41 NameID=12 TypeID=117
  [DEBUG] SymFunc idx=44 NameID=13 TypeID=119
  [DEBUG] SymFunc idx=48 NameID=16 TypeID=121
  [DEBUG] SymFunc idx=53 NameID=18 TypeID=123
  [DEBUG] SymFunc idx=58 NameID=21 TypeID=126
  [DEBUG] SymFunc idx=64 NameID=24 TypeID=129
  [DEBUG] SymFunc idx=70 NameID=25 TypeID=132
  [DEBUG] SymFunc idx=76 NameID=27 TypeID=134
  [DEBUG] SymFunc idx=81 NameID=29 TypeID=136
  [DEBUG] SymFunc idx=85 NameID=31 TypeID=138
  [DEBUG] SymFunc idx=89 NameID=32 TypeID=140
  [DEBUG] SymFunc idx=93 NameID=13 TypeID=142
  [DEBUG] SymFunc idx=98 NameID=16 TypeID=144
  [DEBUG] SymFunc idx=104 NameID=18 TypeID=146
  [DEBUG] SymFunc idx=110 NameID=21 TypeID=149
  [DEBUG] SymFunc idx=118 NameID=34 TypeID=152
  [DEBUG] SymFunc idx=126 NameID=24 TypeID=155
  [DEBUG] SymFunc idx=134 NameID=36 TypeID=158
  [DEBUG] SymFunc idx=139 NameID=26 TypeID=161
  [DEBUG] SymFunc idx=175 NameID=58 TypeID=163
  [DEBUG] SymFunc idx=178 NameID=59 TypeID=166
  [DEBUG] SymFunc idx=181 NameID=61 TypeID=169
  [DEBUG] SymFunc idx=185 NameID=62 TypeID=172
  [DEBUG] SymFunc idx=189 NameID=63 TypeID=175
  [DEBUG] SymFunc idx=194 NameID=66 TypeID=177
  [DEBUG] SymFunc idx=197 NameID=49 TypeID=181
  [DEBUG] SymFunc idx=201 NameID=68 TypeID=186
  [DEBUG] SymFunc idx=204 NameID=69 TypeID=188
  [DEBUG] SymFunc idx=207 NameID=70 TypeID=190
  [DEBUG] SymFunc idx=211 NameID=71 TypeID=192
  [DEBUG] SymFunc idx=214 NameID=72 TypeID=194
  [DEBUG] SymFunc idx=217 NameID=73 TypeID=198
  [DEBUG] SymFunc idx=221 NameID=74 TypeID=202
  [DEBUG] SymFunc idx=226 NameID=69 TypeID=204
  [DEBUG] SymFunc idx=229 NameID=71 TypeID=206
  [DEBUG] SymFunc idx=233 NameID=69 TypeID=208
  [DEBUG] SymFunc idx=236 NameID=70 TypeID=210
  [DEBUG] SymFunc idx=240 NameID=71 TypeID=212
  [DEBUG] SymFunc idx=243 NameID=76 TypeID=214
  [DEBUG] SymFunc idx=245 NameID=77 TypeID=217
  [DEBUG] SymFunc idx=249 NameID=79 TypeID=220
  [DEBUG] SymFunc idx=252 NameID=80 TypeID=223
  [DEBUG] SymFunc idx=255 NameID=81 TypeID=224
  [DEBUG] SymFunc idx=257 NameID=83 TypeID=225
  [DEBUG] SymFunc idx=260 NameID=86 TypeID=226
  [DEBUG] SymFunc idx=265 NameID=92 TypeID=227
  [DEBUG] SymFunc idx=270 NameID=97 TypeID=228
  [DEBUG] SymFunc idx=275 NameID=102 TypeID=229
  [DEBUG] SymFunc idx=283 NameID=156 TypeID=236
  [DEBUG] SymFunc idx=285 NameID=157 TypeID=238
  [DEBUG] SymFunc idx=289 NameID=158 TypeID=248
  [DEBUG] SymFunc idx=292 NameID=159 TypeID=250
  [DEBUG] SymFunc idx=294 NameID=160 TypeID=251
  [DEBUG] SymFunc idx=296 NameID=161 TypeID=254
  [DEBUG] SymFunc idx=299 NameID=162 TypeID=257
[DEBUG] Inference NodeUnaryExpr: op=2 operandType=11
[DEBUG] Inference NodeUnaryExpr resultType=11
[DEBUG-FIELD] FieldExpr nodeIdx=943 objType=200 fieldNameID=45
[DEBUG-FIELD] objType resolved to entry.Kind=1 structType=96 NameID=44 genericArgs=[type]
[DEBUG-FIELD] struct fields count=3 genericParams=[64]
[DEBUG-FIELD]   checking field NameID=38 field.TypeID=64
[DEBUG-FIELD]   checking field NameID=45 field.TypeID=107
[DEBUG-FIELD]   found field fieldType=107 resultType=107
[DEBUG-FIELD] FieldExpr nodeIdx=945 objType=107 fieldNameID=59
[DEBUG-FIELD] objType resolved to entry.Kind=1 structType=107 NameID=154 genericArgs=[]
[DEBUG-FIELD] struct fields count=1 genericParams=[]
[DEBUG-FIELD]   checking field NameID=38 field.TypeID=3
[DEBUG-INDEX] Instantiating generic collection: collectionName=WriteGuard typeArgs=[type] (hasGenericParam=true)
[DEBUG-FIELD] FieldExpr nodeIdx=971 objType=203 fieldNameID=49
[DEBUG-FIELD] objType resolved to entry.Kind=1 structType=97 NameID=48 genericArgs=[type]
[DEBUG-FIELD] struct fields count=1 genericParams=[65]
[DEBUG-FIELD]   checking field NameID=49 field.TypeID=109
[DEBUG-FIELD]   found field fieldType=109 resultType=262
[DEBUG-FIELD] FieldExpr nodeIdx=973 objType=262 fieldNameID=38
[DEBUG-FIELD] objType resolved to entry.Kind=1 structType=96 NameID=44 genericArgs=[type]
[DEBUG-FIELD] struct fields count=3 genericParams=[64]
[DEBUG-FIELD]   checking field NameID=38 field.TypeID=64
[DEBUG-FIELD]   found field fieldType=64 resultType=84
[DEBUG-FIELD] FieldExpr nodeIdx=985 objType=205 fieldNameID=49
[DEBUG-FIELD] objType resolved to entry.Kind=1 structType=97 NameID=48 genericArgs=[type]
[DEBUG-FIELD] struct fields count=1 genericParams=[65]
[DEBUG-FIELD]   checking field NameID=49 field.TypeID=109
[DEBUG-FIELD]   found field fieldType=109 resultType=264
[DEBUG-FIELD] FieldExpr nodeIdx=987 objType=264 fieldNameID=45
[DEBUG-FIELD] objType resolved to entry.Kind=1 structType=96 NameID=44 genericArgs=[type]
[DEBUG-FIELD] struct fields count=3 genericParams=[64]
[DEBUG-FIELD]   checking field NameID=38 field.TypeID=64
[DEBUG-FIELD]   checking field NameID=45 field.TypeID=107
[DEBUG-FIELD]   found field fieldType=107 resultType=107
[DEBUG-FIELD] FieldExpr nodeIdx=989 objType=107 fieldNameID=59
[DEBUG-FIELD] objType resolved to entry.Kind=1 structType=107 NameID=154 genericArgs=[]
[DEBUG-FIELD] struct fields count=1 genericParams=[]
[DEBUG-FIELD]   checking field NameID=38 field.TypeID=3
[DEBUG-FIELD] FieldExpr nodeIdx=993 objType=205 fieldNameID=49
[DEBUG-FIELD] objType resolved to entry.Kind=1 structType=97 NameID=48 genericArgs=[type]
[DEBUG-FIELD] struct fields count=1 genericParams=[65]
[DEBUG-FIELD]   checking field NameID=49 field.TypeID=109
[DEBUG-FIELD]   found field fieldType=109 resultType=264
[DEBUG-FIELD] FieldExpr nodeIdx=995 objType=264 fieldNameID=45
[DEBUG-FIELD] objType resolved to entry.Kind=1 structType=96 NameID=44 genericArgs=[type]
[DEBUG-FIELD] struct fields count=3 genericParams=[64]
[DEBUG-FIELD]   checking field NameID=38 field.TypeID=64
[DEBUG-FIELD]   checking field NameID=45 field.TypeID=107
[DEBUG-FIELD]   found field fieldType=107 resultType=107
[DEBUG-FIELD] FieldExpr nodeIdx=997 objType=107 fieldNameID=61
[DEBUG-FIELD] objType resolved to entry.Kind=1 structType=107 NameID=154 genericArgs=[]
[DEBUG-FIELD] struct fields count=1 genericParams=[]
[DEBUG-FIELD]   checking field NameID=38 field.TypeID=3
[DEBUG-FIELD] FieldExpr nodeIdx=1014 objType=207 fieldNameID=49
[DEBUG-FIELD] objType resolved to entry.Kind=1 structType=98 NameID=50 genericArgs=[type]
[DEBUG-FIELD] struct fields count=1 genericParams=[66]
[DEBUG-FIELD]   checking field NameID=49 field.TypeID=111
[DEBUG-FIELD]   found field fieldType=111 resultType=268
[DEBUG-FIELD] FieldExpr nodeIdx=1016 objType=268 fieldNameID=38
[DEBUG-FIELD] objType resolved to entry.Kind=1 structType=96 NameID=44 genericArgs=[type]
[DEBUG-FIELD] struct fields count=3 genericParams=[64]
[DEBUG-FIELD]   checking field NameID=38 field.TypeID=64
[DEBUG-FIELD]   found field fieldType=64 resultType=86
[DEBUG-FIELD] FieldExpr nodeIdx=1029 objType=209 fieldNameID=49
[DEBUG-FIELD] objType resolved to entry.Kind=1 structType=98 NameID=50 genericArgs=[type]
[DEBUG-FIELD] struct fields count=1 genericParams=[66]
[DEBUG-FIELD]   checking field NameID=49 field.TypeID=111
[DEBUG-FIELD]   found field fieldType=111 resultType=270
[DEBUG-FIELD] FieldExpr nodeIdx=1031 objType=270 fieldNameID=38
[DEBUG-FIELD] objType resolved to entry.Kind=1 structType=96 NameID=44 genericArgs=[type]
[DEBUG-FIELD] struct fields count=3 genericParams=[64]
[DEBUG-FIELD]   checking field NameID=38 field.TypeID=64
[DEBUG-FIELD]   found field fieldType=64 resultType=87
[DEBUG-FIELD] FieldExpr nodeIdx=1044 objType=211 fieldNameID=49
[DEBUG-FIELD] objType resolved to entry.Kind=1 structType=98 NameID=50 genericArgs=[type]
[DEBUG-FIELD] struct fields count=1 genericParams=[66]
[DEBUG-FIELD]   checking field NameID=49 field.TypeID=111
[DEBUG-FIELD]   found field fieldType=111 resultType=272
[DEBUG-FIELD] FieldExpr nodeIdx=1046 objType=272 fieldNameID=47
[DEBUG-FIELD] objType resolved to entry.Kind=1 structType=96 NameID=44 genericArgs=[type]
[DEBUG-FIELD] struct fields count=3 genericParams=[64]
[DEBUG-FIELD]   checking field NameID=38 field.TypeID=64
[DEBUG-FIELD]   checking field NameID=45 field.TypeID=107
[DEBUG-FIELD]   checking field NameID=47 field.TypeID=104
[DEBUG-FIELD]   found field fieldType=104 resultType=104
[DEBUG-FIELD] FieldExpr nodeIdx=1048 objType=104 fieldNameID=61
[DEBUG-FIELD] objType resolved to entry.Kind=1 structType=104 NameID=153 genericArgs=[]
[DEBUG-FIELD] struct fields count=1 genericParams=[]
[DEBUG-FIELD]   checking field NameID=38 field.TypeID=11
[DEBUG] Inference NodeGenericType (User-Defined Generic Template Ref): base='Channel' typeArgs=[type] instTypeID=213
[DEBUG] Inference NodeGenericType (User-Defined): base='Result' typeArgs=[void string] instTypeID=216
[DEBUG] Inference NodeGenericType (User-Defined Generic Template Ref): base='Result' typeArgs=[type string] instTypeID=219
[DEBUG] Inference NodeGenericType (User-Defined Generic Template Ref): base='Option' typeArgs=[type] instTypeID=222
[DEBUG-INDEX] Instantiating generic collection: collectionName=atomic_new typeArgs=[i32] (hasGenericParam=false)
[DEBUG] CastExpr child expr nodeIdx=1129 Kind=IntLit Type=3
[DEBUG] NodeCastExpr nodeIdx=1130 targetNodeIdx=1131 Kind=TypeExpr Payload=2 targetType=3
[DEBUG-FIELD] FieldExpr nodeIdx=1135 objType=107 fieldNameID=59
[DEBUG-FIELD] objType resolved to entry.Kind=1 structType=107 NameID=154 genericArgs=[]
[DEBUG-FIELD] struct fields count=1 genericParams=[]
[DEBUG-FIELD]   checking field NameID=38 field.TypeID=3
[DEBUG-FIELD] FieldExpr nodeIdx=1141 objType=107 fieldNameID=61
[DEBUG-FIELD] objType resolved to entry.Kind=1 structType=107 NameID=154 genericArgs=[]
[DEBUG-FIELD] struct fields count=1 genericParams=[]
[DEBUG-FIELD]   checking field NameID=38 field.TypeID=3
[DEBUG] CastExpr child expr nodeIdx=1144 Kind=IntLit Type=3
[DEBUG] NodeCastExpr nodeIdx=1145 targetNodeIdx=1146 Kind=TypeExpr Payload=2 targetType=3
[DEBUG-FIELD] FieldExpr nodeIdx=1150 objType=107 fieldNameID=59
[DEBUG-FIELD] objType resolved to entry.Kind=1 structType=107 NameID=154 genericArgs=[]
[DEBUG-FIELD] struct fields count=1 genericParams=[]
[DEBUG-FIELD]   checking field NameID=38 field.TypeID=3
[DEBUG-FIELD] FieldExpr nodeIdx=1157 objType=107 fieldNameID=62
[DEBUG-FIELD] objType resolved to entry.Kind=1 structType=107 NameID=154 genericArgs=[]
[DEBUG-FIELD] struct fields count=1 genericParams=[]
[DEBUG-FIELD]   checking field NameID=38 field.TypeID=3
[DEBUG-OVERLOAD] methodName=swap baseName=Atomic recParam=170 kind=8 nameID=37 recStructName=Atomic
[DEBUG] Instantiating generic method template: swap for typeArgs [i32]. structName=_AX_std_Atomic_i32
[DEBUG] Inference NodeGenericType (User-Defined): base='Atomic' typeArgs=[i32] instTypeID=107
[DEBUG] Inference NodeGenericType: base='ptr' argNodeIdx=1553 innerTypeID=107 resultType=253
[DEBUG-FIELD] FieldExpr nodeIdx=1565 objType=253 fieldNameID=38
[DEBUG-FIELD] objType resolved to entry.Kind=1 structType=107 NameID=154 genericArgs=[]
[DEBUG-FIELD] struct fields count=1 genericParams=[]
[DEBUG-FIELD]   checking field NameID=38 field.TypeID=3
[DEBUG-FIELD]   found field fieldType=3 resultType=3
[DEBUG] Inference NodeUnaryExpr: op=4 operandType=3
[DEBUG] Inference NodeUnaryExpr resultType=255
[DEBUG] Instantiated method swap: instSymIdx=301, errs=[]
[DEBUG] getMethodsOfStruct called for struct 107
  [DEBUG] SymFunc idx=38 NameID=9 TypeID=115
  [DEBUG] SymFunc idx=41 NameID=12 TypeID=117
  [DEBUG] SymFunc idx=44 NameID=13 TypeID=119
  [DEBUG] SymFunc idx=48 NameID=16 TypeID=121
  [DEBUG] SymFunc idx=53 NameID=18 TypeID=123
  [DEBUG] SymFunc idx=58 NameID=21 TypeID=126
  [DEBUG] SymFunc idx=64 NameID=24 TypeID=129
  [DEBUG] SymFunc idx=70 NameID=25 TypeID=132
  [DEBUG] SymFunc idx=76 NameID=27 TypeID=134
  [DEBUG] SymFunc idx=81 NameID=29 TypeID=136
  [DEBUG] SymFunc idx=85 NameID=31 TypeID=138
  [DEBUG] SymFunc idx=89 NameID=32 TypeID=140
  [DEBUG] SymFunc idx=93 NameID=13 TypeID=142
  [DEBUG] SymFunc idx=98 NameID=16 TypeID=144
  [DEBUG] SymFunc idx=104 NameID=18 TypeID=146
  [DEBUG] SymFunc idx=110 NameID=21 TypeID=149
  [DEBUG] SymFunc idx=118 NameID=34 TypeID=152
  [DEBUG] SymFunc idx=126 NameID=24 TypeID=155
  [DEBUG] SymFunc idx=134 NameID=36 TypeID=158
  [DEBUG] SymFunc idx=139 NameID=26 TypeID=161
  [DEBUG] SymFunc idx=175 NameID=58 TypeID=163
  [DEBUG] SymFunc idx=178 NameID=59 TypeID=166
  [DEBUG] SymFunc idx=181 NameID=61 TypeID=169
  [DEBUG] SymFunc idx=185 NameID=62 TypeID=172
  [DEBUG] SymFunc idx=189 NameID=63 TypeID=175
  [DEBUG] SymFunc idx=194 NameID=66 TypeID=177
  [DEBUG] SymFunc idx=197 NameID=49 TypeID=181
  [DEBUG] SymFunc idx=201 NameID=68 TypeID=186
  [DEBUG] SymFunc idx=204 NameID=69 TypeID=188
  [DEBUG] SymFunc idx=207 NameID=70 TypeID=190
  [DEBUG] SymFunc idx=211 NameID=71 TypeID=192
  [DEBUG] SymFunc idx=214 NameID=72 TypeID=194
  [DEBUG] SymFunc idx=217 NameID=73 TypeID=198
  [DEBUG] SymFunc idx=221 NameID=74 TypeID=202
  [DEBUG] SymFunc idx=226 NameID=69 TypeID=204
  [DEBUG] SymFunc idx=229 NameID=71 TypeID=206
  [DEBUG] SymFunc idx=233 NameID=69 TypeID=208
  [DEBUG] SymFunc idx=236 NameID=70 TypeID=210
  [DEBUG] SymFunc idx=240 NameID=71 TypeID=212
  [DEBUG] SymFunc idx=243 NameID=76 TypeID=214
  [DEBUG] SymFunc idx=245 NameID=77 TypeID=217
  [DEBUG] SymFunc idx=249 NameID=79 TypeID=220
  [DEBUG] SymFunc idx=252 NameID=80 TypeID=223
  [DEBUG] SymFunc idx=255 NameID=81 TypeID=224
  [DEBUG] SymFunc idx=257 NameID=83 TypeID=225
  [DEBUG] SymFunc idx=260 NameID=86 TypeID=226
  [DEBUG] SymFunc idx=265 NameID=92 TypeID=227
  [DEBUG] SymFunc idx=270 NameID=97 TypeID=228
  [DEBUG] SymFunc idx=275 NameID=102 TypeID=229
  [DEBUG] SymFunc idx=283 NameID=156 TypeID=236
  [DEBUG] SymFunc idx=285 NameID=157 TypeID=238
  [DEBUG] SymFunc idx=289 NameID=158 TypeID=248
  [DEBUG] SymFunc idx=292 NameID=159 TypeID=250
  [DEBUG] SymFunc idx=294 NameID=160 TypeID=251
  [DEBUG] SymFunc idx=296 NameID=161 TypeID=254
  [DEBUG] SymFunc idx=299 NameID=162 TypeID=257
  [DEBUG] SymFunc idx=301 NameID=163 TypeID=277
[DEBUG] CastExpr child expr nodeIdx=1160 Kind=IntLit Type=3
[DEBUG] NodeCastExpr nodeIdx=1161 targetNodeIdx=1162 Kind=TypeExpr Payload=2 targetType=3
[DEBUG-FIELD] FieldExpr nodeIdx=1171 objType=107 fieldNameID=59
[DEBUG-FIELD] objType resolved to entry.Kind=1 structType=107 NameID=154 genericArgs=[]
[DEBUG-FIELD] struct fields count=1 genericParams=[]
[DEBUG-FIELD]   checking field NameID=38 field.TypeID=3
[DEBUG-FIELD] FieldExpr nodeIdx=1178 objType=107 fieldNameID=63
[DEBUG-FIELD] objType resolved to entry.Kind=1 structType=107 NameID=154 genericArgs=[]
[DEBUG-FIELD] struct fields count=1 genericParams=[]
[DEBUG-FIELD]   checking field NameID=38 field.TypeID=3
[DEBUG-OVERLOAD] methodName=compare_and_swap baseName=Atomic recParam=173 kind=8 nameID=37 recStructName=Atomic
[DEBUG] Instantiating generic method template: compare_and_swap for typeArgs [i32]. structName=_AX_std_Atomic_i32
[DEBUG] Inference NodeGenericType (User-Defined): base='Atomic' typeArgs=[i32] instTypeID=107
[DEBUG] Inference NodeGenericType: base='ptr' argNodeIdx=1575 innerTypeID=107 resultType=253
[DEBUG-FIELD] FieldExpr nodeIdx=1589 objType=253 fieldNameID=38
[DEBUG-FIELD] objType resolved to entry.Kind=1 structType=107 NameID=154 genericArgs=[]
[DEBUG-FIELD] struct fields count=1 genericParams=[]
[DEBUG-FIELD]   checking field NameID=38 field.TypeID=3
[DEBUG-FIELD]   found field fieldType=3 resultType=3
[DEBUG] Inference NodeUnaryExpr: op=4 operandType=3
[DEBUG] Inference NodeUnaryExpr resultType=255
[DEBUG] Instantiated method compare_and_swap: instSymIdx=304, errs=[]
[DEBUG] getMethodsOfStruct called for struct 107
  [DEBUG] SymFunc idx=38 NameID=9 TypeID=115
  [DEBUG] SymFunc idx=41 NameID=12 TypeID=117
  [DEBUG] SymFunc idx=44 NameID=13 TypeID=119
  [DEBUG] SymFunc idx=48 NameID=16 TypeID=121
  [DEBUG] SymFunc idx=53 NameID=18 TypeID=123
  [DEBUG] SymFunc idx=58 NameID=21 TypeID=126
  [DEBUG] SymFunc idx=64 NameID=24 TypeID=129
  [DEBUG] SymFunc idx=70 NameID=25 TypeID=132
  [DEBUG] SymFunc idx=76 NameID=27 TypeID=134
  [DEBUG] SymFunc idx=81 NameID=29 TypeID=136
  [DEBUG] SymFunc idx=85 NameID=31 TypeID=138
  [DEBUG] SymFunc idx=89 NameID=32 TypeID=140
  [DEBUG] SymFunc idx=93 NameID=13 TypeID=142
  [DEBUG] SymFunc idx=98 NameID=16 TypeID=144
  [DEBUG] SymFunc idx=104 NameID=18 TypeID=146
  [DEBUG] SymFunc idx=110 NameID=21 TypeID=149
  [DEBUG] SymFunc idx=118 NameID=34 TypeID=152
  [DEBUG] SymFunc idx=126 NameID=24 TypeID=155
  [DEBUG] SymFunc idx=134 NameID=36 TypeID=158
  [DEBUG] SymFunc idx=139 NameID=26 TypeID=161
  [DEBUG] SymFunc idx=175 NameID=58 TypeID=163
  [DEBUG] SymFunc idx=178 NameID=59 TypeID=166
  [DEBUG] SymFunc idx=181 NameID=61 TypeID=169
  [DEBUG] SymFunc idx=185 NameID=62 TypeID=172
  [DEBUG] SymFunc idx=189 NameID=63 TypeID=175
  [DEBUG] SymFunc idx=194 NameID=66 TypeID=177
  [DEBUG] SymFunc idx=197 NameID=49 TypeID=181
  [DEBUG] SymFunc idx=201 NameID=68 TypeID=186
  [DEBUG] SymFunc idx=204 NameID=69 TypeID=188
  [DEBUG] SymFunc idx=207 NameID=70 TypeID=190
  [DEBUG] SymFunc idx=211 NameID=71 TypeID=192
  [DEBUG] SymFunc idx=214 NameID=72 TypeID=194
  [DEBUG] SymFunc idx=217 NameID=73 TypeID=198
  [DEBUG] SymFunc idx=221 NameID=74 TypeID=202
  [DEBUG] SymFunc idx=226 NameID=69 TypeID=204
  [DEBUG] SymFunc idx=229 NameID=71 TypeID=206
  [DEBUG] SymFunc idx=233 NameID=69 TypeID=208
  [DEBUG] SymFunc idx=236 NameID=70 TypeID=210
  [DEBUG] SymFunc idx=240 NameID=71 TypeID=212
  [DEBUG] SymFunc idx=243 NameID=76 TypeID=214
  [DEBUG] SymFunc idx=245 NameID=77 TypeID=217
  [DEBUG] SymFunc idx=249 NameID=79 TypeID=220
  [DEBUG] SymFunc idx=252 NameID=80 TypeID=223
  [DEBUG] SymFunc idx=255 NameID=81 TypeID=224
  [DEBUG] SymFunc idx=257 NameID=83 TypeID=225
  [DEBUG] SymFunc idx=260 NameID=86 TypeID=226
  [DEBUG] SymFunc idx=265 NameID=92 TypeID=227
  [DEBUG] SymFunc idx=270 NameID=97 TypeID=228
  [DEBUG] SymFunc idx=275 NameID=102 TypeID=229
  [DEBUG] SymFunc idx=283 NameID=156 TypeID=236
  [DEBUG] SymFunc idx=285 NameID=157 TypeID=238
  [DEBUG] SymFunc idx=289 NameID=158 TypeID=248
  [DEBUG] SymFunc idx=292 NameID=159 TypeID=250
  [DEBUG] SymFunc idx=294 NameID=160 TypeID=251
  [DEBUG] SymFunc idx=296 NameID=161 TypeID=254
  [DEBUG] SymFunc idx=299 NameID=162 TypeID=257
  [DEBUG] SymFunc idx=301 NameID=163 TypeID=277
  [DEBUG] SymFunc idx=304 NameID=164 TypeID=280
[DEBUG] CastExpr child expr nodeIdx=1181 Kind=IntLit Type=3
[DEBUG] NodeCastExpr nodeIdx=1182 targetNodeIdx=1183 Kind=TypeExpr Payload=2 targetType=3
[DEBUG] CastExpr child expr nodeIdx=1184 Kind=IntLit Type=3
[DEBUG] NodeCastExpr nodeIdx=1185 targetNodeIdx=1186 Kind=TypeExpr Payload=2 targetType=3
[DEBUG-FIELD] FieldExpr nodeIdx=1195 objType=107 fieldNameID=59
[DEBUG-FIELD] objType resolved to entry.Kind=1 structType=107 NameID=154 genericArgs=[]
[DEBUG-FIELD] struct fields count=1 genericParams=[]
[DEBUG-FIELD]   checking field NameID=38 field.TypeID=3
[DEBUG-FIELD] FieldExpr nodeIdx=1202 objType=107 fieldNameID=63
[DEBUG-FIELD] objType resolved to entry.Kind=1 structType=107 NameID=154 genericArgs=[]
[DEBUG-FIELD] struct fields count=1 genericParams=[]
[DEBUG-FIELD]   checking field NameID=38 field.TypeID=3
[DEBUG] CastExpr child expr nodeIdx=1205 Kind=IntLit Type=3
[DEBUG] NodeCastExpr nodeIdx=1206 targetNodeIdx=1207 Kind=TypeExpr Payload=2 targetType=3
[DEBUG] CastExpr child expr nodeIdx=1208 Kind=IntLit Type=3
[DEBUG] NodeCastExpr nodeIdx=1209 targetNodeIdx=1210 Kind=TypeExpr Payload=2 targetType=3
[DEBUG-FIELD] FieldExpr nodeIdx=1219 objType=107 fieldNameID=59
[DEBUG-FIELD] objType resolved to entry.Kind=1 structType=107 NameID=154 genericArgs=[]
[DEBUG-FIELD] struct fields count=1 genericParams=[]
[DEBUG-FIELD]   checking field NameID=38 field.TypeID=3
[DEBUG-INDEX] Instantiating generic collection: collectionName=mutex_new typeArgs=[i32] (hasGenericParam=false)
[DEBUG] StructDecl typeID=285 append field NameID=38 TypeID=3
[DEBUG] Inference NodeGenericType (User-Defined): base='Atomic' typeArgs=[bool] instTypeID=104
[DEBUG] StructDecl typeID=285 append field NameID=40 TypeID=104
[DEBUG] Inference NodeGenericType (User-Defined): base='Mutex' typeArgs=[i32] instTypeID=285
[DEBUG] Inference NodeGenericType (User-Defined): base='Mutex' typeArgs=[i32] instTypeID=285
[DEBUG-INDEX] Instantiating generic collection: collectionName=Mutex typeArgs=[i32] (hasGenericParam=false)
[DEBUG-INDEX] Instantiating generic collection: collectionName=atomic_new typeArgs=[bool] (hasGenericParam=false)
[DEBUG] CastExpr child expr nodeIdx=1234 Kind=IntLit Type=3
[DEBUG] NodeCastExpr nodeIdx=1235 targetNodeIdx=1236 Kind=TypeExpr Payload=2 targetType=3
[DEBUG-FIELD] FieldExpr nodeIdx=1239 objType=285 fieldNameID=49
[DEBUG-FIELD] objType resolved to entry.Kind=1 structType=285 NameID=166 genericArgs=[]
[DEBUG-FIELD] struct fields count=2 genericParams=[]
[DEBUG-FIELD]   checking field NameID=38 field.TypeID=3
[DEBUG-FIELD]   checking field NameID=40 field.TypeID=104
[DEBUG] getMethodsOfStruct called for struct 285
  [DEBUG] SymFunc idx=38 NameID=9 TypeID=115
  [DEBUG] SymFunc idx=41 NameID=12 TypeID=117
  [DEBUG] SymFunc idx=44 NameID=13 TypeID=119
  [DEBUG] SymFunc idx=48 NameID=16 TypeID=121
  [DEBUG] SymFunc idx=53 NameID=18 TypeID=123
  [DEBUG] SymFunc idx=58 NameID=21 TypeID=126
  [DEBUG] SymFunc idx=64 NameID=24 TypeID=129
  [DEBUG] SymFunc idx=70 NameID=25 TypeID=132
  [DEBUG] SymFunc idx=76 NameID=27 TypeID=134
  [DEBUG] SymFunc idx=81 NameID=29 TypeID=136
  [DEBUG] SymFunc idx=85 NameID=31 TypeID=138
  [DEBUG] SymFunc idx=89 NameID=32 TypeID=140
  [DEBUG] SymFunc idx=93 NameID=13 TypeID=142
  [DEBUG] SymFunc idx=98 NameID=16 TypeID=144
  [DEBUG] SymFunc idx=104 NameID=18 TypeID=146
  [DEBUG] SymFunc idx=110 NameID=21 TypeID=149
  [DEBUG] SymFunc idx=118 NameID=34 TypeID=152
  [DEBUG] SymFunc idx=126 NameID=24 TypeID=155
  [DEBUG] SymFunc idx=134 NameID=36 TypeID=158
  [DEBUG] SymFunc idx=139 NameID=26 TypeID=161
  [DEBUG] SymFunc idx=175 NameID=58 TypeID=163
  [DEBUG] SymFunc idx=178 NameID=59 TypeID=166
  [DEBUG] SymFunc idx=181 NameID=61 TypeID=169
  [DEBUG] SymFunc idx=185 NameID=62 TypeID=172
  [DEBUG] SymFunc idx=189 NameID=63 TypeID=175
  [DEBUG] SymFunc idx=194 NameID=66 TypeID=177
  [DEBUG] SymFunc idx=197 NameID=49 TypeID=181
  [DEBUG] SymFunc idx=201 NameID=68 TypeID=186
  [DEBUG] SymFunc idx=204 NameID=69 TypeID=188
  [DEBUG] SymFunc idx=207 NameID=70 TypeID=190
  [DEBUG] SymFunc idx=211 NameID=71 TypeID=192
  [DEBUG] SymFunc idx=214 NameID=72 TypeID=194
  [DEBUG] SymFunc idx=217 NameID=73 TypeID=198
  [DEBUG] SymFunc idx=221 NameID=74 TypeID=202
  [DEBUG] SymFunc idx=226 NameID=69 TypeID=204
  [DEBUG] SymFunc idx=229 NameID=71 TypeID=206
  [DEBUG] SymFunc idx=233 NameID=69 TypeID=208
  [DEBUG] SymFunc idx=236 NameID=70 TypeID=210
  [DEBUG] SymFunc idx=240 NameID=71 TypeID=212
  [DEBUG] SymFunc idx=243 NameID=76 TypeID=214
  [DEBUG] SymFunc idx=245 NameID=77 TypeID=217
  [DEBUG] SymFunc idx=249 NameID=79 TypeID=220
  [DEBUG] SymFunc idx=252 NameID=80 TypeID=223
  [DEBUG] SymFunc idx=255 NameID=81 TypeID=224
  [DEBUG] SymFunc idx=257 NameID=83 TypeID=225
  [DEBUG] SymFunc idx=260 NameID=86 TypeID=226
  [DEBUG] SymFunc idx=265 NameID=92 TypeID=227
  [DEBUG] SymFunc idx=270 NameID=97 TypeID=228
  [DEBUG] SymFunc idx=275 NameID=102 TypeID=229
  [DEBUG] SymFunc idx=283 NameID=156 TypeID=236
  [DEBUG] SymFunc idx=285 NameID=157 TypeID=238
  [DEBUG] SymFunc idx=289 NameID=158 TypeID=248
  [DEBUG] SymFunc idx=292 NameID=159 TypeID=250
  [DEBUG] SymFunc idx=294 NameID=160 TypeID=251
  [DEBUG] SymFunc idx=296 NameID=161 TypeID=254
  [DEBUG] SymFunc idx=299 NameID=162 TypeID=257
  [DEBUG] SymFunc idx=301 NameID=163 TypeID=277
  [DEBUG] SymFunc idx=304 NameID=164 TypeID=280
  [DEBUG] SymFunc idx=308 NameID=165 TypeID=286
[DEBUG-OVERLOAD] methodName=lock baseName=Mutex recParam=178 kind=8 nameID=39 recStructName=Mutex
[DEBUG] Instantiating generic method template: lock for typeArgs [i32]. structName=_AX_std_Mutex_i32
[DEBUG] Inference NodeGenericType (User-Defined): base='Mutex' typeArgs=[i32] instTypeID=285
[DEBUG] Inference NodeGenericType: base='ptr' argNodeIdx=1631 innerTypeID=285 resultType=287
[DEBUG] Inference NodeGenericType (User-Defined): base='Mutex' typeArgs=[i32] instTypeID=285
[DEBUG] Inference NodeGenericType: base='ptr' argNodeIdx=1664 innerTypeID=285 resultType=287
[DEBUG] StructDecl typeID=288 append field NameID=42 TypeID=287
[DEBUG] Inference NodeGenericType (User-Defined): base='MutexGuard' typeArgs=[i32] instTypeID=288
[DEBUG] Inference NodeGenericType (User-Defined): base='MutexGuard' typeArgs=[i32] instTypeID=288
[DEBUG-FIELD] FieldExpr nodeIdx=1642 objType=287 fieldNameID=40
[DEBUG-FIELD] objType resolved to entry.Kind=1 structType=285 NameID=166 genericArgs=[]
[DEBUG-FIELD] struct fields count=2 genericParams=[]
[DEBUG-FIELD]   checking field NameID=38 field.TypeID=3
[DEBUG-FIELD]   checking field NameID=40 field.TypeID=104
[DEBUG-FIELD]   found field fieldType=104 resultType=104
[DEBUG-FIELD] FieldExpr nodeIdx=1641 objType=104 fieldNameID=63
[DEBUG-FIELD] objType resolved to entry.Kind=1 structType=104 NameID=153 genericArgs=[]
[DEBUG-FIELD] struct fields count=1 genericParams=[]
[DEBUG-FIELD]   checking field NameID=38 field.TypeID=11
[DEBUG] getMethodsOfStruct called for struct 104
  [DEBUG] SymFunc idx=38 NameID=9 TypeID=115
  [DEBUG] SymFunc idx=41 NameID=12 TypeID=117
  [DEBUG] SymFunc idx=44 NameID=13 TypeID=119
  [DEBUG] SymFunc idx=48 NameID=16 TypeID=121
  [DEBUG] SymFunc idx=53 NameID=18 TypeID=123
  [DEBUG] SymFunc idx=58 NameID=21 TypeID=126
  [DEBUG] SymFunc idx=64 NameID=24 TypeID=129
  [DEBUG] SymFunc idx=70 NameID=25 TypeID=132
  [DEBUG] SymFunc idx=76 NameID=27 TypeID=134
  [DEBUG] SymFunc idx=81 NameID=29 TypeID=136
  [DEBUG] SymFunc idx=85 NameID=31 TypeID=138
  [DEBUG] SymFunc idx=89 NameID=32 TypeID=140
  [DEBUG] SymFunc idx=93 NameID=13 TypeID=142
  [DEBUG] SymFunc idx=98 NameID=16 TypeID=144
  [DEBUG] SymFunc idx=104 NameID=18 TypeID=146
  [DEBUG] SymFunc idx=110 NameID=21 TypeID=149
  [DEBUG] SymFunc idx=118 NameID=34 TypeID=152
  [DEBUG] SymFunc idx=126 NameID=24 TypeID=155
  [DEBUG] SymFunc idx=134 NameID=36 TypeID=158
  [DEBUG] SymFunc idx=139 NameID=26 TypeID=161
  [DEBUG] SymFunc idx=175 NameID=58 TypeID=163
  [DEBUG] SymFunc idx=178 NameID=59 TypeID=166
  [DEBUG] SymFunc idx=181 NameID=61 TypeID=169
  [DEBUG] SymFunc idx=185 NameID=62 TypeID=172
  [DEBUG] SymFunc idx=189 NameID=63 TypeID=175
  [DEBUG] SymFunc idx=194 NameID=66 TypeID=177
  [DEBUG] SymFunc idx=197 NameID=49 TypeID=181
  [DEBUG] SymFunc idx=201 NameID=68 TypeID=186
  [DEBUG] SymFunc idx=204 NameID=69 TypeID=188
  [DEBUG] SymFunc idx=207 NameID=70 TypeID=190
  [DEBUG] SymFunc idx=211 NameID=71 TypeID=192
  [DEBUG] SymFunc idx=214 NameID=72 TypeID=194
  [DEBUG] SymFunc idx=217 NameID=73 TypeID=198
  [DEBUG] SymFunc idx=221 NameID=74 TypeID=202
  [DEBUG] SymFunc idx=226 NameID=69 TypeID=204
  [DEBUG] SymFunc idx=229 NameID=71 TypeID=206
  [DEBUG] SymFunc idx=233 NameID=69 TypeID=208
  [DEBUG] SymFunc idx=236 NameID=70 TypeID=210
  [DEBUG] SymFunc idx=240 NameID=71 TypeID=212
  [DEBUG] SymFunc idx=243 NameID=76 TypeID=214
  [DEBUG] SymFunc idx=245 NameID=77 TypeID=217
  [DEBUG] SymFunc idx=249 NameID=79 TypeID=220
  [DEBUG] SymFunc idx=252 NameID=80 TypeID=223
  [DEBUG] SymFunc idx=255 NameID=81 TypeID=224
  [DEBUG] SymFunc idx=257 NameID=83 TypeID=225
  [DEBUG] SymFunc idx=260 NameID=86 TypeID=226
  [DEBUG] SymFunc idx=265 NameID=92 TypeID=227
  [DEBUG] SymFunc idx=270 NameID=97 TypeID=228
  [DEBUG] SymFunc idx=275 NameID=102 TypeID=229
  [DEBUG] SymFunc idx=283 NameID=156 TypeID=236
  [DEBUG] SymFunc idx=285 NameID=157 TypeID=238
  [DEBUG] SymFunc idx=289 NameID=158 TypeID=248
  [DEBUG] SymFunc idx=292 NameID=159 TypeID=250
  [DEBUG] SymFunc idx=294 NameID=160 TypeID=251
  [DEBUG] SymFunc idx=296 NameID=161 TypeID=254
  [DEBUG] SymFunc idx=299 NameID=162 TypeID=257
  [DEBUG] SymFunc idx=301 NameID=163 TypeID=277
  [DEBUG] SymFunc idx=304 NameID=164 TypeID=280
  [DEBUG] SymFunc idx=308 NameID=165 TypeID=286
  [DEBUG] SymFunc idx=313 NameID=167 TypeID=289
[DEBUG] Inference NodeUnaryExpr: op=2 operandType=11
[DEBUG] Inference NodeUnaryExpr resultType=11
[DEBUG-INDEX] Instantiating generic collection: collectionName=MutexGuard typeArgs=[i32] (hasGenericParam=false)
[DEBUG] getMethodsOfStruct called for struct 104
  [DEBUG] SymFunc idx=38 NameID=9 TypeID=115
  [DEBUG] SymFunc idx=41 NameID=12 TypeID=117
  [DEBUG] SymFunc idx=44 NameID=13 TypeID=119
  [DEBUG] SymFunc idx=48 NameID=16 TypeID=121
  [DEBUG] SymFunc idx=53 NameID=18 TypeID=123
  [DEBUG] SymFunc idx=58 NameID=21 TypeID=126
  [DEBUG] SymFunc idx=64 NameID=24 TypeID=129
  [DEBUG] SymFunc idx=70 NameID=25 TypeID=132
  [DEBUG] SymFunc idx=76 NameID=27 TypeID=134
  [DEBUG] SymFunc idx=81 NameID=29 TypeID=136
  [DEBUG] SymFunc idx=85 NameID=31 TypeID=138
  [DEBUG] SymFunc idx=89 NameID=32 TypeID=140
  [DEBUG] SymFunc idx=93 NameID=13 TypeID=142
  [DEBUG] SymFunc idx=98 NameID=16 TypeID=144
  [DEBUG] SymFunc idx=104 NameID=18 TypeID=146
  [DEBUG] SymFunc idx=110 NameID=21 TypeID=149
  [DEBUG] SymFunc idx=118 NameID=34 TypeID=152
  [DEBUG] SymFunc idx=126 NameID=24 TypeID=155
  [DEBUG] SymFunc idx=134 NameID=36 TypeID=158
  [DEBUG] SymFunc idx=139 NameID=26 TypeID=161
  [DEBUG] SymFunc idx=175 NameID=58 TypeID=163
  [DEBUG] SymFunc idx=178 NameID=59 TypeID=166
  [DEBUG] SymFunc idx=181 NameID=61 TypeID=169
  [DEBUG] SymFunc idx=185 NameID=62 TypeID=172
  [DEBUG] SymFunc idx=189 NameID=63 TypeID=175
  [DEBUG] SymFunc idx=194 NameID=66 TypeID=177
  [DEBUG] SymFunc idx=197 NameID=49 TypeID=181
  [DEBUG] SymFunc idx=201 NameID=68 TypeID=186
  [DEBUG] SymFunc idx=204 NameID=69 TypeID=188
  [DEBUG] SymFunc idx=207 NameID=70 TypeID=190
  [DEBUG] SymFunc idx=211 NameID=71 TypeID=192
  [DEBUG] SymFunc idx=214 NameID=72 TypeID=194
  [DEBUG] SymFunc idx=217 NameID=73 TypeID=198
  [DEBUG] SymFunc idx=221 NameID=74 TypeID=202
  [DEBUG] SymFunc idx=226 NameID=69 TypeID=204
  [DEBUG] SymFunc idx=229 NameID=71 TypeID=206
  [DEBUG] SymFunc idx=233 NameID=69 TypeID=208
  [DEBUG] SymFunc idx=236 NameID=70 TypeID=210
  [DEBUG] SymFunc idx=240 NameID=71 TypeID=212
  [DEBUG] SymFunc idx=243 NameID=76 TypeID=214
  [DEBUG] SymFunc idx=245 NameID=77 TypeID=217
  [DEBUG] SymFunc idx=249 NameID=79 TypeID=220
  [DEBUG] SymFunc idx=252 NameID=80 TypeID=223
  [DEBUG] SymFunc idx=255 NameID=81 TypeID=224
  [DEBUG] SymFunc idx=257 NameID=83 TypeID=225
  [DEBUG] SymFunc idx=260 NameID=86 TypeID=226
  [DEBUG] SymFunc idx=265 NameID=92 TypeID=227
  [DEBUG] SymFunc idx=270 NameID=97 TypeID=228
  [DEBUG] SymFunc idx=275 NameID=102 TypeID=229
  [DEBUG] SymFunc idx=283 NameID=156 TypeID=236
  [DEBUG] SymFunc idx=285 NameID=157 TypeID=238
  [DEBUG] SymFunc idx=289 NameID=158 TypeID=248
  [DEBUG] SymFunc idx=292 NameID=159 TypeID=250
  [DEBUG] SymFunc idx=294 NameID=160 TypeID=251
  [DEBUG] SymFunc idx=296 NameID=161 TypeID=254
  [DEBUG] SymFunc idx=299 NameID=162 TypeID=257
  [DEBUG] SymFunc idx=301 NameID=163 TypeID=277
  [DEBUG] SymFunc idx=304 NameID=164 TypeID=280
  [DEBUG] SymFunc idx=308 NameID=165 TypeID=286
  [DEBUG] SymFunc idx=313 NameID=167 TypeID=289
[DEBUG] Instantiated method lock: instSymIdx=313, errs=[]
[DEBUG] getMethodsOfStruct called for struct 285
  [DEBUG] SymFunc idx=38 NameID=9 TypeID=115
  [DEBUG] SymFunc idx=41 NameID=12 TypeID=117
  [DEBUG] SymFunc idx=44 NameID=13 TypeID=119
  [DEBUG] SymFunc idx=48 NameID=16 TypeID=121
  [DEBUG] SymFunc idx=53 NameID=18 TypeID=123
  [DEBUG] SymFunc idx=58 NameID=21 TypeID=126
  [DEBUG] SymFunc idx=64 NameID=24 TypeID=129
  [DEBUG] SymFunc idx=70 NameID=25 TypeID=132
  [DEBUG] SymFunc idx=76 NameID=27 TypeID=134
  [DEBUG] SymFunc idx=81 NameID=29 TypeID=136
  [DEBUG] SymFunc idx=85 NameID=31 TypeID=138
  [DEBUG] SymFunc idx=89 NameID=32 TypeID=140
  [DEBUG] SymFunc idx=93 NameID=13 TypeID=142
  [DEBUG] SymFunc idx=98 NameID=16 TypeID=144
  [DEBUG] SymFunc idx=104 NameID=18 TypeID=146
  [DEBUG] SymFunc idx=110 NameID=21 TypeID=149
  [DEBUG] SymFunc idx=118 NameID=34 TypeID=152
  [DEBUG] SymFunc idx=126 NameID=24 TypeID=155
  [DEBUG] SymFunc idx=134 NameID=36 TypeID=158
  [DEBUG] SymFunc idx=139 NameID=26 TypeID=161
  [DEBUG] SymFunc idx=175 NameID=58 TypeID=163
  [DEBUG] SymFunc idx=178 NameID=59 TypeID=166
  [DEBUG] SymFunc idx=181 NameID=61 TypeID=169
  [DEBUG] SymFunc idx=185 NameID=62 TypeID=172
  [DEBUG] SymFunc idx=189 NameID=63 TypeID=175
  [DEBUG] SymFunc idx=194 NameID=66 TypeID=177
  [DEBUG] SymFunc idx=197 NameID=49 TypeID=181
  [DEBUG] SymFunc idx=201 NameID=68 TypeID=186
  [DEBUG] SymFunc idx=204 NameID=69 TypeID=188
  [DEBUG] SymFunc idx=207 NameID=70 TypeID=190
  [DEBUG] SymFunc idx=211 NameID=71 TypeID=192
  [DEBUG] SymFunc idx=214 NameID=72 TypeID=194
  [DEBUG] SymFunc idx=217 NameID=73 TypeID=198
  [DEBUG] SymFunc idx=221 NameID=74 TypeID=202
  [DEBUG] SymFunc idx=226 NameID=69 TypeID=204
  [DEBUG] SymFunc idx=229 NameID=71 TypeID=206
  [DEBUG] SymFunc idx=233 NameID=69 TypeID=208
  [DEBUG] SymFunc idx=236 NameID=70 TypeID=210
  [DEBUG] SymFunc idx=240 NameID=71 TypeID=212
  [DEBUG] SymFunc idx=243 NameID=76 TypeID=214
  [DEBUG] SymFunc idx=245 NameID=77 TypeID=217
  [DEBUG] SymFunc idx=249 NameID=79 TypeID=220
  [DEBUG] SymFunc idx=252 NameID=80 TypeID=223
  [DEBUG] SymFunc idx=255 NameID=81 TypeID=224
  [DEBUG] SymFunc idx=257 NameID=83 TypeID=225
  [DEBUG] SymFunc idx=260 NameID=86 TypeID=226
  [DEBUG] SymFunc idx=265 NameID=92 TypeID=227
  [DEBUG] SymFunc idx=270 NameID=97 TypeID=228
  [DEBUG] SymFunc idx=275 NameID=102 TypeID=229
  [DEBUG] SymFunc idx=283 NameID=156 TypeID=236
  [DEBUG] SymFunc idx=285 NameID=157 TypeID=238
  [DEBUG] SymFunc idx=289 NameID=158 TypeID=248
  [DEBUG] SymFunc idx=292 NameID=159 TypeID=250
  [DEBUG] SymFunc idx=294 NameID=160 TypeID=251
  [DEBUG] SymFunc idx=296 NameID=161 TypeID=254
  [DEBUG] SymFunc idx=299 NameID=162 TypeID=257
  [DEBUG] SymFunc idx=301 NameID=163 TypeID=277
  [DEBUG] SymFunc idx=304 NameID=164 TypeID=280
  [DEBUG] SymFunc idx=308 NameID=165 TypeID=286
  [DEBUG] SymFunc idx=313 NameID=167 TypeID=289
[DEBUG-FIELD] FieldExpr nodeIdx=1245 objType=288 fieldNameID=69
[DEBUG-FIELD] objType resolved to entry.Kind=1 structType=288 NameID=168 genericArgs=[]
[DEBUG-FIELD] struct fields count=1 genericParams=[]
[DEBUG-FIELD]   checking field NameID=42 field.TypeID=287
[DEBUG] getMethodsOfStruct called for struct 288
  [DEBUG] SymFunc idx=38 NameID=9 TypeID=115
  [DEBUG] SymFunc idx=41 NameID=12 TypeID=117
  [DEBUG] SymFunc idx=44 NameID=13 TypeID=119
  [DEBUG] SymFunc idx=48 NameID=16 TypeID=121
  [DEBUG] SymFunc idx=53 NameID=18 TypeID=123
  [DEBUG] SymFunc idx=58 NameID=21 TypeID=126
  [DEBUG] SymFunc idx=64 NameID=24 TypeID=129
  [DEBUG] SymFunc idx=70 NameID=25 TypeID=132
  [DEBUG] SymFunc idx=76 NameID=27 TypeID=134
  [DEBUG] SymFunc idx=81 NameID=29 TypeID=136
  [DEBUG] SymFunc idx=85 NameID=31 TypeID=138
  [DEBUG] SymFunc idx=89 NameID=32 TypeID=140
  [DEBUG] SymFunc idx=93 NameID=13 TypeID=142
  [DEBUG] SymFunc idx=98 NameID=16 TypeID=144
  [DEBUG] SymFunc idx=104 NameID=18 TypeID=146
  [DEBUG] SymFunc idx=110 NameID=21 TypeID=149
  [DEBUG] SymFunc idx=118 NameID=34 TypeID=152
  [DEBUG] SymFunc idx=126 NameID=24 TypeID=155
  [DEBUG] SymFunc idx=134 NameID=36 TypeID=158
  [DEBUG] SymFunc idx=139 NameID=26 TypeID=161
  [DEBUG] SymFunc idx=175 NameID=58 TypeID=163
  [DEBUG] SymFunc idx=178 NameID=59 TypeID=166
  [DEBUG] SymFunc idx=181 NameID=61 TypeID=169
  [DEBUG] SymFunc idx=185 NameID=62 TypeID=172
  [DEBUG] SymFunc idx=189 NameID=63 TypeID=175
  [DEBUG] SymFunc idx=194 NameID=66 TypeID=177
  [DEBUG] SymFunc idx=197 NameID=49 TypeID=181
  [DEBUG] SymFunc idx=201 NameID=68 TypeID=186
  [DEBUG] SymFunc idx=204 NameID=69 TypeID=188
  [DEBUG] SymFunc idx=207 NameID=70 TypeID=190
  [DEBUG] SymFunc idx=211 NameID=71 TypeID=192
  [DEBUG] SymFunc idx=214 NameID=72 TypeID=194
  [DEBUG] SymFunc idx=217 NameID=73 TypeID=198
  [DEBUG] SymFunc idx=221 NameID=74 TypeID=202
  [DEBUG] SymFunc idx=226 NameID=69 TypeID=204
  [DEBUG] SymFunc idx=229 NameID=71 TypeID=206
  [DEBUG] SymFunc idx=233 NameID=69 TypeID=208
  [DEBUG] SymFunc idx=236 NameID=70 TypeID=210
  [DEBUG] SymFunc idx=240 NameID=71 TypeID=212
  [DEBUG] SymFunc idx=243 NameID=76 TypeID=214
  [DEBUG] SymFunc idx=245 NameID=77 TypeID=217
  [DEBUG] SymFunc idx=249 NameID=79 TypeID=220
  [DEBUG] SymFunc idx=252 NameID=80 TypeID=223
  [DEBUG] SymFunc idx=255 NameID=81 TypeID=224
  [DEBUG] SymFunc idx=257 NameID=83 TypeID=225
  [DEBUG] SymFunc idx=260 NameID=86 TypeID=226
  [DEBUG] SymFunc idx=265 NameID=92 TypeID=227
  [DEBUG] SymFunc idx=270 NameID=97 TypeID=228
  [DEBUG] SymFunc idx=275 NameID=102 TypeID=229
  [DEBUG] SymFunc idx=283 NameID=156 TypeID=236
  [DEBUG] SymFunc idx=285 NameID=157 TypeID=238
  [DEBUG] SymFunc idx=289 NameID=158 TypeID=248
  [DEBUG] SymFunc idx=292 NameID=159 TypeID=250
  [DEBUG] SymFunc idx=294 NameID=160 TypeID=251
  [DEBUG] SymFunc idx=296 NameID=161 TypeID=254
  [DEBUG] SymFunc idx=299 NameID=162 TypeID=257
  [DEBUG] SymFunc idx=301 NameID=163 TypeID=277
  [DEBUG] SymFunc idx=304 NameID=164 TypeID=280
  [DEBUG] SymFunc idx=308 NameID=165 TypeID=286
  [DEBUG] SymFunc idx=313 NameID=167 TypeID=289
[DEBUG-OVERLOAD] methodName=get baseName=MutexGuard recParam=187 kind=8 nameID=41 recStructName=MutexGuard
[DEBUG] Instantiating generic method template: get for typeArgs [i32]. structName=_AX_std_MutexGuard_i32
[DEBUG] Inference NodeGenericType (User-Defined): base='MutexGuard' typeArgs=[i32] instTypeID=288
[DEBUG-FIELD] FieldExpr nodeIdx=1678 objType=288 fieldNameID=42
[DEBUG-FIELD] objType resolved to entry.Kind=1 structType=288 NameID=168 genericArgs=[]
[DEBUG-FIELD] struct fields count=1 genericParams=[]
[DEBUG-FIELD]   checking field NameID=42 field.TypeID=287
[DEBUG-FIELD]   found field fieldType=287 resultType=287
[DEBUG-FIELD] FieldExpr nodeIdx=1677 objType=287 fieldNameID=38
[DEBUG-FIELD] objType resolved to entry.Kind=1 structType=285 NameID=166 genericArgs=[]
[DEBUG-FIELD] struct fields count=2 genericParams=[]
[DEBUG-FIELD]   checking field NameID=38 field.TypeID=3
[DEBUG-FIELD]   found field fieldType=3 resultType=3
[DEBUG] Instantiated method get: instSymIdx=318, errs=[]
[DEBUG] getMethodsOfStruct called for struct 288
  [DEBUG] SymFunc idx=38 NameID=9 TypeID=115
  [DEBUG] SymFunc idx=41 NameID=12 TypeID=117
  [DEBUG] SymFunc idx=44 NameID=13 TypeID=119
  [DEBUG] SymFunc idx=48 NameID=16 TypeID=121
  [DEBUG] SymFunc idx=53 NameID=18 TypeID=123
  [DEBUG] SymFunc idx=58 NameID=21 TypeID=126
  [DEBUG] SymFunc idx=64 NameID=24 TypeID=129
  [DEBUG] SymFunc idx=70 NameID=25 TypeID=132
  [DEBUG] SymFunc idx=76 NameID=27 TypeID=134
  [DEBUG] SymFunc idx=81 NameID=29 TypeID=136
  [DEBUG] SymFunc idx=85 NameID=31 TypeID=138
  [DEBUG] SymFunc idx=89 NameID=32 TypeID=140
  [DEBUG] SymFunc idx=93 NameID=13 TypeID=142
  [DEBUG] SymFunc idx=98 NameID=16 TypeID=144
  [DEBUG] SymFunc idx=104 NameID=18 TypeID=146
  [DEBUG] SymFunc idx=110 NameID=21 TypeID=149
  [DEBUG] SymFunc idx=118 NameID=34 TypeID=152
  [DEBUG] SymFunc idx=126 NameID=24 TypeID=155
  [DEBUG] SymFunc idx=134 NameID=36 TypeID=158
  [DEBUG] SymFunc idx=139 NameID=26 TypeID=161
  [DEBUG] SymFunc idx=175 NameID=58 TypeID=163
  [DEBUG] SymFunc idx=178 NameID=59 TypeID=166
  [DEBUG] SymFunc idx=181 NameID=61 TypeID=169
  [DEBUG] SymFunc idx=185 NameID=62 TypeID=172
  [DEBUG] SymFunc idx=189 NameID=63 TypeID=175
  [DEBUG] SymFunc idx=194 NameID=66 TypeID=177
  [DEBUG] SymFunc idx=197 NameID=49 TypeID=181
  [DEBUG] SymFunc idx=201 NameID=68 TypeID=186
  [DEBUG] SymFunc idx=204 NameID=69 TypeID=188
  [DEBUG] SymFunc idx=207 NameID=70 TypeID=190
  [DEBUG] SymFunc idx=211 NameID=71 TypeID=192
  [DEBUG] SymFunc idx=214 NameID=72 TypeID=194
  [DEBUG] SymFunc idx=217 NameID=73 TypeID=198
  [DEBUG] SymFunc idx=221 NameID=74 TypeID=202
  [DEBUG] SymFunc idx=226 NameID=69 TypeID=204
  [DEBUG] SymFunc idx=229 NameID=71 TypeID=206
  [DEBUG] SymFunc idx=233 NameID=69 TypeID=208
  [DEBUG] SymFunc idx=236 NameID=70 TypeID=210
  [DEBUG] SymFunc idx=240 NameID=71 TypeID=212
  [DEBUG] SymFunc idx=243 NameID=76 TypeID=214
  [DEBUG] SymFunc idx=245 NameID=77 TypeID=217
  [DEBUG] SymFunc idx=249 NameID=79 TypeID=220
  [DEBUG] SymFunc idx=252 NameID=80 TypeID=223
  [DEBUG] SymFunc idx=255 NameID=81 TypeID=224
  [DEBUG] SymFunc idx=257 NameID=83 TypeID=225
  [DEBUG] SymFunc idx=260 NameID=86 TypeID=226
  [DEBUG] SymFunc idx=265 NameID=92 TypeID=227
  [DEBUG] SymFunc idx=270 NameID=97 TypeID=228
  [DEBUG] SymFunc idx=275 NameID=102 TypeID=229
  [DEBUG] SymFunc idx=283 NameID=156 TypeID=236
  [DEBUG] SymFunc idx=285 NameID=157 TypeID=238
  [DEBUG] SymFunc idx=289 NameID=158 TypeID=248
  [DEBUG] SymFunc idx=292 NameID=159 TypeID=250
  [DEBUG] SymFunc idx=294 NameID=160 TypeID=251
  [DEBUG] SymFunc idx=296 NameID=161 TypeID=254
  [DEBUG] SymFunc idx=299 NameID=162 TypeID=257
  [DEBUG] SymFunc idx=301 NameID=163 TypeID=277
  [DEBUG] SymFunc idx=304 NameID=164 TypeID=280
  [DEBUG] SymFunc idx=308 NameID=165 TypeID=286
  [DEBUG] SymFunc idx=313 NameID=167 TypeID=289
  [DEBUG] SymFunc idx=318 NameID=169 TypeID=292
[DEBUG-FIELD] FieldExpr nodeIdx=1251 objType=288 fieldNameID=70
[DEBUG-FIELD] objType resolved to entry.Kind=1 structType=288 NameID=168 genericArgs=[]
[DEBUG-FIELD] struct fields count=1 genericParams=[]
[DEBUG-FIELD]   checking field NameID=42 field.TypeID=287
[DEBUG-OVERLOAD] methodName=set baseName=MutexGuard recParam=189 kind=8 nameID=41 recStructName=MutexGuard
[DEBUG] Instantiating generic method template: set for typeArgs [i32]. structName=_AX_std_MutexGuard_i32
[DEBUG] Inference NodeGenericType (User-Defined): base='MutexGuard' typeArgs=[i32] instTypeID=288
[DEBUG-FIELD] FieldExpr nodeIdx=1694 objType=288 fieldNameID=42
[DEBUG-FIELD] objType resolved to entry.Kind=1 structType=288 NameID=168 genericArgs=[]
[DEBUG-FIELD] struct fields count=1 genericParams=[]
[DEBUG-FIELD]   checking field NameID=42 field.TypeID=287
[DEBUG-FIELD]   found field fieldType=287 resultType=287
[DEBUG-FIELD] FieldExpr nodeIdx=1693 objType=287 fieldNameID=38
[DEBUG-FIELD] objType resolved to entry.Kind=1 structType=285 NameID=166 genericArgs=[]
[DEBUG-FIELD] struct fields count=2 genericParams=[]
[DEBUG-FIELD]   checking field NameID=38 field.TypeID=3
[DEBUG-FIELD]   found field fieldType=3 resultType=3
[DEBUG] Instantiated method set: instSymIdx=320, errs=[]
[DEBUG] getMethodsOfStruct called for struct 288
  [DEBUG] SymFunc idx=38 NameID=9 TypeID=115
  [DEBUG] SymFunc idx=41 NameID=12 TypeID=117
  [DEBUG] SymFunc idx=44 NameID=13 TypeID=119
  [DEBUG] SymFunc idx=48 NameID=16 TypeID=121
  [DEBUG] SymFunc idx=53 NameID=18 TypeID=123
  [DEBUG] SymFunc idx=58 NameID=21 TypeID=126
  [DEBUG] SymFunc idx=64 NameID=24 TypeID=129
  [DEBUG] SymFunc idx=70 NameID=25 TypeID=132
  [DEBUG] SymFunc idx=76 NameID=27 TypeID=134
  [DEBUG] SymFunc idx=81 NameID=29 TypeID=136
  [DEBUG] SymFunc idx=85 NameID=31 TypeID=138
  [DEBUG] SymFunc idx=89 NameID=32 TypeID=140
  [DEBUG] SymFunc idx=93 NameID=13 TypeID=142
  [DEBUG] SymFunc idx=98 NameID=16 TypeID=144
  [DEBUG] SymFunc idx=104 NameID=18 TypeID=146
  [DEBUG] SymFunc idx=110 NameID=21 TypeID=149
  [DEBUG] SymFunc idx=118 NameID=34 TypeID=152
  [DEBUG] SymFunc idx=126 NameID=24 TypeID=155
  [DEBUG] SymFunc idx=134 NameID=36 TypeID=158
  [DEBUG] SymFunc idx=139 NameID=26 TypeID=161
  [DEBUG] SymFunc idx=175 NameID=58 TypeID=163
  [DEBUG] SymFunc idx=178 NameID=59 TypeID=166
  [DEBUG] SymFunc idx=181 NameID=61 TypeID=169
  [DEBUG] SymFunc idx=185 NameID=62 TypeID=172
  [DEBUG] SymFunc idx=189 NameID=63 TypeID=175
  [DEBUG] SymFunc idx=194 NameID=66 TypeID=177
  [DEBUG] SymFunc idx=197 NameID=49 TypeID=181
  [DEBUG] SymFunc idx=201 NameID=68 TypeID=186
  [DEBUG] SymFunc idx=204 NameID=69 TypeID=188
  [DEBUG] SymFunc idx=207 NameID=70 TypeID=190
  [DEBUG] SymFunc idx=211 NameID=71 TypeID=192
  [DEBUG] SymFunc idx=214 NameID=72 TypeID=194
  [DEBUG] SymFunc idx=217 NameID=73 TypeID=198
  [DEBUG] SymFunc idx=221 NameID=74 TypeID=202
  [DEBUG] SymFunc idx=226 NameID=69 TypeID=204
  [DEBUG] SymFunc idx=229 NameID=71 TypeID=206
  [DEBUG] SymFunc idx=233 NameID=69 TypeID=208
  [DEBUG] SymFunc idx=236 NameID=70 TypeID=210
  [DEBUG] SymFunc idx=240 NameID=71 TypeID=212
  [DEBUG] SymFunc idx=243 NameID=76 TypeID=214
  [DEBUG] SymFunc idx=245 NameID=77 TypeID=217
  [DEBUG] SymFunc idx=249 NameID=79 TypeID=220
  [DEBUG] SymFunc idx=252 NameID=80 TypeID=223
  [DEBUG] SymFunc idx=255 NameID=81 TypeID=224
  [DEBUG] SymFunc idx=257 NameID=83 TypeID=225
  [DEBUG] SymFunc idx=260 NameID=86 TypeID=226
  [DEBUG] SymFunc idx=265 NameID=92 TypeID=227
  [DEBUG] SymFunc idx=270 NameID=97 TypeID=228
  [DEBUG] SymFunc idx=275 NameID=102 TypeID=229
  [DEBUG] SymFunc idx=283 NameID=156 TypeID=236
  [DEBUG] SymFunc idx=285 NameID=157 TypeID=238
  [DEBUG] SymFunc idx=289 NameID=158 TypeID=248
  [DEBUG] SymFunc idx=292 NameID=159 TypeID=250
  [DEBUG] SymFunc idx=294 NameID=160 TypeID=251
  [DEBUG] SymFunc idx=296 NameID=161 TypeID=254
  [DEBUG] SymFunc idx=299 NameID=162 TypeID=257
  [DEBUG] SymFunc idx=301 NameID=163 TypeID=277
  [DEBUG] SymFunc idx=304 NameID=164 TypeID=280
  [DEBUG] SymFunc idx=308 NameID=165 TypeID=286
  [DEBUG] SymFunc idx=313 NameID=167 TypeID=289
  [DEBUG] SymFunc idx=318 NameID=169 TypeID=292
  [DEBUG] SymFunc idx=320 NameID=170 TypeID=294
[DEBUG] CastExpr child expr nodeIdx=1254 Kind=IntLit Type=3
[DEBUG] NodeCastExpr nodeIdx=1255 targetNodeIdx=1256 Kind=TypeExpr Payload=2 targetType=3
[DEBUG-FIELD] FieldExpr nodeIdx=1260 objType=288 fieldNameID=69
[DEBUG-FIELD] objType resolved to entry.Kind=1 structType=288 NameID=168 genericArgs=[]
[DEBUG-FIELD] struct fields count=1 genericParams=[]
[DEBUG-FIELD]   checking field NameID=42 field.TypeID=287
[DEBUG-FIELD] FieldExpr nodeIdx=1266 objType=288 fieldNameID=71
[DEBUG-FIELD] objType resolved to entry.Kind=1 structType=288 NameID=168 genericArgs=[]
[DEBUG-FIELD] struct fields count=1 genericParams=[]
[DEBUG-FIELD]   checking field NameID=42 field.TypeID=287
[DEBUG-OVERLOAD] methodName=unlock baseName=MutexGuard recParam=191 kind=8 nameID=41 recStructName=MutexGuard
[DEBUG] Instantiating generic method template: unlock for typeArgs [i32]. structName=_AX_std_MutexGuard_i32
[DEBUG] Inference NodeGenericType (User-Defined): base='MutexGuard' typeArgs=[i32] instTypeID=288
[DEBUG-FIELD] FieldExpr nodeIdx=1710 objType=288 fieldNameID=42
[DEBUG-FIELD] objType resolved to entry.Kind=1 structType=288 NameID=168 genericArgs=[]
[DEBUG-FIELD] struct fields count=1 genericParams=[]
[DEBUG-FIELD]   checking field NameID=42 field.TypeID=287
[DEBUG-FIELD]   found field fieldType=287 resultType=287
[DEBUG-FIELD] FieldExpr nodeIdx=1709 objType=287 fieldNameID=40
[DEBUG-FIELD] objType resolved to entry.Kind=1 structType=285 NameID=166 genericArgs=[]
[DEBUG-FIELD] struct fields count=2 genericParams=[]
[DEBUG-FIELD]   checking field NameID=38 field.TypeID=3
[DEBUG-FIELD]   checking field NameID=40 field.TypeID=104
[DEBUG-FIELD]   found field fieldType=104 resultType=104
[DEBUG-FIELD] FieldExpr nodeIdx=1708 objType=104 fieldNameID=61
[DEBUG-FIELD] objType resolved to entry.Kind=1 structType=104 NameID=153 genericArgs=[]
[DEBUG-FIELD] struct fields count=1 genericParams=[]
[DEBUG-FIELD]   checking field NameID=38 field.TypeID=11
[DEBUG] getMethodsOfStruct called for struct 104
  [DEBUG] SymFunc idx=38 NameID=9 TypeID=115
  [DEBUG] SymFunc idx=41 NameID=12 TypeID=117
  [DEBUG] SymFunc idx=44 NameID=13 TypeID=119
  [DEBUG] SymFunc idx=48 NameID=16 TypeID=121
  [DEBUG] SymFunc idx=53 NameID=18 TypeID=123
  [DEBUG] SymFunc idx=58 NameID=21 TypeID=126
  [DEBUG] SymFunc idx=64 NameID=24 TypeID=129
  [DEBUG] SymFunc idx=70 NameID=25 TypeID=132
  [DEBUG] SymFunc idx=76 NameID=27 TypeID=134
  [DEBUG] SymFunc idx=81 NameID=29 TypeID=136
  [DEBUG] SymFunc idx=85 NameID=31 TypeID=138
  [DEBUG] SymFunc idx=89 NameID=32 TypeID=140
  [DEBUG] SymFunc idx=93 NameID=13 TypeID=142
  [DEBUG] SymFunc idx=98 NameID=16 TypeID=144
  [DEBUG] SymFunc idx=104 NameID=18 TypeID=146
  [DEBUG] SymFunc idx=110 NameID=21 TypeID=149
  [DEBUG] SymFunc idx=118 NameID=34 TypeID=152
  [DEBUG] SymFunc idx=126 NameID=24 TypeID=155
  [DEBUG] SymFunc idx=134 NameID=36 TypeID=158
  [DEBUG] SymFunc idx=139 NameID=26 TypeID=161
  [DEBUG] SymFunc idx=175 NameID=58 TypeID=163
  [DEBUG] SymFunc idx=178 NameID=59 TypeID=166
  [DEBUG] SymFunc idx=181 NameID=61 TypeID=169
  [DEBUG] SymFunc idx=185 NameID=62 TypeID=172
  [DEBUG] SymFunc idx=189 NameID=63 TypeID=175
  [DEBUG] SymFunc idx=194 NameID=66 TypeID=177
  [DEBUG] SymFunc idx=197 NameID=49 TypeID=181
  [DEBUG] SymFunc idx=201 NameID=68 TypeID=186
  [DEBUG] SymFunc idx=204 NameID=69 TypeID=188
  [DEBUG] SymFunc idx=207 NameID=70 TypeID=190
  [DEBUG] SymFunc idx=211 NameID=71 TypeID=192
  [DEBUG] SymFunc idx=214 NameID=72 TypeID=194
  [DEBUG] SymFunc idx=217 NameID=73 TypeID=198
  [DEBUG] SymFunc idx=221 NameID=74 TypeID=202
  [DEBUG] SymFunc idx=226 NameID=69 TypeID=204
  [DEBUG] SymFunc idx=229 NameID=71 TypeID=206
  [DEBUG] SymFunc idx=233 NameID=69 TypeID=208
  [DEBUG] SymFunc idx=236 NameID=70 TypeID=210
  [DEBUG] SymFunc idx=240 NameID=71 TypeID=212
  [DEBUG] SymFunc idx=243 NameID=76 TypeID=214
  [DEBUG] SymFunc idx=245 NameID=77 TypeID=217
  [DEBUG] SymFunc idx=249 NameID=79 TypeID=220
  [DEBUG] SymFunc idx=252 NameID=80 TypeID=223
  [DEBUG] SymFunc idx=255 NameID=81 TypeID=224
  [DEBUG] SymFunc idx=257 NameID=83 TypeID=225
  [DEBUG] SymFunc idx=260 NameID=86 TypeID=226
  [DEBUG] SymFunc idx=265 NameID=92 TypeID=227
  [DEBUG] SymFunc idx=270 NameID=97 TypeID=228
  [DEBUG] SymFunc idx=275 NameID=102 TypeID=229
  [DEBUG] SymFunc idx=283 NameID=156 TypeID=236
  [DEBUG] SymFunc idx=285 NameID=157 TypeID=238
  [DEBUG] SymFunc idx=289 NameID=158 TypeID=248
  [DEBUG] SymFunc idx=292 NameID=159 TypeID=250
  [DEBUG] SymFunc idx=294 NameID=160 TypeID=251
  [DEBUG] SymFunc idx=296 NameID=161 TypeID=254
  [DEBUG] SymFunc idx=299 NameID=162 TypeID=257
  [DEBUG] SymFunc idx=301 NameID=163 TypeID=277
  [DEBUG] SymFunc idx=304 NameID=164 TypeID=280
  [DEBUG] SymFunc idx=308 NameID=165 TypeID=286
  [DEBUG] SymFunc idx=313 NameID=167 TypeID=289
  [DEBUG] SymFunc idx=318 NameID=169 TypeID=292
  [DEBUG] SymFunc idx=320 NameID=170 TypeID=294
  [DEBUG] SymFunc idx=323 NameID=171 TypeID=297
[DEBUG] getMethodsOfStruct called for struct 104
  [DEBUG] SymFunc idx=38 NameID=9 TypeID=115
  [DEBUG] SymFunc idx=41 NameID=12 TypeID=117
  [DEBUG] SymFunc idx=44 NameID=13 TypeID=119
  [DEBUG] SymFunc idx=48 NameID=16 TypeID=121
  [DEBUG] SymFunc idx=53 NameID=18 TypeID=123
  [DEBUG] SymFunc idx=58 NameID=21 TypeID=126
  [DEBUG] SymFunc idx=64 NameID=24 TypeID=129
  [DEBUG] SymFunc idx=70 NameID=25 TypeID=132
  [DEBUG] SymFunc idx=76 NameID=27 TypeID=134
  [DEBUG] SymFunc idx=81 NameID=29 TypeID=136
  [DEBUG] SymFunc idx=85 NameID=31 TypeID=138
  [DEBUG] SymFunc idx=89 NameID=32 TypeID=140
  [DEBUG] SymFunc idx=93 NameID=13 TypeID=142
  [DEBUG] SymFunc idx=98 NameID=16 TypeID=144
  [DEBUG] SymFunc idx=104 NameID=18 TypeID=146
  [DEBUG] SymFunc idx=110 NameID=21 TypeID=149
  [DEBUG] SymFunc idx=118 NameID=34 TypeID=152
  [DEBUG] SymFunc idx=126 NameID=24 TypeID=155
  [DEBUG] SymFunc idx=134 NameID=36 TypeID=158
  [DEBUG] SymFunc idx=139 NameID=26 TypeID=161
  [DEBUG] SymFunc idx=175 NameID=58 TypeID=163
  [DEBUG] SymFunc idx=178 NameID=59 TypeID=166
  [DEBUG] SymFunc idx=181 NameID=61 TypeID=169
  [DEBUG] SymFunc idx=185 NameID=62 TypeID=172
  [DEBUG] SymFunc idx=189 NameID=63 TypeID=175
  [DEBUG] SymFunc idx=194 NameID=66 TypeID=177
  [DEBUG] SymFunc idx=197 NameID=49 TypeID=181
  [DEBUG] SymFunc idx=201 NameID=68 TypeID=186
  [DEBUG] SymFunc idx=204 NameID=69 TypeID=188
  [DEBUG] SymFunc idx=207 NameID=70 TypeID=190
  [DEBUG] SymFunc idx=211 NameID=71 TypeID=192
  [DEBUG] SymFunc idx=214 NameID=72 TypeID=194
  [DEBUG] SymFunc idx=217 NameID=73 TypeID=198
  [DEBUG] SymFunc idx=221 NameID=74 TypeID=202
  [DEBUG] SymFunc idx=226 NameID=69 TypeID=204
  [DEBUG] SymFunc idx=229 NameID=71 TypeID=206
  [DEBUG] SymFunc idx=233 NameID=69 TypeID=208
  [DEBUG] SymFunc idx=236 NameID=70 TypeID=210
  [DEBUG] SymFunc idx=240 NameID=71 TypeID=212
  [DEBUG] SymFunc idx=243 NameID=76 TypeID=214
  [DEBUG] SymFunc idx=245 NameID=77 TypeID=217
  [DEBUG] SymFunc idx=249 NameID=79 TypeID=220
  [DEBUG] SymFunc idx=252 NameID=80 TypeID=223
  [DEBUG] SymFunc idx=255 NameID=81 TypeID=224
  [DEBUG] SymFunc idx=257 NameID=83 TypeID=225
  [DEBUG] SymFunc idx=260 NameID=86 TypeID=226
  [DEBUG] SymFunc idx=265 NameID=92 TypeID=227
  [DEBUG] SymFunc idx=270 NameID=97 TypeID=228
  [DEBUG] SymFunc idx=275 NameID=102 TypeID=229
  [DEBUG] SymFunc idx=283 NameID=156 TypeID=236
  [DEBUG] SymFunc idx=285 NameID=157 TypeID=238
  [DEBUG] SymFunc idx=289 NameID=158 TypeID=248
  [DEBUG] SymFunc idx=292 NameID=159 TypeID=250
  [DEBUG] SymFunc idx=294 NameID=160 TypeID=251
  [DEBUG] SymFunc idx=296 NameID=161 TypeID=254
  [DEBUG] SymFunc idx=299 NameID=162 TypeID=257
  [DEBUG] SymFunc idx=301 NameID=163 TypeID=277
  [DEBUG] SymFunc idx=304 NameID=164 TypeID=280
  [DEBUG] SymFunc idx=308 NameID=165 TypeID=286
  [DEBUG] SymFunc idx=313 NameID=167 TypeID=289
  [DEBUG] SymFunc idx=318 NameID=169 TypeID=292
  [DEBUG] SymFunc idx=320 NameID=170 TypeID=294
  [DEBUG] SymFunc idx=323 NameID=171 TypeID=297
[DEBUG] Instantiated method unlock: instSymIdx=323, errs=[]
[DEBUG] getMethodsOfStruct called for struct 288
  [DEBUG] SymFunc idx=38 NameID=9 TypeID=115
  [DEBUG] SymFunc idx=41 NameID=12 TypeID=117
  [DEBUG] SymFunc idx=44 NameID=13 TypeID=119
  [DEBUG] SymFunc idx=48 NameID=16 TypeID=121
  [DEBUG] SymFunc idx=53 NameID=18 TypeID=123
  [DEBUG] SymFunc idx=58 NameID=21 TypeID=126
  [DEBUG] SymFunc idx=64 NameID=24 TypeID=129
  [DEBUG] SymFunc idx=70 NameID=25 TypeID=132
  [DEBUG] SymFunc idx=76 NameID=27 TypeID=134
  [DEBUG] SymFunc idx=81 NameID=29 TypeID=136
  [DEBUG] SymFunc idx=85 NameID=31 TypeID=138
  [DEBUG] SymFunc idx=89 NameID=32 TypeID=140
  [DEBUG] SymFunc idx=93 NameID=13 TypeID=142
  [DEBUG] SymFunc idx=98 NameID=16 TypeID=144
  [DEBUG] SymFunc idx=104 NameID=18 TypeID=146
  [DEBUG] SymFunc idx=110 NameID=21 TypeID=149
  [DEBUG] SymFunc idx=118 NameID=34 TypeID=152
  [DEBUG] SymFunc idx=126 NameID=24 TypeID=155
  [DEBUG] SymFunc idx=134 NameID=36 TypeID=158
  [DEBUG] SymFunc idx=139 NameID=26 TypeID=161
  [DEBUG] SymFunc idx=175 NameID=58 TypeID=163
  [DEBUG] SymFunc idx=178 NameID=59 TypeID=166
  [DEBUG] SymFunc idx=181 NameID=61 TypeID=169
  [DEBUG] SymFunc idx=185 NameID=62 TypeID=172
  [DEBUG] SymFunc idx=189 NameID=63 TypeID=175
  [DEBUG] SymFunc idx=194 NameID=66 TypeID=177
  [DEBUG] SymFunc idx=197 NameID=49 TypeID=181
  [DEBUG] SymFunc idx=201 NameID=68 TypeID=186
  [DEBUG] SymFunc idx=204 NameID=69 TypeID=188
  [DEBUG] SymFunc idx=207 NameID=70 TypeID=190
  [DEBUG] SymFunc idx=211 NameID=71 TypeID=192
  [DEBUG] SymFunc idx=214 NameID=72 TypeID=194
  [DEBUG] SymFunc idx=217 NameID=73 TypeID=198
  [DEBUG] SymFunc idx=221 NameID=74 TypeID=202
  [DEBUG] SymFunc idx=226 NameID=69 TypeID=204
  [DEBUG] SymFunc idx=229 NameID=71 TypeID=206
  [DEBUG] SymFunc idx=233 NameID=69 TypeID=208
  [DEBUG] SymFunc idx=236 NameID=70 TypeID=210
  [DEBUG] SymFunc idx=240 NameID=71 TypeID=212
  [DEBUG] SymFunc idx=243 NameID=76 TypeID=214
  [DEBUG] SymFunc idx=245 NameID=77 TypeID=217
  [DEBUG] SymFunc idx=249 NameID=79 TypeID=220
  [DEBUG] SymFunc idx=252 NameID=80 TypeID=223
  [DEBUG] SymFunc idx=255 NameID=81 TypeID=224
  [DEBUG] SymFunc idx=257 NameID=83 TypeID=225
  [DEBUG] SymFunc idx=260 NameID=86 TypeID=226
  [DEBUG] SymFunc idx=265 NameID=92 TypeID=227
  [DEBUG] SymFunc idx=270 NameID=97 TypeID=228
  [DEBUG] SymFunc idx=275 NameID=102 TypeID=229
  [DEBUG] SymFunc idx=283 NameID=156 TypeID=236
  [DEBUG] SymFunc idx=285 NameID=157 TypeID=238
  [DEBUG] SymFunc idx=289 NameID=158 TypeID=248
  [DEBUG] SymFunc idx=292 NameID=159 TypeID=250
  [DEBUG] SymFunc idx=294 NameID=160 TypeID=251
  [DEBUG] SymFunc idx=296 NameID=161 TypeID=254
  [DEBUG] SymFunc idx=299 NameID=162 TypeID=257
  [DEBUG] SymFunc idx=301 NameID=163 TypeID=277
  [DEBUG] SymFunc idx=304 NameID=164 TypeID=280
  [DEBUG] SymFunc idx=308 NameID=165 TypeID=286
  [DEBUG] SymFunc idx=313 NameID=167 TypeID=289
  [DEBUG] SymFunc idx=318 NameID=169 TypeID=292
  [DEBUG] SymFunc idx=320 NameID=170 TypeID=294
  [DEBUG] SymFunc idx=323 NameID=171 TypeID=297
[DEBUG-FIELD] FieldExpr nodeIdx=1271 objType=285 fieldNameID=68
[DEBUG-FIELD] objType resolved to entry.Kind=1 structType=285 NameID=166 genericArgs=[]
[DEBUG-FIELD] struct fields count=2 genericParams=[]
[DEBUG-FIELD]   checking field NameID=38 field.TypeID=3
[DEBUG-FIELD]   checking field NameID=40 field.TypeID=104
[DEBUG] getMethodsOfStruct called for struct 285
  [DEBUG] SymFunc idx=38 NameID=9 TypeID=115
  [DEBUG] SymFunc idx=41 NameID=12 TypeID=117
  [DEBUG] SymFunc idx=44 NameID=13 TypeID=119
  [DEBUG] SymFunc idx=48 NameID=16 TypeID=121
  [DEBUG] SymFunc idx=53 NameID=18 TypeID=123
  [DEBUG] SymFunc idx=58 NameID=21 TypeID=126
  [DEBUG] SymFunc idx=64 NameID=24 TypeID=129
  [DEBUG] SymFunc idx=70 NameID=25 TypeID=132
  [DEBUG] SymFunc idx=76 NameID=27 TypeID=134
  [DEBUG] SymFunc idx=81 NameID=29 TypeID=136
  [DEBUG] SymFunc idx=85 NameID=31 TypeID=138
  [DEBUG] SymFunc idx=89 NameID=32 TypeID=140
  [DEBUG] SymFunc idx=93 NameID=13 TypeID=142
  [DEBUG] SymFunc idx=98 NameID=16 TypeID=144
  [DEBUG] SymFunc idx=104 NameID=18 TypeID=146
  [DEBUG] SymFunc idx=110 NameID=21 TypeID=149
  [DEBUG] SymFunc idx=118 NameID=34 TypeID=152
  [DEBUG] SymFunc idx=126 NameID=24 TypeID=155
  [DEBUG] SymFunc idx=134 NameID=36 TypeID=158
  [DEBUG] SymFunc idx=139 NameID=26 TypeID=161
  [DEBUG] SymFunc idx=175 NameID=58 TypeID=163
  [DEBUG] SymFunc idx=178 NameID=59 TypeID=166
  [DEBUG] SymFunc idx=181 NameID=61 TypeID=169
  [DEBUG] SymFunc idx=185 NameID=62 TypeID=172
  [DEBUG] SymFunc idx=189 NameID=63 TypeID=175
  [DEBUG] SymFunc idx=194 NameID=66 TypeID=177
  [DEBUG] SymFunc idx=197 NameID=49 TypeID=181
  [DEBUG] SymFunc idx=201 NameID=68 TypeID=186
  [DEBUG] SymFunc idx=204 NameID=69 TypeID=188
  [DEBUG] SymFunc idx=207 NameID=70 TypeID=190
  [DEBUG] SymFunc idx=211 NameID=71 TypeID=192
  [DEBUG] SymFunc idx=214 NameID=72 TypeID=194
  [DEBUG] SymFunc idx=217 NameID=73 TypeID=198
  [DEBUG] SymFunc idx=221 NameID=74 TypeID=202
  [DEBUG] SymFunc idx=226 NameID=69 TypeID=204
  [DEBUG] SymFunc idx=229 NameID=71 TypeID=206
  [DEBUG] SymFunc idx=233 NameID=69 TypeID=208
  [DEBUG] SymFunc idx=236 NameID=70 TypeID=210
  [DEBUG] SymFunc idx=240 NameID=71 TypeID=212
  [DEBUG] SymFunc idx=243 NameID=76 TypeID=214
  [DEBUG] SymFunc idx=245 NameID=77 TypeID=217
  [DEBUG] SymFunc idx=249 NameID=79 TypeID=220
  [DEBUG] SymFunc idx=252 NameID=80 TypeID=223
  [DEBUG] SymFunc idx=255 NameID=81 TypeID=224
  [DEBUG] SymFunc idx=257 NameID=83 TypeID=225
  [DEBUG] SymFunc idx=260 NameID=86 TypeID=226
  [DEBUG] SymFunc idx=265 NameID=92 TypeID=227
  [DEBUG] SymFunc idx=270 NameID=97 TypeID=228
  [DEBUG] SymFunc idx=275 NameID=102 TypeID=229
  [DEBUG] SymFunc idx=283 NameID=156 TypeID=236
  [DEBUG] SymFunc idx=285 NameID=157 TypeID=238
  [DEBUG] SymFunc idx=289 NameID=158 TypeID=248
  [DEBUG] SymFunc idx=292 NameID=159 TypeID=250
  [DEBUG] SymFunc idx=294 NameID=160 TypeID=251
  [DEBUG] SymFunc idx=296 NameID=161 TypeID=254
  [DEBUG] SymFunc idx=299 NameID=162 TypeID=257
  [DEBUG] SymFunc idx=301 NameID=163 TypeID=277
  [DEBUG] SymFunc idx=304 NameID=164 TypeID=280
  [DEBUG] SymFunc idx=308 NameID=165 TypeID=286
  [DEBUG] SymFunc idx=313 NameID=167 TypeID=289
  [DEBUG] SymFunc idx=318 NameID=169 TypeID=292
  [DEBUG] SymFunc idx=320 NameID=170 TypeID=294
  [DEBUG] SymFunc idx=323 NameID=171 TypeID=297
[DEBUG-OVERLOAD] methodName=try_lock baseName=Mutex recParam=182 kind=8 nameID=39 recStructName=Mutex
[DEBUG] Instantiating generic method template: try_lock for typeArgs [i32]. structName=_AX_std_Mutex_i32
[DEBUG] Inference NodeGenericType (User-Defined): base='Mutex' typeArgs=[i32] instTypeID=285
[DEBUG] Inference NodeGenericType: base='ptr' argNodeIdx=1722 innerTypeID=285 resultType=287
[DEBUG] Inference NodeGenericType (User-Defined): base='MutexGuard' typeArgs=[i32] instTypeID=288
[DEBUG] Inference NodeGenericType (User-Defined): base='Option' typeArgs=[type] instTypeID=300
[DEBUG] Inference NodeGenericType (User-Defined): base='MutexGuard' typeArgs=[i32] instTypeID=288
[DEBUG] Inference NodeGenericType (User-Defined): base='Option' typeArgs=[type] instTypeID=300
[DEBUG-FIELD] FieldExpr nodeIdx=1734 objType=287 fieldNameID=40
[DEBUG-FIELD] objType resolved to entry.Kind=1 structType=285 NameID=166 genericArgs=[]
[DEBUG-FIELD] struct fields count=2 genericParams=[]
[DEBUG-FIELD]   checking field NameID=38 field.TypeID=3
[DEBUG-FIELD]   checking field NameID=40 field.TypeID=104
[DEBUG-FIELD]   found field fieldType=104 resultType=104
[DEBUG-FIELD] FieldExpr nodeIdx=1733 objType=104 fieldNameID=63
[DEBUG-FIELD] objType resolved to entry.Kind=1 structType=104 NameID=153 genericArgs=[]
[DEBUG-FIELD] struct fields count=1 genericParams=[]
[DEBUG-FIELD]   checking field NameID=38 field.TypeID=11
[DEBUG] getMethodsOfStruct called for struct 104
  [DEBUG] SymFunc idx=38 NameID=9 TypeID=115
  [DEBUG] SymFunc idx=41 NameID=12 TypeID=117
  [DEBUG] SymFunc idx=44 NameID=13 TypeID=119
  [DEBUG] SymFunc idx=48 NameID=16 TypeID=121
  [DEBUG] SymFunc idx=53 NameID=18 TypeID=123
  [DEBUG] SymFunc idx=58 NameID=21 TypeID=126
  [DEBUG] SymFunc idx=64 NameID=24 TypeID=129
  [DEBUG] SymFunc idx=70 NameID=25 TypeID=132
  [DEBUG] SymFunc idx=76 NameID=27 TypeID=134
  [DEBUG] SymFunc idx=81 NameID=29 TypeID=136
  [DEBUG] SymFunc idx=85 NameID=31 TypeID=138
  [DEBUG] SymFunc idx=89 NameID=32 TypeID=140
  [DEBUG] SymFunc idx=93 NameID=13 TypeID=142
  [DEBUG] SymFunc idx=98 NameID=16 TypeID=144
  [DEBUG] SymFunc idx=104 NameID=18 TypeID=146
  [DEBUG] SymFunc idx=110 NameID=21 TypeID=149
  [DEBUG] SymFunc idx=118 NameID=34 TypeID=152
  [DEBUG] SymFunc idx=126 NameID=24 TypeID=155
  [DEBUG] SymFunc idx=134 NameID=36 TypeID=158
  [DEBUG] SymFunc idx=139 NameID=26 TypeID=161
  [DEBUG] SymFunc idx=175 NameID=58 TypeID=163
  [DEBUG] SymFunc idx=178 NameID=59 TypeID=166
  [DEBUG] SymFunc idx=181 NameID=61 TypeID=169
  [DEBUG] SymFunc idx=185 NameID=62 TypeID=172
  [DEBUG] SymFunc idx=189 NameID=63 TypeID=175
  [DEBUG] SymFunc idx=194 NameID=66 TypeID=177
  [DEBUG] SymFunc idx=197 NameID=49 TypeID=181
  [DEBUG] SymFunc idx=201 NameID=68 TypeID=186
  [DEBUG] SymFunc idx=204 NameID=69 TypeID=188
  [DEBUG] SymFunc idx=207 NameID=70 TypeID=190
  [DEBUG] SymFunc idx=211 NameID=71 TypeID=192
  [DEBUG] SymFunc idx=214 NameID=72 TypeID=194
  [DEBUG] SymFunc idx=217 NameID=73 TypeID=198
  [DEBUG] SymFunc idx=221 NameID=74 TypeID=202
  [DEBUG] SymFunc idx=226 NameID=69 TypeID=204
  [DEBUG] SymFunc idx=229 NameID=71 TypeID=206
  [DEBUG] SymFunc idx=233 NameID=69 TypeID=208
  [DEBUG] SymFunc idx=236 NameID=70 TypeID=210
  [DEBUG] SymFunc idx=240 NameID=71 TypeID=212
  [DEBUG] SymFunc idx=243 NameID=76 TypeID=214
  [DEBUG] SymFunc idx=245 NameID=77 TypeID=217
  [DEBUG] SymFunc idx=249 NameID=79 TypeID=220
  [DEBUG] SymFunc idx=252 NameID=80 TypeID=223
  [DEBUG] SymFunc idx=255 NameID=81 TypeID=224
  [DEBUG] SymFunc idx=257 NameID=83 TypeID=225
  [DEBUG] SymFunc idx=260 NameID=86 TypeID=226
  [DEBUG] SymFunc idx=265 NameID=92 TypeID=227
  [DEBUG] SymFunc idx=270 NameID=97 TypeID=228
  [DEBUG] SymFunc idx=275 NameID=102 TypeID=229
  [DEBUG] SymFunc idx=283 NameID=156 TypeID=236
  [DEBUG] SymFunc idx=285 NameID=157 TypeID=238
  [DEBUG] SymFunc idx=289 NameID=158 TypeID=248
  [DEBUG] SymFunc idx=292 NameID=159 TypeID=250
  [DEBUG] SymFunc idx=294 NameID=160 TypeID=251
  [DEBUG] SymFunc idx=296 NameID=161 TypeID=254
  [DEBUG] SymFunc idx=299 NameID=162 TypeID=257
  [DEBUG] SymFunc idx=301 NameID=163 TypeID=277
  [DEBUG] SymFunc idx=304 NameID=164 TypeID=280
  [DEBUG] SymFunc idx=308 NameID=165 TypeID=286
  [DEBUG] SymFunc idx=313 NameID=167 TypeID=289
  [DEBUG] SymFunc idx=318 NameID=169 TypeID=292
  [DEBUG] SymFunc idx=320 NameID=170 TypeID=294
  [DEBUG] SymFunc idx=323 NameID=171 TypeID=297
  [DEBUG] SymFunc idx=325 NameID=172 TypeID=301
[DEBUG-INDEX] Instantiating generic collection: collectionName=MutexGuard typeArgs=[i32] (hasGenericParam=false)
[DEBUG] getMethodsOfStruct called for struct 104
  [DEBUG] SymFunc idx=38 NameID=9 TypeID=115
  [DEBUG] SymFunc idx=41 NameID=12 TypeID=117
  [DEBUG] SymFunc idx=44 NameID=13 TypeID=119
  [DEBUG] SymFunc idx=48 NameID=16 TypeID=121
  [DEBUG] SymFunc idx=53 NameID=18 TypeID=123
  [DEBUG] SymFunc idx=58 NameID=21 TypeID=126
  [DEBUG] SymFunc idx=64 NameID=24 TypeID=129
  [DEBUG] SymFunc idx=70 NameID=25 TypeID=132
  [DEBUG] SymFunc idx=76 NameID=27 TypeID=134
  [DEBUG] SymFunc idx=81 NameID=29 TypeID=136
  [DEBUG] SymFunc idx=85 NameID=31 TypeID=138
  [DEBUG] SymFunc idx=89 NameID=32 TypeID=140
  [DEBUG] SymFunc idx=93 NameID=13 TypeID=142
  [DEBUG] SymFunc idx=98 NameID=16 TypeID=144
  [DEBUG] SymFunc idx=104 NameID=18 TypeID=146
  [DEBUG] SymFunc idx=110 NameID=21 TypeID=149
  [DEBUG] SymFunc idx=118 NameID=34 TypeID=152
  [DEBUG] SymFunc idx=126 NameID=24 TypeID=155
  [DEBUG] SymFunc idx=134 NameID=36 TypeID=158
  [DEBUG] SymFunc idx=139 NameID=26 TypeID=161
  [DEBUG] SymFunc idx=175 NameID=58 TypeID=163
  [DEBUG] SymFunc idx=178 NameID=59 TypeID=166
  [DEBUG] SymFunc idx=181 NameID=61 TypeID=169
  [DEBUG] SymFunc idx=185 NameID=62 TypeID=172
  [DEBUG] SymFunc idx=189 NameID=63 TypeID=175
  [DEBUG] SymFunc idx=194 NameID=66 TypeID=177
  [DEBUG] SymFunc idx=197 NameID=49 TypeID=181
  [DEBUG] SymFunc idx=201 NameID=68 TypeID=186
  [DEBUG] SymFunc idx=204 NameID=69 TypeID=188
  [DEBUG] SymFunc idx=207 NameID=70 TypeID=190
  [DEBUG] SymFunc idx=211 NameID=71 TypeID=192
  [DEBUG] SymFunc idx=214 NameID=72 TypeID=194
  [DEBUG] SymFunc idx=217 NameID=73 TypeID=198
  [DEBUG] SymFunc idx=221 NameID=74 TypeID=202
  [DEBUG] SymFunc idx=226 NameID=69 TypeID=204
  [DEBUG] SymFunc idx=229 NameID=71 TypeID=206
  [DEBUG] SymFunc idx=233 NameID=69 TypeID=208
  [DEBUG] SymFunc idx=236 NameID=70 TypeID=210
  [DEBUG] SymFunc idx=240 NameID=71 TypeID=212
  [DEBUG] SymFunc idx=243 NameID=76 TypeID=214
  [DEBUG] SymFunc idx=245 NameID=77 TypeID=217
  [DEBUG] SymFunc idx=249 NameID=79 TypeID=220
  [DEBUG] SymFunc idx=252 NameID=80 TypeID=223
  [DEBUG] SymFunc idx=255 NameID=81 TypeID=224
  [DEBUG] SymFunc idx=257 NameID=83 TypeID=225
  [DEBUG] SymFunc idx=260 NameID=86 TypeID=226
  [DEBUG] SymFunc idx=265 NameID=92 TypeID=227
  [DEBUG] SymFunc idx=270 NameID=97 TypeID=228
  [DEBUG] SymFunc idx=275 NameID=102 TypeID=229
  [DEBUG] SymFunc idx=283 NameID=156 TypeID=236
  [DEBUG] SymFunc idx=285 NameID=157 TypeID=238
  [DEBUG] SymFunc idx=289 NameID=158 TypeID=248
  [DEBUG] SymFunc idx=292 NameID=159 TypeID=250
  [DEBUG] SymFunc idx=294 NameID=160 TypeID=251
  [DEBUG] SymFunc idx=296 NameID=161 TypeID=254
  [DEBUG] SymFunc idx=299 NameID=162 TypeID=257
  [DEBUG] SymFunc idx=301 NameID=163 TypeID=277
  [DEBUG] SymFunc idx=304 NameID=164 TypeID=280
  [DEBUG] SymFunc idx=308 NameID=165 TypeID=286
  [DEBUG] SymFunc idx=313 NameID=167 TypeID=289
  [DEBUG] SymFunc idx=318 NameID=169 TypeID=292
  [DEBUG] SymFunc idx=320 NameID=170 TypeID=294
  [DEBUG] SymFunc idx=323 NameID=171 TypeID=297
  [DEBUG] SymFunc idx=325 NameID=172 TypeID=301
[DEBUG] Instantiated method try_lock: instSymIdx=325, errs=[]
[DEBUG] getMethodsOfStruct called for struct 285
  [DEBUG] SymFunc idx=38 NameID=9 TypeID=115
  [DEBUG] SymFunc idx=41 NameID=12 TypeID=117
  [DEBUG] SymFunc idx=44 NameID=13 TypeID=119
  [DEBUG] SymFunc idx=48 NameID=16 TypeID=121
  [DEBUG] SymFunc idx=53 NameID=18 TypeID=123
  [DEBUG] SymFunc idx=58 NameID=21 TypeID=126
  [DEBUG] SymFunc idx=64 NameID=24 TypeID=129
  [DEBUG] SymFunc idx=70 NameID=25 TypeID=132
  [DEBUG] SymFunc idx=76 NameID=27 TypeID=134
  [DEBUG] SymFunc idx=81 NameID=29 TypeID=136
  [DEBUG] SymFunc idx=85 NameID=31 TypeID=138
  [DEBUG] SymFunc idx=89 NameID=32 TypeID=140
  [DEBUG] SymFunc idx=93 NameID=13 TypeID=142
  [DEBUG] SymFunc idx=98 NameID=16 TypeID=144
  [DEBUG] SymFunc idx=104 NameID=18 TypeID=146
  [DEBUG] SymFunc idx=110 NameID=21 TypeID=149
  [DEBUG] SymFunc idx=118 NameID=34 TypeID=152
  [DEBUG] SymFunc idx=126 NameID=24 TypeID=155
  [DEBUG] SymFunc idx=134 NameID=36 TypeID=158
  [DEBUG] SymFunc idx=139 NameID=26 TypeID=161
  [DEBUG] SymFunc idx=175 NameID=58 TypeID=163
  [DEBUG] SymFunc idx=178 NameID=59 TypeID=166
  [DEBUG] SymFunc idx=181 NameID=61 TypeID=169
  [DEBUG] SymFunc idx=185 NameID=62 TypeID=172
  [DEBUG] SymFunc idx=189 NameID=63 TypeID=175
  [DEBUG] SymFunc idx=194 NameID=66 TypeID=177
  [DEBUG] SymFunc idx=197 NameID=49 TypeID=181
  [DEBUG] SymFunc idx=201 NameID=68 TypeID=186
  [DEBUG] SymFunc idx=204 NameID=69 TypeID=188
  [DEBUG] SymFunc idx=207 NameID=70 TypeID=190
  [DEBUG] SymFunc idx=211 NameID=71 TypeID=192
  [DEBUG] SymFunc idx=214 NameID=72 TypeID=194
  [DEBUG] SymFunc idx=217 NameID=73 TypeID=198
  [DEBUG] SymFunc idx=221 NameID=74 TypeID=202
  [DEBUG] SymFunc idx=226 NameID=69 TypeID=204
  [DEBUG] SymFunc idx=229 NameID=71 TypeID=206
  [DEBUG] SymFunc idx=233 NameID=69 TypeID=208
  [DEBUG] SymFunc idx=236 NameID=70 TypeID=210
  [DEBUG] SymFunc idx=240 NameID=71 TypeID=212
  [DEBUG] SymFunc idx=243 NameID=76 TypeID=214
  [DEBUG] SymFunc idx=245 NameID=77 TypeID=217
  [DEBUG] SymFunc idx=249 NameID=79 TypeID=220
  [DEBUG] SymFunc idx=252 NameID=80 TypeID=223
  [DEBUG] SymFunc idx=255 NameID=81 TypeID=224
  [DEBUG] SymFunc idx=257 NameID=83 TypeID=225
  [DEBUG] SymFunc idx=260 NameID=86 TypeID=226
  [DEBUG] SymFunc idx=265 NameID=92 TypeID=227
  [DEBUG] SymFunc idx=270 NameID=97 TypeID=228
  [DEBUG] SymFunc idx=275 NameID=102 TypeID=229
  [DEBUG] SymFunc idx=283 NameID=156 TypeID=236
  [DEBUG] SymFunc idx=285 NameID=157 TypeID=238
  [DEBUG] SymFunc idx=289 NameID=158 TypeID=248
  [DEBUG] SymFunc idx=292 NameID=159 TypeID=250
  [DEBUG] SymFunc idx=294 NameID=160 TypeID=251
  [DEBUG] SymFunc idx=296 NameID=161 TypeID=254
  [DEBUG] SymFunc idx=299 NameID=162 TypeID=257
  [DEBUG] SymFunc idx=301 NameID=163 TypeID=277
  [DEBUG] SymFunc idx=304 NameID=164 TypeID=280
  [DEBUG] SymFunc idx=308 NameID=165 TypeID=286
  [DEBUG] SymFunc idx=313 NameID=167 TypeID=289
  [DEBUG] SymFunc idx=318 NameID=169 TypeID=292
  [DEBUG] SymFunc idx=320 NameID=170 TypeID=294
  [DEBUG] SymFunc idx=323 NameID=171 TypeID=297
  [DEBUG] SymFunc idx=325 NameID=172 TypeID=301
[DEBUG-FIELD] FieldExpr nodeIdx=1277 objType=300 fieldNameID=9
[DEBUG-FIELD] objType resolved to entry.Kind=6 structType=300 NameID=173 genericArgs=[]
[DEBUG] getMethodsOfStruct called for struct 300
  [DEBUG] SymFunc idx=38 NameID=9 TypeID=115
  [DEBUG] SymFunc idx=41 NameID=12 TypeID=117
  [DEBUG] SymFunc idx=44 NameID=13 TypeID=119
  [DEBUG] SymFunc idx=48 NameID=16 TypeID=121
  [DEBUG] SymFunc idx=53 NameID=18 TypeID=123
  [DEBUG] SymFunc idx=58 NameID=21 TypeID=126
  [DEBUG] SymFunc idx=64 NameID=24 TypeID=129
  [DEBUG] SymFunc idx=70 NameID=25 TypeID=132
  [DEBUG] SymFunc idx=76 NameID=27 TypeID=134
  [DEBUG] SymFunc idx=81 NameID=29 TypeID=136
  [DEBUG] SymFunc idx=85 NameID=31 TypeID=138
  [DEBUG] SymFunc idx=89 NameID=32 TypeID=140
  [DEBUG] SymFunc idx=93 NameID=13 TypeID=142
  [DEBUG] SymFunc idx=98 NameID=16 TypeID=144
  [DEBUG] SymFunc idx=104 NameID=18 TypeID=146
  [DEBUG] SymFunc idx=110 NameID=21 TypeID=149
  [DEBUG] SymFunc idx=118 NameID=34 TypeID=152
  [DEBUG] SymFunc idx=126 NameID=24 TypeID=155
  [DEBUG] SymFunc idx=134 NameID=36 TypeID=158
  [DEBUG] SymFunc idx=139 NameID=26 TypeID=161
  [DEBUG] SymFunc idx=175 NameID=58 TypeID=163
  [DEBUG] SymFunc idx=178 NameID=59 TypeID=166
  [DEBUG] SymFunc idx=181 NameID=61 TypeID=169
  [DEBUG] SymFunc idx=185 NameID=62 TypeID=172
  [DEBUG] SymFunc idx=189 NameID=63 TypeID=175
  [DEBUG] SymFunc idx=194 NameID=66 TypeID=177
  [DEBUG] SymFunc idx=197 NameID=49 TypeID=181
  [DEBUG] SymFunc idx=201 NameID=68 TypeID=186
  [DEBUG] SymFunc idx=204 NameID=69 TypeID=188
  [DEBUG] SymFunc idx=207 NameID=70 TypeID=190
  [DEBUG] SymFunc idx=211 NameID=71 TypeID=192
  [DEBUG] SymFunc idx=214 NameID=72 TypeID=194
  [DEBUG] SymFunc idx=217 NameID=73 TypeID=198
  [DEBUG] SymFunc idx=221 NameID=74 TypeID=202
  [DEBUG] SymFunc idx=226 NameID=69 TypeID=204
  [DEBUG] SymFunc idx=229 NameID=71 TypeID=206
  [DEBUG] SymFunc idx=233 NameID=69 TypeID=208
  [DEBUG] SymFunc idx=236 NameID=70 TypeID=210
  [DEBUG] SymFunc idx=240 NameID=71 TypeID=212
  [DEBUG] SymFunc idx=243 NameID=76 TypeID=214
  [DEBUG] SymFunc idx=245 NameID=77 TypeID=217
  [DEBUG] SymFunc idx=249 NameID=79 TypeID=220
  [DEBUG] SymFunc idx=252 NameID=80 TypeID=223
  [DEBUG] SymFunc idx=255 NameID=81 TypeID=224
  [DEBUG] SymFunc idx=257 NameID=83 TypeID=225
  [DEBUG] SymFunc idx=260 NameID=86 TypeID=226
  [DEBUG] SymFunc idx=265 NameID=92 TypeID=227
  [DEBUG] SymFunc idx=270 NameID=97 TypeID=228
  [DEBUG] SymFunc idx=275 NameID=102 TypeID=229
  [DEBUG] SymFunc idx=283 NameID=156 TypeID=236
  [DEBUG] SymFunc idx=285 NameID=157 TypeID=238
  [DEBUG] SymFunc idx=289 NameID=158 TypeID=248
  [DEBUG] SymFunc idx=292 NameID=159 TypeID=250
  [DEBUG] SymFunc idx=294 NameID=160 TypeID=251
  [DEBUG] SymFunc idx=296 NameID=161 TypeID=254
  [DEBUG] SymFunc idx=299 NameID=162 TypeID=257
  [DEBUG] SymFunc idx=301 NameID=163 TypeID=277
  [DEBUG] SymFunc idx=304 NameID=164 TypeID=280
  [DEBUG] SymFunc idx=308 NameID=165 TypeID=286
  [DEBUG] SymFunc idx=313 NameID=167 TypeID=289
  [DEBUG] SymFunc idx=318 NameID=169 TypeID=292
  [DEBUG] SymFunc idx=320 NameID=170 TypeID=294
  [DEBUG] SymFunc idx=323 NameID=171 TypeID=297
  [DEBUG] SymFunc idx=325 NameID=172 TypeID=301
[DEBUG-OVERLOAD] methodName=is_some baseName=Option recParam=114 kind=8 nameID=1 recStructName=Option
[DEBUG] Instantiating generic method template: is_some for typeArgs [type]. structName=_AX_std_Option__AX_std_MutexGuard_i32
[DEBUG] Inference NodeGenericType (User-Defined): base='Option' typeArgs=[type] instTypeID=300
[DEBUG] Instantiated method is_some: instSymIdx=330, errs=[]
[DEBUG] getMethodsOfStruct called for struct 300
  [DEBUG] SymFunc idx=38 NameID=9 TypeID=115
  [DEBUG] SymFunc idx=41 NameID=12 TypeID=117
  [DEBUG] SymFunc idx=44 NameID=13 TypeID=119
  [DEBUG] SymFunc idx=48 NameID=16 TypeID=121
  [DEBUG] SymFunc idx=53 NameID=18 TypeID=123
  [DEBUG] SymFunc idx=58 NameID=21 TypeID=126
  [DEBUG] SymFunc idx=64 NameID=24 TypeID=129
  [DEBUG] SymFunc idx=70 NameID=25 TypeID=132
  [DEBUG] SymFunc idx=76 NameID=27 TypeID=134
  [DEBUG] SymFunc idx=81 NameID=29 TypeID=136
  [DEBUG] SymFunc idx=85 NameID=31 TypeID=138
  [DEBUG] SymFunc idx=89 NameID=32 TypeID=140
  [DEBUG] SymFunc idx=93 NameID=13 TypeID=142
  [DEBUG] SymFunc idx=98 NameID=16 TypeID=144
  [DEBUG] SymFunc idx=104 NameID=18 TypeID=146
  [DEBUG] SymFunc idx=110 NameID=21 TypeID=149
  [DEBUG] SymFunc idx=118 NameID=34 TypeID=152
  [DEBUG] SymFunc idx=126 NameID=24 TypeID=155
  [DEBUG] SymFunc idx=134 NameID=36 TypeID=158
  [DEBUG] SymFunc idx=139 NameID=26 TypeID=161
  [DEBUG] SymFunc idx=175 NameID=58 TypeID=163
  [DEBUG] SymFunc idx=178 NameID=59 TypeID=166
  [DEBUG] SymFunc idx=181 NameID=61 TypeID=169
  [DEBUG] SymFunc idx=185 NameID=62 TypeID=172
  [DEBUG] SymFunc idx=189 NameID=63 TypeID=175
  [DEBUG] SymFunc idx=194 NameID=66 TypeID=177
  [DEBUG] SymFunc idx=197 NameID=49 TypeID=181
  [DEBUG] SymFunc idx=201 NameID=68 TypeID=186
  [DEBUG] SymFunc idx=204 NameID=69 TypeID=188
  [DEBUG] SymFunc idx=207 NameID=70 TypeID=190
  [DEBUG] SymFunc idx=211 NameID=71 TypeID=192
  [DEBUG] SymFunc idx=214 NameID=72 TypeID=194
  [DEBUG] SymFunc idx=217 NameID=73 TypeID=198
  [DEBUG] SymFunc idx=221 NameID=74 TypeID=202
  [DEBUG] SymFunc idx=226 NameID=69 TypeID=204
  [DEBUG] SymFunc idx=229 NameID=71 TypeID=206
  [DEBUG] SymFunc idx=233 NameID=69 TypeID=208
  [DEBUG] SymFunc idx=236 NameID=70 TypeID=210
  [DEBUG] SymFunc idx=240 NameID=71 TypeID=212
  [DEBUG] SymFunc idx=243 NameID=76 TypeID=214
  [DEBUG] SymFunc idx=245 NameID=77 TypeID=217
  [DEBUG] SymFunc idx=249 NameID=79 TypeID=220
  [DEBUG] SymFunc idx=252 NameID=80 TypeID=223
  [DEBUG] SymFunc idx=255 NameID=81 TypeID=224
  [DEBUG] SymFunc idx=257 NameID=83 TypeID=225
  [DEBUG] SymFunc idx=260 NameID=86 TypeID=226
  [DEBUG] SymFunc idx=265 NameID=92 TypeID=227
  [DEBUG] SymFunc idx=270 NameID=97 TypeID=228
  [DEBUG] SymFunc idx=275 NameID=102 TypeID=229
  [DEBUG] SymFunc idx=283 NameID=156 TypeID=236
  [DEBUG] SymFunc idx=285 NameID=157 TypeID=238
  [DEBUG] SymFunc idx=289 NameID=158 TypeID=248
  [DEBUG] SymFunc idx=292 NameID=159 TypeID=250
  [DEBUG] SymFunc idx=294 NameID=160 TypeID=251
  [DEBUG] SymFunc idx=296 NameID=161 TypeID=254
  [DEBUG] SymFunc idx=299 NameID=162 TypeID=257
  [DEBUG] SymFunc idx=301 NameID=163 TypeID=277
  [DEBUG] SymFunc idx=304 NameID=164 TypeID=280
  [DEBUG] SymFunc idx=308 NameID=165 TypeID=286
  [DEBUG] SymFunc idx=313 NameID=167 TypeID=289
  [DEBUG] SymFunc idx=318 NameID=169 TypeID=292
  [DEBUG] SymFunc idx=320 NameID=170 TypeID=294
  [DEBUG] SymFunc idx=323 NameID=171 TypeID=297
  [DEBUG] SymFunc idx=325 NameID=172 TypeID=301
  [DEBUG] SymFunc idx=330 NameID=174 TypeID=304
[DEBUG-FIELD] FieldExpr nodeIdx=1282 objType=300 fieldNameID=13
[DEBUG-FIELD] objType resolved to entry.Kind=6 structType=300 NameID=173 genericArgs=[]
[DEBUG-OVERLOAD] methodName=unwrap baseName=Option recParam=118 kind=8 nameID=1 recStructName=Option
[DEBUG] Instantiating generic method template: unwrap for typeArgs [type]. structName=_AX_std_Option__AX_std_MutexGuard_i32
[DEBUG] Inference NodeGenericType (User-Defined): base='Option' typeArgs=[type] instTypeID=300
[DEBUG] Instantiated method unwrap: instSymIdx=332, errs=[]
[DEBUG] getMethodsOfStruct called for struct 300
  [DEBUG] SymFunc idx=38 NameID=9 TypeID=115
  [DEBUG] SymFunc idx=41 NameID=12 TypeID=117
  [DEBUG] SymFunc idx=44 NameID=13 TypeID=119
  [DEBUG] SymFunc idx=48 NameID=16 TypeID=121
  [DEBUG] SymFunc idx=53 NameID=18 TypeID=123
  [DEBUG] SymFunc idx=58 NameID=21 TypeID=126
  [DEBUG] SymFunc idx=64 NameID=24 TypeID=129
  [DEBUG] SymFunc idx=70 NameID=25 TypeID=132
  [DEBUG] SymFunc idx=76 NameID=27 TypeID=134
  [DEBUG] SymFunc idx=81 NameID=29 TypeID=136
  [DEBUG] SymFunc idx=85 NameID=31 TypeID=138
  [DEBUG] SymFunc idx=89 NameID=32 TypeID=140
  [DEBUG] SymFunc idx=93 NameID=13 TypeID=142
  [DEBUG] SymFunc idx=98 NameID=16 TypeID=144
  [DEBUG] SymFunc idx=104 NameID=18 TypeID=146
  [DEBUG] SymFunc idx=110 NameID=21 TypeID=149
  [DEBUG] SymFunc idx=118 NameID=34 TypeID=152
  [DEBUG] SymFunc idx=126 NameID=24 TypeID=155
  [DEBUG] SymFunc idx=134 NameID=36 TypeID=158
  [DEBUG] SymFunc idx=139 NameID=26 TypeID=161
  [DEBUG] SymFunc idx=175 NameID=58 TypeID=163
  [DEBUG] SymFunc idx=178 NameID=59 TypeID=166
  [DEBUG] SymFunc idx=181 NameID=61 TypeID=169
  [DEBUG] SymFunc idx=185 NameID=62 TypeID=172
  [DEBUG] SymFunc idx=189 NameID=63 TypeID=175
  [DEBUG] SymFunc idx=194 NameID=66 TypeID=177
  [DEBUG] SymFunc idx=197 NameID=49 TypeID=181
  [DEBUG] SymFunc idx=201 NameID=68 TypeID=186
  [DEBUG] SymFunc idx=204 NameID=69 TypeID=188
  [DEBUG] SymFunc idx=207 NameID=70 TypeID=190
  [DEBUG] SymFunc idx=211 NameID=71 TypeID=192
  [DEBUG] SymFunc idx=214 NameID=72 TypeID=194
  [DEBUG] SymFunc idx=217 NameID=73 TypeID=198
  [DEBUG] SymFunc idx=221 NameID=74 TypeID=202
  [DEBUG] SymFunc idx=226 NameID=69 TypeID=204
  [DEBUG] SymFunc idx=229 NameID=71 TypeID=206
  [DEBUG] SymFunc idx=233 NameID=69 TypeID=208
  [DEBUG] SymFunc idx=236 NameID=70 TypeID=210
  [DEBUG] SymFunc idx=240 NameID=71 TypeID=212
  [DEBUG] SymFunc idx=243 NameID=76 TypeID=214
  [DEBUG] SymFunc idx=245 NameID=77 TypeID=217
  [DEBUG] SymFunc idx=249 NameID=79 TypeID=220
  [DEBUG] SymFunc idx=252 NameID=80 TypeID=223
  [DEBUG] SymFunc idx=255 NameID=81 TypeID=224
  [DEBUG] SymFunc idx=257 NameID=83 TypeID=225
  [DEBUG] SymFunc idx=260 NameID=86 TypeID=226
  [DEBUG] SymFunc idx=265 NameID=92 TypeID=227
  [DEBUG] SymFunc idx=270 NameID=97 TypeID=228
  [DEBUG] SymFunc idx=275 NameID=102 TypeID=229
  [DEBUG] SymFunc idx=283 NameID=156 TypeID=236
  [DEBUG] SymFunc idx=285 NameID=157 TypeID=238
  [DEBUG] SymFunc idx=289 NameID=158 TypeID=248
  [DEBUG] SymFunc idx=292 NameID=159 TypeID=250
  [DEBUG] SymFunc idx=294 NameID=160 TypeID=251
  [DEBUG] SymFunc idx=296 NameID=161 TypeID=254
  [DEBUG] SymFunc idx=299 NameID=162 TypeID=257
  [DEBUG] SymFunc idx=301 NameID=163 TypeID=277
  [DEBUG] SymFunc idx=304 NameID=164 TypeID=280
  [DEBUG] SymFunc idx=308 NameID=165 TypeID=286
  [DEBUG] SymFunc idx=313 NameID=167 TypeID=289
  [DEBUG] SymFunc idx=318 NameID=169 TypeID=292
  [DEBUG] SymFunc idx=320 NameID=170 TypeID=294
  [DEBUG] SymFunc idx=323 NameID=171 TypeID=297
  [DEBUG] SymFunc idx=325 NameID=172 TypeID=301
  [DEBUG] SymFunc idx=330 NameID=174 TypeID=304
  [DEBUG] SymFunc idx=332 NameID=175 TypeID=306
[DEBUG-FIELD] FieldExpr nodeIdx=1288 objType=288 fieldNameID=69
[DEBUG-FIELD] objType resolved to entry.Kind=1 structType=288 NameID=168 genericArgs=[]
[DEBUG-FIELD] struct fields count=1 genericParams=[]
[DEBUG-FIELD]   checking field NameID=42 field.TypeID=287
[DEBUG] getMethodsOfStruct called for struct 288
  [DEBUG] SymFunc idx=38 NameID=9 TypeID=115
  [DEBUG] SymFunc idx=41 NameID=12 TypeID=117
  [DEBUG] SymFunc idx=44 NameID=13 TypeID=119
  [DEBUG] SymFunc idx=48 NameID=16 TypeID=121
  [DEBUG] SymFunc idx=53 NameID=18 TypeID=123
  [DEBUG] SymFunc idx=58 NameID=21 TypeID=126
  [DEBUG] SymFunc idx=64 NameID=24 TypeID=129
  [DEBUG] SymFunc idx=70 NameID=25 TypeID=132
  [DEBUG] SymFunc idx=76 NameID=27 TypeID=134
  [DEBUG] SymFunc idx=81 NameID=29 TypeID=136
  [DEBUG] SymFunc idx=85 NameID=31 TypeID=138
  [DEBUG] SymFunc idx=89 NameID=32 TypeID=140
  [DEBUG] SymFunc idx=93 NameID=13 TypeID=142
  [DEBUG] SymFunc idx=98 NameID=16 TypeID=144
  [DEBUG] SymFunc idx=104 NameID=18 TypeID=146
  [DEBUG] SymFunc idx=110 NameID=21 TypeID=149
  [DEBUG] SymFunc idx=118 NameID=34 TypeID=152
  [DEBUG] SymFunc idx=126 NameID=24 TypeID=155
  [DEBUG] SymFunc idx=134 NameID=36 TypeID=158
  [DEBUG] SymFunc idx=139 NameID=26 TypeID=161
  [DEBUG] SymFunc idx=175 NameID=58 TypeID=163
  [DEBUG] SymFunc idx=178 NameID=59 TypeID=166
  [DEBUG] SymFunc idx=181 NameID=61 TypeID=169
  [DEBUG] SymFunc idx=185 NameID=62 TypeID=172
  [DEBUG] SymFunc idx=189 NameID=63 TypeID=175
  [DEBUG] SymFunc idx=194 NameID=66 TypeID=177
  [DEBUG] SymFunc idx=197 NameID=49 TypeID=181
  [DEBUG] SymFunc idx=201 NameID=68 TypeID=186
  [DEBUG] SymFunc idx=204 NameID=69 TypeID=188
  [DEBUG] SymFunc idx=207 NameID=70 TypeID=190
  [DEBUG] SymFunc idx=211 NameID=71 TypeID=192
  [DEBUG] SymFunc idx=214 NameID=72 TypeID=194
  [DEBUG] SymFunc idx=217 NameID=73 TypeID=198
  [DEBUG] SymFunc idx=221 NameID=74 TypeID=202
  [DEBUG] SymFunc idx=226 NameID=69 TypeID=204
  [DEBUG] SymFunc idx=229 NameID=71 TypeID=206
  [DEBUG] SymFunc idx=233 NameID=69 TypeID=208
  [DEBUG] SymFunc idx=236 NameID=70 TypeID=210
  [DEBUG] SymFunc idx=240 NameID=71 TypeID=212
  [DEBUG] SymFunc idx=243 NameID=76 TypeID=214
  [DEBUG] SymFunc idx=245 NameID=77 TypeID=217
  [DEBUG] SymFunc idx=249 NameID=79 TypeID=220
  [DEBUG] SymFunc idx=252 NameID=80 TypeID=223
  [DEBUG] SymFunc idx=255 NameID=81 TypeID=224
  [DEBUG] SymFunc idx=257 NameID=83 TypeID=225
  [DEBUG] SymFunc idx=260 NameID=86 TypeID=226
  [DEBUG] SymFunc idx=265 NameID=92 TypeID=227
  [DEBUG] SymFunc idx=270 NameID=97 TypeID=228
  [DEBUG] SymFunc idx=275 NameID=102 TypeID=229
  [DEBUG] SymFunc idx=283 NameID=156 TypeID=236
  [DEBUG] SymFunc idx=285 NameID=157 TypeID=238
  [DEBUG] SymFunc idx=289 NameID=158 TypeID=248
  [DEBUG] SymFunc idx=292 NameID=159 TypeID=250
  [DEBUG] SymFunc idx=294 NameID=160 TypeID=251
  [DEBUG] SymFunc idx=296 NameID=161 TypeID=254
  [DEBUG] SymFunc idx=299 NameID=162 TypeID=257
  [DEBUG] SymFunc idx=301 NameID=163 TypeID=277
  [DEBUG] SymFunc idx=304 NameID=164 TypeID=280
  [DEBUG] SymFunc idx=308 NameID=165 TypeID=286
  [DEBUG] SymFunc idx=313 NameID=167 TypeID=289
  [DEBUG] SymFunc idx=318 NameID=169 TypeID=292
  [DEBUG] SymFunc idx=320 NameID=170 TypeID=294
  [DEBUG] SymFunc idx=323 NameID=171 TypeID=297
  [DEBUG] SymFunc idx=325 NameID=172 TypeID=301
  [DEBUG] SymFunc idx=330 NameID=174 TypeID=304
  [DEBUG] SymFunc idx=332 NameID=175 TypeID=306
[DEBUG-FIELD] FieldExpr nodeIdx=1294 objType=288 fieldNameID=71
[DEBUG-FIELD] objType resolved to entry.Kind=1 structType=288 NameID=168 genericArgs=[]
[DEBUG-FIELD] struct fields count=1 genericParams=[]
[DEBUG-FIELD]   checking field NameID=42 field.TypeID=287
[DEBUG-INDEX] Instantiating generic collection: collectionName=rwlock_new typeArgs=[i32] (hasGenericParam=false)
[DEBUG] StructDecl typeID=310 append field NameID=38 TypeID=3
[DEBUG] Inference NodeGenericType (User-Defined): base='Atomic' typeArgs=[i32] instTypeID=107
[DEBUG] StructDecl typeID=310 append field NameID=45 TypeID=107
[DEBUG] Inference NodeGenericType (User-Defined): base='Atomic' typeArgs=[bool] instTypeID=104
[DEBUG] StructDecl typeID=310 append field NameID=47 TypeID=104
[DEBUG] Inference NodeGenericType (User-Defined): base='RwLock' typeArgs=[i32] instTypeID=310
[DEBUG] Inference NodeGenericType (User-Defined): base='RwLock' typeArgs=[i32] instTypeID=310
[DEBUG-INDEX] Instantiating generic collection: collectionName=RwLock typeArgs=[i32] (hasGenericParam=false)
[DEBUG-INDEX] Instantiating generic collection: collectionName=atomic_new typeArgs=[i32] (hasGenericParam=false)
[DEBUG-INDEX] Instantiating generic collection: collectionName=atomic_new typeArgs=[bool] (hasGenericParam=false)
[DEBUG] CastExpr child expr nodeIdx=1307 Kind=IntLit Type=3
[DEBUG] NodeCastExpr nodeIdx=1308 targetNodeIdx=1309 Kind=TypeExpr Payload=2 targetType=3
[DEBUG-FIELD] FieldExpr nodeIdx=1312 objType=310 fieldNameID=73
[DEBUG-FIELD] objType resolved to entry.Kind=1 structType=310 NameID=177 genericArgs=[]
[DEBUG-FIELD] struct fields count=3 genericParams=[]
[DEBUG-FIELD]   checking field NameID=38 field.TypeID=3
[DEBUG-FIELD]   checking field NameID=45 field.TypeID=107
[DEBUG-FIELD]   checking field NameID=47 field.TypeID=104
[DEBUG] getMethodsOfStruct called for struct 310
  [DEBUG] SymFunc idx=38 NameID=9 TypeID=115
  [DEBUG] SymFunc idx=41 NameID=12 TypeID=117
  [DEBUG] SymFunc idx=44 NameID=13 TypeID=119
  [DEBUG] SymFunc idx=48 NameID=16 TypeID=121
  [DEBUG] SymFunc idx=53 NameID=18 TypeID=123
  [DEBUG] SymFunc idx=58 NameID=21 TypeID=126
  [DEBUG] SymFunc idx=64 NameID=24 TypeID=129
  [DEBUG] SymFunc idx=70 NameID=25 TypeID=132
  [DEBUG] SymFunc idx=76 NameID=27 TypeID=134
  [DEBUG] SymFunc idx=81 NameID=29 TypeID=136
  [DEBUG] SymFunc idx=85 NameID=31 TypeID=138
  [DEBUG] SymFunc idx=89 NameID=32 TypeID=140
  [DEBUG] SymFunc idx=93 NameID=13 TypeID=142
  [DEBUG] SymFunc idx=98 NameID=16 TypeID=144
  [DEBUG] SymFunc idx=104 NameID=18 TypeID=146
  [DEBUG] SymFunc idx=110 NameID=21 TypeID=149
  [DEBUG] SymFunc idx=118 NameID=34 TypeID=152
  [DEBUG] SymFunc idx=126 NameID=24 TypeID=155
  [DEBUG] SymFunc idx=134 NameID=36 TypeID=158
  [DEBUG] SymFunc idx=139 NameID=26 TypeID=161
  [DEBUG] SymFunc idx=175 NameID=58 TypeID=163
  [DEBUG] SymFunc idx=178 NameID=59 TypeID=166
  [DEBUG] SymFunc idx=181 NameID=61 TypeID=169
  [DEBUG] SymFunc idx=185 NameID=62 TypeID=172
  [DEBUG] SymFunc idx=189 NameID=63 TypeID=175
  [DEBUG] SymFunc idx=194 NameID=66 TypeID=177
  [DEBUG] SymFunc idx=197 NameID=49 TypeID=181
  [DEBUG] SymFunc idx=201 NameID=68 TypeID=186
  [DEBUG] SymFunc idx=204 NameID=69 TypeID=188
  [DEBUG] SymFunc idx=207 NameID=70 TypeID=190
  [DEBUG] SymFunc idx=211 NameID=71 TypeID=192
  [DEBUG] SymFunc idx=214 NameID=72 TypeID=194
  [DEBUG] SymFunc idx=217 NameID=73 TypeID=198
  [DEBUG] SymFunc idx=221 NameID=74 TypeID=202
  [DEBUG] SymFunc idx=226 NameID=69 TypeID=204
  [DEBUG] SymFunc idx=229 NameID=71 TypeID=206
  [DEBUG] SymFunc idx=233 NameID=69 TypeID=208
  [DEBUG] SymFunc idx=236 NameID=70 TypeID=210
  [DEBUG] SymFunc idx=240 NameID=71 TypeID=212
  [DEBUG] SymFunc idx=243 NameID=76 TypeID=214
  [DEBUG] SymFunc idx=245 NameID=77 TypeID=217
  [DEBUG] SymFunc idx=249 NameID=79 TypeID=220
  [DEBUG] SymFunc idx=252 NameID=80 TypeID=223
  [DEBUG] SymFunc idx=255 NameID=81 TypeID=224
  [DEBUG] SymFunc idx=257 NameID=83 TypeID=225
  [DEBUG] SymFunc idx=260 NameID=86 TypeID=226
  [DEBUG] SymFunc idx=265 NameID=92 TypeID=227
  [DEBUG] SymFunc idx=270 NameID=97 TypeID=228
  [DEBUG] SymFunc idx=275 NameID=102 TypeID=229
  [DEBUG] SymFunc idx=283 NameID=156 TypeID=236
  [DEBUG] SymFunc idx=285 NameID=157 TypeID=238
  [DEBUG] SymFunc idx=289 NameID=158 TypeID=248
  [DEBUG] SymFunc idx=292 NameID=159 TypeID=250
  [DEBUG] SymFunc idx=294 NameID=160 TypeID=251
  [DEBUG] SymFunc idx=296 NameID=161 TypeID=254
  [DEBUG] SymFunc idx=299 NameID=162 TypeID=257
  [DEBUG] SymFunc idx=301 NameID=163 TypeID=277
  [DEBUG] SymFunc idx=304 NameID=164 TypeID=280
  [DEBUG] SymFunc idx=308 NameID=165 TypeID=286
  [DEBUG] SymFunc idx=313 NameID=167 TypeID=289
  [DEBUG] SymFunc idx=318 NameID=169 TypeID=292
  [DEBUG] SymFunc idx=320 NameID=170 TypeID=294
  [DEBUG] SymFunc idx=323 NameID=171 TypeID=297
  [DEBUG] SymFunc idx=325 NameID=172 TypeID=301
  [DEBUG] SymFunc idx=330 NameID=174 TypeID=304
  [DEBUG] SymFunc idx=332 NameID=175 TypeID=306
  [DEBUG] SymFunc idx=335 NameID=176 TypeID=311
[DEBUG-OVERLOAD] methodName=read baseName=RwLock recParam=195 kind=8 nameID=44 recStructName=RwLock
[DEBUG] Instantiating generic method template: read for typeArgs [i32]. structName=_AX_std_RwLock_i32
[DEBUG] Inference NodeGenericType (User-Defined): base='RwLock' typeArgs=[i32] instTypeID=310
[DEBUG] Inference NodeGenericType: base='ptr' argNodeIdx=1846 innerTypeID=310 resultType=312
[DEBUG] Inference NodeGenericType (User-Defined): base='RwLock' typeArgs=[i32] instTypeID=310
[DEBUG] Inference NodeGenericType: base='ptr' argNodeIdx=1890 innerTypeID=310 resultType=312
[DEBUG] StructDecl typeID=313 append field NameID=49 TypeID=312
[DEBUG] Inference NodeGenericType (User-Defined): base='ReadGuard' typeArgs=[i32] instTypeID=313
[DEBUG] Inference NodeGenericType (User-Defined): base='ReadGuard' typeArgs=[i32] instTypeID=313
[DEBUG-FIELD] FieldExpr nodeIdx=1856 objType=312 fieldNameID=47
[DEBUG-FIELD] objType resolved to entry.Kind=1 structType=310 NameID=177 genericArgs=[]
[DEBUG-FIELD] struct fields count=3 genericParams=[]
[DEBUG-FIELD]   checking field NameID=38 field.TypeID=3
[DEBUG-FIELD]   checking field NameID=45 field.TypeID=107
[DEBUG-FIELD]   checking field NameID=47 field.TypeID=104
[DEBUG-FIELD]   found field fieldType=104 resultType=104
[DEBUG-FIELD] FieldExpr nodeIdx=1855 objType=104 fieldNameID=59
[DEBUG-FIELD] objType resolved to entry.Kind=1 structType=104 NameID=153 genericArgs=[]
[DEBUG-FIELD] struct fields count=1 genericParams=[]
[DEBUG-FIELD]   checking field NameID=38 field.TypeID=11
[DEBUG] getMethodsOfStruct called for struct 104
  [DEBUG] SymFunc idx=38 NameID=9 TypeID=115
  [DEBUG] SymFunc idx=41 NameID=12 TypeID=117
  [DEBUG] SymFunc idx=44 NameID=13 TypeID=119
  [DEBUG] SymFunc idx=48 NameID=16 TypeID=121
  [DEBUG] SymFunc idx=53 NameID=18 TypeID=123
  [DEBUG] SymFunc idx=58 NameID=21 TypeID=126
  [DEBUG] SymFunc idx=64 NameID=24 TypeID=129
  [DEBUG] SymFunc idx=70 NameID=25 TypeID=132
  [DEBUG] SymFunc idx=76 NameID=27 TypeID=134
  [DEBUG] SymFunc idx=81 NameID=29 TypeID=136
  [DEBUG] SymFunc idx=85 NameID=31 TypeID=138
  [DEBUG] SymFunc idx=89 NameID=32 TypeID=140
  [DEBUG] SymFunc idx=93 NameID=13 TypeID=142
  [DEBUG] SymFunc idx=98 NameID=16 TypeID=144
  [DEBUG] SymFunc idx=104 NameID=18 TypeID=146
  [DEBUG] SymFunc idx=110 NameID=21 TypeID=149
  [DEBUG] SymFunc idx=118 NameID=34 TypeID=152
  [DEBUG] SymFunc idx=126 NameID=24 TypeID=155
  [DEBUG] SymFunc idx=134 NameID=36 TypeID=158
  [DEBUG] SymFunc idx=139 NameID=26 TypeID=161
  [DEBUG] SymFunc idx=175 NameID=58 TypeID=163
  [DEBUG] SymFunc idx=178 NameID=59 TypeID=166
  [DEBUG] SymFunc idx=181 NameID=61 TypeID=169
  [DEBUG] SymFunc idx=185 NameID=62 TypeID=172
  [DEBUG] SymFunc idx=189 NameID=63 TypeID=175
  [DEBUG] SymFunc idx=194 NameID=66 TypeID=177
  [DEBUG] SymFunc idx=197 NameID=49 TypeID=181
  [DEBUG] SymFunc idx=201 NameID=68 TypeID=186
  [DEBUG] SymFunc idx=204 NameID=69 TypeID=188
  [DEBUG] SymFunc idx=207 NameID=70 TypeID=190
  [DEBUG] SymFunc idx=211 NameID=71 TypeID=192
  [DEBUG] SymFunc idx=214 NameID=72 TypeID=194
  [DEBUG] SymFunc idx=217 NameID=73 TypeID=198
  [DEBUG] SymFunc idx=221 NameID=74 TypeID=202
  [DEBUG] SymFunc idx=226 NameID=69 TypeID=204
  [DEBUG] SymFunc idx=229 NameID=71 TypeID=206
  [DEBUG] SymFunc idx=233 NameID=69 TypeID=208
  [DEBUG] SymFunc idx=236 NameID=70 TypeID=210
  [DEBUG] SymFunc idx=240 NameID=71 TypeID=212
  [DEBUG] SymFunc idx=243 NameID=76 TypeID=214
  [DEBUG] SymFunc idx=245 NameID=77 TypeID=217
  [DEBUG] SymFunc idx=249 NameID=79 TypeID=220
  [DEBUG] SymFunc idx=252 NameID=80 TypeID=223
  [DEBUG] SymFunc idx=255 NameID=81 TypeID=224
  [DEBUG] SymFunc idx=257 NameID=83 TypeID=225
  [DEBUG] SymFunc idx=260 NameID=86 TypeID=226
  [DEBUG] SymFunc idx=265 NameID=92 TypeID=227
  [DEBUG] SymFunc idx=270 NameID=97 TypeID=228
  [DEBUG] SymFunc idx=275 NameID=102 TypeID=229
  [DEBUG] SymFunc idx=283 NameID=156 TypeID=236
  [DEBUG] SymFunc idx=285 NameID=157 TypeID=238
  [DEBUG] SymFunc idx=289 NameID=158 TypeID=248
  [DEBUG] SymFunc idx=292 NameID=159 TypeID=250
  [DEBUG] SymFunc idx=294 NameID=160 TypeID=251
  [DEBUG] SymFunc idx=296 NameID=161 TypeID=254
  [DEBUG] SymFunc idx=299 NameID=162 TypeID=257
  [DEBUG] SymFunc idx=301 NameID=163 TypeID=277
  [DEBUG] SymFunc idx=304 NameID=164 TypeID=280
  [DEBUG] SymFunc idx=308 NameID=165 TypeID=286
  [DEBUG] SymFunc idx=313 NameID=167 TypeID=289
  [DEBUG] SymFunc idx=318 NameID=169 TypeID=292
  [DEBUG] SymFunc idx=320 NameID=170 TypeID=294
  [DEBUG] SymFunc idx=323 NameID=171 TypeID=297
  [DEBUG] SymFunc idx=325 NameID=172 TypeID=301
  [DEBUG] SymFunc idx=330 NameID=174 TypeID=304
  [DEBUG] SymFunc idx=332 NameID=175 TypeID=306
  [DEBUG] SymFunc idx=335 NameID=176 TypeID=311
  [DEBUG] SymFunc idx=341 NameID=178 TypeID=314
[DEBUG-FIELD] FieldExpr nodeIdx=1865 objType=312 fieldNameID=45
[DEBUG-FIELD] objType resolved to entry.Kind=1 structType=310 NameID=177 genericArgs=[]
[DEBUG-FIELD] struct fields count=3 genericParams=[]
[DEBUG-FIELD]   checking field NameID=38 field.TypeID=3
[DEBUG-FIELD]   checking field NameID=45 field.TypeID=107
[DEBUG-FIELD]   found field fieldType=107 resultType=107
[DEBUG-FIELD] FieldExpr nodeIdx=1864 objType=107 fieldNameID=61
[DEBUG-FIELD] objType resolved to entry.Kind=1 structType=107 NameID=154 genericArgs=[]
[DEBUG-FIELD] struct fields count=1 genericParams=[]
[DEBUG-FIELD]   checking field NameID=38 field.TypeID=3
[DEBUG] getMethodsOfStruct called for struct 107
  [DEBUG] SymFunc idx=38 NameID=9 TypeID=115
  [DEBUG] SymFunc idx=41 NameID=12 TypeID=117
  [DEBUG] SymFunc idx=44 NameID=13 TypeID=119
  [DEBUG] SymFunc idx=48 NameID=16 TypeID=121
  [DEBUG] SymFunc idx=53 NameID=18 TypeID=123
  [DEBUG] SymFunc idx=58 NameID=21 TypeID=126
  [DEBUG] SymFunc idx=64 NameID=24 TypeID=129
  [DEBUG] SymFunc idx=70 NameID=25 TypeID=132
  [DEBUG] SymFunc idx=76 NameID=27 TypeID=134
  [DEBUG] SymFunc idx=81 NameID=29 TypeID=136
  [DEBUG] SymFunc idx=85 NameID=31 TypeID=138
  [DEBUG] SymFunc idx=89 NameID=32 TypeID=140
  [DEBUG] SymFunc idx=93 NameID=13 TypeID=142
  [DEBUG] SymFunc idx=98 NameID=16 TypeID=144
  [DEBUG] SymFunc idx=104 NameID=18 TypeID=146
  [DEBUG] SymFunc idx=110 NameID=21 TypeID=149
  [DEBUG] SymFunc idx=118 NameID=34 TypeID=152
  [DEBUG] SymFunc idx=126 NameID=24 TypeID=155
  [DEBUG] SymFunc idx=134 NameID=36 TypeID=158
  [DEBUG] SymFunc idx=139 NameID=26 TypeID=161
  [DEBUG] SymFunc idx=175 NameID=58 TypeID=163
  [DEBUG] SymFunc idx=178 NameID=59 TypeID=166
  [DEBUG] SymFunc idx=181 NameID=61 TypeID=169
  [DEBUG] SymFunc idx=185 NameID=62 TypeID=172
  [DEBUG] SymFunc idx=189 NameID=63 TypeID=175
  [DEBUG] SymFunc idx=194 NameID=66 TypeID=177
  [DEBUG] SymFunc idx=197 NameID=49 TypeID=181
  [DEBUG] SymFunc idx=201 NameID=68 TypeID=186
  [DEBUG] SymFunc idx=204 NameID=69 TypeID=188
  [DEBUG] SymFunc idx=207 NameID=70 TypeID=190
  [DEBUG] SymFunc idx=211 NameID=71 TypeID=192
  [DEBUG] SymFunc idx=214 NameID=72 TypeID=194
  [DEBUG] SymFunc idx=217 NameID=73 TypeID=198
  [DEBUG] SymFunc idx=221 NameID=74 TypeID=202
  [DEBUG] SymFunc idx=226 NameID=69 TypeID=204
  [DEBUG] SymFunc idx=229 NameID=71 TypeID=206
  [DEBUG] SymFunc idx=233 NameID=69 TypeID=208
  [DEBUG] SymFunc idx=236 NameID=70 TypeID=210
  [DEBUG] SymFunc idx=240 NameID=71 TypeID=212
  [DEBUG] SymFunc idx=243 NameID=76 TypeID=214
  [DEBUG] SymFunc idx=245 NameID=77 TypeID=217
  [DEBUG] SymFunc idx=249 NameID=79 TypeID=220
  [DEBUG] SymFunc idx=252 NameID=80 TypeID=223
  [DEBUG] SymFunc idx=255 NameID=81 TypeID=224
  [DEBUG] SymFunc idx=257 NameID=83 TypeID=225
  [DEBUG] SymFunc idx=260 NameID=86 TypeID=226
  [DEBUG] SymFunc idx=265 NameID=92 TypeID=227
  [DEBUG] SymFunc idx=270 NameID=97 TypeID=228
  [DEBUG] SymFunc idx=275 NameID=102 TypeID=229
  [DEBUG] SymFunc idx=283 NameID=156 TypeID=236
  [DEBUG] SymFunc idx=285 NameID=157 TypeID=238
  [DEBUG] SymFunc idx=289 NameID=158 TypeID=248
  [DEBUG] SymFunc idx=292 NameID=159 TypeID=250
  [DEBUG] SymFunc idx=294 NameID=160 TypeID=251
  [DEBUG] SymFunc idx=296 NameID=161 TypeID=254
  [DEBUG] SymFunc idx=299 NameID=162 TypeID=257
  [DEBUG] SymFunc idx=301 NameID=163 TypeID=277
  [DEBUG] SymFunc idx=304 NameID=164 TypeID=280
  [DEBUG] SymFunc idx=308 NameID=165 TypeID=286
  [DEBUG] SymFunc idx=313 NameID=167 TypeID=289
  [DEBUG] SymFunc idx=318 NameID=169 TypeID=292
  [DEBUG] SymFunc idx=320 NameID=170 TypeID=294
  [DEBUG] SymFunc idx=323 NameID=171 TypeID=297
  [DEBUG] SymFunc idx=325 NameID=172 TypeID=301
  [DEBUG] SymFunc idx=330 NameID=174 TypeID=304
  [DEBUG] SymFunc idx=332 NameID=175 TypeID=306
  [DEBUG] SymFunc idx=335 NameID=176 TypeID=311
  [DEBUG] SymFunc idx=341 NameID=178 TypeID=314
[DEBUG-FIELD] FieldExpr nodeIdx=1872 objType=312 fieldNameID=45
[DEBUG-FIELD] objType resolved to entry.Kind=1 structType=310 NameID=177 genericArgs=[]
[DEBUG-FIELD] struct fields count=3 genericParams=[]
[DEBUG-FIELD]   checking field NameID=38 field.TypeID=3
[DEBUG-FIELD]   checking field NameID=45 field.TypeID=107
[DEBUG-FIELD]   found field fieldType=107 resultType=107
[DEBUG-FIELD] FieldExpr nodeIdx=1871 objType=107 fieldNameID=59
[DEBUG-FIELD] objType resolved to entry.Kind=1 structType=107 NameID=154 genericArgs=[]
[DEBUG-FIELD] struct fields count=1 genericParams=[]
[DEBUG-FIELD]   checking field NameID=38 field.TypeID=3
[DEBUG-INDEX] Instantiating generic collection: collectionName=ReadGuard typeArgs=[i32] (hasGenericParam=false)
[DEBUG] getMethodsOfStruct called for struct 104
  [DEBUG] SymFunc idx=38 NameID=9 TypeID=115
  [DEBUG] SymFunc idx=41 NameID=12 TypeID=117
  [DEBUG] SymFunc idx=44 NameID=13 TypeID=119
  [DEBUG] SymFunc idx=48 NameID=16 TypeID=121
  [DEBUG] SymFunc idx=53 NameID=18 TypeID=123
  [DEBUG] SymFunc idx=58 NameID=21 TypeID=126
  [DEBUG] SymFunc idx=64 NameID=24 TypeID=129
  [DEBUG] SymFunc idx=70 NameID=25 TypeID=132
  [DEBUG] SymFunc idx=76 NameID=27 TypeID=134
  [DEBUG] SymFunc idx=81 NameID=29 TypeID=136
  [DEBUG] SymFunc idx=85 NameID=31 TypeID=138
  [DEBUG] SymFunc idx=89 NameID=32 TypeID=140
  [DEBUG] SymFunc idx=93 NameID=13 TypeID=142
  [DEBUG] SymFunc idx=98 NameID=16 TypeID=144
  [DEBUG] SymFunc idx=104 NameID=18 TypeID=146
  [DEBUG] SymFunc idx=110 NameID=21 TypeID=149
  [DEBUG] SymFunc idx=118 NameID=34 TypeID=152
  [DEBUG] SymFunc idx=126 NameID=24 TypeID=155
  [DEBUG] SymFunc idx=134 NameID=36 TypeID=158
  [DEBUG] SymFunc idx=139 NameID=26 TypeID=161
  [DEBUG] SymFunc idx=175 NameID=58 TypeID=163
  [DEBUG] SymFunc idx=178 NameID=59 TypeID=166
  [DEBUG] SymFunc idx=181 NameID=61 TypeID=169
  [DEBUG] SymFunc idx=185 NameID=62 TypeID=172
  [DEBUG] SymFunc idx=189 NameID=63 TypeID=175
  [DEBUG] SymFunc idx=194 NameID=66 TypeID=177
  [DEBUG] SymFunc idx=197 NameID=49 TypeID=181
  [DEBUG] SymFunc idx=201 NameID=68 TypeID=186
  [DEBUG] SymFunc idx=204 NameID=69 TypeID=188
  [DEBUG] SymFunc idx=207 NameID=70 TypeID=190
  [DEBUG] SymFunc idx=211 NameID=71 TypeID=192
  [DEBUG] SymFunc idx=214 NameID=72 TypeID=194
  [DEBUG] SymFunc idx=217 NameID=73 TypeID=198
  [DEBUG] SymFunc idx=221 NameID=74 TypeID=202
  [DEBUG] SymFunc idx=226 NameID=69 TypeID=204
  [DEBUG] SymFunc idx=229 NameID=71 TypeID=206
  [DEBUG] SymFunc idx=233 NameID=69 TypeID=208
  [DEBUG] SymFunc idx=236 NameID=70 TypeID=210
  [DEBUG] SymFunc idx=240 NameID=71 TypeID=212
  [DEBUG] SymFunc idx=243 NameID=76 TypeID=214
  [DEBUG] SymFunc idx=245 NameID=77 TypeID=217
  [DEBUG] SymFunc idx=249 NameID=79 TypeID=220
  [DEBUG] SymFunc idx=252 NameID=80 TypeID=223
  [DEBUG] SymFunc idx=255 NameID=81 TypeID=224
  [DEBUG] SymFunc idx=257 NameID=83 TypeID=225
  [DEBUG] SymFunc idx=260 NameID=86 TypeID=226
  [DEBUG] SymFunc idx=265 NameID=92 TypeID=227
  [DEBUG] SymFunc idx=270 NameID=97 TypeID=228
  [DEBUG] SymFunc idx=275 NameID=102 TypeID=229
  [DEBUG] SymFunc idx=283 NameID=156 TypeID=236
  [DEBUG] SymFunc idx=285 NameID=157 TypeID=238
  [DEBUG] SymFunc idx=289 NameID=158 TypeID=248
  [DEBUG] SymFunc idx=292 NameID=159 TypeID=250
  [DEBUG] SymFunc idx=294 NameID=160 TypeID=251
  [DEBUG] SymFunc idx=296 NameID=161 TypeID=254
  [DEBUG] SymFunc idx=299 NameID=162 TypeID=257
  [DEBUG] SymFunc idx=301 NameID=163 TypeID=277
  [DEBUG] SymFunc idx=304 NameID=164 TypeID=280
  [DEBUG] SymFunc idx=308 NameID=165 TypeID=286
  [DEBUG] SymFunc idx=313 NameID=167 TypeID=289
  [DEBUG] SymFunc idx=318 NameID=169 TypeID=292
  [DEBUG] SymFunc idx=320 NameID=170 TypeID=294
  [DEBUG] SymFunc idx=323 NameID=171 TypeID=297
  [DEBUG] SymFunc idx=325 NameID=172 TypeID=301
  [DEBUG] SymFunc idx=330 NameID=174 TypeID=304
  [DEBUG] SymFunc idx=332 NameID=175 TypeID=306
  [DEBUG] SymFunc idx=335 NameID=176 TypeID=311
  [DEBUG] SymFunc idx=341 NameID=178 TypeID=314
[DEBUG] getMethodsOfStruct called for struct 107
  [DEBUG] SymFunc idx=38 NameID=9 TypeID=115
  [DEBUG] SymFunc idx=41 NameID=12 TypeID=117
  [DEBUG] SymFunc idx=44 NameID=13 TypeID=119
  [DEBUG] SymFunc idx=48 NameID=16 TypeID=121
  [DEBUG] SymFunc idx=53 NameID=18 TypeID=123
  [DEBUG] SymFunc idx=58 NameID=21 TypeID=126
  [DEBUG] SymFunc idx=64 NameID=24 TypeID=129
  [DEBUG] SymFunc idx=70 NameID=25 TypeID=132
  [DEBUG] SymFunc idx=76 NameID=27 TypeID=134
  [DEBUG] SymFunc idx=81 NameID=29 TypeID=136
  [DEBUG] SymFunc idx=85 NameID=31 TypeID=138
  [DEBUG] SymFunc idx=89 NameID=32 TypeID=140
  [DEBUG] SymFunc idx=93 NameID=13 TypeID=142
  [DEBUG] SymFunc idx=98 NameID=16 TypeID=144
  [DEBUG] SymFunc idx=104 NameID=18 TypeID=146
  [DEBUG] SymFunc idx=110 NameID=21 TypeID=149
  [DEBUG] SymFunc idx=118 NameID=34 TypeID=152
  [DEBUG] SymFunc idx=126 NameID=24 TypeID=155
  [DEBUG] SymFunc idx=134 NameID=36 TypeID=158
  [DEBUG] SymFunc idx=139 NameID=26 TypeID=161
  [DEBUG] SymFunc idx=175 NameID=58 TypeID=163
  [DEBUG] SymFunc idx=178 NameID=59 TypeID=166
  [DEBUG] SymFunc idx=181 NameID=61 TypeID=169
  [DEBUG] SymFunc idx=185 NameID=62 TypeID=172
  [DEBUG] SymFunc idx=189 NameID=63 TypeID=175
  [DEBUG] SymFunc idx=194 NameID=66 TypeID=177
  [DEBUG] SymFunc idx=197 NameID=49 TypeID=181
  [DEBUG] SymFunc idx=201 NameID=68 TypeID=186
  [DEBUG] SymFunc idx=204 NameID=69 TypeID=188
  [DEBUG] SymFunc idx=207 NameID=70 TypeID=190
  [DEBUG] SymFunc idx=211 NameID=71 TypeID=192
  [DEBUG] SymFunc idx=214 NameID=72 TypeID=194
  [DEBUG] SymFunc idx=217 NameID=73 TypeID=198
  [DEBUG] SymFunc idx=221 NameID=74 TypeID=202
  [DEBUG] SymFunc idx=226 NameID=69 TypeID=204
  [DEBUG] SymFunc idx=229 NameID=71 TypeID=206
  [DEBUG] SymFunc idx=233 NameID=69 TypeID=208
  [DEBUG] SymFunc idx=236 NameID=70 TypeID=210
  [DEBUG] SymFunc idx=240 NameID=71 TypeID=212
  [DEBUG] SymFunc idx=243 NameID=76 TypeID=214
  [DEBUG] SymFunc idx=245 NameID=77 TypeID=217
  [DEBUG] SymFunc idx=249 NameID=79 TypeID=220
  [DEBUG] SymFunc idx=252 NameID=80 TypeID=223
  [DEBUG] SymFunc idx=255 NameID=81 TypeID=224
  [DEBUG] SymFunc idx=257 NameID=83 TypeID=225
  [DEBUG] SymFunc idx=260 NameID=86 TypeID=226
  [DEBUG] SymFunc idx=265 NameID=92 TypeID=227
  [DEBUG] SymFunc idx=270 NameID=97 TypeID=228
  [DEBUG] SymFunc idx=275 NameID=102 TypeID=229
  [DEBUG] SymFunc idx=283 NameID=156 TypeID=236
  [DEBUG] SymFunc idx=285 NameID=157 TypeID=238
  [DEBUG] SymFunc idx=289 NameID=158 TypeID=248
  [DEBUG] SymFunc idx=292 NameID=159 TypeID=250
  [DEBUG] SymFunc idx=294 NameID=160 TypeID=251
  [DEBUG] SymFunc idx=296 NameID=161 TypeID=254
  [DEBUG] SymFunc idx=299 NameID=162 TypeID=257
  [DEBUG] SymFunc idx=301 NameID=163 TypeID=277
  [DEBUG] SymFunc idx=304 NameID=164 TypeID=280
  [DEBUG] SymFunc idx=308 NameID=165 TypeID=286
  [DEBUG] SymFunc idx=313 NameID=167 TypeID=289
  [DEBUG] SymFunc idx=318 NameID=169 TypeID=292
  [DEBUG] SymFunc idx=320 NameID=170 TypeID=294
  [DEBUG] SymFunc idx=323 NameID=171 TypeID=297
  [DEBUG] SymFunc idx=325 NameID=172 TypeID=301
  [DEBUG] SymFunc idx=330 NameID=174 TypeID=304
  [DEBUG] SymFunc idx=332 NameID=175 TypeID=306
  [DEBUG] SymFunc idx=335 NameID=176 TypeID=311
  [DEBUG] SymFunc idx=341 NameID=178 TypeID=314
[DEBUG] Instantiated method read: instSymIdx=341, errs=[]
[DEBUG] getMethodsOfStruct called for struct 310
  [DEBUG] SymFunc idx=38 NameID=9 TypeID=115
  [DEBUG] SymFunc idx=41 NameID=12 TypeID=117
  [DEBUG] SymFunc idx=44 NameID=13 TypeID=119
  [DEBUG] SymFunc idx=48 NameID=16 TypeID=121
  [DEBUG] SymFunc idx=53 NameID=18 TypeID=123
  [DEBUG] SymFunc idx=58 NameID=21 TypeID=126
  [DEBUG] SymFunc idx=64 NameID=24 TypeID=129
  [DEBUG] SymFunc idx=70 NameID=25 TypeID=132
  [DEBUG] SymFunc idx=76 NameID=27 TypeID=134
  [DEBUG] SymFunc idx=81 NameID=29 TypeID=136
  [DEBUG] SymFunc idx=85 NameID=31 TypeID=138
  [DEBUG] SymFunc idx=89 NameID=32 TypeID=140
  [DEBUG] SymFunc idx=93 NameID=13 TypeID=142
  [DEBUG] SymFunc idx=98 NameID=16 TypeID=144
  [DEBUG] SymFunc idx=104 NameID=18 TypeID=146
  [DEBUG] SymFunc idx=110 NameID=21 TypeID=149
  [DEBUG] SymFunc idx=118 NameID=34 TypeID=152
  [DEBUG] SymFunc idx=126 NameID=24 TypeID=155
  [DEBUG] SymFunc idx=134 NameID=36 TypeID=158
  [DEBUG] SymFunc idx=139 NameID=26 TypeID=161
  [DEBUG] SymFunc idx=175 NameID=58 TypeID=163
  [DEBUG] SymFunc idx=178 NameID=59 TypeID=166
  [DEBUG] SymFunc idx=181 NameID=61 TypeID=169
  [DEBUG] SymFunc idx=185 NameID=62 TypeID=172
  [DEBUG] SymFunc idx=189 NameID=63 TypeID=175
  [DEBUG] SymFunc idx=194 NameID=66 TypeID=177
  [DEBUG] SymFunc idx=197 NameID=49 TypeID=181
  [DEBUG] SymFunc idx=201 NameID=68 TypeID=186
  [DEBUG] SymFunc idx=204 NameID=69 TypeID=188
  [DEBUG] SymFunc idx=207 NameID=70 TypeID=190
  [DEBUG] SymFunc idx=211 NameID=71 TypeID=192
  [DEBUG] SymFunc idx=214 NameID=72 TypeID=194
  [DEBUG] SymFunc idx=217 NameID=73 TypeID=198
  [DEBUG] SymFunc idx=221 NameID=74 TypeID=202
  [DEBUG] SymFunc idx=226 NameID=69 TypeID=204
  [DEBUG] SymFunc idx=229 NameID=71 TypeID=206
  [DEBUG] SymFunc idx=233 NameID=69 TypeID=208
  [DEBUG] SymFunc idx=236 NameID=70 TypeID=210
  [DEBUG] SymFunc idx=240 NameID=71 TypeID=212
  [DEBUG] SymFunc idx=243 NameID=76 TypeID=214
  [DEBUG] SymFunc idx=245 NameID=77 TypeID=217
  [DEBUG] SymFunc idx=249 NameID=79 TypeID=220
  [DEBUG] SymFunc idx=252 NameID=80 TypeID=223
  [DEBUG] SymFunc idx=255 NameID=81 TypeID=224
  [DEBUG] SymFunc idx=257 NameID=83 TypeID=225
  [DEBUG] SymFunc idx=260 NameID=86 TypeID=226
  [DEBUG] SymFunc idx=265 NameID=92 TypeID=227
  [DEBUG] SymFunc idx=270 NameID=97 TypeID=228
  [DEBUG] SymFunc idx=275 NameID=102 TypeID=229
  [DEBUG] SymFunc idx=283 NameID=156 TypeID=236
  [DEBUG] SymFunc idx=285 NameID=157 TypeID=238
  [DEBUG] SymFunc idx=289 NameID=158 TypeID=248
  [DEBUG] SymFunc idx=292 NameID=159 TypeID=250
  [DEBUG] SymFunc idx=294 NameID=160 TypeID=251
  [DEBUG] SymFunc idx=296 NameID=161 TypeID=254
  [DEBUG] SymFunc idx=299 NameID=162 TypeID=257
  [DEBUG] SymFunc idx=301 NameID=163 TypeID=277
  [DEBUG] SymFunc idx=304 NameID=164 TypeID=280
  [DEBUG] SymFunc idx=308 NameID=165 TypeID=286
  [DEBUG] SymFunc idx=313 NameID=167 TypeID=289
  [DEBUG] SymFunc idx=318 NameID=169 TypeID=292
  [DEBUG] SymFunc idx=320 NameID=170 TypeID=294
  [DEBUG] SymFunc idx=323 NameID=171 TypeID=297
  [DEBUG] SymFunc idx=325 NameID=172 TypeID=301
  [DEBUG] SymFunc idx=330 NameID=174 TypeID=304
  [DEBUG] SymFunc idx=332 NameID=175 TypeID=306
  [DEBUG] SymFunc idx=335 NameID=176 TypeID=311
  [DEBUG] SymFunc idx=341 NameID=178 TypeID=314
[DEBUG-FIELD] FieldExpr nodeIdx=1318 objType=313 fieldNameID=69
[DEBUG-FIELD] objType resolved to entry.Kind=1 structType=313 NameID=179 genericArgs=[]
[DEBUG-FIELD] struct fields count=1 genericParams=[]
[DEBUG-FIELD]   checking field NameID=49 field.TypeID=312
[DEBUG] getMethodsOfStruct called for struct 313
  [DEBUG] SymFunc idx=38 NameID=9 TypeID=115
  [DEBUG] SymFunc idx=41 NameID=12 TypeID=117
  [DEBUG] SymFunc idx=44 NameID=13 TypeID=119
  [DEBUG] SymFunc idx=48 NameID=16 TypeID=121
  [DEBUG] SymFunc idx=53 NameID=18 TypeID=123
  [DEBUG] SymFunc idx=58 NameID=21 TypeID=126
  [DEBUG] SymFunc idx=64 NameID=24 TypeID=129
  [DEBUG] SymFunc idx=70 NameID=25 TypeID=132
  [DEBUG] SymFunc idx=76 NameID=27 TypeID=134
  [DEBUG] SymFunc idx=81 NameID=29 TypeID=136
  [DEBUG] SymFunc idx=85 NameID=31 TypeID=138
  [DEBUG] SymFunc idx=89 NameID=32 TypeID=140
  [DEBUG] SymFunc idx=93 NameID=13 TypeID=142
  [DEBUG] SymFunc idx=98 NameID=16 TypeID=144
  [DEBUG] SymFunc idx=104 NameID=18 TypeID=146
  [DEBUG] SymFunc idx=110 NameID=21 TypeID=149
  [DEBUG] SymFunc idx=118 NameID=34 TypeID=152
  [DEBUG] SymFunc idx=126 NameID=24 TypeID=155
  [DEBUG] SymFunc idx=134 NameID=36 TypeID=158
  [DEBUG] SymFunc idx=139 NameID=26 TypeID=161
  [DEBUG] SymFunc idx=175 NameID=58 TypeID=163
  [DEBUG] SymFunc idx=178 NameID=59 TypeID=166
  [DEBUG] SymFunc idx=181 NameID=61 TypeID=169
  [DEBUG] SymFunc idx=185 NameID=62 TypeID=172
  [DEBUG] SymFunc idx=189 NameID=63 TypeID=175
  [DEBUG] SymFunc idx=194 NameID=66 TypeID=177
  [DEBUG] SymFunc idx=197 NameID=49 TypeID=181
  [DEBUG] SymFunc idx=201 NameID=68 TypeID=186
  [DEBUG] SymFunc idx=204 NameID=69 TypeID=188
  [DEBUG] SymFunc idx=207 NameID=70 TypeID=190
  [DEBUG] SymFunc idx=211 NameID=71 TypeID=192
  [DEBUG] SymFunc idx=214 NameID=72 TypeID=194
  [DEBUG] SymFunc idx=217 NameID=73 TypeID=198
  [DEBUG] SymFunc idx=221 NameID=74 TypeID=202
  [DEBUG] SymFunc idx=226 NameID=69 TypeID=204
  [DEBUG] SymFunc idx=229 NameID=71 TypeID=206
  [DEBUG] SymFunc idx=233 NameID=69 TypeID=208
  [DEBUG] SymFunc idx=236 NameID=70 TypeID=210
  [DEBUG] SymFunc idx=240 NameID=71 TypeID=212
  [DEBUG] SymFunc idx=243 NameID=76 TypeID=214
  [DEBUG] SymFunc idx=245 NameID=77 TypeID=217
  [DEBUG] SymFunc idx=249 NameID=79 TypeID=220
  [DEBUG] SymFunc idx=252 NameID=80 TypeID=223
  [DEBUG] SymFunc idx=255 NameID=81 TypeID=224
  [DEBUG] SymFunc idx=257 NameID=83 TypeID=225
  [DEBUG] SymFunc idx=260 NameID=86 TypeID=226
  [DEBUG] SymFunc idx=265 NameID=92 TypeID=227
  [DEBUG] SymFunc idx=270 NameID=97 TypeID=228
  [DEBUG] SymFunc idx=275 NameID=102 TypeID=229
  [DEBUG] SymFunc idx=283 NameID=156 TypeID=236
  [DEBUG] SymFunc idx=285 NameID=157 TypeID=238
  [DEBUG] SymFunc idx=289 NameID=158 TypeID=248
  [DEBUG] SymFunc idx=292 NameID=159 TypeID=250
  [DEBUG] SymFunc idx=294 NameID=160 TypeID=251
  [DEBUG] SymFunc idx=296 NameID=161 TypeID=254
  [DEBUG] SymFunc idx=299 NameID=162 TypeID=257
  [DEBUG] SymFunc idx=301 NameID=163 TypeID=277
  [DEBUG] SymFunc idx=304 NameID=164 TypeID=280
  [DEBUG] SymFunc idx=308 NameID=165 TypeID=286
  [DEBUG] SymFunc idx=313 NameID=167 TypeID=289
  [DEBUG] SymFunc idx=318 NameID=169 TypeID=292
  [DEBUG] SymFunc idx=320 NameID=170 TypeID=294
  [DEBUG] SymFunc idx=323 NameID=171 TypeID=297
  [DEBUG] SymFunc idx=325 NameID=172 TypeID=301
  [DEBUG] SymFunc idx=330 NameID=174 TypeID=304
  [DEBUG] SymFunc idx=332 NameID=175 TypeID=306
  [DEBUG] SymFunc idx=335 NameID=176 TypeID=311
  [DEBUG] SymFunc idx=341 NameID=178 TypeID=314
[DEBUG-OVERLOAD] methodName=get baseName=ReadGuard recParam=187 kind=8 nameID=41 recStructName=MutexGuard
[DEBUG-OVERLOAD] methodName=get baseName=ReadGuard recParam=203 kind=8 nameID=48 recStructName=ReadGuard
[DEBUG] Instantiating generic method template: get for typeArgs [i32]. structName=_AX_std_ReadGuard_i32
[DEBUG] Inference NodeGenericType (User-Defined): base='ReadGuard' typeArgs=[i32] instTypeID=313
[DEBUG-FIELD] FieldExpr nodeIdx=1904 objType=313 fieldNameID=49
[DEBUG-FIELD] objType resolved to entry.Kind=1 structType=313 NameID=179 genericArgs=[]
[DEBUG-FIELD] struct fields count=1 genericParams=[]
[DEBUG-FIELD]   checking field NameID=49 field.TypeID=312
[DEBUG-FIELD]   found field fieldType=312 resultType=312
[DEBUG-FIELD] FieldExpr nodeIdx=1903 objType=312 fieldNameID=38
[DEBUG-FIELD] objType resolved to entry.Kind=1 structType=310 NameID=177 genericArgs=[]
[DEBUG-FIELD] struct fields count=3 genericParams=[]
[DEBUG-FIELD]   checking field NameID=38 field.TypeID=3
[DEBUG-FIELD]   found field fieldType=3 resultType=3
[DEBUG] Instantiated method get: instSymIdx=346, errs=[]
[DEBUG] getMethodsOfStruct called for struct 313
  [DEBUG] SymFunc idx=38 NameID=9 TypeID=115
  [DEBUG] SymFunc idx=41 NameID=12 TypeID=117
  [DEBUG] SymFunc idx=44 NameID=13 TypeID=119
  [DEBUG] SymFunc idx=48 NameID=16 TypeID=121
  [DEBUG] SymFunc idx=53 NameID=18 TypeID=123
  [DEBUG] SymFunc idx=58 NameID=21 TypeID=126
  [DEBUG] SymFunc idx=64 NameID=24 TypeID=129
  [DEBUG] SymFunc idx=70 NameID=25 TypeID=132
  [DEBUG] SymFunc idx=76 NameID=27 TypeID=134
  [DEBUG] SymFunc idx=81 NameID=29 TypeID=136
  [DEBUG] SymFunc idx=85 NameID=31 TypeID=138
  [DEBUG] SymFunc idx=89 NameID=32 TypeID=140
  [DEBUG] SymFunc idx=93 NameID=13 TypeID=142
  [DEBUG] SymFunc idx=98 NameID=16 TypeID=144
  [DEBUG] SymFunc idx=104 NameID=18 TypeID=146
  [DEBUG] SymFunc idx=110 NameID=21 TypeID=149
  [DEBUG] SymFunc idx=118 NameID=34 TypeID=152
  [DEBUG] SymFunc idx=126 NameID=24 TypeID=155
  [DEBUG] SymFunc idx=134 NameID=36 TypeID=158
  [DEBUG] SymFunc idx=139 NameID=26 TypeID=161
  [DEBUG] SymFunc idx=175 NameID=58 TypeID=163
  [DEBUG] SymFunc idx=178 NameID=59 TypeID=166
  [DEBUG] SymFunc idx=181 NameID=61 TypeID=169
  [DEBUG] SymFunc idx=185 NameID=62 TypeID=172
  [DEBUG] SymFunc idx=189 NameID=63 TypeID=175
  [DEBUG] SymFunc idx=194 NameID=66 TypeID=177
  [DEBUG] SymFunc idx=197 NameID=49 TypeID=181
  [DEBUG] SymFunc idx=201 NameID=68 TypeID=186
  [DEBUG] SymFunc idx=204 NameID=69 TypeID=188
  [DEBUG] SymFunc idx=207 NameID=70 TypeID=190
  [DEBUG] SymFunc idx=211 NameID=71 TypeID=192
  [DEBUG] SymFunc idx=214 NameID=72 TypeID=194
  [DEBUG] SymFunc idx=217 NameID=73 TypeID=198
  [DEBUG] SymFunc idx=221 NameID=74 TypeID=202
  [DEBUG] SymFunc idx=226 NameID=69 TypeID=204
  [DEBUG] SymFunc idx=229 NameID=71 TypeID=206
  [DEBUG] SymFunc idx=233 NameID=69 TypeID=208
  [DEBUG] SymFunc idx=236 NameID=70 TypeID=210
  [DEBUG] SymFunc idx=240 NameID=71 TypeID=212
  [DEBUG] SymFunc idx=243 NameID=76 TypeID=214
  [DEBUG] SymFunc idx=245 NameID=77 TypeID=217
  [DEBUG] SymFunc idx=249 NameID=79 TypeID=220
  [DEBUG] SymFunc idx=252 NameID=80 TypeID=223
  [DEBUG] SymFunc idx=255 NameID=81 TypeID=224
  [DEBUG] SymFunc idx=257 NameID=83 TypeID=225
  [DEBUG] SymFunc idx=260 NameID=86 TypeID=226
  [DEBUG] SymFunc idx=265 NameID=92 TypeID=227
  [DEBUG] SymFunc idx=270 NameID=97 TypeID=228
  [DEBUG] SymFunc idx=275 NameID=102 TypeID=229
  [DEBUG] SymFunc idx=283 NameID=156 TypeID=236
  [DEBUG] SymFunc idx=285 NameID=157 TypeID=238
  [DEBUG] SymFunc idx=289 NameID=158 TypeID=248
  [DEBUG] SymFunc idx=292 NameID=159 TypeID=250
  [DEBUG] SymFunc idx=294 NameID=160 TypeID=251
  [DEBUG] SymFunc idx=296 NameID=161 TypeID=254
  [DEBUG] SymFunc idx=299 NameID=162 TypeID=257
  [DEBUG] SymFunc idx=301 NameID=163 TypeID=277
  [DEBUG] SymFunc idx=304 NameID=164 TypeID=280
  [DEBUG] SymFunc idx=308 NameID=165 TypeID=286
  [DEBUG] SymFunc idx=313 NameID=167 TypeID=289
  [DEBUG] SymFunc idx=318 NameID=169 TypeID=292
  [DEBUG] SymFunc idx=320 NameID=170 TypeID=294
  [DEBUG] SymFunc idx=323 NameID=171 TypeID=297
  [DEBUG] SymFunc idx=325 NameID=172 TypeID=301
  [DEBUG] SymFunc idx=330 NameID=174 TypeID=304
  [DEBUG] SymFunc idx=332 NameID=175 TypeID=306
  [DEBUG] SymFunc idx=335 NameID=176 TypeID=311
  [DEBUG] SymFunc idx=341 NameID=178 TypeID=314
  [DEBUG] SymFunc idx=346 NameID=169 TypeID=319
[DEBUG-FIELD] FieldExpr nodeIdx=1325 objType=310 fieldNameID=73
[DEBUG-FIELD] objType resolved to entry.Kind=1 structType=310 NameID=177 genericArgs=[]
[DEBUG-FIELD] struct fields count=3 genericParams=[]
[DEBUG-FIELD]   checking field NameID=38 field.TypeID=3
[DEBUG-FIELD]   checking field NameID=45 field.TypeID=107
[DEBUG-FIELD]   checking field NameID=47 field.TypeID=104
[DEBUG] getMethodsOfStruct called for struct 310
  [DEBUG] SymFunc idx=38 NameID=9 TypeID=115
  [DEBUG] SymFunc idx=41 NameID=12 TypeID=117
  [DEBUG] SymFunc idx=44 NameID=13 TypeID=119
  [DEBUG] SymFunc idx=48 NameID=16 TypeID=121
  [DEBUG] SymFunc idx=53 NameID=18 TypeID=123
  [DEBUG] SymFunc idx=58 NameID=21 TypeID=126
  [DEBUG] SymFunc idx=64 NameID=24 TypeID=129
  [DEBUG] SymFunc idx=70 NameID=25 TypeID=132
  [DEBUG] SymFunc idx=76 NameID=27 TypeID=134
  [DEBUG] SymFunc idx=81 NameID=29 TypeID=136
  [DEBUG] SymFunc idx=85 NameID=31 TypeID=138
  [DEBUG] SymFunc idx=89 NameID=32 TypeID=140
  [DEBUG] SymFunc idx=93 NameID=13 TypeID=142
  [DEBUG] SymFunc idx=98 NameID=16 TypeID=144
  [DEBUG] SymFunc idx=104 NameID=18 TypeID=146
  [DEBUG] SymFunc idx=110 NameID=21 TypeID=149
  [DEBUG] SymFunc idx=118 NameID=34 TypeID=152
  [DEBUG] SymFunc idx=126 NameID=24 TypeID=155
  [DEBUG] SymFunc idx=134 NameID=36 TypeID=158
  [DEBUG] SymFunc idx=139 NameID=26 TypeID=161
  [DEBUG] SymFunc idx=175 NameID=58 TypeID=163
  [DEBUG] SymFunc idx=178 NameID=59 TypeID=166
  [DEBUG] SymFunc idx=181 NameID=61 TypeID=169
  [DEBUG] SymFunc idx=185 NameID=62 TypeID=172
  [DEBUG] SymFunc idx=189 NameID=63 TypeID=175
  [DEBUG] SymFunc idx=194 NameID=66 TypeID=177
  [DEBUG] SymFunc idx=197 NameID=49 TypeID=181
  [DEBUG] SymFunc idx=201 NameID=68 TypeID=186
  [DEBUG] SymFunc idx=204 NameID=69 TypeID=188
  [DEBUG] SymFunc idx=207 NameID=70 TypeID=190
  [DEBUG] SymFunc idx=211 NameID=71 TypeID=192
  [DEBUG] SymFunc idx=214 NameID=72 TypeID=194
  [DEBUG] SymFunc idx=217 NameID=73 TypeID=198
  [DEBUG] SymFunc idx=221 NameID=74 TypeID=202
  [DEBUG] SymFunc idx=226 NameID=69 TypeID=204
  [DEBUG] SymFunc idx=229 NameID=71 TypeID=206
  [DEBUG] SymFunc idx=233 NameID=69 TypeID=208
  [DEBUG] SymFunc idx=236 NameID=70 TypeID=210
  [DEBUG] SymFunc idx=240 NameID=71 TypeID=212
  [DEBUG] SymFunc idx=243 NameID=76 TypeID=214
  [DEBUG] SymFunc idx=245 NameID=77 TypeID=217
  [DEBUG] SymFunc idx=249 NameID=79 TypeID=220
  [DEBUG] SymFunc idx=252 NameID=80 TypeID=223
  [DEBUG] SymFunc idx=255 NameID=81 TypeID=224
  [DEBUG] SymFunc idx=257 NameID=83 TypeID=225
  [DEBUG] SymFunc idx=260 NameID=86 TypeID=226
  [DEBUG] SymFunc idx=265 NameID=92 TypeID=227
  [DEBUG] SymFunc idx=270 NameID=97 TypeID=228
  [DEBUG] SymFunc idx=275 NameID=102 TypeID=229
  [DEBUG] SymFunc idx=283 NameID=156 TypeID=236
  [DEBUG] SymFunc idx=285 NameID=157 TypeID=238
  [DEBUG] SymFunc idx=289 NameID=158 TypeID=248
  [DEBUG] SymFunc idx=292 NameID=159 TypeID=250
  [DEBUG] SymFunc idx=294 NameID=160 TypeID=251
  [DEBUG] SymFunc idx=296 NameID=161 TypeID=254
  [DEBUG] SymFunc idx=299 NameID=162 TypeID=257
  [DEBUG] SymFunc idx=301 NameID=163 TypeID=277
  [DEBUG] SymFunc idx=304 NameID=164 TypeID=280
  [DEBUG] SymFunc idx=308 NameID=165 TypeID=286
  [DEBUG] SymFunc idx=313 NameID=167 TypeID=289
  [DEBUG] SymFunc idx=318 NameID=169 TypeID=292
  [DEBUG] SymFunc idx=320 NameID=170 TypeID=294
  [DEBUG] SymFunc idx=323 NameID=171 TypeID=297
  [DEBUG] SymFunc idx=325 NameID=172 TypeID=301
  [DEBUG] SymFunc idx=330 NameID=174 TypeID=304
  [DEBUG] SymFunc idx=332 NameID=175 TypeID=306
  [DEBUG] SymFunc idx=335 NameID=176 TypeID=311
  [DEBUG] SymFunc idx=341 NameID=178 TypeID=314
  [DEBUG] SymFunc idx=346 NameID=169 TypeID=319
[DEBUG-FIELD] FieldExpr nodeIdx=1331 objType=313 fieldNameID=69
[DEBUG-FIELD] objType resolved to entry.Kind=1 structType=313 NameID=179 genericArgs=[]
[DEBUG-FIELD] struct fields count=1 genericParams=[]
[DEBUG-FIELD]   checking field NameID=49 field.TypeID=312
[DEBUG-FIELD] FieldExpr nodeIdx=1337 objType=313 fieldNameID=71
[DEBUG-FIELD] objType resolved to entry.Kind=1 structType=313 NameID=179 genericArgs=[]
[DEBUG-FIELD] struct fields count=1 genericParams=[]
[DEBUG-FIELD]   checking field NameID=49 field.TypeID=312
[DEBUG-OVERLOAD] methodName=unlock baseName=ReadGuard recParam=191 kind=8 nameID=41 recStructName=MutexGuard
[DEBUG-OVERLOAD] methodName=unlock baseName=ReadGuard recParam=205 kind=8 nameID=48 recStructName=ReadGuard
[DEBUG] Instantiating generic method template: unlock for typeArgs [i32]. structName=_AX_std_ReadGuard_i32
[DEBUG] Inference NodeGenericType (User-Defined): base='ReadGuard' typeArgs=[i32] instTypeID=313
[DEBUG-FIELD] FieldExpr nodeIdx=1920 objType=313 fieldNameID=49
[DEBUG-FIELD] objType resolved to entry.Kind=1 structType=313 NameID=179 genericArgs=[]
[DEBUG-FIELD] struct fields count=1 genericParams=[]
[DEBUG-FIELD]   checking field NameID=49 field.TypeID=312
[DEBUG-FIELD]   found field fieldType=312 resultType=312
[DEBUG-FIELD] FieldExpr nodeIdx=1919 objType=312 fieldNameID=45
[DEBUG-FIELD] objType resolved to entry.Kind=1 structType=310 NameID=177 genericArgs=[]
[DEBUG-FIELD] struct fields count=3 genericParams=[]
[DEBUG-FIELD]   checking field NameID=38 field.TypeID=3
[DEBUG-FIELD]   checking field NameID=45 field.TypeID=107
[DEBUG-FIELD]   found field fieldType=107 resultType=107
[DEBUG-FIELD] FieldExpr nodeIdx=1918 objType=107 fieldNameID=59
[DEBUG-FIELD] objType resolved to entry.Kind=1 structType=107 NameID=154 genericArgs=[]
[DEBUG-FIELD] struct fields count=1 genericParams=[]
[DEBUG-FIELD]   checking field NameID=38 field.TypeID=3
[DEBUG] getMethodsOfStruct called for struct 107
  [DEBUG] SymFunc idx=38 NameID=9 TypeID=115
  [DEBUG] SymFunc idx=41 NameID=12 TypeID=117
  [DEBUG] SymFunc idx=44 NameID=13 TypeID=119
  [DEBUG] SymFunc idx=48 NameID=16 TypeID=121
  [DEBUG] SymFunc idx=53 NameID=18 TypeID=123
  [DEBUG] SymFunc idx=58 NameID=21 TypeID=126
  [DEBUG] SymFunc idx=64 NameID=24 TypeID=129
  [DEBUG] SymFunc idx=70 NameID=25 TypeID=132
  [DEBUG] SymFunc idx=76 NameID=27 TypeID=134
  [DEBUG] SymFunc idx=81 NameID=29 TypeID=136
  [DEBUG] SymFunc idx=85 NameID=31 TypeID=138
  [DEBUG] SymFunc idx=89 NameID=32 TypeID=140
  [DEBUG] SymFunc idx=93 NameID=13 TypeID=142
  [DEBUG] SymFunc idx=98 NameID=16 TypeID=144
  [DEBUG] SymFunc idx=104 NameID=18 TypeID=146
  [DEBUG] SymFunc idx=110 NameID=21 TypeID=149
  [DEBUG] SymFunc idx=118 NameID=34 TypeID=152
  [DEBUG] SymFunc idx=126 NameID=24 TypeID=155
  [DEBUG] SymFunc idx=134 NameID=36 TypeID=158
  [DEBUG] SymFunc idx=139 NameID=26 TypeID=161
  [DEBUG] SymFunc idx=175 NameID=58 TypeID=163
  [DEBUG] SymFunc idx=178 NameID=59 TypeID=166
  [DEBUG] SymFunc idx=181 NameID=61 TypeID=169
  [DEBUG] SymFunc idx=185 NameID=62 TypeID=172
  [DEBUG] SymFunc idx=189 NameID=63 TypeID=175
  [DEBUG] SymFunc idx=194 NameID=66 TypeID=177
  [DEBUG] SymFunc idx=197 NameID=49 TypeID=181
  [DEBUG] SymFunc idx=201 NameID=68 TypeID=186
  [DEBUG] SymFunc idx=204 NameID=69 TypeID=188
  [DEBUG] SymFunc idx=207 NameID=70 TypeID=190
  [DEBUG] SymFunc idx=211 NameID=71 TypeID=192
  [DEBUG] SymFunc idx=214 NameID=72 TypeID=194
  [DEBUG] SymFunc idx=217 NameID=73 TypeID=198
  [DEBUG] SymFunc idx=221 NameID=74 TypeID=202
  [DEBUG] SymFunc idx=226 NameID=69 TypeID=204
  [DEBUG] SymFunc idx=229 NameID=71 TypeID=206
  [DEBUG] SymFunc idx=233 NameID=69 TypeID=208
  [DEBUG] SymFunc idx=236 NameID=70 TypeID=210
  [DEBUG] SymFunc idx=240 NameID=71 TypeID=212
  [DEBUG] SymFunc idx=243 NameID=76 TypeID=214
  [DEBUG] SymFunc idx=245 NameID=77 TypeID=217
  [DEBUG] SymFunc idx=249 NameID=79 TypeID=220
  [DEBUG] SymFunc idx=252 NameID=80 TypeID=223
  [DEBUG] SymFunc idx=255 NameID=81 TypeID=224
  [DEBUG] SymFunc idx=257 NameID=83 TypeID=225
  [DEBUG] SymFunc idx=260 NameID=86 TypeID=226
  [DEBUG] SymFunc idx=265 NameID=92 TypeID=227
  [DEBUG] SymFunc idx=270 NameID=97 TypeID=228
  [DEBUG] SymFunc idx=275 NameID=102 TypeID=229
  [DEBUG] SymFunc idx=283 NameID=156 TypeID=236
  [DEBUG] SymFunc idx=285 NameID=157 TypeID=238
  [DEBUG] SymFunc idx=289 NameID=158 TypeID=248
  [DEBUG] SymFunc idx=292 NameID=159 TypeID=250
  [DEBUG] SymFunc idx=294 NameID=160 TypeID=251
  [DEBUG] SymFunc idx=296 NameID=161 TypeID=254
  [DEBUG] SymFunc idx=299 NameID=162 TypeID=257
  [DEBUG] SymFunc idx=301 NameID=163 TypeID=277
  [DEBUG] SymFunc idx=304 NameID=164 TypeID=280
  [DEBUG] SymFunc idx=308 NameID=165 TypeID=286
  [DEBUG] SymFunc idx=313 NameID=167 TypeID=289
  [DEBUG] SymFunc idx=318 NameID=169 TypeID=292
  [DEBUG] SymFunc idx=320 NameID=170 TypeID=294
  [DEBUG] SymFunc idx=323 NameID=171 TypeID=297
  [DEBUG] SymFunc idx=325 NameID=172 TypeID=301
  [DEBUG] SymFunc idx=330 NameID=174 TypeID=304
  [DEBUG] SymFunc idx=332 NameID=175 TypeID=306
  [DEBUG] SymFunc idx=335 NameID=176 TypeID=311
  [DEBUG] SymFunc idx=341 NameID=178 TypeID=314
  [DEBUG] SymFunc idx=346 NameID=169 TypeID=319
  [DEBUG] SymFunc idx=348 NameID=171 TypeID=323
[DEBUG-FIELD] FieldExpr nodeIdx=1928 objType=313 fieldNameID=49
[DEBUG-FIELD] objType resolved to entry.Kind=1 structType=313 NameID=179 genericArgs=[]
[DEBUG-FIELD] struct fields count=1 genericParams=[]
[DEBUG-FIELD]   checking field NameID=49 field.TypeID=312
[DEBUG-FIELD]   found field fieldType=312 resultType=312
[DEBUG-FIELD] FieldExpr nodeIdx=1927 objType=312 fieldNameID=45
[DEBUG-FIELD] objType resolved to entry.Kind=1 structType=310 NameID=177 genericArgs=[]
[DEBUG-FIELD] struct fields count=3 genericParams=[]
[DEBUG-FIELD]   checking field NameID=38 field.TypeID=3
[DEBUG-FIELD]   checking field NameID=45 field.TypeID=107
[DEBUG-FIELD]   found field fieldType=107 resultType=107
[DEBUG-FIELD] FieldExpr nodeIdx=1926 objType=107 fieldNameID=61
[DEBUG-FIELD] objType resolved to entry.Kind=1 structType=107 NameID=154 genericArgs=[]
[DEBUG-FIELD] struct fields count=1 genericParams=[]
[DEBUG-FIELD]   checking field NameID=38 field.TypeID=3
[DEBUG] getMethodsOfStruct called for struct 107
  [DEBUG] SymFunc idx=38 NameID=9 TypeID=115
  [DEBUG] SymFunc idx=41 NameID=12 TypeID=117
  [DEBUG] SymFunc idx=44 NameID=13 TypeID=119
  [DEBUG] SymFunc idx=48 NameID=16 TypeID=121
  [DEBUG] SymFunc idx=53 NameID=18 TypeID=123
  [DEBUG] SymFunc idx=58 NameID=21 TypeID=126
  [DEBUG] SymFunc idx=64 NameID=24 TypeID=129
  [DEBUG] SymFunc idx=70 NameID=25 TypeID=132
  [DEBUG] SymFunc idx=76 NameID=27 TypeID=134
  [DEBUG] SymFunc idx=81 NameID=29 TypeID=136
  [DEBUG] SymFunc idx=85 NameID=31 TypeID=138
  [DEBUG] SymFunc idx=89 NameID=32 TypeID=140
  [DEBUG] SymFunc idx=93 NameID=13 TypeID=142
  [DEBUG] SymFunc idx=98 NameID=16 TypeID=144
  [DEBUG] SymFunc idx=104 NameID=18 TypeID=146
  [DEBUG] SymFunc idx=110 NameID=21 TypeID=149
  [DEBUG] SymFunc idx=118 NameID=34 TypeID=152
  [DEBUG] SymFunc idx=126 NameID=24 TypeID=155
  [DEBUG] SymFunc idx=134 NameID=36 TypeID=158
  [DEBUG] SymFunc idx=139 NameID=26 TypeID=161
  [DEBUG] SymFunc idx=175 NameID=58 TypeID=163
  [DEBUG] SymFunc idx=178 NameID=59 TypeID=166
  [DEBUG] SymFunc idx=181 NameID=61 TypeID=169
  [DEBUG] SymFunc idx=185 NameID=62 TypeID=172
  [DEBUG] SymFunc idx=189 NameID=63 TypeID=175
  [DEBUG] SymFunc idx=194 NameID=66 TypeID=177
  [DEBUG] SymFunc idx=197 NameID=49 TypeID=181
  [DEBUG] SymFunc idx=201 NameID=68 TypeID=186
  [DEBUG] SymFunc idx=204 NameID=69 TypeID=188
  [DEBUG] SymFunc idx=207 NameID=70 TypeID=190
  [DEBUG] SymFunc idx=211 NameID=71 TypeID=192
  [DEBUG] SymFunc idx=214 NameID=72 TypeID=194
  [DEBUG] SymFunc idx=217 NameID=73 TypeID=198
  [DEBUG] SymFunc idx=221 NameID=74 TypeID=202
  [DEBUG] SymFunc idx=226 NameID=69 TypeID=204
  [DEBUG] SymFunc idx=229 NameID=71 TypeID=206
  [DEBUG] SymFunc idx=233 NameID=69 TypeID=208
  [DEBUG] SymFunc idx=236 NameID=70 TypeID=210
  [DEBUG] SymFunc idx=240 NameID=71 TypeID=212
  [DEBUG] SymFunc idx=243 NameID=76 TypeID=214
  [DEBUG] SymFunc idx=245 NameID=77 TypeID=217
  [DEBUG] SymFunc idx=249 NameID=79 TypeID=220
  [DEBUG] SymFunc idx=252 NameID=80 TypeID=223
  [DEBUG] SymFunc idx=255 NameID=81 TypeID=224
  [DEBUG] SymFunc idx=257 NameID=83 TypeID=225
  [DEBUG] SymFunc idx=260 NameID=86 TypeID=226
  [DEBUG] SymFunc idx=265 NameID=92 TypeID=227
  [DEBUG] SymFunc idx=270 NameID=97 TypeID=228
  [DEBUG] SymFunc idx=275 NameID=102 TypeID=229
  [DEBUG] SymFunc idx=283 NameID=156 TypeID=236
  [DEBUG] SymFunc idx=285 NameID=157 TypeID=238
  [DEBUG] SymFunc idx=289 NameID=158 TypeID=248
  [DEBUG] SymFunc idx=292 NameID=159 TypeID=250
  [DEBUG] SymFunc idx=294 NameID=160 TypeID=251
  [DEBUG] SymFunc idx=296 NameID=161 TypeID=254
  [DEBUG] SymFunc idx=299 NameID=162 TypeID=257
  [DEBUG] SymFunc idx=301 NameID=163 TypeID=277
  [DEBUG] SymFunc idx=304 NameID=164 TypeID=280
  [DEBUG] SymFunc idx=308 NameID=165 TypeID=286
  [DEBUG] SymFunc idx=313 NameID=167 TypeID=289
  [DEBUG] SymFunc idx=318 NameID=169 TypeID=292
  [DEBUG] SymFunc idx=320 NameID=170 TypeID=294
  [DEBUG] SymFunc idx=323 NameID=171 TypeID=297
  [DEBUG] SymFunc idx=325 NameID=172 TypeID=301
  [DEBUG] SymFunc idx=330 NameID=174 TypeID=304
  [DEBUG] SymFunc idx=332 NameID=175 TypeID=306
  [DEBUG] SymFunc idx=335 NameID=176 TypeID=311
  [DEBUG] SymFunc idx=341 NameID=178 TypeID=314
  [DEBUG] SymFunc idx=346 NameID=169 TypeID=319
  [DEBUG] SymFunc idx=348 NameID=171 TypeID=323
[DEBUG] Instantiated method unlock: instSymIdx=348, errs=[]
[DEBUG] getMethodsOfStruct called for struct 313
  [DEBUG] SymFunc idx=38 NameID=9 TypeID=115
  [DEBUG] SymFunc idx=41 NameID=12 TypeID=117
  [DEBUG] SymFunc idx=44 NameID=13 TypeID=119
  [DEBUG] SymFunc idx=48 NameID=16 TypeID=121
  [DEBUG] SymFunc idx=53 NameID=18 TypeID=123
  [DEBUG] SymFunc idx=58 NameID=21 TypeID=126
  [DEBUG] SymFunc idx=64 NameID=24 TypeID=129
  [DEBUG] SymFunc idx=70 NameID=25 TypeID=132
  [DEBUG] SymFunc idx=76 NameID=27 TypeID=134
  [DEBUG] SymFunc idx=81 NameID=29 TypeID=136
  [DEBUG] SymFunc idx=85 NameID=31 TypeID=138
  [DEBUG] SymFunc idx=89 NameID=32 TypeID=140
  [DEBUG] SymFunc idx=93 NameID=13 TypeID=142
  [DEBUG] SymFunc idx=98 NameID=16 TypeID=144
  [DEBUG] SymFunc idx=104 NameID=18 TypeID=146
  [DEBUG] SymFunc idx=110 NameID=21 TypeID=149
  [DEBUG] SymFunc idx=118 NameID=34 TypeID=152
  [DEBUG] SymFunc idx=126 NameID=24 TypeID=155
  [DEBUG] SymFunc idx=134 NameID=36 TypeID=158
  [DEBUG] SymFunc idx=139 NameID=26 TypeID=161
  [DEBUG] SymFunc idx=175 NameID=58 TypeID=163
  [DEBUG] SymFunc idx=178 NameID=59 TypeID=166
  [DEBUG] SymFunc idx=181 NameID=61 TypeID=169
  [DEBUG] SymFunc idx=185 NameID=62 TypeID=172
  [DEBUG] SymFunc idx=189 NameID=63 TypeID=175
  [DEBUG] SymFunc idx=194 NameID=66 TypeID=177
  [DEBUG] SymFunc idx=197 NameID=49 TypeID=181
  [DEBUG] SymFunc idx=201 NameID=68 TypeID=186
  [DEBUG] SymFunc idx=204 NameID=69 TypeID=188
  [DEBUG] SymFunc idx=207 NameID=70 TypeID=190
  [DEBUG] SymFunc idx=211 NameID=71 TypeID=192
  [DEBUG] SymFunc idx=214 NameID=72 TypeID=194
  [DEBUG] SymFunc idx=217 NameID=73 TypeID=198
  [DEBUG] SymFunc idx=221 NameID=74 TypeID=202
  [DEBUG] SymFunc idx=226 NameID=69 TypeID=204
  [DEBUG] SymFunc idx=229 NameID=71 TypeID=206
  [DEBUG] SymFunc idx=233 NameID=69 TypeID=208
  [DEBUG] SymFunc idx=236 NameID=70 TypeID=210
  [DEBUG] SymFunc idx=240 NameID=71 TypeID=212
  [DEBUG] SymFunc idx=243 NameID=76 TypeID=214
  [DEBUG] SymFunc idx=245 NameID=77 TypeID=217
  [DEBUG] SymFunc idx=249 NameID=79 TypeID=220
  [DEBUG] SymFunc idx=252 NameID=80 TypeID=223
  [DEBUG] SymFunc idx=255 NameID=81 TypeID=224
  [DEBUG] SymFunc idx=257 NameID=83 TypeID=225
  [DEBUG] SymFunc idx=260 NameID=86 TypeID=226
  [DEBUG] SymFunc idx=265 NameID=92 TypeID=227
  [DEBUG] SymFunc idx=270 NameID=97 TypeID=228
  [DEBUG] SymFunc idx=275 NameID=102 TypeID=229
  [DEBUG] SymFunc idx=283 NameID=156 TypeID=236
  [DEBUG] SymFunc idx=285 NameID=157 TypeID=238
  [DEBUG] SymFunc idx=289 NameID=158 TypeID=248
  [DEBUG] SymFunc idx=292 NameID=159 TypeID=250
  [DEBUG] SymFunc idx=294 NameID=160 TypeID=251
  [DEBUG] SymFunc idx=296 NameID=161 TypeID=254
  [DEBUG] SymFunc idx=299 NameID=162 TypeID=257
  [DEBUG] SymFunc idx=301 NameID=163 TypeID=277
  [DEBUG] SymFunc idx=304 NameID=164 TypeID=280
  [DEBUG] SymFunc idx=308 NameID=165 TypeID=286
  [DEBUG] SymFunc idx=313 NameID=167 TypeID=289
  [DEBUG] SymFunc idx=318 NameID=169 TypeID=292
  [DEBUG] SymFunc idx=320 NameID=170 TypeID=294
  [DEBUG] SymFunc idx=323 NameID=171 TypeID=297
  [DEBUG] SymFunc idx=325 NameID=172 TypeID=301
  [DEBUG] SymFunc idx=330 NameID=174 TypeID=304
  [DEBUG] SymFunc idx=332 NameID=175 TypeID=306
  [DEBUG] SymFunc idx=335 NameID=176 TypeID=311
  [DEBUG] SymFunc idx=341 NameID=178 TypeID=314
  [DEBUG] SymFunc idx=346 NameID=169 TypeID=319
  [DEBUG] SymFunc idx=348 NameID=171 TypeID=323
[DEBUG-FIELD] FieldExpr nodeIdx=1341 objType=313 fieldNameID=71
[DEBUG-FIELD] objType resolved to entry.Kind=1 structType=313 NameID=179 genericArgs=[]
[DEBUG-FIELD] struct fields count=1 genericParams=[]
[DEBUG-FIELD]   checking field NameID=49 field.TypeID=312
[DEBUG-FIELD] FieldExpr nodeIdx=1346 objType=310 fieldNameID=74
[DEBUG-FIELD] objType resolved to entry.Kind=1 structType=310 NameID=177 genericArgs=[]
[DEBUG-FIELD] struct fields count=3 genericParams=[]
[DEBUG-FIELD]   checking field NameID=38 field.TypeID=3
[DEBUG-FIELD]   checking field NameID=45 field.TypeID=107
[DEBUG-FIELD]   checking field NameID=47 field.TypeID=104
[DEBUG] getMethodsOfStruct called for struct 310
  [DEBUG] SymFunc idx=38 NameID=9 TypeID=115
  [DEBUG] SymFunc idx=41 NameID=12 TypeID=117
  [DEBUG] SymFunc idx=44 NameID=13 TypeID=119
  [DEBUG] SymFunc idx=48 NameID=16 TypeID=121
  [DEBUG] SymFunc idx=53 NameID=18 TypeID=123
  [DEBUG] SymFunc idx=58 NameID=21 TypeID=126
  [DEBUG] SymFunc idx=64 NameID=24 TypeID=129
  [DEBUG] SymFunc idx=70 NameID=25 TypeID=132
  [DEBUG] SymFunc idx=76 NameID=27 TypeID=134
  [DEBUG] SymFunc idx=81 NameID=29 TypeID=136
  [DEBUG] SymFunc idx=85 NameID=31 TypeID=138
  [DEBUG] SymFunc idx=89 NameID=32 TypeID=140
  [DEBUG] SymFunc idx=93 NameID=13 TypeID=142
  [DEBUG] SymFunc idx=98 NameID=16 TypeID=144
  [DEBUG] SymFunc idx=104 NameID=18 TypeID=146
  [DEBUG] SymFunc idx=110 NameID=21 TypeID=149
  [DEBUG] SymFunc idx=118 NameID=34 TypeID=152
  [DEBUG] SymFunc idx=126 NameID=24 TypeID=155
  [DEBUG] SymFunc idx=134 NameID=36 TypeID=158
  [DEBUG] SymFunc idx=139 NameID=26 TypeID=161
  [DEBUG] SymFunc idx=175 NameID=58 TypeID=163
  [DEBUG] SymFunc idx=178 NameID=59 TypeID=166
  [DEBUG] SymFunc idx=181 NameID=61 TypeID=169
  [DEBUG] SymFunc idx=185 NameID=62 TypeID=172
  [DEBUG] SymFunc idx=189 NameID=63 TypeID=175
  [DEBUG] SymFunc idx=194 NameID=66 TypeID=177
  [DEBUG] SymFunc idx=197 NameID=49 TypeID=181
  [DEBUG] SymFunc idx=201 NameID=68 TypeID=186
  [DEBUG] SymFunc idx=204 NameID=69 TypeID=188
  [DEBUG] SymFunc idx=207 NameID=70 TypeID=190
  [DEBUG] SymFunc idx=211 NameID=71 TypeID=192
  [DEBUG] SymFunc idx=214 NameID=72 TypeID=194
  [DEBUG] SymFunc idx=217 NameID=73 TypeID=198
  [DEBUG] SymFunc idx=221 NameID=74 TypeID=202
  [DEBUG] SymFunc idx=226 NameID=69 TypeID=204
  [DEBUG] SymFunc idx=229 NameID=71 TypeID=206
  [DEBUG] SymFunc idx=233 NameID=69 TypeID=208
  [DEBUG] SymFunc idx=236 NameID=70 TypeID=210
  [DEBUG] SymFunc idx=240 NameID=71 TypeID=212
  [DEBUG] SymFunc idx=243 NameID=76 TypeID=214
  [DEBUG] SymFunc idx=245 NameID=77 TypeID=217
  [DEBUG] SymFunc idx=249 NameID=79 TypeID=220
  [DEBUG] SymFunc idx=252 NameID=80 TypeID=223
  [DEBUG] SymFunc idx=255 NameID=81 TypeID=224
  [DEBUG] SymFunc idx=257 NameID=83 TypeID=225
  [DEBUG] SymFunc idx=260 NameID=86 TypeID=226
  [DEBUG] SymFunc idx=265 NameID=92 TypeID=227
  [DEBUG] SymFunc idx=270 NameID=97 TypeID=228
  [DEBUG] SymFunc idx=275 NameID=102 TypeID=229
  [DEBUG] SymFunc idx=283 NameID=156 TypeID=236
  [DEBUG] SymFunc idx=285 NameID=157 TypeID=238
  [DEBUG] SymFunc idx=289 NameID=158 TypeID=248
  [DEBUG] SymFunc idx=292 NameID=159 TypeID=250
  [DEBUG] SymFunc idx=294 NameID=160 TypeID=251
  [DEBUG] SymFunc idx=296 NameID=161 TypeID=254
  [DEBUG] SymFunc idx=299 NameID=162 TypeID=257
  [DEBUG] SymFunc idx=301 NameID=163 TypeID=277
  [DEBUG] SymFunc idx=304 NameID=164 TypeID=280
  [DEBUG] SymFunc idx=308 NameID=165 TypeID=286
  [DEBUG] SymFunc idx=313 NameID=167 TypeID=289
  [DEBUG] SymFunc idx=318 NameID=169 TypeID=292
  [DEBUG] SymFunc idx=320 NameID=170 TypeID=294
  [DEBUG] SymFunc idx=323 NameID=171 TypeID=297
  [DEBUG] SymFunc idx=325 NameID=172 TypeID=301
  [DEBUG] SymFunc idx=330 NameID=174 TypeID=304
  [DEBUG] SymFunc idx=332 NameID=175 TypeID=306
  [DEBUG] SymFunc idx=335 NameID=176 TypeID=311
  [DEBUG] SymFunc idx=341 NameID=178 TypeID=314
  [DEBUG] SymFunc idx=346 NameID=169 TypeID=319
  [DEBUG] SymFunc idx=348 NameID=171 TypeID=323
[DEBUG-OVERLOAD] methodName=write baseName=RwLock recParam=199 kind=8 nameID=44 recStructName=RwLock
[DEBUG] Instantiating generic method template: write for typeArgs [i32]. structName=_AX_std_RwLock_i32
[DEBUG] Inference NodeGenericType (User-Defined): base='RwLock' typeArgs=[i32] instTypeID=310
[DEBUG] Inference NodeGenericType: base='ptr' argNodeIdx=1942 innerTypeID=310 resultType=312
[DEBUG] Inference NodeGenericType (User-Defined): base='RwLock' typeArgs=[i32] instTypeID=310
[DEBUG] Inference NodeGenericType: base='ptr' argNodeIdx=1987 innerTypeID=310 resultType=312
[DEBUG] StructDecl typeID=328 append field NameID=49 TypeID=312
[DEBUG] Inference NodeGenericType (User-Defined): base='WriteGuard' typeArgs=[i32] instTypeID=328
[DEBUG] Inference NodeGenericType (User-Defined): base='WriteGuard' typeArgs=[i32] instTypeID=328
[DEBUG-FIELD] FieldExpr nodeIdx=1953 objType=312 fieldNameID=47
[DEBUG-FIELD] objType resolved to entry.Kind=1 structType=310 NameID=177 genericArgs=[]
[DEBUG-FIELD] struct fields count=3 genericParams=[]
[DEBUG-FIELD]   checking field NameID=38 field.TypeID=3
[DEBUG-FIELD]   checking field NameID=45 field.TypeID=107
[DEBUG-FIELD]   checking field NameID=47 field.TypeID=104
[DEBUG-FIELD]   found field fieldType=104 resultType=104
[DEBUG-FIELD] FieldExpr nodeIdx=1952 objType=104 fieldNameID=63
[DEBUG-FIELD] objType resolved to entry.Kind=1 structType=104 NameID=153 genericArgs=[]
[DEBUG-FIELD] struct fields count=1 genericParams=[]
[DEBUG-FIELD]   checking field NameID=38 field.TypeID=11
[DEBUG] getMethodsOfStruct called for struct 104
  [DEBUG] SymFunc idx=38 NameID=9 TypeID=115
  [DEBUG] SymFunc idx=41 NameID=12 TypeID=117
  [DEBUG] SymFunc idx=44 NameID=13 TypeID=119
  [DEBUG] SymFunc idx=48 NameID=16 TypeID=121
  [DEBUG] SymFunc idx=53 NameID=18 TypeID=123
  [DEBUG] SymFunc idx=58 NameID=21 TypeID=126
  [DEBUG] SymFunc idx=64 NameID=24 TypeID=129
  [DEBUG] SymFunc idx=70 NameID=25 TypeID=132
  [DEBUG] SymFunc idx=76 NameID=27 TypeID=134
  [DEBUG] SymFunc idx=81 NameID=29 TypeID=136
  [DEBUG] SymFunc idx=85 NameID=31 TypeID=138
  [DEBUG] SymFunc idx=89 NameID=32 TypeID=140
  [DEBUG] SymFunc idx=93 NameID=13 TypeID=142
  [DEBUG] SymFunc idx=98 NameID=16 TypeID=144
  [DEBUG] SymFunc idx=104 NameID=18 TypeID=146
  [DEBUG] SymFunc idx=110 NameID=21 TypeID=149
  [DEBUG] SymFunc idx=118 NameID=34 TypeID=152
  [DEBUG] SymFunc idx=126 NameID=24 TypeID=155
  [DEBUG] SymFunc idx=134 NameID=36 TypeID=158
  [DEBUG] SymFunc idx=139 NameID=26 TypeID=161
  [DEBUG] SymFunc idx=175 NameID=58 TypeID=163
  [DEBUG] SymFunc idx=178 NameID=59 TypeID=166
  [DEBUG] SymFunc idx=181 NameID=61 TypeID=169
  [DEBUG] SymFunc idx=185 NameID=62 TypeID=172
  [DEBUG] SymFunc idx=189 NameID=63 TypeID=175
  [DEBUG] SymFunc idx=194 NameID=66 TypeID=177
  [DEBUG] SymFunc idx=197 NameID=49 TypeID=181
  [DEBUG] SymFunc idx=201 NameID=68 TypeID=186
  [DEBUG] SymFunc idx=204 NameID=69 TypeID=188
  [DEBUG] SymFunc idx=207 NameID=70 TypeID=190
  [DEBUG] SymFunc idx=211 NameID=71 TypeID=192
  [DEBUG] SymFunc idx=214 NameID=72 TypeID=194
  [DEBUG] SymFunc idx=217 NameID=73 TypeID=198
  [DEBUG] SymFunc idx=221 NameID=74 TypeID=202
  [DEBUG] SymFunc idx=226 NameID=69 TypeID=204
  [DEBUG] SymFunc idx=229 NameID=71 TypeID=206
  [DEBUG] SymFunc idx=233 NameID=69 TypeID=208
  [DEBUG] SymFunc idx=236 NameID=70 TypeID=210
  [DEBUG] SymFunc idx=240 NameID=71 TypeID=212
  [DEBUG] SymFunc idx=243 NameID=76 TypeID=214
  [DEBUG] SymFunc idx=245 NameID=77 TypeID=217
  [DEBUG] SymFunc idx=249 NameID=79 TypeID=220
  [DEBUG] SymFunc idx=252 NameID=80 TypeID=223
  [DEBUG] SymFunc idx=255 NameID=81 TypeID=224
  [DEBUG] SymFunc idx=257 NameID=83 TypeID=225
  [DEBUG] SymFunc idx=260 NameID=86 TypeID=226
  [DEBUG] SymFunc idx=265 NameID=92 TypeID=227
  [DEBUG] SymFunc idx=270 NameID=97 TypeID=228
  [DEBUG] SymFunc idx=275 NameID=102 TypeID=229
  [DEBUG] SymFunc idx=283 NameID=156 TypeID=236
  [DEBUG] SymFunc idx=285 NameID=157 TypeID=238
  [DEBUG] SymFunc idx=289 NameID=158 TypeID=248
  [DEBUG] SymFunc idx=292 NameID=159 TypeID=250
  [DEBUG] SymFunc idx=294 NameID=160 TypeID=251
  [DEBUG] SymFunc idx=296 NameID=161 TypeID=254
  [DEBUG] SymFunc idx=299 NameID=162 TypeID=257
  [DEBUG] SymFunc idx=301 NameID=163 TypeID=277
  [DEBUG] SymFunc idx=304 NameID=164 TypeID=280
  [DEBUG] SymFunc idx=308 NameID=165 TypeID=286
  [DEBUG] SymFunc idx=313 NameID=167 TypeID=289
  [DEBUG] SymFunc idx=318 NameID=169 TypeID=292
  [DEBUG] SymFunc idx=320 NameID=170 TypeID=294
  [DEBUG] SymFunc idx=323 NameID=171 TypeID=297
  [DEBUG] SymFunc idx=325 NameID=172 TypeID=301
  [DEBUG] SymFunc idx=330 NameID=174 TypeID=304
  [DEBUG] SymFunc idx=332 NameID=175 TypeID=306
  [DEBUG] SymFunc idx=335 NameID=176 TypeID=311
  [DEBUG] SymFunc idx=341 NameID=178 TypeID=314
  [DEBUG] SymFunc idx=346 NameID=169 TypeID=319
  [DEBUG] SymFunc idx=348 NameID=171 TypeID=323
  [DEBUG] SymFunc idx=351 NameID=180 TypeID=329
[DEBUG] Inference NodeUnaryExpr: op=2 operandType=11
[DEBUG] Inference NodeUnaryExpr resultType=11
[DEBUG-FIELD] FieldExpr nodeIdx=1966 objType=312 fieldNameID=45
[DEBUG-FIELD] objType resolved to entry.Kind=1 structType=310 NameID=177 genericArgs=[]
[DEBUG-FIELD] struct fields count=3 genericParams=[]
[DEBUG-FIELD]   checking field NameID=38 field.TypeID=3
[DEBUG-FIELD]   checking field NameID=45 field.TypeID=107
[DEBUG-FIELD]   found field fieldType=107 resultType=107
[DEBUG-FIELD] FieldExpr nodeIdx=1965 objType=107 fieldNameID=59
[DEBUG-FIELD] objType resolved to entry.Kind=1 structType=107 NameID=154 genericArgs=[]
[DEBUG-FIELD] struct fields count=1 genericParams=[]
[DEBUG-FIELD]   checking field NameID=38 field.TypeID=3
[DEBUG] getMethodsOfStruct called for struct 107
  [DEBUG] SymFunc idx=38 NameID=9 TypeID=115
  [DEBUG] SymFunc idx=41 NameID=12 TypeID=117
  [DEBUG] SymFunc idx=44 NameID=13 TypeID=119
  [DEBUG] SymFunc idx=48 NameID=16 TypeID=121
  [DEBUG] SymFunc idx=53 NameID=18 TypeID=123
  [DEBUG] SymFunc idx=58 NameID=21 TypeID=126
  [DEBUG] SymFunc idx=64 NameID=24 TypeID=129
  [DEBUG] SymFunc idx=70 NameID=25 TypeID=132
  [DEBUG] SymFunc idx=76 NameID=27 TypeID=134
  [DEBUG] SymFunc idx=81 NameID=29 TypeID=136
  [DEBUG] SymFunc idx=85 NameID=31 TypeID=138
  [DEBUG] SymFunc idx=89 NameID=32 TypeID=140
  [DEBUG] SymFunc idx=93 NameID=13 TypeID=142
  [DEBUG] SymFunc idx=98 NameID=16 TypeID=144
  [DEBUG] SymFunc idx=104 NameID=18 TypeID=146
  [DEBUG] SymFunc idx=110 NameID=21 TypeID=149
  [DEBUG] SymFunc idx=118 NameID=34 TypeID=152
  [DEBUG] SymFunc idx=126 NameID=24 TypeID=155
  [DEBUG] SymFunc idx=134 NameID=36 TypeID=158
  [DEBUG] SymFunc idx=139 NameID=26 TypeID=161
  [DEBUG] SymFunc idx=175 NameID=58 TypeID=163
  [DEBUG] SymFunc idx=178 NameID=59 TypeID=166
  [DEBUG] SymFunc idx=181 NameID=61 TypeID=169
  [DEBUG] SymFunc idx=185 NameID=62 TypeID=172
  [DEBUG] SymFunc idx=189 NameID=63 TypeID=175
  [DEBUG] SymFunc idx=194 NameID=66 TypeID=177
  [DEBUG] SymFunc idx=197 NameID=49 TypeID=181
  [DEBUG] SymFunc idx=201 NameID=68 TypeID=186
  [DEBUG] SymFunc idx=204 NameID=69 TypeID=188
  [DEBUG] SymFunc idx=207 NameID=70 TypeID=190
  [DEBUG] SymFunc idx=211 NameID=71 TypeID=192
  [DEBUG] SymFunc idx=214 NameID=72 TypeID=194
  [DEBUG] SymFunc idx=217 NameID=73 TypeID=198
  [DEBUG] SymFunc idx=221 NameID=74 TypeID=202
  [DEBUG] SymFunc idx=226 NameID=69 TypeID=204
  [DEBUG] SymFunc idx=229 NameID=71 TypeID=206
  [DEBUG] SymFunc idx=233 NameID=69 TypeID=208
  [DEBUG] SymFunc idx=236 NameID=70 TypeID=210
  [DEBUG] SymFunc idx=240 NameID=71 TypeID=212
  [DEBUG] SymFunc idx=243 NameID=76 TypeID=214
  [DEBUG] SymFunc idx=245 NameID=77 TypeID=217
  [DEBUG] SymFunc idx=249 NameID=79 TypeID=220
  [DEBUG] SymFunc idx=252 NameID=80 TypeID=223
  [DEBUG] SymFunc idx=255 NameID=81 TypeID=224
  [DEBUG] SymFunc idx=257 NameID=83 TypeID=225
  [DEBUG] SymFunc idx=260 NameID=86 TypeID=226
  [DEBUG] SymFunc idx=265 NameID=92 TypeID=227
  [DEBUG] SymFunc idx=270 NameID=97 TypeID=228
  [DEBUG] SymFunc idx=275 NameID=102 TypeID=229
  [DEBUG] SymFunc idx=283 NameID=156 TypeID=236
  [DEBUG] SymFunc idx=285 NameID=157 TypeID=238
  [DEBUG] SymFunc idx=289 NameID=158 TypeID=248
  [DEBUG] SymFunc idx=292 NameID=159 TypeID=250
  [DEBUG] SymFunc idx=294 NameID=160 TypeID=251
  [DEBUG] SymFunc idx=296 NameID=161 TypeID=254
  [DEBUG] SymFunc idx=299 NameID=162 TypeID=257
  [DEBUG] SymFunc idx=301 NameID=163 TypeID=277
  [DEBUG] SymFunc idx=304 NameID=164 TypeID=280
  [DEBUG] SymFunc idx=308 NameID=165 TypeID=286
  [DEBUG] SymFunc idx=313 NameID=167 TypeID=289
  [DEBUG] SymFunc idx=318 NameID=169 TypeID=292
  [DEBUG] SymFunc idx=320 NameID=170 TypeID=294
  [DEBUG] SymFunc idx=323 NameID=171 TypeID=297
  [DEBUG] SymFunc idx=325 NameID=172 TypeID=301
  [DEBUG] SymFunc idx=330 NameID=174 TypeID=304
  [DEBUG] SymFunc idx=332 NameID=175 TypeID=306
  [DEBUG] SymFunc idx=335 NameID=176 TypeID=311
  [DEBUG] SymFunc idx=341 NameID=178 TypeID=314
  [DEBUG] SymFunc idx=346 NameID=169 TypeID=319
  [DEBUG] SymFunc idx=348 NameID=171 TypeID=323
  [DEBUG] SymFunc idx=351 NameID=180 TypeID=329
[DEBUG-INDEX] Instantiating generic collection: collectionName=WriteGuard typeArgs=[i32] (hasGenericParam=false)
[DEBUG] getMethodsOfStruct called for struct 104
  [DEBUG] SymFunc idx=38 NameID=9 TypeID=115
  [DEBUG] SymFunc idx=41 NameID=12 TypeID=117
  [DEBUG] SymFunc idx=44 NameID=13 TypeID=119
  [DEBUG] SymFunc idx=48 NameID=16 TypeID=121
  [DEBUG] SymFunc idx=53 NameID=18 TypeID=123
  [DEBUG] SymFunc idx=58 NameID=21 TypeID=126
  [DEBUG] SymFunc idx=64 NameID=24 TypeID=129
  [DEBUG] SymFunc idx=70 NameID=25 TypeID=132
  [DEBUG] SymFunc idx=76 NameID=27 TypeID=134
  [DEBUG] SymFunc idx=81 NameID=29 TypeID=136
  [DEBUG] SymFunc idx=85 NameID=31 TypeID=138
  [DEBUG] SymFunc idx=89 NameID=32 TypeID=140
  [DEBUG] SymFunc idx=93 NameID=13 TypeID=142
  [DEBUG] SymFunc idx=98 NameID=16 TypeID=144
  [DEBUG] SymFunc idx=104 NameID=18 TypeID=146
  [DEBUG] SymFunc idx=110 NameID=21 TypeID=149
  [DEBUG] SymFunc idx=118 NameID=34 TypeID=152
  [DEBUG] SymFunc idx=126 NameID=24 TypeID=155
  [DEBUG] SymFunc idx=134 NameID=36 TypeID=158
  [DEBUG] SymFunc idx=139 NameID=26 TypeID=161
  [DEBUG] SymFunc idx=175 NameID=58 TypeID=163
  [DEBUG] SymFunc idx=178 NameID=59 TypeID=166
  [DEBUG] SymFunc idx=181 NameID=61 TypeID=169
  [DEBUG] SymFunc idx=185 NameID=62 TypeID=172
  [DEBUG] SymFunc idx=189 NameID=63 TypeID=175
  [DEBUG] SymFunc idx=194 NameID=66 TypeID=177
  [DEBUG] SymFunc idx=197 NameID=49 TypeID=181
  [DEBUG] SymFunc idx=201 NameID=68 TypeID=186
  [DEBUG] SymFunc idx=204 NameID=69 TypeID=188
  [DEBUG] SymFunc idx=207 NameID=70 TypeID=190
  [DEBUG] SymFunc idx=211 NameID=71 TypeID=192
  [DEBUG] SymFunc idx=214 NameID=72 TypeID=194
  [DEBUG] SymFunc idx=217 NameID=73 TypeID=198
  [DEBUG] SymFunc idx=221 NameID=74 TypeID=202
  [DEBUG] SymFunc idx=226 NameID=69 TypeID=204
  [DEBUG] SymFunc idx=229 NameID=71 TypeID=206
  [DEBUG] SymFunc idx=233 NameID=69 TypeID=208
  [DEBUG] SymFunc idx=236 NameID=70 TypeID=210
  [DEBUG] SymFunc idx=240 NameID=71 TypeID=212
  [DEBUG] SymFunc idx=243 NameID=76 TypeID=214
  [DEBUG] SymFunc idx=245 NameID=77 TypeID=217
  [DEBUG] SymFunc idx=249 NameID=79 TypeID=220
  [DEBUG] SymFunc idx=252 NameID=80 TypeID=223
  [DEBUG] SymFunc idx=255 NameID=81 TypeID=224
  [DEBUG] SymFunc idx=257 NameID=83 TypeID=225
  [DEBUG] SymFunc idx=260 NameID=86 TypeID=226
  [DEBUG] SymFunc idx=265 NameID=92 TypeID=227
  [DEBUG] SymFunc idx=270 NameID=97 TypeID=228
  [DEBUG] SymFunc idx=275 NameID=102 TypeID=229
  [DEBUG] SymFunc idx=283 NameID=156 TypeID=236
  [DEBUG] SymFunc idx=285 NameID=157 TypeID=238
  [DEBUG] SymFunc idx=289 NameID=158 TypeID=248
  [DEBUG] SymFunc idx=292 NameID=159 TypeID=250
  [DEBUG] SymFunc idx=294 NameID=160 TypeID=251
  [DEBUG] SymFunc idx=296 NameID=161 TypeID=254
  [DEBUG] SymFunc idx=299 NameID=162 TypeID=257
  [DEBUG] SymFunc idx=301 NameID=163 TypeID=277
  [DEBUG] SymFunc idx=304 NameID=164 TypeID=280
  [DEBUG] SymFunc idx=308 NameID=165 TypeID=286
  [DEBUG] SymFunc idx=313 NameID=167 TypeID=289
  [DEBUG] SymFunc idx=318 NameID=169 TypeID=292
  [DEBUG] SymFunc idx=320 NameID=170 TypeID=294
  [DEBUG] SymFunc idx=323 NameID=171 TypeID=297
  [DEBUG] SymFunc idx=325 NameID=172 TypeID=301
  [DEBUG] SymFunc idx=330 NameID=174 TypeID=304
  [DEBUG] SymFunc idx=332 NameID=175 TypeID=306
  [DEBUG] SymFunc idx=335 NameID=176 TypeID=311
  [DEBUG] SymFunc idx=341 NameID=178 TypeID=314
  [DEBUG] SymFunc idx=346 NameID=169 TypeID=319
  [DEBUG] SymFunc idx=348 NameID=171 TypeID=323
  [DEBUG] SymFunc idx=351 NameID=180 TypeID=329
[DEBUG] getMethodsOfStruct called for struct 107
  [DEBUG] SymFunc idx=38 NameID=9 TypeID=115
  [DEBUG] SymFunc idx=41 NameID=12 TypeID=117
  [DEBUG] SymFunc idx=44 NameID=13 TypeID=119
  [DEBUG] SymFunc idx=48 NameID=16 TypeID=121
  [DEBUG] SymFunc idx=53 NameID=18 TypeID=123
  [DEBUG] SymFunc idx=58 NameID=21 TypeID=126
  [DEBUG] SymFunc idx=64 NameID=24 TypeID=129
  [DEBUG] SymFunc idx=70 NameID=25 TypeID=132
  [DEBUG] SymFunc idx=76 NameID=27 TypeID=134
  [DEBUG] SymFunc idx=81 NameID=29 TypeID=136
  [DEBUG] SymFunc idx=85 NameID=31 TypeID=138
  [DEBUG] SymFunc idx=89 NameID=32 TypeID=140
  [DEBUG] SymFunc idx=93 NameID=13 TypeID=142
  [DEBUG] SymFunc idx=98 NameID=16 TypeID=144
  [DEBUG] SymFunc idx=104 NameID=18 TypeID=146
  [DEBUG] SymFunc idx=110 NameID=21 TypeID=149
  [DEBUG] SymFunc idx=118 NameID=34 TypeID=152
  [DEBUG] SymFunc idx=126 NameID=24 TypeID=155
  [DEBUG] SymFunc idx=134 NameID=36 TypeID=158
  [DEBUG] SymFunc idx=139 NameID=26 TypeID=161
  [DEBUG] SymFunc idx=175 NameID=58 TypeID=163
  [DEBUG] SymFunc idx=178 NameID=59 TypeID=166
  [DEBUG] SymFunc idx=181 NameID=61 TypeID=169
  [DEBUG] SymFunc idx=185 NameID=62 TypeID=172
  [DEBUG] SymFunc idx=189 NameID=63 TypeID=175
  [DEBUG] SymFunc idx=194 NameID=66 TypeID=177
  [DEBUG] SymFunc idx=197 NameID=49 TypeID=181
  [DEBUG] SymFunc idx=201 NameID=68 TypeID=186
  [DEBUG] SymFunc idx=204 NameID=69 TypeID=188
  [DEBUG] SymFunc idx=207 NameID=70 TypeID=190
  [DEBUG] SymFunc idx=211 NameID=71 TypeID=192
  [DEBUG] SymFunc idx=214 NameID=72 TypeID=194
  [DEBUG] SymFunc idx=217 NameID=73 TypeID=198
  [DEBUG] SymFunc idx=221 NameID=74 TypeID=202
  [DEBUG] SymFunc idx=226 NameID=69 TypeID=204
  [DEBUG] SymFunc idx=229 NameID=71 TypeID=206
  [DEBUG] SymFunc idx=233 NameID=69 TypeID=208
  [DEBUG] SymFunc idx=236 NameID=70 TypeID=210
  [DEBUG] SymFunc idx=240 NameID=71 TypeID=212
  [DEBUG] SymFunc idx=243 NameID=76 TypeID=214
  [DEBUG] SymFunc idx=245 NameID=77 TypeID=217
  [DEBUG] SymFunc idx=249 NameID=79 TypeID=220
  [DEBUG] SymFunc idx=252 NameID=80 TypeID=223
  [DEBUG] SymFunc idx=255 NameID=81 TypeID=224
  [DEBUG] SymFunc idx=257 NameID=83 TypeID=225
  [DEBUG] SymFunc idx=260 NameID=86 TypeID=226
  [DEBUG] SymFunc idx=265 NameID=92 TypeID=227
  [DEBUG] SymFunc idx=270 NameID=97 TypeID=228
  [DEBUG] SymFunc idx=275 NameID=102 TypeID=229
  [DEBUG] SymFunc idx=283 NameID=156 TypeID=236
  [DEBUG] SymFunc idx=285 NameID=157 TypeID=238
  [DEBUG] SymFunc idx=289 NameID=158 TypeID=248
  [DEBUG] SymFunc idx=292 NameID=159 TypeID=250
  [DEBUG] SymFunc idx=294 NameID=160 TypeID=251
  [DEBUG] SymFunc idx=296 NameID=161 TypeID=254
  [DEBUG] SymFunc idx=299 NameID=162 TypeID=257
  [DEBUG] SymFunc idx=301 NameID=163 TypeID=277
  [DEBUG] SymFunc idx=304 NameID=164 TypeID=280
  [DEBUG] SymFunc idx=308 NameID=165 TypeID=286
  [DEBUG] SymFunc idx=313 NameID=167 TypeID=289
  [DEBUG] SymFunc idx=318 NameID=169 TypeID=292
  [DEBUG] SymFunc idx=320 NameID=170 TypeID=294
  [DEBUG] SymFunc idx=323 NameID=171 TypeID=297
  [DEBUG] SymFunc idx=325 NameID=172 TypeID=301
  [DEBUG] SymFunc idx=330 NameID=174 TypeID=304
  [DEBUG] SymFunc idx=332 NameID=175 TypeID=306
  [DEBUG] SymFunc idx=335 NameID=176 TypeID=311
  [DEBUG] SymFunc idx=341 NameID=178 TypeID=314
  [DEBUG] SymFunc idx=346 NameID=169 TypeID=319
  [DEBUG] SymFunc idx=348 NameID=171 TypeID=323
  [DEBUG] SymFunc idx=351 NameID=180 TypeID=329
[DEBUG] Instantiated method write: instSymIdx=351, errs=[]
[DEBUG] getMethodsOfStruct called for struct 310
  [DEBUG] SymFunc idx=38 NameID=9 TypeID=115
  [DEBUG] SymFunc idx=41 NameID=12 TypeID=117
  [DEBUG] SymFunc idx=44 NameID=13 TypeID=119
  [DEBUG] SymFunc idx=48 NameID=16 TypeID=121
  [DEBUG] SymFunc idx=53 NameID=18 TypeID=123
  [DEBUG] SymFunc idx=58 NameID=21 TypeID=126
  [DEBUG] SymFunc idx=64 NameID=24 TypeID=129
  [DEBUG] SymFunc idx=70 NameID=25 TypeID=132
  [DEBUG] SymFunc idx=76 NameID=27 TypeID=134
  [DEBUG] SymFunc idx=81 NameID=29 TypeID=136
  [DEBUG] SymFunc idx=85 NameID=31 TypeID=138
  [DEBUG] SymFunc idx=89 NameID=32 TypeID=140
  [DEBUG] SymFunc idx=93 NameID=13 TypeID=142
  [DEBUG] SymFunc idx=98 NameID=16 TypeID=144
  [DEBUG] SymFunc idx=104 NameID=18 TypeID=146
  [DEBUG] SymFunc idx=110 NameID=21 TypeID=149
  [DEBUG] SymFunc idx=118 NameID=34 TypeID=152
  [DEBUG] SymFunc idx=126 NameID=24 TypeID=155
  [DEBUG] SymFunc idx=134 NameID=36 TypeID=158
  [DEBUG] SymFunc idx=139 NameID=26 TypeID=161
  [DEBUG] SymFunc idx=175 NameID=58 TypeID=163
  [DEBUG] SymFunc idx=178 NameID=59 TypeID=166
  [DEBUG] SymFunc idx=181 NameID=61 TypeID=169
  [DEBUG] SymFunc idx=185 NameID=62 TypeID=172
  [DEBUG] SymFunc idx=189 NameID=63 TypeID=175
  [DEBUG] SymFunc idx=194 NameID=66 TypeID=177
  [DEBUG] SymFunc idx=197 NameID=49 TypeID=181
  [DEBUG] SymFunc idx=201 NameID=68 TypeID=186
  [DEBUG] SymFunc idx=204 NameID=69 TypeID=188
  [DEBUG] SymFunc idx=207 NameID=70 TypeID=190
  [DEBUG] SymFunc idx=211 NameID=71 TypeID=192
  [DEBUG] SymFunc idx=214 NameID=72 TypeID=194
  [DEBUG] SymFunc idx=217 NameID=73 TypeID=198
  [DEBUG] SymFunc idx=221 NameID=74 TypeID=202
  [DEBUG] SymFunc idx=226 NameID=69 TypeID=204
  [DEBUG] SymFunc idx=229 NameID=71 TypeID=206
  [DEBUG] SymFunc idx=233 NameID=69 TypeID=208
  [DEBUG] SymFunc idx=236 NameID=70 TypeID=210
  [DEBUG] SymFunc idx=240 NameID=71 TypeID=212
  [DEBUG] SymFunc idx=243 NameID=76 TypeID=214
  [DEBUG] SymFunc idx=245 NameID=77 TypeID=217
  [DEBUG] SymFunc idx=249 NameID=79 TypeID=220
  [DEBUG] SymFunc idx=252 NameID=80 TypeID=223
  [DEBUG] SymFunc idx=255 NameID=81 TypeID=224
  [DEBUG] SymFunc idx=257 NameID=83 TypeID=225
  [DEBUG] SymFunc idx=260 NameID=86 TypeID=226
  [DEBUG] SymFunc idx=265 NameID=92 TypeID=227
  [DEBUG] SymFunc idx=270 NameID=97 TypeID=228
  [DEBUG] SymFunc idx=275 NameID=102 TypeID=229
  [DEBUG] SymFunc idx=283 NameID=156 TypeID=236
  [DEBUG] SymFunc idx=285 NameID=157 TypeID=238
  [DEBUG] SymFunc idx=289 NameID=158 TypeID=248
  [DEBUG] SymFunc idx=292 NameID=159 TypeID=250
  [DEBUG] SymFunc idx=294 NameID=160 TypeID=251
  [DEBUG] SymFunc idx=296 NameID=161 TypeID=254
  [DEBUG] SymFunc idx=299 NameID=162 TypeID=257
  [DEBUG] SymFunc idx=301 NameID=163 TypeID=277
  [DEBUG] SymFunc idx=304 NameID=164 TypeID=280
  [DEBUG] SymFunc idx=308 NameID=165 TypeID=286
  [DEBUG] SymFunc idx=313 NameID=167 TypeID=289
  [DEBUG] SymFunc idx=318 NameID=169 TypeID=292
  [DEBUG] SymFunc idx=320 NameID=170 TypeID=294
  [DEBUG] SymFunc idx=323 NameID=171 TypeID=297
  [DEBUG] SymFunc idx=325 NameID=172 TypeID=301
  [DEBUG] SymFunc idx=330 NameID=174 TypeID=304
  [DEBUG] SymFunc idx=332 NameID=175 TypeID=306
  [DEBUG] SymFunc idx=335 NameID=176 TypeID=311
  [DEBUG] SymFunc idx=341 NameID=178 TypeID=314
  [DEBUG] SymFunc idx=346 NameID=169 TypeID=319
  [DEBUG] SymFunc idx=348 NameID=171 TypeID=323
  [DEBUG] SymFunc idx=351 NameID=180 TypeID=329
[DEBUG-FIELD] FieldExpr nodeIdx=1352 objType=328 fieldNameID=69
[DEBUG-FIELD] objType resolved to entry.Kind=1 structType=328 NameID=181 genericArgs=[]
[DEBUG-FIELD] struct fields count=1 genericParams=[]
[DEBUG-FIELD]   checking field NameID=49 field.TypeID=312
[DEBUG] getMethodsOfStruct called for struct 328
  [DEBUG] SymFunc idx=38 NameID=9 TypeID=115
  [DEBUG] SymFunc idx=41 NameID=12 TypeID=117
  [DEBUG] SymFunc idx=44 NameID=13 TypeID=119
  [DEBUG] SymFunc idx=48 NameID=16 TypeID=121
  [DEBUG] SymFunc idx=53 NameID=18 TypeID=123
  [DEBUG] SymFunc idx=58 NameID=21 TypeID=126
  [DEBUG] SymFunc idx=64 NameID=24 TypeID=129
  [DEBUG] SymFunc idx=70 NameID=25 TypeID=132
  [DEBUG] SymFunc idx=76 NameID=27 TypeID=134
  [DEBUG] SymFunc idx=81 NameID=29 TypeID=136
  [DEBUG] SymFunc idx=85 NameID=31 TypeID=138
  [DEBUG] SymFunc idx=89 NameID=32 TypeID=140
  [DEBUG] SymFunc idx=93 NameID=13 TypeID=142
  [DEBUG] SymFunc idx=98 NameID=16 TypeID=144
  [DEBUG] SymFunc idx=104 NameID=18 TypeID=146
  [DEBUG] SymFunc idx=110 NameID=21 TypeID=149
  [DEBUG] SymFunc idx=118 NameID=34 TypeID=152
  [DEBUG] SymFunc idx=126 NameID=24 TypeID=155
  [DEBUG] SymFunc idx=134 NameID=36 TypeID=158
  [DEBUG] SymFunc idx=139 NameID=26 TypeID=161
  [DEBUG] SymFunc idx=175 NameID=58 TypeID=163
  [DEBUG] SymFunc idx=178 NameID=59 TypeID=166
  [DEBUG] SymFunc idx=181 NameID=61 TypeID=169
  [DEBUG] SymFunc idx=185 NameID=62 TypeID=172
  [DEBUG] SymFunc idx=189 NameID=63 TypeID=175
  [DEBUG] SymFunc idx=194 NameID=66 TypeID=177
  [DEBUG] SymFunc idx=197 NameID=49 TypeID=181
  [DEBUG] SymFunc idx=201 NameID=68 TypeID=186
  [DEBUG] SymFunc idx=204 NameID=69 TypeID=188
  [DEBUG] SymFunc idx=207 NameID=70 TypeID=190
  [DEBUG] SymFunc idx=211 NameID=71 TypeID=192
  [DEBUG] SymFunc idx=214 NameID=72 TypeID=194
  [DEBUG] SymFunc idx=217 NameID=73 TypeID=198
  [DEBUG] SymFunc idx=221 NameID=74 TypeID=202
  [DEBUG] SymFunc idx=226 NameID=69 TypeID=204
  [DEBUG] SymFunc idx=229 NameID=71 TypeID=206
  [DEBUG] SymFunc idx=233 NameID=69 TypeID=208
  [DEBUG] SymFunc idx=236 NameID=70 TypeID=210
  [DEBUG] SymFunc idx=240 NameID=71 TypeID=212
  [DEBUG] SymFunc idx=243 NameID=76 TypeID=214
  [DEBUG] SymFunc idx=245 NameID=77 TypeID=217
  [DEBUG] SymFunc idx=249 NameID=79 TypeID=220
  [DEBUG] SymFunc idx=252 NameID=80 TypeID=223
  [DEBUG] SymFunc idx=255 NameID=81 TypeID=224
  [DEBUG] SymFunc idx=257 NameID=83 TypeID=225
  [DEBUG] SymFunc idx=260 NameID=86 TypeID=226
  [DEBUG] SymFunc idx=265 NameID=92 TypeID=227
  [DEBUG] SymFunc idx=270 NameID=97 TypeID=228
  [DEBUG] SymFunc idx=275 NameID=102 TypeID=229
  [DEBUG] SymFunc idx=283 NameID=156 TypeID=236
  [DEBUG] SymFunc idx=285 NameID=157 TypeID=238
  [DEBUG] SymFunc idx=289 NameID=158 TypeID=248
  [DEBUG] SymFunc idx=292 NameID=159 TypeID=250
  [DEBUG] SymFunc idx=294 NameID=160 TypeID=251
  [DEBUG] SymFunc idx=296 NameID=161 TypeID=254
  [DEBUG] SymFunc idx=299 NameID=162 TypeID=257
  [DEBUG] SymFunc idx=301 NameID=163 TypeID=277
  [DEBUG] SymFunc idx=304 NameID=164 TypeID=280
  [DEBUG] SymFunc idx=308 NameID=165 TypeID=286
  [DEBUG] SymFunc idx=313 NameID=167 TypeID=289
  [DEBUG] SymFunc idx=318 NameID=169 TypeID=292
  [DEBUG] SymFunc idx=320 NameID=170 TypeID=294
  [DEBUG] SymFunc idx=323 NameID=171 TypeID=297
  [DEBUG] SymFunc idx=325 NameID=172 TypeID=301
  [DEBUG] SymFunc idx=330 NameID=174 TypeID=304
  [DEBUG] SymFunc idx=332 NameID=175 TypeID=306
  [DEBUG] SymFunc idx=335 NameID=176 TypeID=311
  [DEBUG] SymFunc idx=341 NameID=178 TypeID=314
  [DEBUG] SymFunc idx=346 NameID=169 TypeID=319
  [DEBUG] SymFunc idx=348 NameID=171 TypeID=323
  [DEBUG] SymFunc idx=351 NameID=180 TypeID=329
[DEBUG-OVERLOAD] methodName=get baseName=WriteGuard recParam=187 kind=8 nameID=41 recStructName=MutexGuard
[DEBUG-OVERLOAD] methodName=get baseName=WriteGuard recParam=203 kind=8 nameID=48 recStructName=ReadGuard
[DEBUG-OVERLOAD] methodName=get baseName=WriteGuard recParam=207 kind=8 nameID=50 recStructName=WriteGuard
[DEBUG] Instantiating generic method template: get for typeArgs [i32]. structName=_AX_std_WriteGuard_i32
[DEBUG] Inference NodeGenericType (User-Defined): base='WriteGuard' typeArgs=[i32] instTypeID=328
[DEBUG-FIELD] FieldExpr nodeIdx=2001 objType=328 fieldNameID=49
[DEBUG-FIELD] objType resolved to entry.Kind=1 structType=328 NameID=181 genericArgs=[]
[DEBUG-FIELD] struct fields count=1 genericParams=[]
[DEBUG-FIELD]   checking field NameID=49 field.TypeID=312
[DEBUG-FIELD]   found field fieldType=312 resultType=312
[DEBUG-FIELD] FieldExpr nodeIdx=2000 objType=312 fieldNameID=38
[DEBUG-FIELD] objType resolved to entry.Kind=1 structType=310 NameID=177 genericArgs=[]
[DEBUG-FIELD] struct fields count=3 genericParams=[]
[DEBUG-FIELD]   checking field NameID=38 field.TypeID=3
[DEBUG-FIELD]   found field fieldType=3 resultType=3
[DEBUG] Instantiated method get: instSymIdx=357, errs=[]
[DEBUG] getMethodsOfStruct called for struct 328
  [DEBUG] SymFunc idx=38 NameID=9 TypeID=115
  [DEBUG] SymFunc idx=41 NameID=12 TypeID=117
  [DEBUG] SymFunc idx=44 NameID=13 TypeID=119
  [DEBUG] SymFunc idx=48 NameID=16 TypeID=121
  [DEBUG] SymFunc idx=53 NameID=18 TypeID=123
  [DEBUG] SymFunc idx=58 NameID=21 TypeID=126
  [DEBUG] SymFunc idx=64 NameID=24 TypeID=129
  [DEBUG] SymFunc idx=70 NameID=25 TypeID=132
  [DEBUG] SymFunc idx=76 NameID=27 TypeID=134
  [DEBUG] SymFunc idx=81 NameID=29 TypeID=136
  [DEBUG] SymFunc idx=85 NameID=31 TypeID=138
  [DEBUG] SymFunc idx=89 NameID=32 TypeID=140
  [DEBUG] SymFunc idx=93 NameID=13 TypeID=142
  [DEBUG] SymFunc idx=98 NameID=16 TypeID=144
  [DEBUG] SymFunc idx=104 NameID=18 TypeID=146
  [DEBUG] SymFunc idx=110 NameID=21 TypeID=149
  [DEBUG] SymFunc idx=118 NameID=34 TypeID=152
  [DEBUG] SymFunc idx=126 NameID=24 TypeID=155
  [DEBUG] SymFunc idx=134 NameID=36 TypeID=158
  [DEBUG] SymFunc idx=139 NameID=26 TypeID=161
  [DEBUG] SymFunc idx=175 NameID=58 TypeID=163
  [DEBUG] SymFunc idx=178 NameID=59 TypeID=166
  [DEBUG] SymFunc idx=181 NameID=61 TypeID=169
  [DEBUG] SymFunc idx=185 NameID=62 TypeID=172
  [DEBUG] SymFunc idx=189 NameID=63 TypeID=175
  [DEBUG] SymFunc idx=194 NameID=66 TypeID=177
  [DEBUG] SymFunc idx=197 NameID=49 TypeID=181
  [DEBUG] SymFunc idx=201 NameID=68 TypeID=186
  [DEBUG] SymFunc idx=204 NameID=69 TypeID=188
  [DEBUG] SymFunc idx=207 NameID=70 TypeID=190
  [DEBUG] SymFunc idx=211 NameID=71 TypeID=192
  [DEBUG] SymFunc idx=214 NameID=72 TypeID=194
  [DEBUG] SymFunc idx=217 NameID=73 TypeID=198
  [DEBUG] SymFunc idx=221 NameID=74 TypeID=202
  [DEBUG] SymFunc idx=226 NameID=69 TypeID=204
  [DEBUG] SymFunc idx=229 NameID=71 TypeID=206
  [DEBUG] SymFunc idx=233 NameID=69 TypeID=208
  [DEBUG] SymFunc idx=236 NameID=70 TypeID=210
  [DEBUG] SymFunc idx=240 NameID=71 TypeID=212
  [DEBUG] SymFunc idx=243 NameID=76 TypeID=214
  [DEBUG] SymFunc idx=245 NameID=77 TypeID=217
  [DEBUG] SymFunc idx=249 NameID=79 TypeID=220
  [DEBUG] SymFunc idx=252 NameID=80 TypeID=223
  [DEBUG] SymFunc idx=255 NameID=81 TypeID=224
  [DEBUG] SymFunc idx=257 NameID=83 TypeID=225
  [DEBUG] SymFunc idx=260 NameID=86 TypeID=226
  [DEBUG] SymFunc idx=265 NameID=92 TypeID=227
  [DEBUG] SymFunc idx=270 NameID=97 TypeID=228
  [DEBUG] SymFunc idx=275 NameID=102 TypeID=229
  [DEBUG] SymFunc idx=283 NameID=156 TypeID=236
  [DEBUG] SymFunc idx=285 NameID=157 TypeID=238
  [DEBUG] SymFunc idx=289 NameID=158 TypeID=248
  [DEBUG] SymFunc idx=292 NameID=159 TypeID=250
  [DEBUG] SymFunc idx=294 NameID=160 TypeID=251
  [DEBUG] SymFunc idx=296 NameID=161 TypeID=254
  [DEBUG] SymFunc idx=299 NameID=162 TypeID=257
  [DEBUG] SymFunc idx=301 NameID=163 TypeID=277
  [DEBUG] SymFunc idx=304 NameID=164 TypeID=280
  [DEBUG] SymFunc idx=308 NameID=165 TypeID=286
  [DEBUG] SymFunc idx=313 NameID=167 TypeID=289
  [DEBUG] SymFunc idx=318 NameID=169 TypeID=292
  [DEBUG] SymFunc idx=320 NameID=170 TypeID=294
  [DEBUG] SymFunc idx=323 NameID=171 TypeID=297
  [DEBUG] SymFunc idx=325 NameID=172 TypeID=301
  [DEBUG] SymFunc idx=330 NameID=174 TypeID=304
  [DEBUG] SymFunc idx=332 NameID=175 TypeID=306
  [DEBUG] SymFunc idx=335 NameID=176 TypeID=311
  [DEBUG] SymFunc idx=341 NameID=178 TypeID=314
  [DEBUG] SymFunc idx=346 NameID=169 TypeID=319
  [DEBUG] SymFunc idx=348 NameID=171 TypeID=323
  [DEBUG] SymFunc idx=351 NameID=180 TypeID=329
  [DEBUG] SymFunc idx=357 NameID=169 TypeID=333
[DEBUG-FIELD] FieldExpr nodeIdx=1358 objType=328 fieldNameID=70
[DEBUG-FIELD] objType resolved to entry.Kind=1 structType=328 NameID=181 genericArgs=[]
[DEBUG-FIELD] struct fields count=1 genericParams=[]
[DEBUG-FIELD]   checking field NameID=49 field.TypeID=312
[DEBUG-OVERLOAD] methodName=set baseName=WriteGuard recParam=189 kind=8 nameID=41 recStructName=MutexGuard
[DEBUG-OVERLOAD] methodName=set baseName=WriteGuard recParam=209 kind=8 nameID=50 recStructName=WriteGuard
[DEBUG] Instantiating generic method template: set for typeArgs [i32]. structName=_AX_std_WriteGuard_i32
[DEBUG] Inference NodeGenericType (User-Defined): base='WriteGuard' typeArgs=[i32] instTypeID=328
[DEBUG-FIELD] FieldExpr nodeIdx=2017 objType=328 fieldNameID=49
[DEBUG-FIELD] objType resolved to entry.Kind=1 structType=328 NameID=181 genericArgs=[]
[DEBUG-FIELD] struct fields count=1 genericParams=[]
[DEBUG-FIELD]   checking field NameID=49 field.TypeID=312
[DEBUG-FIELD]   found field fieldType=312 resultType=312
[DEBUG-FIELD] FieldExpr nodeIdx=2016 objType=312 fieldNameID=38
[DEBUG-FIELD] objType resolved to entry.Kind=1 structType=310 NameID=177 genericArgs=[]
[DEBUG-FIELD] struct fields count=3 genericParams=[]
[DEBUG-FIELD]   checking field NameID=38 field.TypeID=3
[DEBUG-FIELD]   found field fieldType=3 resultType=3
[DEBUG] Instantiated method set: instSymIdx=359, errs=[]
[DEBUG] getMethodsOfStruct called for struct 328
  [DEBUG] SymFunc idx=38 NameID=9 TypeID=115
  [DEBUG] SymFunc idx=41 NameID=12 TypeID=117
  [DEBUG] SymFunc idx=44 NameID=13 TypeID=119
  [DEBUG] SymFunc idx=48 NameID=16 TypeID=121
  [DEBUG] SymFunc idx=53 NameID=18 TypeID=123
  [DEBUG] SymFunc idx=58 NameID=21 TypeID=126
  [DEBUG] SymFunc idx=64 NameID=24 TypeID=129
  [DEBUG] SymFunc idx=70 NameID=25 TypeID=132
  [DEBUG] SymFunc idx=76 NameID=27 TypeID=134
  [DEBUG] SymFunc idx=81 NameID=29 TypeID=136
  [DEBUG] SymFunc idx=85 NameID=31 TypeID=138
  [DEBUG] SymFunc idx=89 NameID=32 TypeID=140
  [DEBUG] SymFunc idx=93 NameID=13 TypeID=142
  [DEBUG] SymFunc idx=98 NameID=16 TypeID=144
  [DEBUG] SymFunc idx=104 NameID=18 TypeID=146
  [DEBUG] SymFunc idx=110 NameID=21 TypeID=149
  [DEBUG] SymFunc idx=118 NameID=34 TypeID=152
  [DEBUG] SymFunc idx=126 NameID=24 TypeID=155
  [DEBUG] SymFunc idx=134 NameID=36 TypeID=158
  [DEBUG] SymFunc idx=139 NameID=26 TypeID=161
  [DEBUG] SymFunc idx=175 NameID=58 TypeID=163
  [DEBUG] SymFunc idx=178 NameID=59 TypeID=166
  [DEBUG] SymFunc idx=181 NameID=61 TypeID=169
  [DEBUG] SymFunc idx=185 NameID=62 TypeID=172
  [DEBUG] SymFunc idx=189 NameID=63 TypeID=175
  [DEBUG] SymFunc idx=194 NameID=66 TypeID=177
  [DEBUG] SymFunc idx=197 NameID=49 TypeID=181
  [DEBUG] SymFunc idx=201 NameID=68 TypeID=186
  [DEBUG] SymFunc idx=204 NameID=69 TypeID=188
  [DEBUG] SymFunc idx=207 NameID=70 TypeID=190
  [DEBUG] SymFunc idx=211 NameID=71 TypeID=192
  [DEBUG] SymFunc idx=214 NameID=72 TypeID=194
  [DEBUG] SymFunc idx=217 NameID=73 TypeID=198
  [DEBUG] SymFunc idx=221 NameID=74 TypeID=202
  [DEBUG] SymFunc idx=226 NameID=69 TypeID=204
  [DEBUG] SymFunc idx=229 NameID=71 TypeID=206
  [DEBUG] SymFunc idx=233 NameID=69 TypeID=208
  [DEBUG] SymFunc idx=236 NameID=70 TypeID=210
  [DEBUG] SymFunc idx=240 NameID=71 TypeID=212
  [DEBUG] SymFunc idx=243 NameID=76 TypeID=214
  [DEBUG] SymFunc idx=245 NameID=77 TypeID=217
  [DEBUG] SymFunc idx=249 NameID=79 TypeID=220
  [DEBUG] SymFunc idx=252 NameID=80 TypeID=223
  [DEBUG] SymFunc idx=255 NameID=81 TypeID=224
  [DEBUG] SymFunc idx=257 NameID=83 TypeID=225
  [DEBUG] SymFunc idx=260 NameID=86 TypeID=226
  [DEBUG] SymFunc idx=265 NameID=92 TypeID=227
  [DEBUG] SymFunc idx=270 NameID=97 TypeID=228
  [DEBUG] SymFunc idx=275 NameID=102 TypeID=229
  [DEBUG] SymFunc idx=283 NameID=156 TypeID=236
  [DEBUG] SymFunc idx=285 NameID=157 TypeID=238
  [DEBUG] SymFunc idx=289 NameID=158 TypeID=248
  [DEBUG] SymFunc idx=292 NameID=159 TypeID=250
  [DEBUG] SymFunc idx=294 NameID=160 TypeID=251
  [DEBUG] SymFunc idx=296 NameID=161 TypeID=254
  [DEBUG] SymFunc idx=299 NameID=162 TypeID=257
  [DEBUG] SymFunc idx=301 NameID=163 TypeID=277
  [DEBUG] SymFunc idx=304 NameID=164 TypeID=280
  [DEBUG] SymFunc idx=308 NameID=165 TypeID=286
  [DEBUG] SymFunc idx=313 NameID=167 TypeID=289
  [DEBUG] SymFunc idx=318 NameID=169 TypeID=292
  [DEBUG] SymFunc idx=320 NameID=170 TypeID=294
  [DEBUG] SymFunc idx=323 NameID=171 TypeID=297
  [DEBUG] SymFunc idx=325 NameID=172 TypeID=301
  [DEBUG] SymFunc idx=330 NameID=174 TypeID=304
  [DEBUG] SymFunc idx=332 NameID=175 TypeID=306
  [DEBUG] SymFunc idx=335 NameID=176 TypeID=311
  [DEBUG] SymFunc idx=341 NameID=178 TypeID=314
  [DEBUG] SymFunc idx=346 NameID=169 TypeID=319
  [DEBUG] SymFunc idx=348 NameID=171 TypeID=323
  [DEBUG] SymFunc idx=351 NameID=180 TypeID=329
  [DEBUG] SymFunc idx=357 NameID=169 TypeID=333
  [DEBUG] SymFunc idx=359 NameID=170 TypeID=335
[DEBUG] CastExpr child expr nodeIdx=1361 Kind=IntLit Type=3
[DEBUG] NodeCastExpr nodeIdx=1362 targetNodeIdx=1363 Kind=TypeExpr Payload=2 targetType=3
[DEBUG-FIELD] FieldExpr nodeIdx=1367 objType=328 fieldNameID=69
[DEBUG-FIELD] objType resolved to entry.Kind=1 structType=328 NameID=181 genericArgs=[]
[DEBUG-FIELD] struct fields count=1 genericParams=[]
[DEBUG-FIELD]   checking field NameID=49 field.TypeID=312
[DEBUG-FIELD] FieldExpr nodeIdx=1373 objType=328 fieldNameID=71
[DEBUG-FIELD] objType resolved to entry.Kind=1 structType=328 NameID=181 genericArgs=[]
[DEBUG-FIELD] struct fields count=1 genericParams=[]
[DEBUG-FIELD]   checking field NameID=49 field.TypeID=312
[DEBUG-OVERLOAD] methodName=unlock baseName=WriteGuard recParam=191 kind=8 nameID=41 recStructName=MutexGuard
[DEBUG-OVERLOAD] methodName=unlock baseName=WriteGuard recParam=205 kind=8 nameID=48 recStructName=ReadGuard
[DEBUG-OVERLOAD] methodName=unlock baseName=WriteGuard recParam=211 kind=8 nameID=50 recStructName=WriteGuard
[DEBUG] Instantiating generic method template: unlock for typeArgs [i32]. structName=_AX_std_WriteGuard_i32
[DEBUG] Inference NodeGenericType (User-Defined): base='WriteGuard' typeArgs=[i32] instTypeID=328
[DEBUG-FIELD] FieldExpr nodeIdx=2033 objType=328 fieldNameID=49
[DEBUG-FIELD] objType resolved to entry.Kind=1 structType=328 NameID=181 genericArgs=[]
[DEBUG-FIELD] struct fields count=1 genericParams=[]
[DEBUG-FIELD]   checking field NameID=49 field.TypeID=312
[DEBUG-FIELD]   found field fieldType=312 resultType=312
[DEBUG-FIELD] FieldExpr nodeIdx=2032 objType=312 fieldNameID=47
[DEBUG-FIELD] objType resolved to entry.Kind=1 structType=310 NameID=177 genericArgs=[]
[DEBUG-FIELD] struct fields count=3 genericParams=[]
[DEBUG-FIELD]   checking field NameID=38 field.TypeID=3
[DEBUG-FIELD]   checking field NameID=45 field.TypeID=107
[DEBUG-FIELD]   checking field NameID=47 field.TypeID=104
[DEBUG-FIELD]   found field fieldType=104 resultType=104
[DEBUG-FIELD] FieldExpr nodeIdx=2031 objType=104 fieldNameID=61
[DEBUG-FIELD] objType resolved to entry.Kind=1 structType=104 NameID=153 genericArgs=[]
[DEBUG-FIELD] struct fields count=1 genericParams=[]
[DEBUG-FIELD]   checking field NameID=38 field.TypeID=11
[DEBUG] getMethodsOfStruct called for struct 104
  [DEBUG] SymFunc idx=38 NameID=9 TypeID=115
  [DEBUG] SymFunc idx=41 NameID=12 TypeID=117
  [DEBUG] SymFunc idx=44 NameID=13 TypeID=119
  [DEBUG] SymFunc idx=48 NameID=16 TypeID=121
  [DEBUG] SymFunc idx=53 NameID=18 TypeID=123
  [DEBUG] SymFunc idx=58 NameID=21 TypeID=126
  [DEBUG] SymFunc idx=64 NameID=24 TypeID=129
  [DEBUG] SymFunc idx=70 NameID=25 TypeID=132
  [DEBUG] SymFunc idx=76 NameID=27 TypeID=134
  [DEBUG] SymFunc idx=81 NameID=29 TypeID=136
  [DEBUG] SymFunc idx=85 NameID=31 TypeID=138
  [DEBUG] SymFunc idx=89 NameID=32 TypeID=140
  [DEBUG] SymFunc idx=93 NameID=13 TypeID=142
  [DEBUG] SymFunc idx=98 NameID=16 TypeID=144
  [DEBUG] SymFunc idx=104 NameID=18 TypeID=146
  [DEBUG] SymFunc idx=110 NameID=21 TypeID=149
  [DEBUG] SymFunc idx=118 NameID=34 TypeID=152
  [DEBUG] SymFunc idx=126 NameID=24 TypeID=155
  [DEBUG] SymFunc idx=134 NameID=36 TypeID=158
  [DEBUG] SymFunc idx=139 NameID=26 TypeID=161
  [DEBUG] SymFunc idx=175 NameID=58 TypeID=163
  [DEBUG] SymFunc idx=178 NameID=59 TypeID=166
  [DEBUG] SymFunc idx=181 NameID=61 TypeID=169
  [DEBUG] SymFunc idx=185 NameID=62 TypeID=172
  [DEBUG] SymFunc idx=189 NameID=63 TypeID=175
  [DEBUG] SymFunc idx=194 NameID=66 TypeID=177
  [DEBUG] SymFunc idx=197 NameID=49 TypeID=181
  [DEBUG] SymFunc idx=201 NameID=68 TypeID=186
  [DEBUG] SymFunc idx=204 NameID=69 TypeID=188
  [DEBUG] SymFunc idx=207 NameID=70 TypeID=190
  [DEBUG] SymFunc idx=211 NameID=71 TypeID=192
  [DEBUG] SymFunc idx=214 NameID=72 TypeID=194
  [DEBUG] SymFunc idx=217 NameID=73 TypeID=198
  [DEBUG] SymFunc idx=221 NameID=74 TypeID=202
  [DEBUG] SymFunc idx=226 NameID=69 TypeID=204
  [DEBUG] SymFunc idx=229 NameID=71 TypeID=206
  [DEBUG] SymFunc idx=233 NameID=69 TypeID=208
  [DEBUG] SymFunc idx=236 NameID=70 TypeID=210
  [DEBUG] SymFunc idx=240 NameID=71 TypeID=212
  [DEBUG] SymFunc idx=243 NameID=76 TypeID=214
  [DEBUG] SymFunc idx=245 NameID=77 TypeID=217
  [DEBUG] SymFunc idx=249 NameID=79 TypeID=220
  [DEBUG] SymFunc idx=252 NameID=80 TypeID=223
  [DEBUG] SymFunc idx=255 NameID=81 TypeID=224
  [DEBUG] SymFunc idx=257 NameID=83 TypeID=225
  [DEBUG] SymFunc idx=260 NameID=86 TypeID=226
  [DEBUG] SymFunc idx=265 NameID=92 TypeID=227
  [DEBUG] SymFunc idx=270 NameID=97 TypeID=228
  [DEBUG] SymFunc idx=275 NameID=102 TypeID=229
  [DEBUG] SymFunc idx=283 NameID=156 TypeID=236
  [DEBUG] SymFunc idx=285 NameID=157 TypeID=238
  [DEBUG] SymFunc idx=289 NameID=158 TypeID=248
  [DEBUG] SymFunc idx=292 NameID=159 TypeID=250
  [DEBUG] SymFunc idx=294 NameID=160 TypeID=251
  [DEBUG] SymFunc idx=296 NameID=161 TypeID=254
  [DEBUG] SymFunc idx=299 NameID=162 TypeID=257
  [DEBUG] SymFunc idx=301 NameID=163 TypeID=277
  [DEBUG] SymFunc idx=304 NameID=164 TypeID=280
  [DEBUG] SymFunc idx=308 NameID=165 TypeID=286
  [DEBUG] SymFunc idx=313 NameID=167 TypeID=289
  [DEBUG] SymFunc idx=318 NameID=169 TypeID=292
  [DEBUG] SymFunc idx=320 NameID=170 TypeID=294
  [DEBUG] SymFunc idx=323 NameID=171 TypeID=297
  [DEBUG] SymFunc idx=325 NameID=172 TypeID=301
  [DEBUG] SymFunc idx=330 NameID=174 TypeID=304
  [DEBUG] SymFunc idx=332 NameID=175 TypeID=306
  [DEBUG] SymFunc idx=335 NameID=176 TypeID=311
  [DEBUG] SymFunc idx=341 NameID=178 TypeID=314
  [DEBUG] SymFunc idx=346 NameID=169 TypeID=319
  [DEBUG] SymFunc idx=348 NameID=171 TypeID=323
  [DEBUG] SymFunc idx=351 NameID=180 TypeID=329
  [DEBUG] SymFunc idx=357 NameID=169 TypeID=333
  [DEBUG] SymFunc idx=359 NameID=170 TypeID=335
  [DEBUG] SymFunc idx=362 NameID=171 TypeID=338
[DEBUG] getMethodsOfStruct called for struct 104
  [DEBUG] SymFunc idx=38 NameID=9 TypeID=115
  [DEBUG] SymFunc idx=41 NameID=12 TypeID=117
  [DEBUG] SymFunc idx=44 NameID=13 TypeID=119
  [DEBUG] SymFunc idx=48 NameID=16 TypeID=121
  [DEBUG] SymFunc idx=53 NameID=18 TypeID=123
  [DEBUG] SymFunc idx=58 NameID=21 TypeID=126
  [DEBUG] SymFunc idx=64 NameID=24 TypeID=129
  [DEBUG] SymFunc idx=70 NameID=25 TypeID=132
  [DEBUG] SymFunc idx=76 NameID=27 TypeID=134
  [DEBUG] SymFunc idx=81 NameID=29 TypeID=136
  [DEBUG] SymFunc idx=85 NameID=31 TypeID=138
  [DEBUG] SymFunc idx=89 NameID=32 TypeID=140
  [DEBUG] SymFunc idx=93 NameID=13 TypeID=142
  [DEBUG] SymFunc idx=98 NameID=16 TypeID=144
  [DEBUG] SymFunc idx=104 NameID=18 TypeID=146
  [DEBUG] SymFunc idx=110 NameID=21 TypeID=149
  [DEBUG] SymFunc idx=118 NameID=34 TypeID=152
  [DEBUG] SymFunc idx=126 NameID=24 TypeID=155
  [DEBUG] SymFunc idx=134 NameID=36 TypeID=158
  [DEBUG] SymFunc idx=139 NameID=26 TypeID=161
  [DEBUG] SymFunc idx=175 NameID=58 TypeID=163
  [DEBUG] SymFunc idx=178 NameID=59 TypeID=166
  [DEBUG] SymFunc idx=181 NameID=61 TypeID=169
  [DEBUG] SymFunc idx=185 NameID=62 TypeID=172
  [DEBUG] SymFunc idx=189 NameID=63 TypeID=175
  [DEBUG] SymFunc idx=194 NameID=66 TypeID=177
  [DEBUG] SymFunc idx=197 NameID=49 TypeID=181
  [DEBUG] SymFunc idx=201 NameID=68 TypeID=186
  [DEBUG] SymFunc idx=204 NameID=69 TypeID=188
  [DEBUG] SymFunc idx=207 NameID=70 TypeID=190
  [DEBUG] SymFunc idx=211 NameID=71 TypeID=192
  [DEBUG] SymFunc idx=214 NameID=72 TypeID=194
  [DEBUG] SymFunc idx=217 NameID=73 TypeID=198
  [DEBUG] SymFunc idx=221 NameID=74 TypeID=202
  [DEBUG] SymFunc idx=226 NameID=69 TypeID=204
  [DEBUG] SymFunc idx=229 NameID=71 TypeID=206
  [DEBUG] SymFunc idx=233 NameID=69 TypeID=208
  [DEBUG] SymFunc idx=236 NameID=70 TypeID=210
  [DEBUG] SymFunc idx=240 NameID=71 TypeID=212
  [DEBUG] SymFunc idx=243 NameID=76 TypeID=214
  [DEBUG] SymFunc idx=245 NameID=77 TypeID=217
  [DEBUG] SymFunc idx=249 NameID=79 TypeID=220
  [DEBUG] SymFunc idx=252 NameID=80 TypeID=223
  [DEBUG] SymFunc idx=255 NameID=81 TypeID=224
  [DEBUG] SymFunc idx=257 NameID=83 TypeID=225
  [DEBUG] SymFunc idx=260 NameID=86 TypeID=226
  [DEBUG] SymFunc idx=265 NameID=92 TypeID=227
  [DEBUG] SymFunc idx=270 NameID=97 TypeID=228
  [DEBUG] SymFunc idx=275 NameID=102 TypeID=229
  [DEBUG] SymFunc idx=283 NameID=156 TypeID=236
  [DEBUG] SymFunc idx=285 NameID=157 TypeID=238
  [DEBUG] SymFunc idx=289 NameID=158 TypeID=248
  [DEBUG] SymFunc idx=292 NameID=159 TypeID=250
  [DEBUG] SymFunc idx=294 NameID=160 TypeID=251
  [DEBUG] SymFunc idx=296 NameID=161 TypeID=254
  [DEBUG] SymFunc idx=299 NameID=162 TypeID=257
  [DEBUG] SymFunc idx=301 NameID=163 TypeID=277
  [DEBUG] SymFunc idx=304 NameID=164 TypeID=280
  [DEBUG] SymFunc idx=308 NameID=165 TypeID=286
  [DEBUG] SymFunc idx=313 NameID=167 TypeID=289
  [DEBUG] SymFunc idx=318 NameID=169 TypeID=292
  [DEBUG] SymFunc idx=320 NameID=170 TypeID=294
  [DEBUG] SymFunc idx=323 NameID=171 TypeID=297
  [DEBUG] SymFunc idx=325 NameID=172 TypeID=301
  [DEBUG] SymFunc idx=330 NameID=174 TypeID=304
  [DEBUG] SymFunc idx=332 NameID=175 TypeID=306
  [DEBUG] SymFunc idx=335 NameID=176 TypeID=311
  [DEBUG] SymFunc idx=341 NameID=178 TypeID=314
  [DEBUG] SymFunc idx=346 NameID=169 TypeID=319
  [DEBUG] SymFunc idx=348 NameID=171 TypeID=323
  [DEBUG] SymFunc idx=351 NameID=180 TypeID=329
  [DEBUG] SymFunc idx=357 NameID=169 TypeID=333
  [DEBUG] SymFunc idx=359 NameID=170 TypeID=335
  [DEBUG] SymFunc idx=362 NameID=171 TypeID=338
[DEBUG] Instantiated method unlock: instSymIdx=362, errs=[]
[DEBUG] getMethodsOfStruct called for struct 328
  [DEBUG] SymFunc idx=38 NameID=9 TypeID=115
  [DEBUG] SymFunc idx=41 NameID=12 TypeID=117
  [DEBUG] SymFunc idx=44 NameID=13 TypeID=119
  [DEBUG] SymFunc idx=48 NameID=16 TypeID=121
  [DEBUG] SymFunc idx=53 NameID=18 TypeID=123
  [DEBUG] SymFunc idx=58 NameID=21 TypeID=126
  [DEBUG] SymFunc idx=64 NameID=24 TypeID=129
  [DEBUG] SymFunc idx=70 NameID=25 TypeID=132
  [DEBUG] SymFunc idx=76 NameID=27 TypeID=134
  [DEBUG] SymFunc idx=81 NameID=29 TypeID=136
  [DEBUG] SymFunc idx=85 NameID=31 TypeID=138
  [DEBUG] SymFunc idx=89 NameID=32 TypeID=140
  [DEBUG] SymFunc idx=93 NameID=13 TypeID=142
  [DEBUG] SymFunc idx=98 NameID=16 TypeID=144
  [DEBUG] SymFunc idx=104 NameID=18 TypeID=146
  [DEBUG] SymFunc idx=110 NameID=21 TypeID=149
  [DEBUG] SymFunc idx=118 NameID=34 TypeID=152
  [DEBUG] SymFunc idx=126 NameID=24 TypeID=155
  [DEBUG] SymFunc idx=134 NameID=36 TypeID=158
  [DEBUG] SymFunc idx=139 NameID=26 TypeID=161
  [DEBUG] SymFunc idx=175 NameID=58 TypeID=163
  [DEBUG] SymFunc idx=178 NameID=59 TypeID=166
  [DEBUG] SymFunc idx=181 NameID=61 TypeID=169
  [DEBUG] SymFunc idx=185 NameID=62 TypeID=172
  [DEBUG] SymFunc idx=189 NameID=63 TypeID=175
  [DEBUG] SymFunc idx=194 NameID=66 TypeID=177
  [DEBUG] SymFunc idx=197 NameID=49 TypeID=181
  [DEBUG] SymFunc idx=201 NameID=68 TypeID=186
  [DEBUG] SymFunc idx=204 NameID=69 TypeID=188
  [DEBUG] SymFunc idx=207 NameID=70 TypeID=190
  [DEBUG] SymFunc idx=211 NameID=71 TypeID=192
  [DEBUG] SymFunc idx=214 NameID=72 TypeID=194
  [DEBUG] SymFunc idx=217 NameID=73 TypeID=198
  [DEBUG] SymFunc idx=221 NameID=74 TypeID=202
  [DEBUG] SymFunc idx=226 NameID=69 TypeID=204
  [DEBUG] SymFunc idx=229 NameID=71 TypeID=206
  [DEBUG] SymFunc idx=233 NameID=69 TypeID=208
  [DEBUG] SymFunc idx=236 NameID=70 TypeID=210
  [DEBUG] SymFunc idx=240 NameID=71 TypeID=212
  [DEBUG] SymFunc idx=243 NameID=76 TypeID=214
  [DEBUG] SymFunc idx=245 NameID=77 TypeID=217
  [DEBUG] SymFunc idx=249 NameID=79 TypeID=220
  [DEBUG] SymFunc idx=252 NameID=80 TypeID=223
  [DEBUG] SymFunc idx=255 NameID=81 TypeID=224
  [DEBUG] SymFunc idx=257 NameID=83 TypeID=225
  [DEBUG] SymFunc idx=260 NameID=86 TypeID=226
  [DEBUG] SymFunc idx=265 NameID=92 TypeID=227
  [DEBUG] SymFunc idx=270 NameID=97 TypeID=228
  [DEBUG] SymFunc idx=275 NameID=102 TypeID=229
  [DEBUG] SymFunc idx=283 NameID=156 TypeID=236
  [DEBUG] SymFunc idx=285 NameID=157 TypeID=238
  [DEBUG] SymFunc idx=289 NameID=158 TypeID=248
  [DEBUG] SymFunc idx=292 NameID=159 TypeID=250
  [DEBUG] SymFunc idx=294 NameID=160 TypeID=251
  [DEBUG] SymFunc idx=296 NameID=161 TypeID=254
  [DEBUG] SymFunc idx=299 NameID=162 TypeID=257
  [DEBUG] SymFunc idx=301 NameID=163 TypeID=277
  [DEBUG] SymFunc idx=304 NameID=164 TypeID=280
  [DEBUG] SymFunc idx=308 NameID=165 TypeID=286
  [DEBUG] SymFunc idx=313 NameID=167 TypeID=289
  [DEBUG] SymFunc idx=318 NameID=169 TypeID=292
  [DEBUG] SymFunc idx=320 NameID=170 TypeID=294
  [DEBUG] SymFunc idx=323 NameID=171 TypeID=297
  [DEBUG] SymFunc idx=325 NameID=172 TypeID=301
  [DEBUG] SymFunc idx=330 NameID=174 TypeID=304
  [DEBUG] SymFunc idx=332 NameID=175 TypeID=306
  [DEBUG] SymFunc idx=335 NameID=176 TypeID=311
  [DEBUG] SymFunc idx=341 NameID=178 TypeID=314
  [DEBUG] SymFunc idx=346 NameID=169 TypeID=319
  [DEBUG] SymFunc idx=348 NameID=171 TypeID=323
  [DEBUG] SymFunc idx=351 NameID=180 TypeID=329
  [DEBUG] SymFunc idx=357 NameID=169 TypeID=333
  [DEBUG] SymFunc idx=359 NameID=170 TypeID=335
  [DEBUG] SymFunc idx=362 NameID=171 TypeID=338
[COMPILER] Semantic Analysis: Type Checking...
[DEBUG] getMethodsOfStruct called for struct 102
  [DEBUG] SymFunc idx=38 NameID=9 TypeID=115
  [DEBUG] SymFunc idx=41 NameID=12 TypeID=117
  [DEBUG] SymFunc idx=44 NameID=13 TypeID=119
  [DEBUG] SymFunc idx=48 NameID=16 TypeID=121
  [DEBUG] SymFunc idx=53 NameID=18 TypeID=123
  [DEBUG] SymFunc idx=58 NameID=21 TypeID=126
  [DEBUG] SymFunc idx=64 NameID=24 TypeID=129
  [DEBUG] SymFunc idx=70 NameID=25 TypeID=132
  [DEBUG] SymFunc idx=76 NameID=27 TypeID=134
  [DEBUG] SymFunc idx=81 NameID=29 TypeID=136
  [DEBUG] SymFunc idx=85 NameID=31 TypeID=138
  [DEBUG] SymFunc idx=89 NameID=32 TypeID=140
  [DEBUG] SymFunc idx=93 NameID=13 TypeID=142
  [DEBUG] SymFunc idx=98 NameID=16 TypeID=144
  [DEBUG] SymFunc idx=104 NameID=18 TypeID=146
  [DEBUG] SymFunc idx=110 NameID=21 TypeID=149
  [DEBUG] SymFunc idx=118 NameID=34 TypeID=152
  [DEBUG] SymFunc idx=126 NameID=24 TypeID=155
  [DEBUG] SymFunc idx=134 NameID=36 TypeID=158
  [DEBUG] SymFunc idx=139 NameID=26 TypeID=161
  [DEBUG] SymFunc idx=175 NameID=58 TypeID=163
  [DEBUG] SymFunc idx=178 NameID=59 TypeID=166
  [DEBUG] SymFunc idx=181 NameID=61 TypeID=169
  [DEBUG] SymFunc idx=185 NameID=62 TypeID=172
  [DEBUG] SymFunc idx=189 NameID=63 TypeID=175
  [DEBUG] SymFunc idx=194 NameID=66 TypeID=177
  [DEBUG] SymFunc idx=197 NameID=49 TypeID=181
  [DEBUG] SymFunc idx=201 NameID=68 TypeID=186
  [DEBUG] SymFunc idx=204 NameID=69 TypeID=188
  [DEBUG] SymFunc idx=207 NameID=70 TypeID=190
  [DEBUG] SymFunc idx=211 NameID=71 TypeID=192
  [DEBUG] SymFunc idx=214 NameID=72 TypeID=194
  [DEBUG] SymFunc idx=217 NameID=73 TypeID=198
  [DEBUG] SymFunc idx=221 NameID=74 TypeID=202
  [DEBUG] SymFunc idx=226 NameID=69 TypeID=204
  [DEBUG] SymFunc idx=229 NameID=71 TypeID=206
  [DEBUG] SymFunc idx=233 NameID=69 TypeID=208
  [DEBUG] SymFunc idx=236 NameID=70 TypeID=210
  [DEBUG] SymFunc idx=240 NameID=71 TypeID=212
  [DEBUG] SymFunc idx=243 NameID=76 TypeID=214
  [DEBUG] SymFunc idx=245 NameID=77 TypeID=217
  [DEBUG] SymFunc idx=249 NameID=79 TypeID=220
  [DEBUG] SymFunc idx=252 NameID=80 TypeID=223
  [DEBUG] SymFunc idx=255 NameID=81 TypeID=224
  [DEBUG] SymFunc idx=257 NameID=83 TypeID=225
  [DEBUG] SymFunc idx=260 NameID=86 TypeID=226
  [DEBUG] SymFunc idx=265 NameID=92 TypeID=227
  [DEBUG] SymFunc idx=270 NameID=97 TypeID=228
  [DEBUG] SymFunc idx=275 NameID=102 TypeID=229
  [DEBUG] SymFunc idx=283 NameID=156 TypeID=236
  [DEBUG] SymFunc idx=285 NameID=157 TypeID=238
  [DEBUG] SymFunc idx=289 NameID=158 TypeID=248
  [DEBUG] SymFunc idx=292 NameID=159 TypeID=250
  [DEBUG] SymFunc idx=294 NameID=160 TypeID=251
  [DEBUG] SymFunc idx=296 NameID=161 TypeID=254
  [DEBUG] SymFunc idx=299 NameID=162 TypeID=257
  [DEBUG] SymFunc idx=301 NameID=163 TypeID=277
  [DEBUG] SymFunc idx=304 NameID=164 TypeID=280
  [DEBUG] SymFunc idx=308 NameID=165 TypeID=286
  [DEBUG] SymFunc idx=313 NameID=167 TypeID=289
  [DEBUG] SymFunc idx=318 NameID=169 TypeID=292
  [DEBUG] SymFunc idx=320 NameID=170 TypeID=294
  [DEBUG] SymFunc idx=323 NameID=171 TypeID=297
  [DEBUG] SymFunc idx=325 NameID=172 TypeID=301
  [DEBUG] SymFunc idx=330 NameID=174 TypeID=304
  [DEBUG] SymFunc idx=332 NameID=175 TypeID=306
  [DEBUG] SymFunc idx=335 NameID=176 TypeID=311
  [DEBUG] SymFunc idx=341 NameID=178 TypeID=314
  [DEBUG] SymFunc idx=346 NameID=169 TypeID=319
  [DEBUG] SymFunc idx=348 NameID=171 TypeID=323
  [DEBUG] SymFunc idx=351 NameID=180 TypeID=329
  [DEBUG] SymFunc idx=357 NameID=169 TypeID=333
  [DEBUG] SymFunc idx=359 NameID=170 TypeID=335
  [DEBUG] SymFunc idx=362 NameID=171 TypeID=338
[DEBUG] getMethodsOfStruct called for struct 103
  [DEBUG] SymFunc idx=38 NameID=9 TypeID=115
  [DEBUG] SymFunc idx=41 NameID=12 TypeID=117
  [DEBUG] SymFunc idx=44 NameID=13 TypeID=119
  [DEBUG] SymFunc idx=48 NameID=16 TypeID=121
  [DEBUG] SymFunc idx=53 NameID=18 TypeID=123
  [DEBUG] SymFunc idx=58 NameID=21 TypeID=126
  [DEBUG] SymFunc idx=64 NameID=24 TypeID=129
  [DEBUG] SymFunc idx=70 NameID=25 TypeID=132
  [DEBUG] SymFunc idx=76 NameID=27 TypeID=134
  [DEBUG] SymFunc idx=81 NameID=29 TypeID=136
  [DEBUG] SymFunc idx=85 NameID=31 TypeID=138
  [DEBUG] SymFunc idx=89 NameID=32 TypeID=140
  [DEBUG] SymFunc idx=93 NameID=13 TypeID=142
  [DEBUG] SymFunc idx=98 NameID=16 TypeID=144
  [DEBUG] SymFunc idx=104 NameID=18 TypeID=146
  [DEBUG] SymFunc idx=110 NameID=21 TypeID=149
  [DEBUG] SymFunc idx=118 NameID=34 TypeID=152
  [DEBUG] SymFunc idx=126 NameID=24 TypeID=155
  [DEBUG] SymFunc idx=134 NameID=36 TypeID=158
  [DEBUG] SymFunc idx=139 NameID=26 TypeID=161
  [DEBUG] SymFunc idx=175 NameID=58 TypeID=163
  [DEBUG] SymFunc idx=178 NameID=59 TypeID=166
  [DEBUG] SymFunc idx=181 NameID=61 TypeID=169
  [DEBUG] SymFunc idx=185 NameID=62 TypeID=172
  [DEBUG] SymFunc idx=189 NameID=63 TypeID=175
  [DEBUG] SymFunc idx=194 NameID=66 TypeID=177
  [DEBUG] SymFunc idx=197 NameID=49 TypeID=181
  [DEBUG] SymFunc idx=201 NameID=68 TypeID=186
  [DEBUG] SymFunc idx=204 NameID=69 TypeID=188
  [DEBUG] SymFunc idx=207 NameID=70 TypeID=190
  [DEBUG] SymFunc idx=211 NameID=71 TypeID=192
  [DEBUG] SymFunc idx=214 NameID=72 TypeID=194
  [DEBUG] SymFunc idx=217 NameID=73 TypeID=198
  [DEBUG] SymFunc idx=221 NameID=74 TypeID=202
  [DEBUG] SymFunc idx=226 NameID=69 TypeID=204
  [DEBUG] SymFunc idx=229 NameID=71 TypeID=206
  [DEBUG] SymFunc idx=233 NameID=69 TypeID=208
  [DEBUG] SymFunc idx=236 NameID=70 TypeID=210
  [DEBUG] SymFunc idx=240 NameID=71 TypeID=212
  [DEBUG] SymFunc idx=243 NameID=76 TypeID=214
  [DEBUG] SymFunc idx=245 NameID=77 TypeID=217
  [DEBUG] SymFunc idx=249 NameID=79 TypeID=220
  [DEBUG] SymFunc idx=252 NameID=80 TypeID=223
  [DEBUG] SymFunc idx=255 NameID=81 TypeID=224
  [DEBUG] SymFunc idx=257 NameID=83 TypeID=225
  [DEBUG] SymFunc idx=260 NameID=86 TypeID=226
  [DEBUG] SymFunc idx=265 NameID=92 TypeID=227
  [DEBUG] SymFunc idx=270 NameID=97 TypeID=228
  [DEBUG] SymFunc idx=275 NameID=102 TypeID=229
  [DEBUG] SymFunc idx=283 NameID=156 TypeID=236
  [DEBUG] SymFunc idx=285 NameID=157 TypeID=238
  [DEBUG] SymFunc idx=289 NameID=158 TypeID=248
  [DEBUG] SymFunc idx=292 NameID=159 TypeID=250
  [DEBUG] SymFunc idx=294 NameID=160 TypeID=251
  [DEBUG] SymFunc idx=296 NameID=161 TypeID=254
  [DEBUG] SymFunc idx=299 NameID=162 TypeID=257
  [DEBUG] SymFunc idx=301 NameID=163 TypeID=277
  [DEBUG] SymFunc idx=304 NameID=164 TypeID=280
  [DEBUG] SymFunc idx=308 NameID=165 TypeID=286
  [DEBUG] SymFunc idx=313 NameID=167 TypeID=289
  [DEBUG] SymFunc idx=318 NameID=169 TypeID=292
  [DEBUG] SymFunc idx=320 NameID=170 TypeID=294
  [DEBUG] SymFunc idx=323 NameID=171 TypeID=297
  [DEBUG] SymFunc idx=325 NameID=172 TypeID=301
  [DEBUG] SymFunc idx=330 NameID=174 TypeID=304
  [DEBUG] SymFunc idx=332 NameID=175 TypeID=306
  [DEBUG] SymFunc idx=335 NameID=176 TypeID=311
  [DEBUG] SymFunc idx=341 NameID=178 TypeID=314
  [DEBUG] SymFunc idx=346 NameID=169 TypeID=319
  [DEBUG] SymFunc idx=348 NameID=171 TypeID=323
  [DEBUG] SymFunc idx=351 NameID=180 TypeID=329
  [DEBUG] SymFunc idx=357 NameID=169 TypeID=333
  [DEBUG] SymFunc idx=359 NameID=170 TypeID=335
  [DEBUG] SymFunc idx=362 NameID=171 TypeID=338
[DEBUG] getMethodsOfStruct called for struct 104
  [DEBUG] SymFunc idx=38 NameID=9 TypeID=115
  [DEBUG] SymFunc idx=41 NameID=12 TypeID=117
  [DEBUG] SymFunc idx=44 NameID=13 TypeID=119
  [DEBUG] SymFunc idx=48 NameID=16 TypeID=121
  [DEBUG] SymFunc idx=53 NameID=18 TypeID=123
  [DEBUG] SymFunc idx=58 NameID=21 TypeID=126
  [DEBUG] SymFunc idx=64 NameID=24 TypeID=129
  [DEBUG] SymFunc idx=70 NameID=25 TypeID=132
  [DEBUG] SymFunc idx=76 NameID=27 TypeID=134
  [DEBUG] SymFunc idx=81 NameID=29 TypeID=136
  [DEBUG] SymFunc idx=85 NameID=31 TypeID=138
  [DEBUG] SymFunc idx=89 NameID=32 TypeID=140
  [DEBUG] SymFunc idx=93 NameID=13 TypeID=142
  [DEBUG] SymFunc idx=98 NameID=16 TypeID=144
  [DEBUG] SymFunc idx=104 NameID=18 TypeID=146
  [DEBUG] SymFunc idx=110 NameID=21 TypeID=149
  [DEBUG] SymFunc idx=118 NameID=34 TypeID=152
  [DEBUG] SymFunc idx=126 NameID=24 TypeID=155
  [DEBUG] SymFunc idx=134 NameID=36 TypeID=158
  [DEBUG] SymFunc idx=139 NameID=26 TypeID=161
  [DEBUG] SymFunc idx=175 NameID=58 TypeID=163
  [DEBUG] SymFunc idx=178 NameID=59 TypeID=166
  [DEBUG] SymFunc idx=181 NameID=61 TypeID=169
  [DEBUG] SymFunc idx=185 NameID=62 TypeID=172
  [DEBUG] SymFunc idx=189 NameID=63 TypeID=175
  [DEBUG] SymFunc idx=194 NameID=66 TypeID=177
  [DEBUG] SymFunc idx=197 NameID=49 TypeID=181
  [DEBUG] SymFunc idx=201 NameID=68 TypeID=186
  [DEBUG] SymFunc idx=204 NameID=69 TypeID=188
  [DEBUG] SymFunc idx=207 NameID=70 TypeID=190
  [DEBUG] SymFunc idx=211 NameID=71 TypeID=192
  [DEBUG] SymFunc idx=214 NameID=72 TypeID=194
  [DEBUG] SymFunc idx=217 NameID=73 TypeID=198
  [DEBUG] SymFunc idx=221 NameID=74 TypeID=202
  [DEBUG] SymFunc idx=226 NameID=69 TypeID=204
  [DEBUG] SymFunc idx=229 NameID=71 TypeID=206
  [DEBUG] SymFunc idx=233 NameID=69 TypeID=208
  [DEBUG] SymFunc idx=236 NameID=70 TypeID=210
  [DEBUG] SymFunc idx=240 NameID=71 TypeID=212
  [DEBUG] SymFunc idx=243 NameID=76 TypeID=214
  [DEBUG] SymFunc idx=245 NameID=77 TypeID=217
  [DEBUG] SymFunc idx=249 NameID=79 TypeID=220
  [DEBUG] SymFunc idx=252 NameID=80 TypeID=223
  [DEBUG] SymFunc idx=255 NameID=81 TypeID=224
  [DEBUG] SymFunc idx=257 NameID=83 TypeID=225
  [DEBUG] SymFunc idx=260 NameID=86 TypeID=226
  [DEBUG] SymFunc idx=265 NameID=92 TypeID=227
  [DEBUG] SymFunc idx=270 NameID=97 TypeID=228
  [DEBUG] SymFunc idx=275 NameID=102 TypeID=229
  [DEBUG] SymFunc idx=283 NameID=156 TypeID=236
  [DEBUG] SymFunc idx=285 NameID=157 TypeID=238
  [DEBUG] SymFunc idx=289 NameID=158 TypeID=248
  [DEBUG] SymFunc idx=292 NameID=159 TypeID=250
  [DEBUG] SymFunc idx=294 NameID=160 TypeID=251
  [DEBUG] SymFunc idx=296 NameID=161 TypeID=254
  [DEBUG] SymFunc idx=299 NameID=162 TypeID=257
  [DEBUG] SymFunc idx=301 NameID=163 TypeID=277
  [DEBUG] SymFunc idx=304 NameID=164 TypeID=280
  [DEBUG] SymFunc idx=308 NameID=165 TypeID=286
  [DEBUG] SymFunc idx=313 NameID=167 TypeID=289
  [DEBUG] SymFunc idx=318 NameID=169 TypeID=292
  [DEBUG] SymFunc idx=320 NameID=170 TypeID=294
  [DEBUG] SymFunc idx=323 NameID=171 TypeID=297
  [DEBUG] SymFunc idx=325 NameID=172 TypeID=301
  [DEBUG] SymFunc idx=330 NameID=174 TypeID=304
  [DEBUG] SymFunc idx=332 NameID=175 TypeID=306
  [DEBUG] SymFunc idx=335 NameID=176 TypeID=311
  [DEBUG] SymFunc idx=341 NameID=178 TypeID=314
  [DEBUG] SymFunc idx=346 NameID=169 TypeID=319
  [DEBUG] SymFunc idx=348 NameID=171 TypeID=323
  [DEBUG] SymFunc idx=351 NameID=180 TypeID=329
  [DEBUG] SymFunc idx=357 NameID=169 TypeID=333
  [DEBUG] SymFunc idx=359 NameID=170 TypeID=335
  [DEBUG] SymFunc idx=362 NameID=171 TypeID=338
[DEBUG] getMethodsOfStruct called for struct 107
  [DEBUG] SymFunc idx=38 NameID=9 TypeID=115
  [DEBUG] SymFunc idx=41 NameID=12 TypeID=117
  [DEBUG] SymFunc idx=44 NameID=13 TypeID=119
  [DEBUG] SymFunc idx=48 NameID=16 TypeID=121
  [DEBUG] SymFunc idx=53 NameID=18 TypeID=123
  [DEBUG] SymFunc idx=58 NameID=21 TypeID=126
  [DEBUG] SymFunc idx=64 NameID=24 TypeID=129
  [DEBUG] SymFunc idx=70 NameID=25 TypeID=132
  [DEBUG] SymFunc idx=76 NameID=27 TypeID=134
  [DEBUG] SymFunc idx=81 NameID=29 TypeID=136
  [DEBUG] SymFunc idx=85 NameID=31 TypeID=138
  [DEBUG] SymFunc idx=89 NameID=32 TypeID=140
  [DEBUG] SymFunc idx=93 NameID=13 TypeID=142
  [DEBUG] SymFunc idx=98 NameID=16 TypeID=144
  [DEBUG] SymFunc idx=104 NameID=18 TypeID=146
  [DEBUG] SymFunc idx=110 NameID=21 TypeID=149
  [DEBUG] SymFunc idx=118 NameID=34 TypeID=152
  [DEBUG] SymFunc idx=126 NameID=24 TypeID=155
  [DEBUG] SymFunc idx=134 NameID=36 TypeID=158
  [DEBUG] SymFunc idx=139 NameID=26 TypeID=161
  [DEBUG] SymFunc idx=175 NameID=58 TypeID=163
  [DEBUG] SymFunc idx=178 NameID=59 TypeID=166
  [DEBUG] SymFunc idx=181 NameID=61 TypeID=169
  [DEBUG] SymFunc idx=185 NameID=62 TypeID=172
  [DEBUG] SymFunc idx=189 NameID=63 TypeID=175
  [DEBUG] SymFunc idx=194 NameID=66 TypeID=177
  [DEBUG] SymFunc idx=197 NameID=49 TypeID=181
  [DEBUG] SymFunc idx=201 NameID=68 TypeID=186
  [DEBUG] SymFunc idx=204 NameID=69 TypeID=188
  [DEBUG] SymFunc idx=207 NameID=70 TypeID=190
  [DEBUG] SymFunc idx=211 NameID=71 TypeID=192
  [DEBUG] SymFunc idx=214 NameID=72 TypeID=194
  [DEBUG] SymFunc idx=217 NameID=73 TypeID=198
  [DEBUG] SymFunc idx=221 NameID=74 TypeID=202
  [DEBUG] SymFunc idx=226 NameID=69 TypeID=204
  [DEBUG] SymFunc idx=229 NameID=71 TypeID=206
  [DEBUG] SymFunc idx=233 NameID=69 TypeID=208
  [DEBUG] SymFunc idx=236 NameID=70 TypeID=210
  [DEBUG] SymFunc idx=240 NameID=71 TypeID=212
  [DEBUG] SymFunc idx=243 NameID=76 TypeID=214
  [DEBUG] SymFunc idx=245 NameID=77 TypeID=217
  [DEBUG] SymFunc idx=249 NameID=79 TypeID=220
  [DEBUG] SymFunc idx=252 NameID=80 TypeID=223
  [DEBUG] SymFunc idx=255 NameID=81 TypeID=224
  [DEBUG] SymFunc idx=257 NameID=83 TypeID=225
  [DEBUG] SymFunc idx=260 NameID=86 TypeID=226
  [DEBUG] SymFunc idx=265 NameID=92 TypeID=227
  [DEBUG] SymFunc idx=270 NameID=97 TypeID=228
  [DEBUG] SymFunc idx=275 NameID=102 TypeID=229
  [DEBUG] SymFunc idx=283 NameID=156 TypeID=236
  [DEBUG] SymFunc idx=285 NameID=157 TypeID=238
  [DEBUG] SymFunc idx=289 NameID=158 TypeID=248
  [DEBUG] SymFunc idx=292 NameID=159 TypeID=250
  [DEBUG] SymFunc idx=294 NameID=160 TypeID=251
  [DEBUG] SymFunc idx=296 NameID=161 TypeID=254
  [DEBUG] SymFunc idx=299 NameID=162 TypeID=257
  [DEBUG] SymFunc idx=301 NameID=163 TypeID=277
  [DEBUG] SymFunc idx=304 NameID=164 TypeID=280
  [DEBUG] SymFunc idx=308 NameID=165 TypeID=286
  [DEBUG] SymFunc idx=313 NameID=167 TypeID=289
  [DEBUG] SymFunc idx=318 NameID=169 TypeID=292
  [DEBUG] SymFunc idx=320 NameID=170 TypeID=294
  [DEBUG] SymFunc idx=323 NameID=171 TypeID=297
  [DEBUG] SymFunc idx=325 NameID=172 TypeID=301
  [DEBUG] SymFunc idx=330 NameID=174 TypeID=304
  [DEBUG] SymFunc idx=332 NameID=175 TypeID=306
  [DEBUG] SymFunc idx=335 NameID=176 TypeID=311
  [DEBUG] SymFunc idx=341 NameID=178 TypeID=314
  [DEBUG] SymFunc idx=346 NameID=169 TypeID=319
  [DEBUG] SymFunc idx=348 NameID=171 TypeID=323
  [DEBUG] SymFunc idx=351 NameID=180 TypeID=329
  [DEBUG] SymFunc idx=357 NameID=169 TypeID=333
  [DEBUG] SymFunc idx=359 NameID=170 TypeID=335
  [DEBUG] SymFunc idx=362 NameID=171 TypeID=338
[DEBUG] getMethodsOfStruct called for struct 285
  [DEBUG] SymFunc idx=38 NameID=9 TypeID=115
  [DEBUG] SymFunc idx=41 NameID=12 TypeID=117
  [DEBUG] SymFunc idx=44 NameID=13 TypeID=119
  [DEBUG] SymFunc idx=48 NameID=16 TypeID=121
  [DEBUG] SymFunc idx=53 NameID=18 TypeID=123
  [DEBUG] SymFunc idx=58 NameID=21 TypeID=126
  [DEBUG] SymFunc idx=64 NameID=24 TypeID=129
  [DEBUG] SymFunc idx=70 NameID=25 TypeID=132
  [DEBUG] SymFunc idx=76 NameID=27 TypeID=134
  [DEBUG] SymFunc idx=81 NameID=29 TypeID=136
  [DEBUG] SymFunc idx=85 NameID=31 TypeID=138
  [DEBUG] SymFunc idx=89 NameID=32 TypeID=140
  [DEBUG] SymFunc idx=93 NameID=13 TypeID=142
  [DEBUG] SymFunc idx=98 NameID=16 TypeID=144
  [DEBUG] SymFunc idx=104 NameID=18 TypeID=146
  [DEBUG] SymFunc idx=110 NameID=21 TypeID=149
  [DEBUG] SymFunc idx=118 NameID=34 TypeID=152
  [DEBUG] SymFunc idx=126 NameID=24 TypeID=155
  [DEBUG] SymFunc idx=134 NameID=36 TypeID=158
  [DEBUG] SymFunc idx=139 NameID=26 TypeID=161
  [DEBUG] SymFunc idx=175 NameID=58 TypeID=163
  [DEBUG] SymFunc idx=178 NameID=59 TypeID=166
  [DEBUG] SymFunc idx=181 NameID=61 TypeID=169
  [DEBUG] SymFunc idx=185 NameID=62 TypeID=172
  [DEBUG] SymFunc idx=189 NameID=63 TypeID=175
  [DEBUG] SymFunc idx=194 NameID=66 TypeID=177
  [DEBUG] SymFunc idx=197 NameID=49 TypeID=181
  [DEBUG] SymFunc idx=201 NameID=68 TypeID=186
  [DEBUG] SymFunc idx=204 NameID=69 TypeID=188
  [DEBUG] SymFunc idx=207 NameID=70 TypeID=190
  [DEBUG] SymFunc idx=211 NameID=71 TypeID=192
  [DEBUG] SymFunc idx=214 NameID=72 TypeID=194
  [DEBUG] SymFunc idx=217 NameID=73 TypeID=198
  [DEBUG] SymFunc idx=221 NameID=74 TypeID=202
  [DEBUG] SymFunc idx=226 NameID=69 TypeID=204
  [DEBUG] SymFunc idx=229 NameID=71 TypeID=206
  [DEBUG] SymFunc idx=233 NameID=69 TypeID=208
  [DEBUG] SymFunc idx=236 NameID=70 TypeID=210
  [DEBUG] SymFunc idx=240 NameID=71 TypeID=212
  [DEBUG] SymFunc idx=243 NameID=76 TypeID=214
  [DEBUG] SymFunc idx=245 NameID=77 TypeID=217
  [DEBUG] SymFunc idx=249 NameID=79 TypeID=220
  [DEBUG] SymFunc idx=252 NameID=80 TypeID=223
  [DEBUG] SymFunc idx=255 NameID=81 TypeID=224
  [DEBUG] SymFunc idx=257 NameID=83 TypeID=225
  [DEBUG] SymFunc idx=260 NameID=86 TypeID=226
  [DEBUG] SymFunc idx=265 NameID=92 TypeID=227
  [DEBUG] SymFunc idx=270 NameID=97 TypeID=228
  [DEBUG] SymFunc idx=275 NameID=102 TypeID=229
  [DEBUG] SymFunc idx=283 NameID=156 TypeID=236
  [DEBUG] SymFunc idx=285 NameID=157 TypeID=238
  [DEBUG] SymFunc idx=289 NameID=158 TypeID=248
  [DEBUG] SymFunc idx=292 NameID=159 TypeID=250
  [DEBUG] SymFunc idx=294 NameID=160 TypeID=251
  [DEBUG] SymFunc idx=296 NameID=161 TypeID=254
  [DEBUG] SymFunc idx=299 NameID=162 TypeID=257
  [DEBUG] SymFunc idx=301 NameID=163 TypeID=277
  [DEBUG] SymFunc idx=304 NameID=164 TypeID=280
  [DEBUG] SymFunc idx=308 NameID=165 TypeID=286
  [DEBUG] SymFunc idx=313 NameID=167 TypeID=289
  [DEBUG] SymFunc idx=318 NameID=169 TypeID=292
  [DEBUG] SymFunc idx=320 NameID=170 TypeID=294
  [DEBUG] SymFunc idx=323 NameID=171 TypeID=297
  [DEBUG] SymFunc idx=325 NameID=172 TypeID=301
  [DEBUG] SymFunc idx=330 NameID=174 TypeID=304
  [DEBUG] SymFunc idx=332 NameID=175 TypeID=306
  [DEBUG] SymFunc idx=335 NameID=176 TypeID=311
  [DEBUG] SymFunc idx=341 NameID=178 TypeID=314
  [DEBUG] SymFunc idx=346 NameID=169 TypeID=319
  [DEBUG] SymFunc idx=348 NameID=171 TypeID=323
  [DEBUG] SymFunc idx=351 NameID=180 TypeID=329
  [DEBUG] SymFunc idx=357 NameID=169 TypeID=333
  [DEBUG] SymFunc idx=359 NameID=170 TypeID=335
  [DEBUG] SymFunc idx=362 NameID=171 TypeID=338
[DEBUG] getMethodsOfStruct called for struct 288
  [DEBUG] SymFunc idx=38 NameID=9 TypeID=115
  [DEBUG] SymFunc idx=41 NameID=12 TypeID=117
  [DEBUG] SymFunc idx=44 NameID=13 TypeID=119
  [DEBUG] SymFunc idx=48 NameID=16 TypeID=121
  [DEBUG] SymFunc idx=53 NameID=18 TypeID=123
  [DEBUG] SymFunc idx=58 NameID=21 TypeID=126
  [DEBUG] SymFunc idx=64 NameID=24 TypeID=129
  [DEBUG] SymFunc idx=70 NameID=25 TypeID=132
  [DEBUG] SymFunc idx=76 NameID=27 TypeID=134
  [DEBUG] SymFunc idx=81 NameID=29 TypeID=136
  [DEBUG] SymFunc idx=85 NameID=31 TypeID=138
  [DEBUG] SymFunc idx=89 NameID=32 TypeID=140
  [DEBUG] SymFunc idx=93 NameID=13 TypeID=142
  [DEBUG] SymFunc idx=98 NameID=16 TypeID=144
  [DEBUG] SymFunc idx=104 NameID=18 TypeID=146
  [DEBUG] SymFunc idx=110 NameID=21 TypeID=149
  [DEBUG] SymFunc idx=118 NameID=34 TypeID=152
  [DEBUG] SymFunc idx=126 NameID=24 TypeID=155
  [DEBUG] SymFunc idx=134 NameID=36 TypeID=158
  [DEBUG] SymFunc idx=139 NameID=26 TypeID=161
  [DEBUG] SymFunc idx=175 NameID=58 TypeID=163
  [DEBUG] SymFunc idx=178 NameID=59 TypeID=166
  [DEBUG] SymFunc idx=181 NameID=61 TypeID=169
  [DEBUG] SymFunc idx=185 NameID=62 TypeID=172
  [DEBUG] SymFunc idx=189 NameID=63 TypeID=175
  [DEBUG] SymFunc idx=194 NameID=66 TypeID=177
  [DEBUG] SymFunc idx=197 NameID=49 TypeID=181
  [DEBUG] SymFunc idx=201 NameID=68 TypeID=186
  [DEBUG] SymFunc idx=204 NameID=69 TypeID=188
  [DEBUG] SymFunc idx=207 NameID=70 TypeID=190
  [DEBUG] SymFunc idx=211 NameID=71 TypeID=192
  [DEBUG] SymFunc idx=214 NameID=72 TypeID=194
  [DEBUG] SymFunc idx=217 NameID=73 TypeID=198
  [DEBUG] SymFunc idx=221 NameID=74 TypeID=202
  [DEBUG] SymFunc idx=226 NameID=69 TypeID=204
  [DEBUG] SymFunc idx=229 NameID=71 TypeID=206
  [DEBUG] SymFunc idx=233 NameID=69 TypeID=208
  [DEBUG] SymFunc idx=236 NameID=70 TypeID=210
  [DEBUG] SymFunc idx=240 NameID=71 TypeID=212
  [DEBUG] SymFunc idx=243 NameID=76 TypeID=214
  [DEBUG] SymFunc idx=245 NameID=77 TypeID=217
  [DEBUG] SymFunc idx=249 NameID=79 TypeID=220
  [DEBUG] SymFunc idx=252 NameID=80 TypeID=223
  [DEBUG] SymFunc idx=255 NameID=81 TypeID=224
  [DEBUG] SymFunc idx=257 NameID=83 TypeID=225
  [DEBUG] SymFunc idx=260 NameID=86 TypeID=226
  [DEBUG] SymFunc idx=265 NameID=92 TypeID=227
  [DEBUG] SymFunc idx=270 NameID=97 TypeID=228
  [DEBUG] SymFunc idx=275 NameID=102 TypeID=229
  [DEBUG] SymFunc idx=283 NameID=156 TypeID=236
  [DEBUG] SymFunc idx=285 NameID=157 TypeID=238
  [DEBUG] SymFunc idx=289 NameID=158 TypeID=248
  [DEBUG] SymFunc idx=292 NameID=159 TypeID=250
  [DEBUG] SymFunc idx=294 NameID=160 TypeID=251
  [DEBUG] SymFunc idx=296 NameID=161 TypeID=254
  [DEBUG] SymFunc idx=299 NameID=162 TypeID=257
  [DEBUG] SymFunc idx=301 NameID=163 TypeID=277
  [DEBUG] SymFunc idx=304 NameID=164 TypeID=280
  [DEBUG] SymFunc idx=308 NameID=165 TypeID=286
  [DEBUG] SymFunc idx=313 NameID=167 TypeID=289
  [DEBUG] SymFunc idx=318 NameID=169 TypeID=292
  [DEBUG] SymFunc idx=320 NameID=170 TypeID=294
  [DEBUG] SymFunc idx=323 NameID=171 TypeID=297
  [DEBUG] SymFunc idx=325 NameID=172 TypeID=301
  [DEBUG] SymFunc idx=330 NameID=174 TypeID=304
  [DEBUG] SymFunc idx=332 NameID=175 TypeID=306
  [DEBUG] SymFunc idx=335 NameID=176 TypeID=311
  [DEBUG] SymFunc idx=341 NameID=178 TypeID=314
  [DEBUG] SymFunc idx=346 NameID=169 TypeID=319
  [DEBUG] SymFunc idx=348 NameID=171 TypeID=323
  [DEBUG] SymFunc idx=351 NameID=180 TypeID=329
  [DEBUG] SymFunc idx=357 NameID=169 TypeID=333
  [DEBUG] SymFunc idx=359 NameID=170 TypeID=335
  [DEBUG] SymFunc idx=362 NameID=171 TypeID=338
[DEBUG] getMethodsOfStruct called for struct 300
  [DEBUG] SymFunc idx=38 NameID=9 TypeID=115
  [DEBUG] SymFunc idx=41 NameID=12 TypeID=117
  [DEBUG] SymFunc idx=44 NameID=13 TypeID=119
  [DEBUG] SymFunc idx=48 NameID=16 TypeID=121
  [DEBUG] SymFunc idx=53 NameID=18 TypeID=123
  [DEBUG] SymFunc idx=58 NameID=21 TypeID=126
  [DEBUG] SymFunc idx=64 NameID=24 TypeID=129
  [DEBUG] SymFunc idx=70 NameID=25 TypeID=132
  [DEBUG] SymFunc idx=76 NameID=27 TypeID=134
  [DEBUG] SymFunc idx=81 NameID=29 TypeID=136
  [DEBUG] SymFunc idx=85 NameID=31 TypeID=138
  [DEBUG] SymFunc idx=89 NameID=32 TypeID=140
  [DEBUG] SymFunc idx=93 NameID=13 TypeID=142
  [DEBUG] SymFunc idx=98 NameID=16 TypeID=144
  [DEBUG] SymFunc idx=104 NameID=18 TypeID=146
  [DEBUG] SymFunc idx=110 NameID=21 TypeID=149
  [DEBUG] SymFunc idx=118 NameID=34 TypeID=152
  [DEBUG] SymFunc idx=126 NameID=24 TypeID=155
  [DEBUG] SymFunc idx=134 NameID=36 TypeID=158
  [DEBUG] SymFunc idx=139 NameID=26 TypeID=161
  [DEBUG] SymFunc idx=175 NameID=58 TypeID=163
  [DEBUG] SymFunc idx=178 NameID=59 TypeID=166
  [DEBUG] SymFunc idx=181 NameID=61 TypeID=169
  [DEBUG] SymFunc idx=185 NameID=62 TypeID=172
  [DEBUG] SymFunc idx=189 NameID=63 TypeID=175
  [DEBUG] SymFunc idx=194 NameID=66 TypeID=177
  [DEBUG] SymFunc idx=197 NameID=49 TypeID=181
  [DEBUG] SymFunc idx=201 NameID=68 TypeID=186
  [DEBUG] SymFunc idx=204 NameID=69 TypeID=188
  [DEBUG] SymFunc idx=207 NameID=70 TypeID=190
  [DEBUG] SymFunc idx=211 NameID=71 TypeID=192
  [DEBUG] SymFunc idx=214 NameID=72 TypeID=194
  [DEBUG] SymFunc idx=217 NameID=73 TypeID=198
  [DEBUG] SymFunc idx=221 NameID=74 TypeID=202
  [DEBUG] SymFunc idx=226 NameID=69 TypeID=204
  [DEBUG] SymFunc idx=229 NameID=71 TypeID=206
  [DEBUG] SymFunc idx=233 NameID=69 TypeID=208
  [DEBUG] SymFunc idx=236 NameID=70 TypeID=210
  [DEBUG] SymFunc idx=240 NameID=71 TypeID=212
  [DEBUG] SymFunc idx=243 NameID=76 TypeID=214
  [DEBUG] SymFunc idx=245 NameID=77 TypeID=217
  [DEBUG] SymFunc idx=249 NameID=79 TypeID=220
  [DEBUG] SymFunc idx=252 NameID=80 TypeID=223
  [DEBUG] SymFunc idx=255 NameID=81 TypeID=224
  [DEBUG] SymFunc idx=257 NameID=83 TypeID=225
  [DEBUG] SymFunc idx=260 NameID=86 TypeID=226
  [DEBUG] SymFunc idx=265 NameID=92 TypeID=227
  [DEBUG] SymFunc idx=270 NameID=97 TypeID=228
  [DEBUG] SymFunc idx=275 NameID=102 TypeID=229
  [DEBUG] SymFunc idx=283 NameID=156 TypeID=236
  [DEBUG] SymFunc idx=285 NameID=157 TypeID=238
  [DEBUG] SymFunc idx=289 NameID=158 TypeID=248
  [DEBUG] SymFunc idx=292 NameID=159 TypeID=250
  [DEBUG] SymFunc idx=294 NameID=160 TypeID=251
  [DEBUG] SymFunc idx=296 NameID=161 TypeID=254
  [DEBUG] SymFunc idx=299 NameID=162 TypeID=257
  [DEBUG] SymFunc idx=301 NameID=163 TypeID=277
  [DEBUG] SymFunc idx=304 NameID=164 TypeID=280
  [DEBUG] SymFunc idx=308 NameID=165 TypeID=286
  [DEBUG] SymFunc idx=313 NameID=167 TypeID=289
  [DEBUG] SymFunc idx=318 NameID=169 TypeID=292
  [DEBUG] SymFunc idx=320 NameID=170 TypeID=294
  [DEBUG] SymFunc idx=323 NameID=171 TypeID=297
  [DEBUG] SymFunc idx=325 NameID=172 TypeID=301
  [DEBUG] SymFunc idx=330 NameID=174 TypeID=304
  [DEBUG] SymFunc idx=332 NameID=175 TypeID=306
  [DEBUG] SymFunc idx=335 NameID=176 TypeID=311
  [DEBUG] SymFunc idx=341 NameID=178 TypeID=314
  [DEBUG] SymFunc idx=346 NameID=169 TypeID=319
  [DEBUG] SymFunc idx=348 NameID=171 TypeID=323
  [DEBUG] SymFunc idx=351 NameID=180 TypeID=329
  [DEBUG] SymFunc idx=357 NameID=169 TypeID=333
  [DEBUG] SymFunc idx=359 NameID=170 TypeID=335
  [DEBUG] SymFunc idx=362 NameID=171 TypeID=338
[DEBUG] getMethodsOfStruct called for struct 310
  [DEBUG] SymFunc idx=38 NameID=9 TypeID=115
  [DEBUG] SymFunc idx=41 NameID=12 TypeID=117
  [DEBUG] SymFunc idx=44 NameID=13 TypeID=119
  [DEBUG] SymFunc idx=48 NameID=16 TypeID=121
  [DEBUG] SymFunc idx=53 NameID=18 TypeID=123
  [DEBUG] SymFunc idx=58 NameID=21 TypeID=126
  [DEBUG] SymFunc idx=64 NameID=24 TypeID=129
  [DEBUG] SymFunc idx=70 NameID=25 TypeID=132
  [DEBUG] SymFunc idx=76 NameID=27 TypeID=134
  [DEBUG] SymFunc idx=81 NameID=29 TypeID=136
  [DEBUG] SymFunc idx=85 NameID=31 TypeID=138
  [DEBUG] SymFunc idx=89 NameID=32 TypeID=140
  [DEBUG] SymFunc idx=93 NameID=13 TypeID=142
  [DEBUG] SymFunc idx=98 NameID=16 TypeID=144
  [DEBUG] SymFunc idx=104 NameID=18 TypeID=146
  [DEBUG] SymFunc idx=110 NameID=21 TypeID=149
  [DEBUG] SymFunc idx=118 NameID=34 TypeID=152
  [DEBUG] SymFunc idx=126 NameID=24 TypeID=155
  [DEBUG] SymFunc idx=134 NameID=36 TypeID=158
  [DEBUG] SymFunc idx=139 NameID=26 TypeID=161
  [DEBUG] SymFunc idx=175 NameID=58 TypeID=163
  [DEBUG] SymFunc idx=178 NameID=59 TypeID=166
  [DEBUG] SymFunc idx=181 NameID=61 TypeID=169
  [DEBUG] SymFunc idx=185 NameID=62 TypeID=172
  [DEBUG] SymFunc idx=189 NameID=63 TypeID=175
  [DEBUG] SymFunc idx=194 NameID=66 TypeID=177
  [DEBUG] SymFunc idx=197 NameID=49 TypeID=181
  [DEBUG] SymFunc idx=201 NameID=68 TypeID=186
  [DEBUG] SymFunc idx=204 NameID=69 TypeID=188
  [DEBUG] SymFunc idx=207 NameID=70 TypeID=190
  [DEBUG] SymFunc idx=211 NameID=71 TypeID=192
  [DEBUG] SymFunc idx=214 NameID=72 TypeID=194
  [DEBUG] SymFunc idx=217 NameID=73 TypeID=198
  [DEBUG] SymFunc idx=221 NameID=74 TypeID=202
  [DEBUG] SymFunc idx=226 NameID=69 TypeID=204
  [DEBUG] SymFunc idx=229 NameID=71 TypeID=206
  [DEBUG] SymFunc idx=233 NameID=69 TypeID=208
  [DEBUG] SymFunc idx=236 NameID=70 TypeID=210
  [DEBUG] SymFunc idx=240 NameID=71 TypeID=212
  [DEBUG] SymFunc idx=243 NameID=76 TypeID=214
  [DEBUG] SymFunc idx=245 NameID=77 TypeID=217
  [DEBUG] SymFunc idx=249 NameID=79 TypeID=220
  [DEBUG] SymFunc idx=252 NameID=80 TypeID=223
  [DEBUG] SymFunc idx=255 NameID=81 TypeID=224
  [DEBUG] SymFunc idx=257 NameID=83 TypeID=225
  [DEBUG] SymFunc idx=260 NameID=86 TypeID=226
  [DEBUG] SymFunc idx=265 NameID=92 TypeID=227
  [DEBUG] SymFunc idx=270 NameID=97 TypeID=228
  [DEBUG] SymFunc idx=275 NameID=102 TypeID=229
  [DEBUG] SymFunc idx=283 NameID=156 TypeID=236
  [DEBUG] SymFunc idx=285 NameID=157 TypeID=238
  [DEBUG] SymFunc idx=289 NameID=158 TypeID=248
  [DEBUG] SymFunc idx=292 NameID=159 TypeID=250
  [DEBUG] SymFunc idx=294 NameID=160 TypeID=251
  [DEBUG] SymFunc idx=296 NameID=161 TypeID=254
  [DEBUG] SymFunc idx=299 NameID=162 TypeID=257
  [DEBUG] SymFunc idx=301 NameID=163 TypeID=277
  [DEBUG] SymFunc idx=304 NameID=164 TypeID=280
  [DEBUG] SymFunc idx=308 NameID=165 TypeID=286
  [DEBUG] SymFunc idx=313 NameID=167 TypeID=289
  [DEBUG] SymFunc idx=318 NameID=169 TypeID=292
  [DEBUG] SymFunc idx=320 NameID=170 TypeID=294
  [DEBUG] SymFunc idx=323 NameID=171 TypeID=297
  [DEBUG] SymFunc idx=325 NameID=172 TypeID=301
  [DEBUG] SymFunc idx=330 NameID=174 TypeID=304
  [DEBUG] SymFunc idx=332 NameID=175 TypeID=306
  [DEBUG] SymFunc idx=335 NameID=176 TypeID=311
  [DEBUG] SymFunc idx=341 NameID=178 TypeID=314
  [DEBUG] SymFunc idx=346 NameID=169 TypeID=319
  [DEBUG] SymFunc idx=348 NameID=171 TypeID=323
  [DEBUG] SymFunc idx=351 NameID=180 TypeID=329
  [DEBUG] SymFunc idx=357 NameID=169 TypeID=333
  [DEBUG] SymFunc idx=359 NameID=170 TypeID=335
  [DEBUG] SymFunc idx=362 NameID=171 TypeID=338
[DEBUG] getMethodsOfStruct called for struct 313
  [DEBUG] SymFunc idx=38 NameID=9 TypeID=115
  [DEBUG] SymFunc idx=41 NameID=12 TypeID=117
  [DEBUG] SymFunc idx=44 NameID=13 TypeID=119
  [DEBUG] SymFunc idx=48 NameID=16 TypeID=121
  [DEBUG] SymFunc idx=53 NameID=18 TypeID=123
  [DEBUG] SymFunc idx=58 NameID=21 TypeID=126
  [DEBUG] SymFunc idx=64 NameID=24 TypeID=129
  [DEBUG] SymFunc idx=70 NameID=25 TypeID=132
  [DEBUG] SymFunc idx=76 NameID=27 TypeID=134
  [DEBUG] SymFunc idx=81 NameID=29 TypeID=136
  [DEBUG] SymFunc idx=85 NameID=31 TypeID=138
  [DEBUG] SymFunc idx=89 NameID=32 TypeID=140
  [DEBUG] SymFunc idx=93 NameID=13 TypeID=142
  [DEBUG] SymFunc idx=98 NameID=16 TypeID=144
  [DEBUG] SymFunc idx=104 NameID=18 TypeID=146
  [DEBUG] SymFunc idx=110 NameID=21 TypeID=149
  [DEBUG] SymFunc idx=118 NameID=34 TypeID=152
  [DEBUG] SymFunc idx=126 NameID=24 TypeID=155
  [DEBUG] SymFunc idx=134 NameID=36 TypeID=158
  [DEBUG] SymFunc idx=139 NameID=26 TypeID=161
  [DEBUG] SymFunc idx=175 NameID=58 TypeID=163
  [DEBUG] SymFunc idx=178 NameID=59 TypeID=166
  [DEBUG] SymFunc idx=181 NameID=61 TypeID=169
  [DEBUG] SymFunc idx=185 NameID=62 TypeID=172
  [DEBUG] SymFunc idx=189 NameID=63 TypeID=175
  [DEBUG] SymFunc idx=194 NameID=66 TypeID=177
  [DEBUG] SymFunc idx=197 NameID=49 TypeID=181
  [DEBUG] SymFunc idx=201 NameID=68 TypeID=186
  [DEBUG] SymFunc idx=204 NameID=69 TypeID=188
  [DEBUG] SymFunc idx=207 NameID=70 TypeID=190
  [DEBUG] SymFunc idx=211 NameID=71 TypeID=192
  [DEBUG] SymFunc idx=214 NameID=72 TypeID=194
  [DEBUG] SymFunc idx=217 NameID=73 TypeID=198
  [DEBUG] SymFunc idx=221 NameID=74 TypeID=202
  [DEBUG] SymFunc idx=226 NameID=69 TypeID=204
  [DEBUG] SymFunc idx=229 NameID=71 TypeID=206
  [DEBUG] SymFunc idx=233 NameID=69 TypeID=208
  [DEBUG] SymFunc idx=236 NameID=70 TypeID=210
  [DEBUG] SymFunc idx=240 NameID=71 TypeID=212
  [DEBUG] SymFunc idx=243 NameID=76 TypeID=214
  [DEBUG] SymFunc idx=245 NameID=77 TypeID=217
  [DEBUG] SymFunc idx=249 NameID=79 TypeID=220
  [DEBUG] SymFunc idx=252 NameID=80 TypeID=223
  [DEBUG] SymFunc idx=255 NameID=81 TypeID=224
  [DEBUG] SymFunc idx=257 NameID=83 TypeID=225
  [DEBUG] SymFunc idx=260 NameID=86 TypeID=226
  [DEBUG] SymFunc idx=265 NameID=92 TypeID=227
  [DEBUG] SymFunc idx=270 NameID=97 TypeID=228
  [DEBUG] SymFunc idx=275 NameID=102 TypeID=229
  [DEBUG] SymFunc idx=283 NameID=156 TypeID=236
  [DEBUG] SymFunc idx=285 NameID=157 TypeID=238
  [DEBUG] SymFunc idx=289 NameID=158 TypeID=248
  [DEBUG] SymFunc idx=292 NameID=159 TypeID=250
  [DEBUG] SymFunc idx=294 NameID=160 TypeID=251
  [DEBUG] SymFunc idx=296 NameID=161 TypeID=254
  [DEBUG] SymFunc idx=299 NameID=162 TypeID=257
  [DEBUG] SymFunc idx=301 NameID=163 TypeID=277
  [DEBUG] SymFunc idx=304 NameID=164 TypeID=280
  [DEBUG] SymFunc idx=308 NameID=165 TypeID=286
  [DEBUG] SymFunc idx=313 NameID=167 TypeID=289
  [DEBUG] SymFunc idx=318 NameID=169 TypeID=292
  [DEBUG] SymFunc idx=320 NameID=170 TypeID=294
  [DEBUG] SymFunc idx=323 NameID=171 TypeID=297
  [DEBUG] SymFunc idx=325 NameID=172 TypeID=301
  [DEBUG] SymFunc idx=330 NameID=174 TypeID=304
  [DEBUG] SymFunc idx=332 NameID=175 TypeID=306
  [DEBUG] SymFunc idx=335 NameID=176 TypeID=311
  [DEBUG] SymFunc idx=341 NameID=178 TypeID=314
  [DEBUG] SymFunc idx=346 NameID=169 TypeID=319
  [DEBUG] SymFunc idx=348 NameID=171 TypeID=323
  [DEBUG] SymFunc idx=351 NameID=180 TypeID=329
  [DEBUG] SymFunc idx=357 NameID=169 TypeID=333
  [DEBUG] SymFunc idx=359 NameID=170 TypeID=335
  [DEBUG] SymFunc idx=362 NameID=171 TypeID=338
[DEBUG] getMethodsOfStruct called for struct 328
  [DEBUG] SymFunc idx=38 NameID=9 TypeID=115
  [DEBUG] SymFunc idx=41 NameID=12 TypeID=117
  [DEBUG] SymFunc idx=44 NameID=13 TypeID=119
  [DEBUG] SymFunc idx=48 NameID=16 TypeID=121
  [DEBUG] SymFunc idx=53 NameID=18 TypeID=123
  [DEBUG] SymFunc idx=58 NameID=21 TypeID=126
  [DEBUG] SymFunc idx=64 NameID=24 TypeID=129
  [DEBUG] SymFunc idx=70 NameID=25 TypeID=132
  [DEBUG] SymFunc idx=76 NameID=27 TypeID=134
  [DEBUG] SymFunc idx=81 NameID=29 TypeID=136
  [DEBUG] SymFunc idx=85 NameID=31 TypeID=138
  [DEBUG] SymFunc idx=89 NameID=32 TypeID=140
  [DEBUG] SymFunc idx=93 NameID=13 TypeID=142
  [DEBUG] SymFunc idx=98 NameID=16 TypeID=144
  [DEBUG] SymFunc idx=104 NameID=18 TypeID=146
  [DEBUG] SymFunc idx=110 NameID=21 TypeID=149
  [DEBUG] SymFunc idx=118 NameID=34 TypeID=152
  [DEBUG] SymFunc idx=126 NameID=24 TypeID=155
  [DEBUG] SymFunc idx=134 NameID=36 TypeID=158
  [DEBUG] SymFunc idx=139 NameID=26 TypeID=161
  [DEBUG] SymFunc idx=175 NameID=58 TypeID=163
  [DEBUG] SymFunc idx=178 NameID=59 TypeID=166
  [DEBUG] SymFunc idx=181 NameID=61 TypeID=169
  [DEBUG] SymFunc idx=185 NameID=62 TypeID=172
  [DEBUG] SymFunc idx=189 NameID=63 TypeID=175
  [DEBUG] SymFunc idx=194 NameID=66 TypeID=177
  [DEBUG] SymFunc idx=197 NameID=49 TypeID=181
  [DEBUG] SymFunc idx=201 NameID=68 TypeID=186
  [DEBUG] SymFunc idx=204 NameID=69 TypeID=188
  [DEBUG] SymFunc idx=207 NameID=70 TypeID=190
  [DEBUG] SymFunc idx=211 NameID=71 TypeID=192
  [DEBUG] SymFunc idx=214 NameID=72 TypeID=194
  [DEBUG] SymFunc idx=217 NameID=73 TypeID=198
  [DEBUG] SymFunc idx=221 NameID=74 TypeID=202
  [DEBUG] SymFunc idx=226 NameID=69 TypeID=204
  [DEBUG] SymFunc idx=229 NameID=71 TypeID=206
  [DEBUG] SymFunc idx=233 NameID=69 TypeID=208
  [DEBUG] SymFunc idx=236 NameID=70 TypeID=210
  [DEBUG] SymFunc idx=240 NameID=71 TypeID=212
  [DEBUG] SymFunc idx=243 NameID=76 TypeID=214
  [DEBUG] SymFunc idx=245 NameID=77 TypeID=217
  [DEBUG] SymFunc idx=249 NameID=79 TypeID=220
  [DEBUG] SymFunc idx=252 NameID=80 TypeID=223
  [DEBUG] SymFunc idx=255 NameID=81 TypeID=224
  [DEBUG] SymFunc idx=257 NameID=83 TypeID=225
  [DEBUG] SymFunc idx=260 NameID=86 TypeID=226
  [DEBUG] SymFunc idx=265 NameID=92 TypeID=227
  [DEBUG] SymFunc idx=270 NameID=97 TypeID=228
  [DEBUG] SymFunc idx=275 NameID=102 TypeID=229
  [DEBUG] SymFunc idx=283 NameID=156 TypeID=236
  [DEBUG] SymFunc idx=285 NameID=157 TypeID=238
  [DEBUG] SymFunc idx=289 NameID=158 TypeID=248
  [DEBUG] SymFunc idx=292 NameID=159 TypeID=250
  [DEBUG] SymFunc idx=294 NameID=160 TypeID=251
  [DEBUG] SymFunc idx=296 NameID=161 TypeID=254
  [DEBUG] SymFunc idx=299 NameID=162 TypeID=257
  [DEBUG] SymFunc idx=301 NameID=163 TypeID=277
  [DEBUG] SymFunc idx=304 NameID=164 TypeID=280
  [DEBUG] SymFunc idx=308 NameID=165 TypeID=286
  [DEBUG] SymFunc idx=313 NameID=167 TypeID=289
  [DEBUG] SymFunc idx=318 NameID=169 TypeID=292
  [DEBUG] SymFunc idx=320 NameID=170 TypeID=294
  [DEBUG] SymFunc idx=323 NameID=171 TypeID=297
  [DEBUG] SymFunc idx=325 NameID=172 TypeID=301
  [DEBUG] SymFunc idx=330 NameID=174 TypeID=304
  [DEBUG] SymFunc idx=332 NameID=175 TypeID=306
  [DEBUG] SymFunc idx=335 NameID=176 TypeID=311
  [DEBUG] SymFunc idx=341 NameID=178 TypeID=314
  [DEBUG] SymFunc idx=346 NameID=169 TypeID=319
  [DEBUG] SymFunc idx=348 NameID=171 TypeID=323
  [DEBUG] SymFunc idx=351 NameID=180 TypeID=329
  [DEBUG] SymFunc idx=357 NameID=169 TypeID=333
  [DEBUG] SymFunc idx=359 NameID=170 TypeID=335
  [DEBUG] SymFunc idx=362 NameID=171 TypeID=338
[COMPILER] Running CTGC and Ownership...
  [CTGC] Running Effect Checker...
  [CTGC] Running Arena Pass...
  [CTGC] Running Ownership Checker...
  [CTGC] Running Escape Analysis/CTGC/Alias Reuse per function...
    [CTGC] Processing function "is_some"...
      - Escape Analysis...
      - CTGC Injection...
      - Alias Reuse...
    [CTGC] Done processing function "is_some".
    [CTGC] Processing function "is_none"...
      - Escape Analysis...
      - CTGC Injection...
      - Alias Reuse...
    [CTGC] Done processing function "is_none".
    [CTGC] Processing function "unwrap"...
      - Escape Analysis...
      - CTGC Injection...
      - Alias Reuse...
    [CTGC] Done processing function "unwrap".
    [CTGC] Processing function "unwrap_or"...
      - Escape Analysis...
      - CTGC Injection...
      - Alias Reuse...
    [CTGC] Done processing function "unwrap_or".
    [CTGC] Processing function "expect"...
      - Escape Analysis...
      - CTGC Injection...
      - Alias Reuse...
    [CTGC] Done processing function "expect".
    [CTGC] Processing function "map"...
      - Escape Analysis...
      - CTGC Injection...
      - Alias Reuse...
    [CTGC] Done processing function "map".
    [CTGC] Processing function "flat_map"...
      - Escape Analysis...
      - CTGC Injection...
      - Alias Reuse...
    [CTGC] Done processing function "flat_map".
    [CTGC] Processing function "ok_or"...
      - Escape Analysis...
      - CTGC Injection...
      - Alias Reuse...
    [CTGC] Done processing function "ok_or".
    [CTGC] Processing function "filter"...
      - Escape Analysis...
      - CTGC Injection...
      - Alias Reuse...
    [CTGC] Done processing function "filter".
    [CTGC] Processing function "or_other"...
      - Escape Analysis...
      - CTGC Injection...
      - Alias Reuse...
    [CTGC] Done processing function "or_other".
    [CTGC] Processing function "is_ok"...
      - Escape Analysis...
      - CTGC Injection...
      - Alias Reuse...
    [CTGC] Done processing function "is_ok".
    [CTGC] Processing function "is_err"...
      - Escape Analysis...
      - CTGC Injection...
      - Alias Reuse...
    [CTGC] Done processing function "is_err".
    [CTGC] Processing function "unwrap"...
      - Escape Analysis...
      - CTGC Injection...
      - Alias Reuse...
    [CTGC] Done processing function "unwrap".
    [CTGC] Processing function "unwrap_or"...
      - Escape Analysis...
      - CTGC Injection...
      - Alias Reuse...
    [CTGC] Done processing function "unwrap_or".
    [CTGC] Processing function "expect"...
      - Escape Analysis...
      - CTGC Injection...
      - Alias Reuse...
    [CTGC] Done processing function "expect".
    [CTGC] Processing function "map"...
      - Escape Analysis...
      - CTGC Injection...
      - Alias Reuse...
    [CTGC] Done processing function "map".
    [CTGC] Processing function "map_err"...
      - Escape Analysis...
      - CTGC Injection...
      - Alias Reuse...
    [CTGC] Done processing function "map_err".
    [CTGC] Processing function "flat_map"...
      - Escape Analysis...
      - CTGC Injection...
      - Alias Reuse...
    [CTGC] Done processing function "flat_map".
    [CTGC] Processing function "ok"...
      - Escape Analysis...
      - CTGC Injection...
      - Alias Reuse...
    [CTGC] Done processing function "ok".
    [CTGC] Processing function "err"...
      - Escape Analysis...
      - CTGC Injection...
      - Alias Reuse...
    [CTGC] Done processing function "err".
    [CTGC] Processing function "atomic_new"...
      - Escape Analysis...
      - CTGC Injection...
      - Alias Reuse...
    [CTGC] Done processing function "atomic_new".
    [CTGC] Processing function "load"...
      - Escape Analysis...
      - CTGC Injection...
      - Alias Reuse...
    [CTGC] Done processing function "load".
    [CTGC] Processing function "store"...
      - Escape Analysis...
      - CTGC Injection...
      - Alias Reuse...
    [CTGC] Done processing function "store".
    [CTGC] Processing function "swap"...
      - Escape Analysis...
      - CTGC Injection...
      - Alias Reuse...
    [CTGC] Done processing function "swap".
    [CTGC] Processing function "compare_and_swap"...
      - Escape Analysis...
      - CTGC Injection...
      - Alias Reuse...
    [CTGC] Done processing function "compare_and_swap".
    [CTGC] Processing function "mutex_new"...
      - Escape Analysis...
      - CTGC Injection...
      - Alias Reuse...
    [CTGC] Done processing function "mutex_new".
    [CTGC] Processing function "lock"...
      - Escape Analysis...
      - CTGC Injection...
      - Alias Reuse...
    [CTGC] Done processing function "lock".
    [CTGC] Processing function "try_lock"...
      - Escape Analysis...
      - CTGC Injection...
      - Alias Reuse...
    [CTGC] Done processing function "try_lock".
    [CTGC] Processing function "get"...
      - Escape Analysis...
      - CTGC Injection...
      - Alias Reuse...
    [CTGC] Done processing function "get".
    [CTGC] Processing function "set"...
      - Escape Analysis...
      - CTGC Injection...
      - Alias Reuse...
    [CTGC] Done processing function "set".
    [CTGC] Processing function "unlock"...
      - Escape Analysis...
      - CTGC Injection...
      - Alias Reuse...
    [CTGC] Done processing function "unlock".
    [CTGC] Processing function "rwlock_new"...
      - Escape Analysis...
      - CTGC Injection...
      - Alias Reuse...
    [CTGC] Done processing function "rwlock_new".
    [CTGC] Processing function "read"...
      - Escape Analysis...
      - CTGC Injection...
      - Alias Reuse...
    [CTGC] Done processing function "read".
    [CTGC] Processing function "write"...
      - Escape Analysis...
      - CTGC Injection...
      - Alias Reuse...
    [CTGC] Done processing function "write".
    [CTGC] Processing function "get"...
      - Escape Analysis...
      - CTGC Injection...
      - Alias Reuse...
    [CTGC] Done processing function "get".
    [CTGC] Processing function "unlock"...
      - Escape Analysis...
      - CTGC Injection...
      - Alias Reuse...
    [CTGC] Done processing function "unlock".
    [CTGC] Processing function "get"...
      - Escape Analysis...
      - CTGC Injection...
      - Alias Reuse...
    [CTGC] Done processing function "get".
    [CTGC] Processing function "set"...
      - Escape Analysis...
      - CTGC Injection...
      - Alias Reuse...
    [CTGC] Done processing function "set".
    [CTGC] Processing function "unlock"...
      - Escape Analysis...
      - CTGC Injection...
      - Alias Reuse...
    [CTGC] Done processing function "unlock".
    [CTGC] Processing function "channel_new"...
      - Escape Analysis...
      - CTGC Injection...
      - Alias Reuse...
    [CTGC] Done processing function "channel_new".
    [CTGC] Processing function "send"...
      - Escape Analysis...
      - CTGC Injection...
      - Alias Reuse...
    [CTGC] Done processing function "send".
    [CTGC] Processing function "recv"...
      - Escape Analysis...
      - CTGC Injection...
      - Alias Reuse...
    [CTGC] Done processing function "recv".
    [CTGC] Processing function "try_recv"...
      - Escape Analysis...
      - CTGC Injection...
      - Alias Reuse...
    [CTGC] Done processing function "try_recv".
    [CTGC] Processing function "puts"...
      - Escape Analysis...
      - CTGC Injection...
      - Alias Reuse...
    [CTGC] Done processing function "puts".
    [CTGC] Processing function "printf"...
      - Escape Analysis...
      - CTGC Injection...
      - Alias Reuse...
    [CTGC] Done processing function "printf".
    [CTGC] Processing function "test_atomic_operations"...
      - Escape Analysis...
      - CTGC Injection...
      - Alias Reuse...
    [CTGC] Done processing function "test_atomic_operations".
    [CTGC] Processing function "test_mutex_operations"...
      - Escape Analysis...
      - CTGC Injection...
      - Alias Reuse...
    [CTGC] Done processing function "test_mutex_operations".
    [CTGC] Processing function "test_rwlock_operations"...
      - Escape Analysis...
      - CTGC Injection...
      - Alias Reuse...
    [CTGC] Done processing function "test_rwlock_operations".
    [CTGC] Processing function "main"...
      - Escape Analysis...
      - CTGC Injection...
      - Alias Reuse...
    [CTGC] Done processing function "main".
  [CTGC] runCTGCAndOwnership finished.
[COMPILER] Transpiling to C...
DEBUG Node 711: TypeID 94, Kind 1 (1), isGeneric true, Name Mutex
DEBUG Node 750: TypeID 95, Kind 1 (1), isGeneric true, Name MutexGuard
DEBUG Node 784: TypeID 95, Kind 1 (1), isGeneric true, Name MutexGuard
DEBUG Node 804: TypeID 187, Kind 8 (8), isGeneric true, Name MutexGuard
DEBUG Node 819: TypeID 189, Kind 8 (8), isGeneric true, Name MutexGuard
DEBUG Node 834: TypeID 191, Kind 8 (8), isGeneric true, Name MutexGuard
DEBUG Node 853: TypeID 96, Kind 1 (1), isGeneric true, Name RwLock
DEBUG Node 909: TypeID 97, Kind 1 (1), isGeneric true, Name ReadGuard
DEBUG Node 954: TypeID 98, Kind 1 (1), isGeneric true, Name WriteGuard
DEBUG Node 970: TypeID 203, Kind 8 (8), isGeneric true, Name ReadGuard
DEBUG Node 984: TypeID 205, Kind 8 (8), isGeneric true, Name ReadGuard
DEBUG Node 992: TypeID 205, Kind 8 (8), isGeneric true, Name ReadGuard
DEBUG Node 1013: TypeID 207, Kind 8 (8), isGeneric true, Name WriteGuard
DEBUG Node 1028: TypeID 209, Kind 8 (8), isGeneric true, Name WriteGuard
DEBUG Node 1043: TypeID 211, Kind 8 (8), isGeneric true, Name WriteGuard
DEBUG Node 1233: TypeID 285, Kind 1 (1), isGeneric false, Name _AX_std_Mutex_i32
DEBUG Node 1238: TypeID 285, Kind 1 (1), isGeneric false, Name _AX_std_Mutex_i32
DEBUG Node 1241: TypeID 288, Kind 1 (1), isGeneric false, Name _AX_std_MutexGuard_i32
DEBUG Node 1244: TypeID 288, Kind 1 (1), isGeneric false, Name _AX_std_MutexGuard_i32
DEBUG Node 1250: TypeID 288, Kind 1 (1), isGeneric false, Name _AX_std_MutexGuard_i32
DEBUG Node 1259: TypeID 288, Kind 1 (1), isGeneric false, Name _AX_std_MutexGuard_i32
DEBUG Node 1265: TypeID 288, Kind 1 (1), isGeneric false, Name _AX_std_MutexGuard_i32
DEBUG Node 1270: TypeID 285, Kind 1 (1), isGeneric false, Name _AX_std_Mutex_i32
DEBUG Node 1273: TypeID 300, Kind 6 (6), isGeneric false, Name _AX_std_Option__AX_std_MutexGuard_i32
DEBUG Node 1276: TypeID 300, Kind 6 (6), isGeneric false, Name _AX_std_Option__AX_std_MutexGuard_i32
DEBUG Node 1281: TypeID 300, Kind 6 (6), isGeneric false, Name _AX_std_Option__AX_std_MutexGuard_i32
DEBUG Node 1287: TypeID 288, Kind 1 (1), isGeneric false, Name _AX_std_MutexGuard_i32
DEBUG Node 1293: TypeID 288, Kind 1 (1), isGeneric false, Name _AX_std_MutexGuard_i32
DEBUG Node 1306: TypeID 310, Kind 1 (1), isGeneric false, Name _AX_std_RwLock_i32
DEBUG Node 1311: TypeID 310, Kind 1 (1), isGeneric false, Name _AX_std_RwLock_i32
DEBUG Node 1314: TypeID 313, Kind 1 (1), isGeneric false, Name _AX_std_ReadGuard_i32
DEBUG Node 1317: TypeID 313, Kind 1 (1), isGeneric false, Name _AX_std_ReadGuard_i32
DEBUG Node 1324: TypeID 310, Kind 1 (1), isGeneric false, Name _AX_std_RwLock_i32
DEBUG Node 1327: TypeID 313, Kind 1 (1), isGeneric false, Name _AX_std_ReadGuard_i32
DEBUG Node 1330: TypeID 313, Kind 1 (1), isGeneric false, Name _AX_std_ReadGuard_i32
DEBUG Node 1336: TypeID 313, Kind 1 (1), isGeneric false, Name _AX_std_ReadGuard_i32
DEBUG Node 1340: TypeID 313, Kind 1 (1), isGeneric false, Name _AX_std_ReadGuard_i32
DEBUG Node 1345: TypeID 310, Kind 1 (1), isGeneric false, Name _AX_std_RwLock_i32
DEBUG Node 1348: TypeID 328, Kind 1 (1), isGeneric false, Name _AX_std_WriteGuard_i32
DEBUG Node 1351: TypeID 328, Kind 1 (1), isGeneric false, Name _AX_std_WriteGuard_i32
DEBUG Node 1357: TypeID 328, Kind 1 (1), isGeneric false, Name _AX_std_WriteGuard_i32
DEBUG Node 1366: TypeID 328, Kind 1 (1), isGeneric false, Name _AX_std_WriteGuard_i32
DEBUG Node 1372: TypeID 328, Kind 1 (1), isGeneric false, Name _AX_std_WriteGuard_i32
DEBUG Node 1606: TypeID 94, Kind 1 (1), isGeneric true, Name Mutex
DEBUG Node 1654: TypeID 95, Kind 1 (1), isGeneric true, Name MutexGuard
DEBUG Node 1679: TypeID 288, Kind 1 (1), isGeneric false, Name _AX_std_MutexGuard_i32
DEBUG Node 1695: TypeID 288, Kind 1 (1), isGeneric false, Name _AX_std_MutexGuard_i32
DEBUG Node 1711: TypeID 288, Kind 1 (1), isGeneric false, Name _AX_std_MutexGuard_i32
DEBUG Node 1746: TypeID 95, Kind 1 (1), isGeneric true, Name MutexGuard
DEBUG Node 1771: TypeID 300, Kind 6 (6), isGeneric false, Name _AX_std_Option__AX_std_MutexGuard_i32
DEBUG Node 1789: TypeID 300, Kind 6 (6), isGeneric false, Name _AX_std_Option__AX_std_MutexGuard_i32
DEBUG Node 1793: TypeID 288, Kind 1 (1), isGeneric false, Name _AX_std_MutexGuard_i32
DEBUG Node 1811: TypeID 96, Kind 1 (1), isGeneric true, Name RwLock
DEBUG Node 1880: TypeID 97, Kind 1 (1), isGeneric true, Name ReadGuard
DEBUG Node 1905: TypeID 313, Kind 1 (1), isGeneric false, Name _AX_std_ReadGuard_i32
DEBUG Node 1921: TypeID 313, Kind 1 (1), isGeneric false, Name _AX_std_ReadGuard_i32
DEBUG Node 1929: TypeID 313, Kind 1 (1), isGeneric false, Name _AX_std_ReadGuard_i32
DEBUG Node 1977: TypeID 98, Kind 1 (1), isGeneric true, Name WriteGuard
DEBUG Node 2002: TypeID 328, Kind 1 (1), isGeneric false, Name _AX_std_WriteGuard_i32
DEBUG Node 2018: TypeID 328, Kind 1 (1), isGeneric false, Name _AX_std_WriteGuard_i32
DEBUG Node 2034: TypeID 328, Kind 1 (1), isGeneric false, Name _AX_std_WriteGuard_i32
[DRAIN] ID: 104, Kind: 1, Name: _AX_std_Atomic_bool, Emitted: false
[DRAIN] ID: 107, Kind: 1, Name: _AX_std_Atomic_i32, Emitted: false
[DRAIN] ID: 285, Kind: 1, Name: _AX_std_Mutex_i32, Emitted: false
[DRAIN] ID: 288, Kind: 1, Name: _AX_std_MutexGuard_i32, Emitted: false
[DRAIN] ID: 300, Kind: 6, Name: _AX_std_Option__AX_std_MutexGuard_i32, Emitted: false
[DRAIN] ID: 310, Kind: 1, Name: _AX_std_RwLock_i32, Emitted: false
[DRAIN] ID: 313, Kind: 1, Name: _AX_std_ReadGuard_i32, Emitted: false
[DRAIN] ID: 328, Kind: 1, Name: _AX_std_WriteGuard_i32, Emitted: false
[DEBUG-CGEN] emitCast nodeIdx=1130 payload=3 targetType=3
[DEBUG-CGEN-CALL] name=assert symIdx=27
[DEBUG-CGEN-CALL]   sym.Kind=BuiltinType sym.Flags=257
[DEBUG-CGEN] emitCast nodeIdx=1145 payload=3 targetType=3
[DEBUG-CGEN-CALL] name=assert symIdx=27
[DEBUG-CGEN-CALL]   sym.Kind=BuiltinType sym.Flags=257
[DEBUG-CGEN] emitCast nodeIdx=1161 payload=3 targetType=3
[DEBUG-CGEN-CALL] name=assert symIdx=27
[DEBUG-CGEN-CALL]   sym.Kind=BuiltinType sym.Flags=257
[DEBUG-CGEN-CALL] name=assert symIdx=27
[DEBUG-CGEN-CALL]   sym.Kind=BuiltinType sym.Flags=257
[DEBUG-CGEN] emitCast nodeIdx=1182 payload=3 targetType=3
[DEBUG-CGEN] emitCast nodeIdx=1185 payload=3 targetType=3
[DEBUG-CGEN-CALL] name=assert symIdx=27
[DEBUG-CGEN-CALL]   sym.Kind=BuiltinType sym.Flags=257
[DEBUG-CGEN-CALL] name=assert symIdx=27
[DEBUG-CGEN-CALL]   sym.Kind=BuiltinType sym.Flags=257
[DEBUG-CGEN] emitCast nodeIdx=1206 payload=3 targetType=3
[DEBUG-CGEN] emitCast nodeIdx=1209 payload=3 targetType=3
[DEBUG-CGEN-CALL] name=assert symIdx=27
[DEBUG-CGEN-CALL]   sym.Kind=BuiltinType sym.Flags=257
[DEBUG-CGEN-CALL] name=assert symIdx=27
[DEBUG-CGEN-CALL]   sym.Kind=BuiltinType sym.Flags=257
[DEBUG-CGEN-CALL] name=puts symIdx=255
[DEBUG-CGEN-CALL]   sym.Kind=Func sym.Flags=260
[DEBUG-CGEN-CALL]   SET isExtern=true!
[DEBUG-CGEN-CALL]   arg 1 kind=StringLit type=string
[DEBUG-CGEN-CALL]     wrapped to C string: (const char*)((ax_string){.ptr=(const ax_u8*)"  PASS: test_atomic_operations", .len=30}).ptr
[DEBUG-CGEN] emitCast nodeIdx=1235 payload=3 targetType=3
[DEBUG-CGEN-CALL] name=assert symIdx=27
[DEBUG-CGEN-CALL]   sym.Kind=BuiltinType sym.Flags=257
[DEBUG-CGEN] emitCast nodeIdx=1255 payload=3 targetType=3
[DEBUG-CGEN-CALL] name=assert symIdx=27
[DEBUG-CGEN-CALL]   sym.Kind=BuiltinType sym.Flags=257
[DEBUG-CGEN-CALL] name=assert symIdx=27
[DEBUG-CGEN-CALL]   sym.Kind=BuiltinType sym.Flags=257
[DEBUG-CGEN-CALL] name=assert symIdx=27
[DEBUG-CGEN-CALL]   sym.Kind=BuiltinType sym.Flags=257
[DEBUG-CGEN-CALL] name=puts symIdx=255
[DEBUG-CGEN-CALL]   sym.Kind=Func sym.Flags=260
[DEBUG-CGEN-CALL]   SET isExtern=true!
[DEBUG-CGEN-CALL]   arg 1 kind=StringLit type=string
[DEBUG-CGEN-CALL]     wrapped to C string: (const char*)((ax_string){.ptr=(const ax_u8*)"  PASS: test_mutex_operations", .len=29}).ptr
[DEBUG-CGEN] emitCast nodeIdx=1308 payload=3 targetType=3
[DEBUG-CGEN-CALL] name=assert symIdx=27
[DEBUG-CGEN-CALL]   sym.Kind=BuiltinType sym.Flags=257
[DEBUG-CGEN-CALL] name=assert symIdx=27
[DEBUG-CGEN-CALL]   sym.Kind=BuiltinType sym.Flags=257
[DEBUG-CGEN-CALL] name=assert symIdx=27
[DEBUG-CGEN-CALL]   sym.Kind=BuiltinType sym.Flags=257
[DEBUG-CGEN] emitCast nodeIdx=1362 payload=3 targetType=3
[DEBUG-CGEN-CALL] name=assert symIdx=27
[DEBUG-CGEN-CALL]   sym.Kind=BuiltinType sym.Flags=257
[DEBUG-CGEN-CALL] name=puts symIdx=255
[DEBUG-CGEN-CALL]   sym.Kind=Func sym.Flags=260
[DEBUG-CGEN-CALL]   SET isExtern=true!
[DEBUG-CGEN-CALL]   arg 1 kind=StringLit type=string
[DEBUG-CGEN-CALL]     wrapped to C string: (const char*)((ax_string){.ptr=(const ax_u8*)"  PASS: test_rwlock_operations", .len=30}).ptr
[DEBUG-CGEN-CALL] name=puts symIdx=255
[DEBUG-CGEN-CALL]   sym.Kind=Func sym.Flags=260
[DEBUG-CGEN-CALL]   SET isExtern=true!
[DEBUG-CGEN-CALL]   arg 1 kind=StringLit type=string
[DEBUG-CGEN-CALL]     wrapped to C string: (const char*)((ax_string){.ptr=(const ax_u8*)"Running AXIOM-native synchronization unit tests...", .len=50}).ptr
[DEBUG-CGEN-CALL] name=test_atomic_operations symIdx=260
[DEBUG-CGEN-CALL]   sym.Kind=Func sym.Flags=256
[DEBUG-CGEN-CALL] name=test_mutex_operations symIdx=265
[DEBUG-CGEN-CALL]   sym.Kind=Func sym.Flags=256
[DEBUG-CGEN-CALL] name=test_rwlock_operations symIdx=270
[DEBUG-CGEN-CALL]   sym.Kind=Func sym.Flags=256
[DEBUG-CGEN-CALL] name=puts symIdx=255
[DEBUG-CGEN-CALL]   sym.Kind=Func sym.Flags=260
[DEBUG-CGEN-CALL]   SET isExtern=true!
[DEBUG-CGEN-CALL]   arg 1 kind=StringLit type=string
[DEBUG-CGEN-CALL]     wrapped to C string: (const char*)((ax_string){.ptr=(const ax_u8*)"All AXIOM-native synchronization tests passed!", .len=46}).ptr
[DEBUG-CGEN-CALL] name=Some symIdx=31
[DEBUG-CGEN-CALL]   sym.Kind=Variant sym.Flags=256
[COMPILER] Compiling C source...
[COMPILER] Done compileCBackendIgnoringAtDiagnostics
    axiom_sync_test.go:42: failed to compile AXIOM sync: C compiler (gcc) failed:
        C:\Users\sp\AppData\Local\Temp\axiom-sync-test-107611416\sync_test.exe.c: In function 'ax__AX_std_Mutex_i32_lock':
        C:\Users\sp\AppData\Local\Temp\axiom-sync-test-107611416\sync_test.exe.c:191:16: warning: unused variable 'dummy' [-Wunused-variable]
          191 |         ax_i32 dummy = 0;
              |                ^~~~~
        C:\Users\sp\AppData\Local\Temp\axiom-sync-test-107611416\sync_test.exe.c: In function 'ax__AX_std_Mutex_i32_try_lock':
        C:\Users\sp\AppData\Local\Temp\axiom-sync-test-107611416\sync_test.exe.c:210:16: error: implicit declaration of function 'ax_Some' [-Wimplicit-function-declaration]
          210 |         return ax_Some(((struct ax__AX_std_MutexGuard_i32){.mutex=self}));
              |                ^~~~~~~
        C:\Users\sp\AppData\Local\Temp\axiom-sync-test-107611416\sync_test.exe.c:210:16: error: incompatible types when returning type 'int' but 'struct ax__AX_std_Option__AX_std_MutexGuard_i32' was expected
          210 |         return ax_Some(((struct ax__AX_std_MutexGuard_i32){.mutex=self}));
              |                ^~~~~~~~~~~~~~~~~~~~~~~~~~~~~~~~~~~~~~~~~~~~~~~~~~~~~~~~~~
        C:\Users\sp\AppData\Local\Temp\axiom-sync-test-107611416\sync_test.exe.c:213:20: error: 'None' undeclared (first use in this function)
          213 |             return None;
              |                    ^~~~
        C:\Users\sp\AppData\Local\Temp\axiom-sync-test-107611416\sync_test.exe.c:213:20: note: each undeclared identifier is reported only once for each function it appears in
        C:\Users\sp\AppData\Local\Temp\axiom-sync-test-107611416\sync_test.exe.c: In function 'ax_AX_std_is_some__AX_std_MutexGuard_i32':
        C:\Users\sp\AppData\Local\Temp\axiom-sync-test-107611416\sync_test.exe.c:220:40: error: expected expression before ':' token
          220 |         case /* unknown expr kind 58 */: {
              |                                        ^
        C:\Users\sp\AppData\Local\Temp\axiom-sync-test-107611416\sync_test.exe.c:223:40: error: expected expression before ':' token
          223 |         case /* unknown expr kind 57 */: {
              |                                        ^
        C:\Users\sp\AppData\Local\Temp\axiom-sync-test-107611416\sync_test.exe.c:219:5: warning: enumeration value 'ax__AX_std_Option__AX_std_MutexGuard_i32_Some' not handled in switch [-Wswitch]
          219 |     switch ((self).tag) {
              |     ^~~~~~
        C:\Users\sp\AppData\Local\Temp\axiom-sync-test-107611416\sync_test.exe.c:219:5: warning: enumeration value 'ax__AX_std_Option__AX_std_MutexGuard_i32_None' not handled in switch [-Wswitch]
        C:\Users\sp\AppData\Local\Temp\axiom-sync-test-107611416\sync_test.exe.c: In function 'ax_AX_std_unwrap__AX_std_MutexGuard_i32':
        C:\Users\sp\AppData\Local\Temp\axiom-sync-test-107611416\sync_test.exe.c:231:40: error: expected expression before ':' token
          231 |         case /* unknown expr kind 58 */: {
              |                                        ^
        C:\Users\sp\AppData\Local\Temp\axiom-sync-test-107611416\sync_test.exe.c:234:40: error: expected expression before ':' token
          234 |         case /* unknown expr kind 57 */: {
              |                                        ^
        C:\Users\sp\AppData\Local\Temp\axiom-sync-test-107611416\sync_test.exe.c:235:13: error: 'panic' undeclared (first use in this function)
          235 |             panic;
              |             ^~~~~
        C:\Users\sp\AppData\Local\Temp\axiom-sync-test-107611416\sync_test.exe.c:236:13: warning: value computed is not used [-Wunused-value]
          236 |             (ax_string){.ptr=(const ax_u8*)"called unwrap() on a None value", .len=31};
              |             ^
        C:\Users\sp\AppData\Local\Temp\axiom-sync-test-107611416\sync_test.exe.c:230:5: warning: enumeration value 'ax__AX_std_Option__AX_std_MutexGuard_i32_Some' not handled in switch [-Wswitch]
          230 |     switch ((self).tag) {
              |     ^~~~~~
        C:\Users\sp\AppData\Local\Temp\axiom-sync-test-107611416\sync_test.exe.c:230:5: warning: enumeration value 'ax__AX_std_Option__AX_std_MutexGuard_i32_None' not handled in switch [-Wswitch]
        C:\Users\sp\AppData\Local\Temp\axiom-sync-test-107611416\sync_test.exe.c: In function 'ax__AX_std_RwLock_i32_read':
        C:\Users\sp\AppData\Local\Temp\axiom-sync-test-107611416\sync_test.exe.c:248:16: warning: unused variable 'dummy' [-Wunused-variable]
          248 |         ax_i32 dummy = 0;
              |                ^~~~~
        C:\Users\sp\AppData\Local\Temp\axiom-sync-test-107611416\sync_test.exe.c: In function 'ax__AX_std_RwLock_i32_write':
        C:\Users\sp\AppData\Local\Temp\axiom-sync-test-107611416\sync_test.exe.c:265:16: warning: unused variable 'dummy' [-Wunused-variable]
          265 |         ax_i32 dummy = 0;
              |                ^~~~~
        C:\Users\sp\AppData\Local\Temp\axiom-sync-test-107611416\sync_test.exe.c:268:16: warning: unused variable 'dummy' [-Wunused-variable]
          268 |         ax_i32 dummy = 0;
              |                ^~~~~
        C:\Users\sp\AppData\Local\Temp\axiom-sync-test-107611416\sync_test.exe.c: In function 'ax_AX_std_is_some__AX_std_MutexGuard_i32':
        C:\Users\sp\AppData\Local\Temp\axiom-sync-test-107611416\sync_test.exe.c:227:1: warning: control reaches end of non-void function [-Wreturn-type]
          227 | }
              | ^
        C:\Users\sp\AppData\Local\Temp\axiom-sync-test-107611416\sync_test.exe.c: In function 'ax_AX_std_unwrap__AX_std_MutexGuard_i32':
        C:\Users\sp\AppData\Local\Temp\axiom-sync-test-107611416\sync_test.exe.c:240:1: warning: control reaches end of non-void function [-Wreturn-type]
          240 | }
              | ^
--- FAIL: TestAxiomSync (3.59s)
FAIL
FAIL	github.com/axiom-lang/axiom/tests/codegen	5.384s
FAIL
